#
# There is insufficient memory for the Java Runtime Environment to continue.
# Native memory allocation (malloc) failed to allocate 899728 bytes for Chunk::new
# Possible reasons:
#   The system is out of physical RAM or swap space
#   The process is running with CompressedOops enabled, and the Java Heap may be blocking the growth of the native heap
# Possible solutions:
#   Reduce memory load on the system
#   Increase physical memory or swap space
#   Check if swap backing store is full
#   Decrease Java heap size (-Xmx/-Xms)
#   Decrease number of Java threads
#   Decrease Java thread stack sizes (-Xss)
#   Set larger code cache with -XX:ReservedCodeCacheSize=
#   JVM is running with Unscaled Compressed Oops mode in which the Java heap is
#     placed in the first 4GB address space. The Java Heap base address is the
#     maximum limit for the native heap growth. Please use -XX:HeapBaseMinAddress
#     to set the Java Heap base and to place the Java Heap above 4GB virtual address.
# This output file may be truncated or incomplete.
#
#  Out of Memory Error (arena.cpp:168), pid=50240, tid=27836
#
# JRE version: Java(TM) SE Runtime Environment (21.0.4+8) (build 21.0.4+8-LTS-274)
# Java VM: Java HotSpot(TM) 64-Bit Server VM (21.0.4+8-LTS-274, mixed mode, sharing, tiered, compressed oops, compressed class ptrs, g1 gc, windows-amd64)
# No core dump will be written. Minidumps are not enabled by default on client versions of Windows
#

---------------  S U M M A R Y ------------

Command Line: -Dfile.encoding=UTF-8 -Dstdout.encoding=UTF-8 -Dstderr.encoding=UTF-8 -XX:+ShowCodeDetailsInExceptionMessages WebElemant.Getter_Method.Get_Tag_Method

Host: Intel(R) Core(TM) i5-9300H CPU @ 2.40GHz, 8 cores, 7G,  Windows 11 , 64 bit Build 22621 (10.0.22621.5415)
Time: Wed May 27 15:55:58 2026 India Standard Time elapsed time: 3.511547 seconds (0d 0h 0m 3s)

---------------  T H R E A D  ---------------

Current thread (0x0000018fd9483040):  JavaThread "C2 CompilerThread1" daemon [_thread_in_native, id=27836, stack(0x00000048bea00000,0x00000048beb00000) (1024K)]


Current CompileTask:
C2:   3511 1657       4       java.lang.invoke.MethodType::makeImpl (109 bytes)

Stack: [0x00000048bea00000,0x00000048beb00000]
Native frames: (J=compiled Java code, j=interpreted, Vv=VM code, C=native code)
V  [jvm.dll+0x6c8e59]
V  [jvm.dll+0x853181]
V  [jvm.dll+0x8556ae]
V  [jvm.dll+0x855d83]
V  [jvm.dll+0x27d526]
V  [jvm.dll+0xc4aad]
V  [jvm.dll+0xc4fe3]
V  [jvm.dll+0x3b400c]
V  [jvm.dll+0x1df243]
V  [jvm.dll+0x2463d2]
V  [jvm.dll+0x24585f]
V  [jvm.dll+0x1c69de]
V  [jvm.dll+0x254d49]
V  [jvm.dll+0x2532da]
V  [jvm.dll+0x3ed426]
V  [jvm.dll+0x7fd65b]
V  [jvm.dll+0x6c753d]
C  [ucrtbase.dll+0x29333]
C  [KERNEL32.DLL+0x1259d]
C  [ntdll.dll+0x5af78]


---------------  P R O C E S S  ---------------

Threads class SMR info:
_java_thread_list=0x0000018f933960a0, length=29, elements={
0x0000018ff4664150, 0x0000018f9312f630, 0x0000018f93132360, 0x0000018f93133f30,
0x0000018f93134990, 0x0000018f93135520, 0x0000018f9313ab40, 0x0000018f9314e7b0,
0x0000018f93150fa0, 0x0000018f933bfc30, 0x0000018f933c4e60, 0x0000018f93955fd0,
0x0000018f93e3e8c0, 0x0000018f93e4b2c0, 0x0000018f93e53950, 0x0000018f93e53fc0,
0x0000018f93e59230, 0x0000018fd937c590, 0x0000018fd937cc20, 0x0000018fd937b870,
0x0000018fd937a4c0, 0x0000018fd937ab50, 0x0000018fd93797a0, 0x0000018fd9379e30,
0x0000018fd937bf00, 0x0000018fd937b1e0, 0x0000018fd9520980, 0x0000018fd951e8b0,
0x0000018fd9483040
}

Java Threads: ( => current thread )
  0x0000018ff4664150 JavaThread "Forwarding get on session fc12073e2b78b2d353cfc5ed544de2f5 to remote"        [_thread_blocked, id=118984, stack(0x00000048bbf00000,0x00000048bc000000) (1024K)]
  0x0000018f9312f630 JavaThread "Reference Handler"          daemon [_thread_blocked, id=123500, stack(0x00000048bc700000,0x00000048bc800000) (1024K)]
  0x0000018f93132360 JavaThread "Finalizer"                  daemon [_thread_blocked, id=113564, stack(0x00000048bc800000,0x00000048bc900000) (1024K)]
  0x0000018f93133f30 JavaThread "Signal Dispatcher"          daemon [_thread_blocked, id=124056, stack(0x00000048bc900000,0x00000048bca00000) (1024K)]
  0x0000018f93134990 JavaThread "Attach Listener"            daemon [_thread_blocked, id=125464, stack(0x00000048bca00000,0x00000048bcb00000) (1024K)]
  0x0000018f93135520 JavaThread "Service Thread"             daemon [_thread_blocked, id=1420, stack(0x00000048bcb00000,0x00000048bcc00000) (1024K)]
  0x0000018f9313ab40 JavaThread "Monitor Deflation Thread"   daemon [_thread_blocked, id=125336, stack(0x00000048bcc00000,0x00000048bcd00000) (1024K)]
  0x0000018f9314e7b0 JavaThread "C2 CompilerThread0"         daemon [_thread_blocked, id=128708, stack(0x00000048bcd00000,0x00000048bce00000) (1024K)]
  0x0000018f93150fa0 JavaThread "C1 CompilerThread0"         daemon [_thread_blocked, id=120792, stack(0x00000048bce00000,0x00000048bcf00000) (1024K)]
  0x0000018f933bfc30 JavaThread "Notification Thread"        daemon [_thread_blocked, id=119888, stack(0x00000048bcf00000,0x00000048bd000000) (1024K)]
  0x0000018f933c4e60 JavaThread "Common-Cleaner"             daemon [_thread_blocked, id=131836, stack(0x00000048bd000000,0x00000048bd100000) (1024K)]
  0x0000018f93955fd0 JavaThread "ForkJoinPool.commonPool-worker-1" daemon [_thread_blocked, id=127244, stack(0x00000048bd100000,0x00000048bd200000) (1024K)]
  0x0000018f93e3e8c0 JavaThread "HttpClient-1-SelectorManager" daemon [_thread_in_native, id=131256, stack(0x00000048bd200000,0x00000048bd300000) (1024K)]
  0x0000018f93e4b2c0 JavaThread "External Process Output Forwarder - C:\Users\shend\.cache\selenium\chromedriver\win64\149.0.7827.22\chromedriver.exe" daemon [_thread_in_native, id=126252, stack(0x00000048bd300000,0x00000048bd400000) (1024K)]
  0x0000018f93e53950 JavaThread "Driver Service Executor"    daemon [_thread_blocked, id=128660, stack(0x00000048bd400000,0x00000048bd500000) (1024K)]
  0x0000018f93e53fc0 JavaThread "Driver Service Executor"    daemon [_thread_in_native, id=96200, stack(0x00000048bd500000,0x00000048bd600000) (1024K)]
  0x0000018f93e59230 JavaThread "UrlChecker-2"               daemon [_thread_blocked, id=131888, stack(0x00000048bd600000,0x00000048bd700000) (1024K)]
  0x0000018fd937c590 JavaThread "Keep-Alive-Timer"           daemon [_thread_blocked, id=131596, stack(0x00000048bdf00000,0x00000048be000000) (1024K)]
  0x0000018fd937cc20 JavaThread "JdkHttpClient-0-0"          daemon [_thread_blocked, id=130696, stack(0x00000048be000000,0x00000048be100000) (1024K)]
  0x0000018fd937b870 JavaThread "CompletableFutureDelayScheduler" daemon [_thread_blocked, id=131824, stack(0x00000048be100000,0x00000048be200000) (1024K)]
  0x0000018fd937a4c0 JavaThread "JdkHttpClient-0-1"          daemon [_thread_blocked, id=133380, stack(0x00000048be200000,0x00000048be300000) (1024K)]
  0x0000018fd937ab50 JavaThread "JdkHttpClient-0-2"          daemon [_thread_blocked, id=131800, stack(0x00000048be300000,0x00000048be400000) (1024K)]
  0x0000018fd93797a0 JavaThread "JdkHttpClient-0-3"          daemon [_thread_blocked, id=131224, stack(0x00000048be400000,0x00000048be500000) (1024K)]
  0x0000018fd9379e30 JavaThread "HttpClient-2-SelectorManager" daemon [_thread_in_native, id=124976, stack(0x00000048be500000,0x00000048be600000) (1024K)]
  0x0000018fd937bf00 JavaThread "JdkHttpClient-1-0"          daemon [_thread_blocked, id=132700, stack(0x00000048be600000,0x00000048be700000) (1024K)]
  0x0000018fd937b1e0 JavaThread "JdkHttpClient-1-1"          daemon [_thread_blocked, id=123852, stack(0x00000048be700000,0x00000048be800000) (1024K)]
  0x0000018fd9520980 JavaThread "JdkHttpClient-1-2"          daemon [_thread_blocked, id=127668, stack(0x00000048be800000,0x00000048be900000) (1024K)]
  0x0000018fd951e8b0 JavaThread "JdkHttpClient-1-3"          daemon [_thread_blocked, id=124712, stack(0x00000048be900000,0x00000048bea00000) (1024K)]
=>0x0000018fd9483040 JavaThread "C2 CompilerThread1"         daemon [_thread_in_native, id=27836, stack(0x00000048bea00000,0x00000048beb00000) (1024K)]
Total: 29

Other Threads:
  0x0000018f93114da0 VMThread "VM Thread"                           [id=127740, stack(0x00000048bc600000,0x00000048bc700000) (1024K)]
  0x0000018f930fbac0 WatcherThread "VM Periodic Task Thread"        [id=131452, stack(0x00000048bc500000,0x00000048bc600000) (1024K)]
  0x0000018ff67bb0e0 WorkerThread "GC Thread#0"                     [id=132356, stack(0x00000048bc000000,0x00000048bc100000) (1024K)]
  0x0000018f93e73c40 WorkerThread "GC Thread#1"                     [id=98900, stack(0x00000048bd700000,0x00000048bd800000) (1024K)]
  0x0000018f93e73fe0 WorkerThread "GC Thread#2"                     [id=129288, stack(0x00000048bd800000,0x00000048bd900000) (1024K)]
  0x0000018f93e931d0 WorkerThread "GC Thread#3"                     [id=132636, stack(0x00000048bd900000,0x00000048bda00000) (1024K)]
  0x0000018f93e93570 WorkerThread "GC Thread#4"                     [id=134516, stack(0x00000048bda00000,0x00000048bdb00000) (1024K)]
  0x0000018f93e98130 WorkerThread "GC Thread#5"                     [id=133976, stack(0x00000048bdb00000,0x00000048bdc00000) (1024K)]
  0x0000018f93e988e0 WorkerThread "GC Thread#6"                     [id=128824, stack(0x00000048bdc00000,0x00000048bdd00000) (1024K)]
  0x0000018f93e99490 WorkerThread "GC Thread#7"                     [id=48516, stack(0x00000048bdd00000,0x00000048bde00000) (1024K)]
  0x0000018ff67cbc40 ConcurrentGCThread "G1 Main Marker"            [id=9696, stack(0x00000048bc100000,0x00000048bc200000) (1024K)]
  0x0000018ff67ccf90 WorkerThread "G1 Conc#0"                       [id=130024, stack(0x00000048bc200000,0x00000048bc300000) (1024K)]
  0x0000018ff681ea50 ConcurrentGCThread "G1 Refine#0"               [id=127732, stack(0x00000048bc300000,0x00000048bc400000) (1024K)]
  0x0000018f92fca720 ConcurrentGCThread "G1 Service"                [id=125784, stack(0x00000048bc400000,0x00000048bc500000) (1024K)]
Total: 14

Threads with active compile tasks:
C2 CompilerThread1     4931 1657       4       java.lang.invoke.MethodType::makeImpl (109 bytes)
Total: 1

VM state: not at safepoint (normal execution)

VM Mutex/Monitor currently owned by a thread: None

Heap address: 0x0000000082000000, size: 2016 MB, Compressed Oops mode: 32-bit

CDS archive(s) mapped at: [0x0000018f94000000-0x0000018f94c90000-0x0000018f94c90000), size 13172736, SharedBaseAddress: 0x0000018f94000000, ArchiveRelocationMode: 1.
Compressed class space mapped at: 0x0000018f95000000-0x0000018fd5000000, reserved size: 1073741824
Narrow klass base: 0x0000018f94000000, Narrow klass shift: 0, Narrow klass range: 0x100000000

GC Precious Log:
 CardTable entry size: 512
 Card Set container configuration: InlinePtr #cards 5 size 8 Array Of Cards #cards 12 size 40 Howl #buckets 4 coarsen threshold 1843 Howl Bitmap #cards 512 size 80 coarsen threshold 460 Card regions per heap region 1 cards per card region 2048
 CPUs: 8 total, 8 available
 Memory: 8063M
 Large Page Support: Disabled
 NUMA Support: Disabled
 Compressed Oops: Enabled (32-bit)
 Heap Region Size: 1M
 Heap Min Capacity: 8M
 Heap Initial Capacity: 126M
 Heap Max Capacity: 2016M
 Pre-touch: Disabled
 Parallel Workers: 8
 Concurrent Workers: 2
 Concurrent Refinement Workers: 8
 Periodic GC: Disabled

Heap:
 garbage-first heap   total 129024K, used 17962K [0x0000000082000000, 0x0000000100000000)
  region size 1024K, 13 young (13312K), 3 survivors (3072K)
 Metaspace       used 12205K, committed 12608K, reserved 1114112K
  class space    used 1465K, committed 1664K, reserved 1048576K

Heap Regions: E=young(eden), S=young(survivor), O=old, HS=humongous(starts), HC=humongous(continues), CS=collection set, F=free, TAMS=top-at-mark-start, PB=parsable bottom
|   0|0x0000000082000000, 0x0000000082100000, 0x0000000082100000|100%|HS|  |TAMS 0x0000000082000000| PB 0x0000000082000000| Complete 
|   1|0x0000000082100000, 0x0000000082200000, 0x0000000082200000|100%|HS|  |TAMS 0x0000000082100000| PB 0x0000000082100000| Complete 
|   2|0x0000000082200000, 0x0000000082300000, 0x0000000082300000|100%| O|  |TAMS 0x0000000082200000| PB 0x0000000082200000| Untracked 
|   3|0x0000000082300000, 0x0000000082400000, 0x0000000082400000|100%| O|  |TAMS 0x0000000082300000| PB 0x0000000082300000| Untracked 
|   4|0x0000000082400000, 0x0000000082500000, 0x0000000082500000|100%| O|  |TAMS 0x0000000082400000| PB 0x0000000082400000| Untracked 
|   5|0x0000000082500000, 0x000000008258aa20, 0x0000000082600000| 54%| O|  |TAMS 0x0000000082500000| PB 0x0000000082500000| Untracked 
|   6|0x0000000082600000, 0x0000000082600000, 0x0000000082700000|  0%| F|  |TAMS 0x0000000082600000| PB 0x0000000082600000| Untracked 
|   7|0x0000000082700000, 0x0000000082700000, 0x0000000082800000|  0%| F|  |TAMS 0x0000000082700000| PB 0x0000000082700000| Untracked 
|   8|0x0000000082800000, 0x0000000082800000, 0x0000000082900000|  0%| F|  |TAMS 0x0000000082800000| PB 0x0000000082800000| Untracked 
|   9|0x0000000082900000, 0x0000000082900000, 0x0000000082a00000|  0%| F|  |TAMS 0x0000000082900000| PB 0x0000000082900000| Untracked 
|  10|0x0000000082a00000, 0x0000000082a00000, 0x0000000082b00000|  0%| F|  |TAMS 0x0000000082a00000| PB 0x0000000082a00000| Untracked 
|  11|0x0000000082b00000, 0x0000000082b00000, 0x0000000082c00000|  0%| F|  |TAMS 0x0000000082b00000| PB 0x0000000082b00000| Untracked 
|  12|0x0000000082c00000, 0x0000000082c00000, 0x0000000082d00000|  0%| F|  |TAMS 0x0000000082c00000| PB 0x0000000082c00000| Untracked 
|  13|0x0000000082d00000, 0x0000000082d00000, 0x0000000082e00000|  0%| F|  |TAMS 0x0000000082d00000| PB 0x0000000082d00000| Untracked 
|  14|0x0000000082e00000, 0x0000000082e00000, 0x0000000082f00000|  0%| F|  |TAMS 0x0000000082e00000| PB 0x0000000082e00000| Untracked 
|  15|0x0000000082f00000, 0x0000000082f00000, 0x0000000083000000|  0%| F|  |TAMS 0x0000000082f00000| PB 0x0000000082f00000| Untracked 
|  16|0x0000000083000000, 0x0000000083000000, 0x0000000083100000|  0%| F|  |TAMS 0x0000000083000000| PB 0x0000000083000000| Untracked 
|  17|0x0000000083100000, 0x0000000083100000, 0x0000000083200000|  0%| F|  |TAMS 0x0000000083100000| PB 0x0000000083100000| Untracked 
|  18|0x0000000083200000, 0x0000000083200000, 0x0000000083300000|  0%| F|  |TAMS 0x0000000083200000| PB 0x0000000083200000| Untracked 
|  19|0x0000000083300000, 0x0000000083300000, 0x0000000083400000|  0%| F|  |TAMS 0x0000000083300000| PB 0x0000000083300000| Untracked 
|  20|0x0000000083400000, 0x0000000083400000, 0x0000000083500000|  0%| F|  |TAMS 0x0000000083400000| PB 0x0000000083400000| Untracked 
|  21|0x0000000083500000, 0x0000000083500000, 0x0000000083600000|  0%| F|  |TAMS 0x0000000083500000| PB 0x0000000083500000| Untracked 
|  22|0x0000000083600000, 0x0000000083600000, 0x0000000083700000|  0%| F|  |TAMS 0x0000000083600000| PB 0x0000000083600000| Untracked 
|  23|0x0000000083700000, 0x0000000083700000, 0x0000000083800000|  0%| F|  |TAMS 0x0000000083700000| PB 0x0000000083700000| Untracked 
|  24|0x0000000083800000, 0x0000000083800000, 0x0000000083900000|  0%| F|  |TAMS 0x0000000083800000| PB 0x0000000083800000| Untracked 
|  25|0x0000000083900000, 0x0000000083900000, 0x0000000083a00000|  0%| F|  |TAMS 0x0000000083900000| PB 0x0000000083900000| Untracked 
|  26|0x0000000083a00000, 0x0000000083a00000, 0x0000000083b00000|  0%| F|  |TAMS 0x0000000083a00000| PB 0x0000000083a00000| Untracked 
|  27|0x0000000083b00000, 0x0000000083b00000, 0x0000000083c00000|  0%| F|  |TAMS 0x0000000083b00000| PB 0x0000000083b00000| Untracked 
|  28|0x0000000083c00000, 0x0000000083c00000, 0x0000000083d00000|  0%| F|  |TAMS 0x0000000083c00000| PB 0x0000000083c00000| Untracked 
|  29|0x0000000083d00000, 0x0000000083d00000, 0x0000000083e00000|  0%| F|  |TAMS 0x0000000083d00000| PB 0x0000000083d00000| Untracked 
|  30|0x0000000083e00000, 0x0000000083e00000, 0x0000000083f00000|  0%| F|  |TAMS 0x0000000083e00000| PB 0x0000000083e00000| Untracked 
|  31|0x0000000083f00000, 0x0000000083f00000, 0x0000000084000000|  0%| F|  |TAMS 0x0000000083f00000| PB 0x0000000083f00000| Untracked 
|  32|0x0000000084000000, 0x0000000084000000, 0x0000000084100000|  0%| F|  |TAMS 0x0000000084000000| PB 0x0000000084000000| Untracked 
|  33|0x0000000084100000, 0x0000000084100000, 0x0000000084200000|  0%| F|  |TAMS 0x0000000084100000| PB 0x0000000084100000| Untracked 
|  34|0x0000000084200000, 0x0000000084200000, 0x0000000084300000|  0%| F|  |TAMS 0x0000000084200000| PB 0x0000000084200000| Untracked 
|  35|0x0000000084300000, 0x0000000084300000, 0x0000000084400000|  0%| F|  |TAMS 0x0000000084300000| PB 0x0000000084300000| Untracked 
|  36|0x0000000084400000, 0x0000000084400000, 0x0000000084500000|  0%| F|  |TAMS 0x0000000084400000| PB 0x0000000084400000| Untracked 
|  37|0x0000000084500000, 0x0000000084500000, 0x0000000084600000|  0%| F|  |TAMS 0x0000000084500000| PB 0x0000000084500000| Untracked 
|  38|0x0000000084600000, 0x0000000084600000, 0x0000000084700000|  0%| F|  |TAMS 0x0000000084600000| PB 0x0000000084600000| Untracked 
|  39|0x0000000084700000, 0x0000000084700000, 0x0000000084800000|  0%| F|  |TAMS 0x0000000084700000| PB 0x0000000084700000| Untracked 
|  40|0x0000000084800000, 0x0000000084800000, 0x0000000084900000|  0%| F|  |TAMS 0x0000000084800000| PB 0x0000000084800000| Untracked 
|  41|0x0000000084900000, 0x0000000084900000, 0x0000000084a00000|  0%| F|  |TAMS 0x0000000084900000| PB 0x0000000084900000| Untracked 
|  42|0x0000000084a00000, 0x0000000084a00000, 0x0000000084b00000|  0%| F|  |TAMS 0x0000000084a00000| PB 0x0000000084a00000| Untracked 
|  43|0x0000000084b00000, 0x0000000084b00000, 0x0000000084c00000|  0%| F|  |TAMS 0x0000000084b00000| PB 0x0000000084b00000| Untracked 
|  44|0x0000000084c00000, 0x0000000084c00000, 0x0000000084d00000|  0%| F|  |TAMS 0x0000000084c00000| PB 0x0000000084c00000| Untracked 
|  45|0x0000000084d00000, 0x0000000084d00000, 0x0000000084e00000|  0%| F|  |TAMS 0x0000000084d00000| PB 0x0000000084d00000| Untracked 
|  46|0x0000000084e00000, 0x0000000084e00000, 0x0000000084f00000|  0%| F|  |TAMS 0x0000000084e00000| PB 0x0000000084e00000| Untracked 
|  47|0x0000000084f00000, 0x0000000084f00000, 0x0000000085000000|  0%| F|  |TAMS 0x0000000084f00000| PB 0x0000000084f00000| Untracked 
|  48|0x0000000085000000, 0x0000000085000000, 0x0000000085100000|  0%| F|  |TAMS 0x0000000085000000| PB 0x0000000085000000| Untracked 
|  49|0x0000000085100000, 0x0000000085100000, 0x0000000085200000|  0%| F|  |TAMS 0x0000000085100000| PB 0x0000000085100000| Untracked 
|  50|0x0000000085200000, 0x0000000085200000, 0x0000000085300000|  0%| F|  |TAMS 0x0000000085200000| PB 0x0000000085200000| Untracked 
|  51|0x0000000085300000, 0x0000000085300000, 0x0000000085400000|  0%| F|  |TAMS 0x0000000085300000| PB 0x0000000085300000| Untracked 
|  52|0x0000000085400000, 0x0000000085400000, 0x0000000085500000|  0%| F|  |TAMS 0x0000000085400000| PB 0x0000000085400000| Untracked 
|  53|0x0000000085500000, 0x0000000085500000, 0x0000000085600000|  0%| F|  |TAMS 0x0000000085500000| PB 0x0000000085500000| Untracked 
|  54|0x0000000085600000, 0x0000000085600000, 0x0000000085700000|  0%| F|  |TAMS 0x0000000085600000| PB 0x0000000085600000| Untracked 
|  55|0x0000000085700000, 0x0000000085700000, 0x0000000085800000|  0%| F|  |TAMS 0x0000000085700000| PB 0x0000000085700000| Untracked 
|  56|0x0000000085800000, 0x0000000085800000, 0x0000000085900000|  0%| F|  |TAMS 0x0000000085800000| PB 0x0000000085800000| Untracked 
|  57|0x0000000085900000, 0x0000000085900000, 0x0000000085a00000|  0%| F|  |TAMS 0x0000000085900000| PB 0x0000000085900000| Untracked 
|  58|0x0000000085a00000, 0x0000000085a00000, 0x0000000085b00000|  0%| F|  |TAMS 0x0000000085a00000| PB 0x0000000085a00000| Untracked 
|  59|0x0000000085b00000, 0x0000000085b00000, 0x0000000085c00000|  0%| F|  |TAMS 0x0000000085b00000| PB 0x0000000085b00000| Untracked 
|  60|0x0000000085c00000, 0x0000000085c00000, 0x0000000085d00000|  0%| F|  |TAMS 0x0000000085c00000| PB 0x0000000085c00000| Untracked 
|  61|0x0000000085d00000, 0x0000000085d00000, 0x0000000085e00000|  0%| F|  |TAMS 0x0000000085d00000| PB 0x0000000085d00000| Untracked 
|  62|0x0000000085e00000, 0x0000000085e00000, 0x0000000085f00000|  0%| F|  |TAMS 0x0000000085e00000| PB 0x0000000085e00000| Untracked 
|  63|0x0000000085f00000, 0x0000000085f00000, 0x0000000086000000|  0%| F|  |TAMS 0x0000000085f00000| PB 0x0000000085f00000| Untracked 
|  64|0x0000000086000000, 0x0000000086000000, 0x0000000086100000|  0%| F|  |TAMS 0x0000000086000000| PB 0x0000000086000000| Untracked 
|  65|0x0000000086100000, 0x0000000086100000, 0x0000000086200000|  0%| F|  |TAMS 0x0000000086100000| PB 0x0000000086100000| Untracked 
|  66|0x0000000086200000, 0x0000000086200000, 0x0000000086300000|  0%| F|  |TAMS 0x0000000086200000| PB 0x0000000086200000| Untracked 
|  67|0x0000000086300000, 0x0000000086300000, 0x0000000086400000|  0%| F|  |TAMS 0x0000000086300000| PB 0x0000000086300000| Untracked 
|  68|0x0000000086400000, 0x0000000086400000, 0x0000000086500000|  0%| F|  |TAMS 0x0000000086400000| PB 0x0000000086400000| Untracked 
|  69|0x0000000086500000, 0x0000000086500000, 0x0000000086600000|  0%| F|  |TAMS 0x0000000086500000| PB 0x0000000086500000| Untracked 
|  70|0x0000000086600000, 0x0000000086600000, 0x0000000086700000|  0%| F|  |TAMS 0x0000000086600000| PB 0x0000000086600000| Untracked 
|  71|0x0000000086700000, 0x0000000086700000, 0x0000000086800000|  0%| F|  |TAMS 0x0000000086700000| PB 0x0000000086700000| Untracked 
|  72|0x0000000086800000, 0x0000000086800000, 0x0000000086900000|  0%| F|  |TAMS 0x0000000086800000| PB 0x0000000086800000| Untracked 
|  73|0x0000000086900000, 0x0000000086900000, 0x0000000086a00000|  0%| F|  |TAMS 0x0000000086900000| PB 0x0000000086900000| Untracked 
|  74|0x0000000086a00000, 0x0000000086a00000, 0x0000000086b00000|  0%| F|  |TAMS 0x0000000086a00000| PB 0x0000000086a00000| Untracked 
|  75|0x0000000086b00000, 0x0000000086b00000, 0x0000000086c00000|  0%| F|  |TAMS 0x0000000086b00000| PB 0x0000000086b00000| Untracked 
|  76|0x0000000086c00000, 0x0000000086c00000, 0x0000000086d00000|  0%| F|  |TAMS 0x0000000086c00000| PB 0x0000000086c00000| Untracked 
|  77|0x0000000086d00000, 0x0000000086d00000, 0x0000000086e00000|  0%| F|  |TAMS 0x0000000086d00000| PB 0x0000000086d00000| Untracked 
|  78|0x0000000086e00000, 0x0000000086e00000, 0x0000000086f00000|  0%| F|  |TAMS 0x0000000086e00000| PB 0x0000000086e00000| Untracked 
|  79|0x0000000086f00000, 0x0000000086f00000, 0x0000000087000000|  0%| F|  |TAMS 0x0000000086f00000| PB 0x0000000086f00000| Untracked 
|  80|0x0000000087000000, 0x0000000087000000, 0x0000000087100000|  0%| F|  |TAMS 0x0000000087000000| PB 0x0000000087000000| Untracked 
|  81|0x0000000087100000, 0x0000000087100000, 0x0000000087200000|  0%| F|  |TAMS 0x0000000087100000| PB 0x0000000087100000| Untracked 
|  82|0x0000000087200000, 0x0000000087200000, 0x0000000087300000|  0%| F|  |TAMS 0x0000000087200000| PB 0x0000000087200000| Untracked 
|  83|0x0000000087300000, 0x0000000087300000, 0x0000000087400000|  0%| F|  |TAMS 0x0000000087300000| PB 0x0000000087300000| Untracked 
|  84|0x0000000087400000, 0x0000000087400000, 0x0000000087500000|  0%| F|  |TAMS 0x0000000087400000| PB 0x0000000087400000| Untracked 
|  85|0x0000000087500000, 0x0000000087500000, 0x0000000087600000|  0%| F|  |TAMS 0x0000000087500000| PB 0x0000000087500000| Untracked 
|  86|0x0000000087600000, 0x0000000087600000, 0x0000000087700000|  0%| F|  |TAMS 0x0000000087600000| PB 0x0000000087600000| Untracked 
|  87|0x0000000087700000, 0x0000000087700000, 0x0000000087800000|  0%| F|  |TAMS 0x0000000087700000| PB 0x0000000087700000| Untracked 
|  88|0x0000000087800000, 0x0000000087800000, 0x0000000087900000|  0%| F|  |TAMS 0x0000000087800000| PB 0x0000000087800000| Untracked 
|  89|0x0000000087900000, 0x0000000087900000, 0x0000000087a00000|  0%| F|  |TAMS 0x0000000087900000| PB 0x0000000087900000| Untracked 
|  90|0x0000000087a00000, 0x0000000087a00000, 0x0000000087b00000|  0%| F|  |TAMS 0x0000000087a00000| PB 0x0000000087a00000| Untracked 
|  91|0x0000000087b00000, 0x0000000087b00000, 0x0000000087c00000|  0%| F|  |TAMS 0x0000000087b00000| PB 0x0000000087b00000| Untracked 
|  92|0x0000000087c00000, 0x0000000087c00000, 0x0000000087d00000|  0%| F|  |TAMS 0x0000000087c00000| PB 0x0000000087c00000| Untracked 
|  93|0x0000000087d00000, 0x0000000087d00000, 0x0000000087e00000|  0%| F|  |TAMS 0x0000000087d00000| PB 0x0000000087d00000| Untracked 
|  94|0x0000000087e00000, 0x0000000087e00000, 0x0000000087f00000|  0%| F|  |TAMS 0x0000000087e00000| PB 0x0000000087e00000| Untracked 
|  95|0x0000000087f00000, 0x0000000087f00000, 0x0000000088000000|  0%| F|  |TAMS 0x0000000087f00000| PB 0x0000000087f00000| Untracked 
|  96|0x0000000088000000, 0x0000000088000000, 0x0000000088100000|  0%| F|  |TAMS 0x0000000088000000| PB 0x0000000088000000| Untracked 
|  97|0x0000000088100000, 0x0000000088100000, 0x0000000088200000|  0%| F|  |TAMS 0x0000000088100000| PB 0x0000000088100000| Untracked 
|  98|0x0000000088200000, 0x0000000088200000, 0x0000000088300000|  0%| F|  |TAMS 0x0000000088200000| PB 0x0000000088200000| Untracked 
|  99|0x0000000088300000, 0x0000000088300000, 0x0000000088400000|  0%| F|  |TAMS 0x0000000088300000| PB 0x0000000088300000| Untracked 
| 100|0x0000000088400000, 0x0000000088500000, 0x0000000088500000|100%| S|CS|TAMS 0x0000000088400000| PB 0x0000000088400000| Complete 
| 101|0x0000000088500000, 0x0000000088600000, 0x0000000088600000|100%| S|CS|TAMS 0x0000000088500000| PB 0x0000000088500000| Complete 
| 102|0x0000000088600000, 0x0000000088700000, 0x0000000088700000|100%| S|CS|TAMS 0x0000000088600000| PB 0x0000000088600000| Complete 
| 103|0x0000000088700000, 0x0000000088700000, 0x0000000088800000|  0%| F|  |TAMS 0x0000000088700000| PB 0x0000000088700000| Untracked 
| 104|0x0000000088800000, 0x0000000088800000, 0x0000000088900000|  0%| F|  |TAMS 0x0000000088800000| PB 0x0000000088800000| Untracked 
| 105|0x0000000088900000, 0x0000000088900000, 0x0000000088a00000|  0%| F|  |TAMS 0x0000000088900000| PB 0x0000000088900000| Untracked 
| 106|0x0000000088a00000, 0x0000000088a00000, 0x0000000088b00000|  0%| F|  |TAMS 0x0000000088a00000| PB 0x0000000088a00000| Untracked 
| 107|0x0000000088b00000, 0x0000000088b00000, 0x0000000088c00000|  0%| F|  |TAMS 0x0000000088b00000| PB 0x0000000088b00000| Untracked 
| 108|0x0000000088c00000, 0x0000000088c00000, 0x0000000088d00000|  0%| F|  |TAMS 0x0000000088c00000| PB 0x0000000088c00000| Untracked 
| 109|0x0000000088d00000, 0x0000000088d00000, 0x0000000088e00000|  0%| F|  |TAMS 0x0000000088d00000| PB 0x0000000088d00000| Untracked 
| 110|0x0000000088e00000, 0x0000000088e00000, 0x0000000088f00000|  0%| F|  |TAMS 0x0000000088e00000| PB 0x0000000088e00000| Untracked 
| 111|0x0000000088f00000, 0x0000000088f00000, 0x0000000089000000|  0%| F|  |TAMS 0x0000000088f00000| PB 0x0000000088f00000| Untracked 
| 112|0x0000000089000000, 0x0000000089000000, 0x0000000089100000|  0%| F|  |TAMS 0x0000000089000000| PB 0x0000000089000000| Untracked 
| 113|0x0000000089100000, 0x0000000089100000, 0x0000000089200000|  0%| F|  |TAMS 0x0000000089100000| PB 0x0000000089100000| Untracked 
| 114|0x0000000089200000, 0x0000000089200000, 0x0000000089300000|  0%| F|  |TAMS 0x0000000089200000| PB 0x0000000089200000| Untracked 
| 115|0x0000000089300000, 0x0000000089300000, 0x0000000089400000|  0%| F|  |TAMS 0x0000000089300000| PB 0x0000000089300000| Untracked 
| 116|0x0000000089400000, 0x000000008948a650, 0x0000000089500000| 54%| E|  |TAMS 0x0000000089400000| PB 0x0000000089400000| Complete 
| 117|0x0000000089500000, 0x0000000089600000, 0x0000000089600000|100%| E|CS|TAMS 0x0000000089500000| PB 0x0000000089500000| Complete 
| 118|0x0000000089600000, 0x0000000089700000, 0x0000000089700000|100%| E|CS|TAMS 0x0000000089600000| PB 0x0000000089600000| Complete 
| 119|0x0000000089700000, 0x0000000089800000, 0x0000000089800000|100%| E|CS|TAMS 0x0000000089700000| PB 0x0000000089700000| Complete 
| 120|0x0000000089800000, 0x0000000089900000, 0x0000000089900000|100%| E|CS|TAMS 0x0000000089800000| PB 0x0000000089800000| Complete 
| 121|0x0000000089900000, 0x0000000089a00000, 0x0000000089a00000|100%| E|CS|TAMS 0x0000000089900000| PB 0x0000000089900000| Complete 
| 122|0x0000000089a00000, 0x0000000089b00000, 0x0000000089b00000|100%| E|CS|TAMS 0x0000000089a00000| PB 0x0000000089a00000| Complete 
| 123|0x0000000089b00000, 0x0000000089c00000, 0x0000000089c00000|100%| E|CS|TAMS 0x0000000089b00000| PB 0x0000000089b00000| Complete 
| 124|0x0000000089c00000, 0x0000000089d00000, 0x0000000089d00000|100%| E|CS|TAMS 0x0000000089c00000| PB 0x0000000089c00000| Complete 
| 125|0x0000000089d00000, 0x0000000089e00000, 0x0000000089e00000|100%| E|CS|TAMS 0x0000000089d00000| PB 0x0000000089d00000| Complete 

Card table byte_map: [0x0000018fff300000,0x0000018fff6f0000] _byte_map_base: 0x0000018ffeef0000

Marking Bits: (CMBitMap*) 0x0000018ff67bb6e0
 Bits: [0x0000018f8f000000, 0x0000018f90f80000)

Polling page: 0x0000018ff5f20000

Metaspace:

Usage:
  Non-class:     10.49 MB used.
      Class:      1.43 MB used.
       Both:     11.92 MB used.

Virtual space:
  Non-class space:       64.00 MB reserved,      10.69 MB ( 17%) committed,  1 nodes.
      Class space:        1.00 GB reserved,       1.62 MB ( <1%) committed,  1 nodes.
             Both:        1.06 GB reserved,      12.31 MB (  1%) committed. 

Chunk freelists:
   Non-Class:  5.30 MB
       Class:  14.36 MB
        Both:  19.66 MB

MaxMetaspaceSize: unlimited
CompressedClassSpaceSize: 1.00 GB
Initial GC threshold: 21.00 MB
Current GC threshold: 21.00 MB
CDS: on
 - commit_granule_bytes: 65536.
 - commit_granule_words: 8192.
 - virtual_space_node_default_size: 8388608.
 - enlarge_chunks_in_place: 1.
 - use_allocation_guard: 0.


Internal statistics:

num_allocs_failed_limit: 0.
num_arena_births: 326.
num_arena_deaths: 0.
num_vsnodes_births: 2.
num_vsnodes_deaths: 0.
num_space_committed: 197.
num_space_uncommitted: 0.
num_chunks_returned_to_freelist: 0.
num_chunks_taken_from_freelist: 607.
num_chunk_merges: 0.
num_chunk_splits: 357.
num_chunks_enlarged: 195.
num_inconsistent_stats: 0.

CodeHeap 'non-profiled nmethods': size=120000Kb used=574Kb max_used=574Kb free=119426Kb
 bounds [0x0000018f87ad0000, 0x0000018f87d40000, 0x0000018f8f000000]
CodeHeap 'profiled nmethods': size=120000Kb used=3418Kb max_used=3418Kb free=116581Kb
 bounds [0x0000018f80000000, 0x0000018f80360000, 0x0000018f87530000]
CodeHeap 'non-nmethods': size=5760Kb used=1459Kb max_used=1473Kb free=4300Kb
 bounds [0x0000018f87530000, 0x0000018f877a0000, 0x0000018f87ad0000]
 total_blobs=2317 nmethods=1777 adapters=444
 compilation: enabled
              stopped_count=0, restarted_count=0
 full_count=0

Compilation events (20 events):
Event: 3.238 Thread 0x0000018f93150fa0 nmethod 1769 0x0000018f80351410 code [0x0000018f803515c0, 0x0000018f80351718]
Event: 3.238 Thread 0x0000018f93150fa0 1770       3       org.openqa.selenium.json.Types::narrow (54 bytes)
Event: 3.239 Thread 0x0000018f93150fa0 nmethod 1770 0x0000018f80351810 code [0x0000018f80351a60, 0x0000018f803523f8]
Event: 3.239 Thread 0x0000018f93150fa0 1773       3       java.util.ArrayDeque::peekFirst (12 bytes)
Event: 3.239 Thread 0x0000018f93150fa0 nmethod 1773 0x0000018f80352690 code [0x0000018f80352840, 0x0000018f803529d0]
Event: 3.239 Thread 0x0000018f93150fa0 1771       3       org.openqa.selenium.json.StaticInitializerCoercer$$Lambda/0x0000018f950211d0::test (8 bytes)
Event: 3.239 Thread 0x0000018f93150fa0 nmethod 1771 0x0000018f80352b10 code [0x0000018f80352cc0, 0x0000018f80352ff8]
Event: 3.239 Thread 0x0000018f93150fa0 1774       3       java.util.HashMap::computeIfAbsent (330 bytes)
Event: 3.240 Thread 0x0000018f9314e7b0 nmethod 1767 0x0000018f87b5ef90 code [0x0000018f87b5f100, 0x0000018f87b5f230]
Event: 3.240 Thread 0x0000018f9314e7b0 1768       4       java.util.concurrent.locks.ReentrantLock::unlock (10 bytes)
Event: 3.240 Thread 0x0000018f93150fa0 nmethod 1774 0x0000018f80353110 code [0x0000018f80353440, 0x0000018f80354a50]
Event: 3.241 Thread 0x0000018f93150fa0 1776       3       java.lang.StringLatin1::trim (76 bytes)
Event: 3.241 Thread 0x0000018f93150fa0 nmethod 1776 0x0000018f80355090 code [0x0000018f80355260, 0x0000018f80355638]
Event: 3.241 Thread 0x0000018f93150fa0 1772       3       org.openqa.selenium.json.StaticInitializerCoercer::lambda$getMethods$1 (8 bytes)
Event: 3.241 Thread 0x0000018f93150fa0 nmethod 1772 0x0000018f80355790 code [0x0000018f80355940, 0x0000018f80355b08]
Event: 3.241 Thread 0x0000018f93150fa0 1775       3       java.util.ArrayList::toArray (12 bytes)
Event: 3.241 Thread 0x0000018f93150fa0 nmethod 1775 0x0000018f80355c10 code [0x0000018f80355dc0, 0x0000018f80355fa0]
Event: 3.241 Thread 0x0000018f93150fa0 1777       3       java.lang.Thread::isVirtual (5 bytes)
Event: 3.241 Thread 0x0000018f93150fa0 nmethod 1777 0x0000018f80356090 code [0x0000018f80356220, 0x0000018f80356428]
Event: 3.242 Thread 0x0000018f9314e7b0 nmethod 1768 0x0000018f87b5f310 code [0x0000018f87b5f4c0, 0x0000018f87b5f6a8]

GC Heap History (2 events):
Event: 0.993 GC heap before
{Heap before GC invocations=0 (full 0):
 garbage-first heap   total 129024K, used 25600K [0x0000000082000000, 0x0000000100000000)
  region size 1024K, 23 young (23552K), 0 survivors (0K)
 Metaspace       used 8837K, committed 9088K, reserved 1114112K
  class space    used 1010K, committed 1152K, reserved 1048576K
}
Event: 1.002 GC heap after
{Heap after GC invocations=1 (full 0):
 garbage-first heap   total 129024K, used 8746K [0x0000000082000000, 0x0000000100000000)
  region size 1024K, 3 young (3072K), 3 survivors (3072K)
 Metaspace       used 8837K, committed 9088K, reserved 1114112K
  class space    used 1010K, committed 1152K, reserved 1048576K
}

Dll operation events (10 events):
Event: 0.007 Loaded shared library C:\Program Files\Java\jdk-21\bin\java.dll
Event: 0.041 Loaded shared library C:\Program Files\Java\jdk-21\bin\jsvml.dll
Event: 0.108 Loaded shared library C:\Program Files\Java\jdk-21\bin\net.dll
Event: 0.111 Loaded shared library C:\Program Files\Java\jdk-21\bin\nio.dll
Event: 0.115 Loaded shared library C:\Program Files\Java\jdk-21\bin\zip.dll
Event: 0.180 Loaded shared library C:\Program Files\Java\jdk-21\bin\jimage.dll
Event: 0.247 Loaded shared library C:\Program Files\Java\jdk-21\bin\extnet.dll
Event: 0.290 Loaded shared library C:\Program Files\Java\jdk-21\bin\management.dll
Event: 0.294 Loaded shared library C:\Program Files\Java\jdk-21\bin\management_ext.dll
Event: 0.750 Loaded shared library C:\Program Files\Java\jdk-21\bin\sunmscapi.dll

Deoptimization events (20 events):
Event: 1.114 Thread 0x0000018fd937cc20 DEOPT PACKING pc=0x0000018f87b46b5c sp=0x00000048be0fa170
Event: 1.114 Thread 0x0000018fd937cc20 DEOPT UNPACKING pc=0x0000018f875846a2 sp=0x00000048be0fa0e8 mode 2
Event: 1.114 Thread 0x0000018fd937cc20 Uncommon trap: trap_request=0xffffffde fr.pc=0x0000018f87b46b5c relative=0x000000000000013c
Event: 1.114 Thread 0x0000018fd937cc20 Uncommon trap: reason=class_check action=maybe_recompile pc=0x0000018f87b46b5c method=jdk.internal.misc.Unsafe.allocateUninitializedArray(Ljava/lang/Class;I)Ljava/lang/Object; @ 51 c2
Event: 1.114 Thread 0x0000018fd937cc20 DEOPT PACKING pc=0x0000018f87b46b5c sp=0x00000048be0fa130
Event: 1.114 Thread 0x0000018fd937cc20 DEOPT UNPACKING pc=0x0000018f875846a2 sp=0x00000048be0fa0a8 mode 2
Event: 1.114 Thread 0x0000018fd937cc20 Uncommon trap: trap_request=0xffffffde fr.pc=0x0000018f87b46b5c relative=0x000000000000013c
Event: 1.114 Thread 0x0000018fd937cc20 Uncommon trap: reason=class_check action=maybe_recompile pc=0x0000018f87b46b5c method=jdk.internal.misc.Unsafe.allocateUninitializedArray(Ljava/lang/Class;I)Ljava/lang/Object; @ 51 c2
Event: 1.114 Thread 0x0000018fd937cc20 DEOPT PACKING pc=0x0000018f87b46b5c sp=0x00000048be0fa0e0
Event: 1.114 Thread 0x0000018fd937cc20 DEOPT UNPACKING pc=0x0000018f875846a2 sp=0x00000048be0fa058 mode 2
Event: 2.969 Thread 0x0000018ff4664150 Uncommon trap: trap_request=0xffffff45 fr.pc=0x0000018f87b3f114 relative=0x0000000000001094
Event: 2.969 Thread 0x0000018ff4664150 Uncommon trap: reason=unstable_if action=reinterpret pc=0x0000018f87b3f114 method=java.util.concurrent.ConcurrentHashMap.putVal(Ljava/lang/Object;Ljava/lang/Object;Z)Ljava/lang/Object; @ 231 c2
Event: 2.969 Thread 0x0000018ff4664150 DEOPT PACKING pc=0x0000018f87b3f114 sp=0x00000048bbffe960
Event: 2.969 Thread 0x0000018ff4664150 DEOPT UNPACKING pc=0x0000018f875846a2 sp=0x00000048bbffe8d0 mode 2
Event: 3.049 Thread 0x0000018f93955fd0 DEOPT PACKING pc=0x0000018f802ece39 sp=0x00000048bd1fab80
Event: 3.049 Thread 0x0000018f93955fd0 DEOPT UNPACKING pc=0x0000018f87584e42 sp=0x00000048bd1fa090 mode 0
Event: 3.174 Thread 0x0000018ff4664150 Uncommon trap: trap_request=0xffffff45 fr.pc=0x0000018f87b193d4 relative=0x0000000000000054
Event: 3.174 Thread 0x0000018ff4664150 Uncommon trap: reason=unstable_if action=reinterpret pc=0x0000018f87b193d4 method=java.lang.CharacterData.of(I)Ljava/lang/CharacterData; @ 4 c2
Event: 3.175 Thread 0x0000018ff4664150 DEOPT PACKING pc=0x0000018f87b193d4 sp=0x00000048bbffdd10
Event: 3.175 Thread 0x0000018ff4664150 DEOPT UNPACKING pc=0x0000018f875846a2 sp=0x00000048bbffdcb0 mode 2

Classes loaded (20 events):
Event: 3.176 Loading class java/util/ResourceBundle$CacheKeyReference done
Event: 3.177 Loading class java/util/ResourceBundle$KeyElementReference done
Event: 3.177 Loading class java/util/ResourceBundle$3
Event: 3.177 Loading class java/util/ResourceBundle$3 done
Event: 3.177 Loading class sun/util/logging/resources/logging
Event: 3.177 Loading class sun/util/logging/resources/logging done
Event: 3.178 Loading class java/util/ResourceBundle$BundleReference
Event: 3.178 Loading class java/util/ResourceBundle$BundleReference done
Event: 3.178 Loading class sun/util/logging/resources/logging_en
Event: 3.178 Loading class sun/util/logging/resources/logging_en done
Event: 3.178 Loading class sun/util/logging/resources/logging_en
Event: 3.178 Loading class sun/util/logging/resources/logging_en done
Event: 3.179 Loading class sun/util/logging/resources/logging_en_IN
Event: 3.179 Loading class sun/util/logging/resources/logging_en_IN done
Event: 3.179 Loading class sun/util/logging/resources/logging_en_IN
Event: 3.179 Loading class sun/util/logging/resources/logging_en_IN done
Event: 3.179 Loading class java/util/Formatter$DateTime
Event: 3.179 Loading class java/util/Formatter$DateTime done
Event: 3.179 Loading class java/time/ZonedDateTime$1
Event: 3.179 Loading class java/time/ZonedDateTime$1 done

Classes unloaded (0 events):
No events

Classes redefined (0 events):
No events

Internal exceptions (20 events):
Event: 0.724 Thread 0x0000018ff4664150 Exception <a 'java/lang/NoSuchMethodError'{0x0000000089144320}: 'java.lang.Object java.lang.invoke.Invokers$Holder.invokeExact_MT(java.lang.Object, java.lang.Object, java.lang.Object, java.lang.Object, java.lang.Object, java.lang.Object)'> (0x0000000089144320) 
thrown [s\open\src\hotspot\share\interpreter\linkResolver.cpp, line 773]
Event: 0.772 Thread 0x0000018ff4664150 Exception <a 'sun/nio/fs/WindowsException'{0x0000000089066bf8}> (0x0000000089066bf8) 
thrown [s\open\src\hotspot\share\prims\jni.cpp, line 520]
Event: 0.811 Thread 0x0000018ff4664150 Exception <a 'java/lang/NoSuchMethodError'{0x0000000088e97a40}: 'void java.lang.invoke.DirectMethodHandle$Holder.invokeVirtual(java.lang.Object, java.lang.Object)'> (0x0000000088e97a40) 
thrown [s\open\src\hotspot\share\interpreter\linkResolver.cpp, line 773]
Event: 0.864 Thread 0x0000018ff4664150 Exception <a 'java/lang/NoSuchMethodError'{0x0000000088a9dbb8}: 'java.lang.Object java.lang.invoke.DirectMethodHandle$Holder.invokeStaticInit(java.lang.Object, int, int, int, int)'> (0x0000000088a9dbb8) 
thrown [s\open\src\hotspot\share\interpreter\linkResolver.cpp, line 773]
Event: 0.901 Thread 0x0000018ff4664150 Exception <a 'java/lang/NoSuchMethodError'{0x0000000088963860}: 'java.lang.Object java.lang.invoke.DirectMethodHandle$Holder.invokeStaticInit(java.lang.Object, java.lang.Object, int, int, int, int)'> (0x0000000088963860) 
thrown [s\open\src\hotspot\share\interpreter\linkResolver.cpp, line 773]
Event: 0.980 Thread 0x0000018ff4664150 Exception <a 'java/lang/NoSuchMethodError'{0x00000000888fb850}: 'java.lang.Object java.lang.invoke.DirectMethodHandle$Holder.invokeInterface(java.lang.Object, java.lang.Object, java.lang.Object)'> (0x00000000888fb850) 
thrown [s\open\src\hotspot\share\interpreter\linkResolver.cpp, line 773]
Event: 0.980 Thread 0x0000018ff4664150 Exception <a 'java/lang/IncompatibleClassChangeError'{0x00000000888fec38}: Found class java.lang.Object, but interface was expected> (0x00000000888fec38) 
thrown [s\open\src\hotspot\share\interpreter\linkResolver.cpp, line 840]
Event: 0.981 Thread 0x0000018ff4664150 Exception <a 'java/lang/NoSuchMethodError'{0x00000000887062d8}: 'int java.lang.invoke.DirectMethodHandle$Holder.invokeSpecialIFC(java.lang.Object, java.lang.Object, java.lang.Object, java.lang.Object)'> (0x00000000887062d8) 
thrown [s\open\src\hotspot\share\interpreter\linkResolver.cpp, line 773]
Event: 0.984 Thread 0x0000018ff4664150 Exception <a 'java/lang/NoSuchMethodError'{0x0000000088729430}: 'java.lang.Object java.lang.invoke.DirectMethodHandle$Holder.invokeVirtual(java.lang.Object, java.lang.Object, java.lang.Object, java.lang.Object)'> (0x0000000088729430) 
thrown [s\open\src\hotspot\share\interpreter\linkResolver.cpp, line 773]
Event: 1.007 Thread 0x0000018f93e59230 Exception <a 'java/net/ConnectException'{0x0000000089d716a8}: Connection refused: getsockopt> (0x0000000089d716a8) 
thrown [s\open\src\hotspot\share\prims\jni.cpp, line 539]
Event: 1.052 Thread 0x0000018ff4664150 Exception <a 'java/lang/NoSuchMethodError'{0x0000000089cfd590}: 'java.lang.Object java.lang.invoke.DirectMethodHandle$Holder.newInvokeSpecial(java.lang.Object, java.lang.Object, int, int)'> (0x0000000089cfd590) 
thrown [s\open\src\hotspot\share\interpreter\linkResolver.cpp, line 773]
Event: 1.053 Thread 0x0000018ff4664150 Exception <a 'java/lang/NoSuchMethodError'{0x0000000089b07ce8}: 'void java.lang.invoke.DirectMethodHandle$Holder.invokeStatic(java.lang.Object, java.lang.Object, int)'> (0x0000000089b07ce8) 
thrown [s\open\src\hotspot\share\interpreter\linkResolver.cpp, line 773]
Event: 1.064 Thread 0x0000018ff4664150 Exception <a 'java/lang/NoSuchMethodError'{0x0000000089b81ff0}: 'java.lang.Object java.lang.invoke.DirectMethodHandle$Holder.newInvokeSpecial(java.lang.Object, java.lang.Object, java.lang.Object, java.lang.Object, java.lang.Object)'> (0x0000000089b81ff0) 
thrown [s\open\src\hotspot\share\interpreter\linkResolver.cpp, line 773]
Event: 1.099 Thread 0x0000018fd937cc20 Exception <a 'java/lang/NoSuchMethodError'{0x0000000089ad7020}: 'java.lang.Object java.lang.invoke.DirectMethodHandle$Holder.invokeSpecial(java.lang.Object, java.lang.Object, java.lang.Object, java.lang.Object, int)'> (0x0000000089ad7020) 
thrown [s\open\src\hotspot\share\interpreter\linkResolver.cpp, line 773]
Event: 1.100 Thread 0x0000018fd937cc20 Exception <a 'java/lang/NoSuchMethodError'{0x0000000089adabc0}: 'java.lang.Object java.lang.invoke.Invokers$Holder.linkToTargetMethod(java.lang.Object, java.lang.Object, int, java.lang.Object)'> (0x0000000089adabc0) 
thrown [s\open\src\hotspot\share\interpreter\linkResolver.cpp, line 773]
Event: 1.104 Thread 0x0000018fd937cc20 Exception <a 'java/lang/NoSuchMethodError'{0x0000000089af24c8}: 'void java.lang.invoke.DirectMethodHandle$Holder.invokeSpecial(java.lang.Object, java.lang.Object, java.lang.Object)'> (0x0000000089af24c8) 
thrown [s\open\src\hotspot\share\interpreter\linkResolver.cpp, line 773]
Event: 1.112 Thread 0x0000018fd937cc20 Exception <a 'java/lang/NoSuchMethodError'{0x000000008991e828}: 'void java.lang.invoke.DirectMethodHandle$Holder.invokeSpecial(java.lang.Object, java.lang.Object, java.lang.Object, java.lang.Object, java.lang.Object)'> (0x000000008991e828) 
thrown [s\open\src\hotspot\share\interpreter\linkResolver.cpp, line 773]
Event: 2.894 Thread 0x0000018fd937a4c0 Exception <a 'java/lang/NoSuchMethodError'{0x00000000898122c0}: 'void java.lang.invoke.DirectMethodHandle$Holder.invokeSpecial(java.lang.Object, java.lang.Object, java.lang.Object, java.lang.Object, java.lang.Object, java.lang.Object, java.lang.Object)'> (0x00000000898122c0) 
thrown [s\open\src\hotspot\share\interpreter\linkResolver.cpp, line 773]
Event: 2.910 Thread 0x0000018ff4664150 Exception <a 'java/lang/NoSuchMethodError'{0x0000000089bf8b30}: 'java.lang.Object java.lang.invoke.DirectMethodHandle$Holder.invokeSpecialIFC(java.lang.Object, java.lang.Object, java.lang.Object)'> (0x0000000089bf8b30) 
thrown [s\open\src\hotspot\share\interpreter\linkResolver.cpp, line 773]
Event: 3.177 Thread 0x0000018ff4664150 Exception <a 'java/lang/ClassNotFoundException'{0x00000000895fd680}: sun/util/logging/resources/spi/loggingProvider> (0x00000000895fd680) 
thrown [s\open\src\hotspot\share\classfile\systemDictionary.cpp, line 312]

ZGC Phase Switch (0 events):
No events

VM Operations (20 events):
Event: 0.728 Executing VM operation: HandshakeAllThreads (Deoptimize)
Event: 0.728 Executing VM operation: HandshakeAllThreads (Deoptimize) done
Event: 0.981 Executing VM operation: ICBufferFull
Event: 0.982 Executing VM operation: ICBufferFull done
Event: 0.989 Executing VM operation: HandshakeAllThreads (Deoptimize)
Event: 0.989 Executing VM operation: HandshakeAllThreads (Deoptimize) done
Event: 0.993 Executing VM operation: G1CollectForAllocation (G1 Evacuation Pause)
Event: 1.002 Executing VM operation: G1CollectForAllocation (G1 Evacuation Pause) done
Event: 1.034 Executing VM operation: HandshakeAllThreads (Deoptimize)
Event: 1.034 Executing VM operation: HandshakeAllThreads (Deoptimize) done
Event: 2.044 Executing VM operation: Cleanup
Event: 2.044 Executing VM operation: Cleanup done
Event: 2.877 Executing VM operation: HandshakeAllThreads (Deoptimize)
Event: 2.877 Executing VM operation: HandshakeAllThreads (Deoptimize) done
Event: 2.879 Executing VM operation: HandshakeAllThreads (Deoptimize)
Event: 2.879 Executing VM operation: HandshakeAllThreads (Deoptimize) done
Event: 3.171 Executing VM operation: HandshakeAllThreads (Deoptimize)
Event: 3.171 Executing VM operation: HandshakeAllThreads (Deoptimize) done
Event: 3.171 Executing VM operation: Cleanup
Event: 3.171 Executing VM operation: Cleanup done

Events (20 events):
Event: 0.607 Thread 0x0000018f93545820 Thread exited: 0x0000018f93545820
Event: 0.613 Thread 0x0000018f938e7920 Thread exited: 0x0000018f938e7920
Event: 0.668 Thread 0x0000018f93955fd0 Thread added: 0x0000018f93955fd0
Event: 0.963 Thread 0x0000018f93e3e8c0 Thread added: 0x0000018f93e3e8c0
Event: 0.988 Thread 0x0000018f93e4b2c0 Thread added: 0x0000018f93e4b2c0
Event: 0.989 Thread 0x0000018f93e53950 Thread added: 0x0000018f93e53950
Event: 0.990 Thread 0x0000018f93e53fc0 Thread added: 0x0000018f93e53fc0
Event: 0.993 Thread 0x0000018f93e59230 Thread added: 0x0000018f93e59230
Event: 1.034 Thread 0x0000018fd937c590 Thread added: 0x0000018fd937c590
Event: 1.072 Thread 0x0000018fd937cc20 Thread added: 0x0000018fd937cc20
Event: 1.075 Thread 0x0000018fd937b870 Thread added: 0x0000018fd937b870
Event: 1.120 Thread 0x0000018fd937a4c0 Thread added: 0x0000018fd937a4c0
Event: 1.121 Thread 0x0000018fd937ab50 Thread added: 0x0000018fd937ab50
Event: 1.121 Thread 0x0000018fd93797a0 Thread added: 0x0000018fd93797a0
Event: 3.005 Thread 0x0000018fd9379e30 Thread added: 0x0000018fd9379e30
Event: 3.006 Thread 0x0000018fd937bf00 Thread added: 0x0000018fd937bf00
Event: 3.008 Thread 0x0000018fd937b1e0 Thread added: 0x0000018fd937b1e0
Event: 3.008 Thread 0x0000018fd9520980 Thread added: 0x0000018fd9520980
Event: 3.008 Thread 0x0000018fd951e8b0 Thread added: 0x0000018fd951e8b0
Event: 3.011 Thread 0x0000018fd9483040 Thread added: 0x0000018fd9483040


Dynamic libraries:
0x00007ff648590000 - 0x00007ff6485a0000 	C:\Program Files\Java\jdk-21\bin\javaw.exe
0x00007ffc7fc70000 - 0x00007ffc7fe87000 	C:\WINDOWS\SYSTEM32\ntdll.dll
0x00007ffc7e960000 - 0x00007ffc7ea24000 	C:\WINDOWS\System32\KERNEL32.DLL
0x00007ffc7d090000 - 0x00007ffc7d462000 	C:\WINDOWS\System32\KERNELBASE.dll
0x00007ffc7ce40000 - 0x00007ffc7cf51000 	C:\WINDOWS\System32\ucrtbase.dll
0x00007ffc74870000 - 0x00007ffc74889000 	C:\Program Files\Java\jdk-21\bin\jli.dll
0x00007ffc72cf0000 - 0x00007ffc72d0b000 	C:\Program Files\Java\jdk-21\bin\VCRUNTIME140.dll
0x00007ffc7fac0000 - 0x00007ffc7fb71000 	C:\WINDOWS\System32\ADVAPI32.dll
0x00007ffc7fb80000 - 0x00007ffc7fc27000 	C:\WINDOWS\System32\msvcrt.dll
0x00007ffc7f860000 - 0x00007ffc7f908000 	C:\WINDOWS\System32\sechost.dll
0x00007ffc7cde0000 - 0x00007ffc7ce08000 	C:\WINDOWS\System32\bcrypt.dll
0x00007ffc7eda0000 - 0x00007ffc7eeb4000 	C:\WINDOWS\System32\RPCRT4.dll
0x00007ffc7e720000 - 0x00007ffc7e8d1000 	C:\WINDOWS\System32\USER32.dll
0x00007ffc651d0000 - 0x00007ffc6546b000 	C:\WINDOWS\WinSxS\amd64_microsoft.windows.common-controls_6595b64144ccf1df_6.0.22621.5547_none_27104afb73855772\COMCTL32.dll
0x00007ffc7ce10000 - 0x00007ffc7ce36000 	C:\WINDOWS\System32\win32u.dll
0x00007ffc7ea30000 - 0x00007ffc7ea59000 	C:\WINDOWS\System32\GDI32.dll
0x00007ffc7cf60000 - 0x00007ffc7d083000 	C:\WINDOWS\System32\gdi32full.dll
0x00007ffc7d860000 - 0x00007ffc7d8fa000 	C:\WINDOWS\System32\msvcp_win.dll
0x00007ffc76c60000 - 0x00007ffc76c6a000 	C:\WINDOWS\SYSTEM32\VERSION.dll
0x00007ffc7db50000 - 0x00007ffc7db81000 	C:\WINDOWS\System32\IMM32.DLL
0x00007ffc78f10000 - 0x00007ffc78f1c000 	C:\Program Files\Java\jdk-21\bin\vcruntime140_1.dll
0x00007ffc5d710000 - 0x00007ffc5d79e000 	C:\Program Files\Java\jdk-21\bin\msvcp140.dll
0x00007ffc449e0000 - 0x00007ffc456f3000 	C:\Program Files\Java\jdk-21\bin\server\jvm.dll
0x00007ffc7ebc0000 - 0x00007ffc7ec31000 	C:\WINDOWS\System32\WS2_32.dll
0x00007ffc7c5d0000 - 0x00007ffc7c61d000 	C:\WINDOWS\SYSTEM32\POWRPROF.dll
0x00007ffc74dd0000 - 0x00007ffc74e04000 	C:\WINDOWS\SYSTEM32\WINMM.dll
0x00007ffc7c5b0000 - 0x00007ffc7c5c3000 	C:\WINDOWS\SYSTEM32\UMPDC.dll
0x00007ffc7bd90000 - 0x00007ffc7bda8000 	C:\WINDOWS\SYSTEM32\kernel.appcore.dll
0x00007ffc78060000 - 0x00007ffc7806a000 	C:\Program Files\Java\jdk-21\bin\jimage.dll
0x00007ffc7a2d0000 - 0x00007ffc7a503000 	C:\WINDOWS\SYSTEM32\DBGHELP.DLL
0x00007ffc7e1b0000 - 0x00007ffc7e543000 	C:\WINDOWS\System32\combase.dll
0x00007ffc7eec0000 - 0x00007ffc7ef97000 	C:\WINDOWS\System32\OLEAUT32.dll
0x00007ffc712f0000 - 0x00007ffc71322000 	C:\WINDOWS\SYSTEM32\dbgcore.DLL
0x00007ffc7d470000 - 0x00007ffc7d4eb000 	C:\WINDOWS\System32\bcryptPrimitives.dll
0x00007ffc6ad60000 - 0x00007ffc6ad7f000 	C:\Program Files\Java\jdk-21\bin\java.dll
0x00007ffc7efa0000 - 0x00007ffc7f842000 	C:\WINDOWS\System32\SHELL32.dll
0x00007ffc7d4f0000 - 0x00007ffc7d62f000 	C:\WINDOWS\System32\wintypes.dll
0x00007ffc7ac90000 - 0x00007ffc7b5ad000 	C:\WINDOWS\SYSTEM32\windows.storage.dll
0x00007ffc7eab0000 - 0x00007ffc7ebbc000 	C:\WINDOWS\System32\SHCORE.dll
0x00007ffc7d910000 - 0x00007ffc7d979000 	C:\WINDOWS\System32\shlwapi.dll
0x00007ffc7cc90000 - 0x00007ffc7ccbb000 	C:\WINDOWS\SYSTEM32\profapi.dll
0x00007ffc5d630000 - 0x00007ffc5d707000 	C:\Program Files\Java\jdk-21\bin\jsvml.dll
0x00007ffc77ef0000 - 0x00007ffc77f00000 	C:\Program Files\Java\jdk-21\bin\net.dll
0x00007ffc73740000 - 0x00007ffc7386c000 	C:\WINDOWS\SYSTEM32\WINHTTP.dll
0x00007ffc7c210000 - 0x00007ffc7c279000 	C:\WINDOWS\system32\mswsock.dll
0x00007ffc6ad10000 - 0x00007ffc6ad26000 	C:\Program Files\Java\jdk-21\bin\nio.dll
0x00007ffc6a670000 - 0x00007ffc6a688000 	C:\Program Files\Java\jdk-21\bin\zip.dll
0x00007ffc77770000 - 0x00007ffc77779000 	C:\Program Files\Java\jdk-21\bin\extnet.dll
0x00007ffc7b830000 - 0x00007ffc7b928000 	C:\WINDOWS\SYSTEM32\DNSAPI.dll
0x00007ffc7b800000 - 0x00007ffc7b82d000 	C:\WINDOWS\SYSTEM32\IPHLPAPI.DLL
0x00007ffc7d900000 - 0x00007ffc7d909000 	C:\WINDOWS\System32\NSI.dll
0x00007ffc74ee0000 - 0x00007ffc74eea000 	C:\Windows\System32\rasadhlp.dll
0x00007ffc731e0000 - 0x00007ffc73264000 	C:\WINDOWS\System32\fwpuclnt.dll
0x00007ffc79130000 - 0x00007ffc7913a000 	C:\Program Files\Java\jdk-21\bin\management.dll
0x00007ffc77360000 - 0x00007ffc7736b000 	C:\Program Files\Java\jdk-21\bin\management_ext.dll
0x00007ffc7fab0000 - 0x00007ffc7fab8000 	C:\WINDOWS\System32\PSAPI.DLL
0x00007ffc77800000 - 0x00007ffc7780e000 	C:\Program Files\Java\jdk-21\bin\sunmscapi.dll
0x00007ffc7d630000 - 0x00007ffc7d797000 	C:\WINDOWS\System32\CRYPT32.dll
0x00007ffc7c710000 - 0x00007ffc7c73d000 	C:\WINDOWS\SYSTEM32\ncrypt.dll
0x00007ffc7c6d0000 - 0x00007ffc7c707000 	C:\WINDOWS\SYSTEM32\NTASN1.dll
0x00007ffc7c470000 - 0x00007ffc7c48b000 	C:\WINDOWS\SYSTEM32\CRYPTSP.dll
0x00007ffc7bcf0000 - 0x00007ffc7bd27000 	C:\WINDOWS\system32\rsaenh.dll
0x00007ffc7c300000 - 0x00007ffc7c328000 	C:\WINDOWS\SYSTEM32\USERENV.dll
0x00007ffc7c460000 - 0x00007ffc7c46c000 	C:\WINDOWS\SYSTEM32\CRYPTBASE.dll
0x00007ffc762b0000 - 0x00007ffc762b8000 	C:\WINDOWS\system32\wshunix.dll

dbghelp: loaded successfully - version: 4.0.5 - missing functions: none
symbol engine: initialized successfully - sym options: 0x614 - pdb path: .;C:\Program Files\Java\jdk-21\bin;C:\WINDOWS\SYSTEM32;C:\WINDOWS\WinSxS\amd64_microsoft.windows.common-controls_6595b64144ccf1df_6.0.22621.5547_none_27104afb73855772;C:\Program Files\Java\jdk-21\bin\server

VM Arguments:
jvm_args: -Dfile.encoding=UTF-8 -Dstdout.encoding=UTF-8 -Dstderr.encoding=UTF-8 -XX:+ShowCodeDetailsInExceptionMessages 
java_command: WebElemant.Getter_Method.Get_Tag_Method
java_class_path (initial): C:\Users\shend\eclipse-workspace\BASIC-Selenium\target\test-classes;C:\Users\shend\eclipse-workspace\BASIC-Selenium\target\classes;C:\Users\shend\.p2\pool\plugins\org.testng_7.11.0.r202503091654.jar;C:\Users\shend\.p2\pool\plugins\com.beust.jcommander_1.83.0.jar;C:\Users\shend\.p2\pool\plugins\slf4j.api_2.0.16.jar;C:\Users\shend\.p2\pool\plugins\org.yaml.snakeyaml_2.2.0.jar;C:\Users\shend\.p2\pool\plugins\org.webjars.jquery_3.7.1.jar;C:\Users\shend\.m2\repository\org\seleniumhq\selenium\selenium-java\4.32.0\selenium-java-4.32.0.jar;C:\Users\shend\.m2\repository\org\seleniumhq\selenium\selenium-api\4.32.0\selenium-api-4.32.0.jar;C:\Users\shend\.m2\repository\org\jspecify\jspecify\1.0.0\jspecify-1.0.0.jar;C:\Users\shend\.m2\repository\org\seleniumhq\selenium\selenium-chrome-driver\4.32.0\selenium-chrome-driver-4.32.0.jar;C:\Users\shend\.m2\repository\com\google\auto\service\auto-service-annotations\1.1.1\auto-service-annotations-1.1.1.jar;C:\Users\shend\.m2\repository\org\seleniumhq\selenium\selenium-chromium-driver\4.32.0\selenium-chromium-driver-4.32.0.jar;C:\Users\shend\.m2\repository\org\seleniumhq\selenium\selenium-json\4.32.0\selenium-json-4.32.0.jar;C:\Users\shend\.m2\repository\org\seleniumhq\selenium\selenium-manager\4.32.0\selenium-manager-4.32.0.jar;C:\Users\shend\.m2\repository\org\seleniumhq\selenium\selenium-devtools-v134\4.32.0\selenium-devtools-v134-4.32.0.jar;C:\Users\shend\.m2\repository\org\seleniumhq\selenium\selenium-devtools-v135\4.32.0\selenium-devtools-v135-4.32.0.jar;C:\Users\shend\.m2\repository\org\seleniumhq\selenium\selenium-devtools-v136\4.32.0\selenium-devtools-v136-4.32.0.jar;C:\Users\shend\.m2\repository\org\seleniumhq\selenium\selenium-edge-driver\4.32.0\selenium-edge-driver-4.32.0.jar;C:\Users\shend\.m2\repository\org\seleniumhq\selenium\selenium-firefox-driver\4.32.0\selenium-firefox-driver-4.32.0.jar;C:\Users\shend\.m2\repository\org\seleniumhq\selenium\selenium-http\4.32.0\selenium-http-4.32.0.jar;C:\Users\shend\.m2\repository\org\seleniumhq\selenium\selenium-ie-driver\4.32.0\selenium-ie-driver-4.32.0.jar;C:\Users\shend\.m2\repository\org\seleniumhq\selenium\selenium-remote-driver\4.32.0\selenium-remote-driver-4.32.0.jar;C:\Users\shend\.m2\repository\com\google\guava\guava\33.4.8-jre\guava-33.4.8-jre.jar;C:\Users\shend\.m2\repository\com\google\guava\failureaccess\1.0.3\failureaccess-1.0.3.jar;C:\Users\shend\.m2\repository\com\google\guava\listenablefuture\9999.0-empty-to-avoid-conflict-with-guava\listenablefuture-9999.0-empty-to-avoid-conflict-with-guava.jar;C:\Users\shend\.m2\repository\com\google\j2objc\j2objc-annotations\3.0.0\j2objc-annotations-3.0.0.jar;C:\Users\shend\.m2\repository\io\opentelemetry\opentelemetry-api\1.49.0\opentelemetry-api-1.49.0.jar;C:\Users\shend\.m2\repository\io\opentelemetry\opentelemetry-context\1.49.0\opentelemetry-context-1.49.0.jar;C:\Users\shend\.m2\repository\io\opentelemetry\opentelemetry-exporter-logging\1.49.0\opentelemetry-exporter-logging-1.49.0.jar;C:\Users\shend\.m2\repository\io\opentelemetry\opentelemetry-sdk-common\1.49.0\opentelemetry-sdk-common-1.49.0.jar;C:\Users\shend\.m2\repository\io\opentelemetry\opentelemetry-sdk-extension-autoconfigure-spi\1.49.0\opentelemetry-sdk-extension-autoconfigure-spi-1.49.0.jar;C:\Users\shend\.m2\repository\io\opentelemetry\opentelemetry-sdk-extension-autoconfigure\1.49.0\opentelemetry-sdk-extension-autoconfigure-1.49.0.jar;C:\Users\shend\.m2\repository\io\opentelemetry\opentelemetry-sdk-trace\1.49.0\opentelemetry-sdk-trace-1.49.0.jar;C:\Users\shend\.m2\repository\io\opentelemetry\opentelemetry-sdk\1.49.0\opentelemetry-sdk-1.49.0.jar;C:\Users\shend\.m2\repository\io\opentelemetry\opentelemetry-sdk-metrics\1.49.0\opentelemetry-sdk-metrics-1.49.0.jar;C:\Users\shend\.m2\repository\io\opentelemetry\opentelemetry-sdk-logs\1.49.0\opentelemetry-sdk-logs-1.49.0.jar;C:\Users\shend\.m2\repository\net\bytebuddy\byte-buddy\1.17.5\byte-buddy-1.17.5.jar;C:\Users\shend\.m2\repository\org\seleniumhq\selenium\selenium-os\4.32.0\selenium-os-4.32.0.jar;C:\Users\shend\.m2\repository\org\apache\commons\commons-exec\1.4.0\commons-exec-1.4.0.jar;C:\Users\shend\.m2\repository\org\seleniumhq\selenium\selenium-safari-driver\4.32.0\selenium-safari-driver-4.32.0.jar;C:\Users\shend\.m2\repository\org\seleniumhq\selenium\selenium-support\4.32.0\selenium-support-4.32.0.jar;C:\Users\shend\.m2\repository\org\apache\poi\poi\4.1.2\poi-4.1.2.jar;C:\Users\shend\.m2\repository\commons-codec\commons-codec\1.13\commons-codec-1.13.jar;C:\Users\shend\.m2\repository\org\apache\commons\commons-collections4\4.4\commons-collections4-4.4.jar;C:\Users\shend\.m2\repository\org\apache\commons\commons-math3\3.6.1\commons-math3-3.6.1.jar;C:\Users\shend\.m2\repository\com\zaxxer\SparseBitSet\1.2\SparseBitSet-1.2.jar;C:\Users\shend\.m2\repository\org\apache\poi\poi-ooxml\4.1.2\poi-ooxml-4.1.2.jar;C:\Users\shend\.m2\repository\org\apache\poi\poi-ooxml-schemas\4.1.2\poi-ooxml-schemas-4.1.2.jar;C:\Users\shend\.m2\repository\org\apache\xmlbeans\xmlbeans\3.1.0\xmlbeans-3.1.0.jar;C:\Users\shend\.m2\repository\org\apache\commons\commons-compress\1.19\commons-compress-1.19.jar;C:\Users\shend\.m2\repository\com\github\virtuald\curvesapi\1.06\curvesapi-1.06.jar;C:\Users\shend\.m2\repository\io\github\bonigarcia\webdrivermanager\5.9.2\webdrivermanager-5.9.2.jar;C:\Users\shend\.m2\repository\org\slf4j\slf4j-api\2.0.13\slf4j-api-2.0.13.jar;C:\Users\shend\.m2\repository\com\google\code\gson\gson\2.11.0\gson-2.11.0.jar;C:\Users\shend\.m2\repository\com\google\errorprone\error_prone_annotations\2.27.0\error_prone_annotations-2.27.0.jar;C:\Users\shend\.m2\repository\com\github\docker-java\docker-java\3.4.0\docker-java-3.4.0.jar;C:\Users\shend\.m2\repository\com\github\docker-java\docker-java-core\3.4.0\docker-java-core-3.4.0.jar;C:\Users\shend\.m2\repository\com\github\docker-java\docker-java-api\3.4.0\docker-java-api-3.4.0.jar;C:\Users\shend\.m2\repository\com\fasterxml\jackson\core\jackson-annotations\2.10.3\jackson-annotations-2.10.3.jar;C:\Users\shend\.m2\repository\commons-io\commons-io\2.13.0\commons-io-2.13.0.jar;C:\Users\shend\.m2\repository\com\fasterxml\jackson\core\jackson-databind\2.10.3\jackson-databind-2.10.3.jar;C:\Users\shend\.m2\repository\com\fasterxml\jackson\core\jackson-core\2.10.3\jackson-core-2.10.3.jar;C:\Users\shend\.m2\repository\org\slf4j\jcl-over-slf4j\1.7.30\jcl-over-slf4j-1.7.30.jar;C:\Users\shend\.m2\repository\com\github\docker-java\docker-java-transport-httpclient5\3.4.0\docker-java-transport-httpclient5-3.4.0.jar;C:\Users\shend\.m2\repository\com\github\docker-java\docker-java-transport\3.4.0\docker-java-transport-3.4.0.jar;C:\Users\shend\.m2\repository\net\java\dev\jna\jna\5.13.0\jna-5.13.0.jar;C:\Users\shend\.m2\repository\org\brotli\dec\0.1.2\dec-0.1.2.jar;C:\Users\shend\.m2\repository\org\apache\commons\commons-lang3\3.15.0\commons-lang3-3.15.0.jar;C:\Users\shend\.m2\repository\org\apache\httpcomponents\client5\httpclient5\5.2.1\httpclient5-5.2.1.jar;C:\Users\shend\.m2\repository\org\apache\httpcomponents\core5\httpcore5\5.2\httpcore5-5.2.jar;C:\Users\shend\.m2\repository\org\apache\httpcomponents\core5\httpcore5-h2\5.2\httpcore5-h2-5.2.jar;C:\Users\shend\.m2\repository\org\testng\testng\7.10.2\testng-7.10.2.jar;C:\Users\shend\.m2\repository\com\beust\jcommander\1.82\jcommander-1.82.jar;C:\Users\shend\.m2\repository\org\webjars\jquery\3.7.1\jquery-3.7.1.jar;C:\Users\shend\eclipse-workspace\ SeleniumProject\target\classes
Launcher Type: SUN_STANDARD

[Global flags]
     intx CICompilerCount                          = 4                                         {product} {ergonomic}
     uint ConcGCThreads                            = 2                                         {product} {ergonomic}
     uint G1ConcRefinementThreads                  = 8                                         {product} {ergonomic}
   size_t G1HeapRegionSize                         = 1048576                                   {product} {ergonomic}
    uintx GCDrainStackTargetSize                   = 64                                        {product} {ergonomic}
   size_t InitialHeapSize                          = 132120576                                 {product} {ergonomic}
   size_t MarkStackSize                            = 4194304                                   {product} {ergonomic}
   size_t MaxHeapSize                              = 2113929216                                {product} {ergonomic}
   size_t MaxNewSize                               = 1267728384                                {product} {ergonomic}
   size_t MinHeapDeltaBytes                        = 1048576                                   {product} {ergonomic}
   size_t MinHeapSize                              = 8388608                                   {product} {ergonomic}
    uintx NonNMethodCodeHeapSize                   = 5839372                                {pd product} {ergonomic}
    uintx NonProfiledCodeHeapSize                  = 122909434                              {pd product} {ergonomic}
    uintx ProfiledCodeHeapSize                     = 122909434                              {pd product} {ergonomic}
    uintx ReservedCodeCacheSize                    = 251658240                              {pd product} {ergonomic}
     bool SegmentedCodeCache                       = true                                      {product} {ergonomic}
     bool ShowCodeDetailsInExceptionMessages       = true                                   {manageable} {command line}
   size_t SoftMaxHeapSize                          = 2113929216                             {manageable} {ergonomic}
     bool UseCompressedOops                        = true                           {product lp64_product} {ergonomic}
     bool UseG1GC                                  = true                                      {product} {ergonomic}
     bool UseLargePagesIndividualAllocation        = false                                  {pd product} {ergonomic}

Logging:
Log output configuration:
 #0: stdout all=warning uptime,level,tags foldmultilines=false
 #1: stderr all=off uptime,level,tags foldmultilines=false

Environment Variables:
JAVA_HOME=C:\Program Files\Java\jdk-21
PATH=C:\app\shend\product\21c\dbhomeXE\bin;F:\oracle\product\10.2.0\db_2\bin;F:\oracle\product\10.2.0\db_7\bin;C:\Program Files (x86)\VMware\VMware Workstation\bin\;F:\oracle\product\10.2.0\db_6\bin;F:\oracle\product\10.2.0\db_1\bin;C:\Program Files\Common Files\Oracle\Java\javapath;C:\Program Files\Java\jdk-21\bin;F:\oracle\product\10.2.0\db_1\BIN;C:\Users\shend\anaconda3;C:\Users\shend\anaconda3\Library\mingw-w64\bin;C:\Users\shend\anaconda3\Library\usr\bin;C:\Users\shend\anaconda3\Library\bin;C:\Users\shend\anaconda3\Scripts;C:\Users\shend\AppData\Local\Programs\Python\Python312\Scripts\;C:\Users\shend\AppData\Local\Programs\Python\Python312\;C:\Users\shend\AppData\Local\Programs\Python\Launcher\;C:\Users\shend\AppData\Local\Microsoft\WindowsApps;C:\Users\shend\AppData\Local\Programs\Microsoft VS Code\bin
USERNAME=shend
OS=Windows_NT
PROCESSOR_IDENTIFIER=Intel64 Family 6 Model 158 Stepping 10, GenuineIntel
TMP=C:\Users\shend\AppData\Local\Temp
TEMP=C:\Users\shend\AppData\Local\Temp




Periodic native trim disabled

---------------  S Y S T E M  ---------------

OS:
 Windows 11 , 64 bit Build 22621 (10.0.22621.5415)
OS uptime: 27 days 22:55 hours

CPU: total 8 (initial active 8) (4 cores per cpu, 2 threads per core) family 6 model 158 stepping 10 microcode 0xec, cx8, cmov, fxsr, ht, mmx, 3dnowpref, sse, sse2, sse3, ssse3, sse4.1, sse4.2, popcnt, lzcnt, tsc, tscinvbit, avx, avx2, aes, erms, clmul, bmi1, bmi2, adx, fma, vzeroupper, clflush, clflushopt, rdtscp, f16c
Processor Information for all 8 processors :
  Max Mhz: 2400, Current Mhz: 2400, Mhz Limit: 2400

Memory: 4k page, system-wide physical 8063M (648M free)
TotalPageFile size 12142M (AvailPageFile size 29M)
current process WorkingSet (physical memory assigned to process): 108M, peak: 111M
current process commit charge ("private bytes"): 244M, peak: 246M

vm_info: Java HotSpot(TM) 64-Bit Server VM (21.0.4+8-LTS-274) for windows-amd64 JRE (21.0.4+8-LTS-274), built on 2024-06-05T05:23:33Z by "mach5one" with MS VC++ 17.6 (VS2022)

END.
