#
# There is insufficient memory for the Java Runtime Environment to continue.
# Native memory allocation (malloc) failed to allocate 32744 bytes for Chunk::new
# Possible reasons:
#   The system is out of physical RAM or swap space
#   The process is running with CompressedOops enabled, and the Java Heap may be blocking the growth of the native heap
# Possible solutions:
#   Reduce memory load on the system
#   Increase physical memory or swap space
#   Check if swap backing store is full
#   Decrease Java heap size (-Xmx/-Xms)
#   Decrease number of Java threads
#   Decrease Java thread stack sizes (-Xss)
#   Set larger code cache with -XX:ReservedCodeCacheSize=
#   JVM is running with Unscaled Compressed Oops mode in which the Java heap is
#     placed in the first 4GB address space. The Java Heap base address is the
#     maximum limit for the native heap growth. Please use -XX:HeapBaseMinAddress
#     to set the Java Heap base and to place the Java Heap above 4GB virtual address.
# This output file may be truncated or incomplete.
#
#  Out of Memory Error (arena.cpp:168), pid=17972, tid=11776
#
# JRE version: Java(TM) SE Runtime Environment (21.0.4+8) (build 21.0.4+8-LTS-274)
# Java VM: Java HotSpot(TM) 64-Bit Server VM (21.0.4+8-LTS-274, mixed mode, sharing, tiered, compressed oops, compressed class ptrs, g1 gc, windows-amd64)
# No core dump will be written. Minidumps are not enabled by default on client versions of Windows
#

---------------  S U M M A R Y ------------

Command Line: -XX:+ShowCodeDetailsInExceptionMessages -agentlib:jdwp=transport=dt_socket,suspend=y,address=localhost:50556 -javaagent:C:\Users\shend\eclipse\java-2024-09\eclipse\configuration\org.eclipse.osgi\251\0\.cp\lib\javaagent-shaded.jar -Dfile.encoding=UTF-8 -Dstdout.encoding=UTF-8 -Dstderr.encoding=UTF-8 WebElement_Verification_Method.Is_Selected

Host: Intel(R) Core(TM) i5-9300H CPU @ 2.40GHz, 8 cores, 7G,  Windows 11 , 64 bit Build 22621 (10.0.22621.5415)
Time: Sat Oct 11 14:36:15 2025 India Standard Time elapsed time: 8.902907 seconds (0d 0h 0m 8s)

---------------  T H R E A D  ---------------

Current thread (0x000001d56d495610):  JavaThread "C2 CompilerThread0" daemon [_thread_in_native, id=11776, stack(0x0000003bee900000,0x0000003beea00000) (1024K)]


Current CompileTask:
C2:   8902 1790       4       java.lang.invoke.MethodType::makeImpl (109 bytes)

Stack: [0x0000003bee900000,0x0000003beea00000]
Native frames: (J=compiled Java code, j=interpreted, Vv=VM code, C=native code)
V  [jvm.dll+0x6c8e59]
V  [jvm.dll+0x853181]
V  [jvm.dll+0x8556ae]
V  [jvm.dll+0x855d83]
V  [jvm.dll+0x27d526]
V  [jvm.dll+0xc4aad]
V  [jvm.dll+0xc4fe3]
V  [jvm.dll+0x3b963d]
V  [jvm.dll+0x3b8e61]
V  [jvm.dll+0x3b8ea4]
V  [jvm.dll+0x1e1dce]
V  [jvm.dll+0x3b41cb]
V  [jvm.dll+0x3b32d5]
V  [jvm.dll+0x1df46e]
V  [jvm.dll+0x2463d2]
V  [jvm.dll+0x24585f]
V  [jvm.dll+0x1c69de]
V  [jvm.dll+0x254d49]
V  [jvm.dll+0x2532da]
V  [jvm.dll+0x3ed426]
V  [jvm.dll+0x7fd65b]
V  [jvm.dll+0x6c753d]
C  [ucrtbase.dll+0x29333]
C  [KERNEL32.DLL+0x1259d]
C  [ntdll.dll+0x5af78]


---------------  P R O C E S S  ---------------

Threads class SMR info:
_java_thread_list=0x000001d572a5c2a0, length=31, elements={
0x000001d550b5f970, 0x000001d56d4869d0, 0x000001d56d4878f0, 0x000001d56d48cc00,
0x000001d56d48fc00, 0x000001d56d490e00, 0x000001d56d492130, 0x000001d56d495610,
0x000001d56d4c6f60, 0x000001d56d6f0c70, 0x000001d56d91fd40, 0x000001d56d84a950,
0x000001d56d84afd0, 0x000001d5721702a0, 0x000001d5728d9810, 0x000001d57295d510,
0x000001d572a4a4e0, 0x000001d572a317e0, 0x000001d572a31e50, 0x000001d572a34ce0,
0x000001d5729d5510, 0x000001d572a1b600, 0x000001d572a1d880, 0x000001d572a1c4d0,
0x000001d572a1cb60, 0x000001d572a1d1f0, 0x000001d573064aa0, 0x000001d573069960,
0x000001d573069ff0, 0x000001d5730685b0, 0x000001d5726cbcc0
}

Java Threads: ( => current thread )
  0x000001d550b5f970 JavaThread "main"                              [_thread_in_vm, id=14016, stack(0x0000003bedb00000,0x0000003bedc00000) (1024K)]
  0x000001d56d4869d0 JavaThread "Reference Handler"          daemon [_thread_blocked, id=10884, stack(0x0000003bee300000,0x0000003bee400000) (1024K)]
  0x000001d56d4878f0 JavaThread "Finalizer"                  daemon [_thread_blocked, id=16460, stack(0x0000003bee400000,0x0000003bee500000) (1024K)]
  0x000001d56d48cc00 JavaThread "Signal Dispatcher"          daemon [_thread_blocked, id=15536, stack(0x0000003bee500000,0x0000003bee600000) (1024K)]
  0x000001d56d48fc00 JavaThread "Attach Listener"            daemon [_thread_blocked, id=18036, stack(0x0000003bee600000,0x0000003bee700000) (1024K)]
  0x000001d56d490e00 JavaThread "Service Thread"             daemon [_thread_blocked, id=2072, stack(0x0000003bee700000,0x0000003bee800000) (1024K)]
  0x000001d56d492130 JavaThread "Monitor Deflation Thread"   daemon [_thread_blocked, id=21360, stack(0x0000003bee800000,0x0000003bee900000) (1024K)]
=>0x000001d56d495610 JavaThread "C2 CompilerThread0"         daemon [_thread_in_native, id=11776, stack(0x0000003bee900000,0x0000003beea00000) (1024K)]
  0x000001d56d4c6f60 JavaThread "C1 CompilerThread0"         daemon [_thread_blocked, id=18788, stack(0x0000003beea00000,0x0000003beeb00000) (1024K)]
  0x000001d56d6f0c70 JavaThread "Common-Cleaner"             daemon [_thread_blocked, id=12952, stack(0x0000003beeb00000,0x0000003beec00000) (1024K)]
  0x000001d56d91fd40 JavaThread "JDWP Transport Listener: dt_socket" daemon [_thread_blocked, id=16260, stack(0x0000003beec00000,0x0000003beed00000) (1024K)]
  0x000001d56d84a950 JavaThread "JDWP Event Helper Thread"   daemon [_thread_blocked, id=7712, stack(0x0000003beed00000,0x0000003beee00000) (1024K)]
  0x000001d56d84afd0 JavaThread "JDWP Command Reader"        daemon [_thread_in_native, id=17540, stack(0x0000003beee00000,0x0000003beef00000) (1024K)]
  0x000001d5721702a0 JavaThread "Notification Thread"        daemon [_thread_blocked, id=23332, stack(0x0000003bef000000,0x0000003bef100000) (1024K)]
  0x000001d5728d9810 JavaThread "ForkJoinPool.commonPool-worker-1" daemon [_thread_blocked, id=9008, stack(0x0000003beef00000,0x0000003bef000000) (1024K)]
  0x000001d57295d510 JavaThread "HttpClient-1-SelectorManager" daemon [_thread_in_native, id=8236, stack(0x0000003befa00000,0x0000003befb00000) (1024K)]
  0x000001d572a4a4e0 JavaThread "External Process Output Forwarder - C:\Users\shend\.cache\selenium\chromedriver\win64\141.0.7390.76\chromedriver.exe" daemon [_thread_in_native, id=22860, stack(0x0000003befb00000,0x0000003befc00000) (1024K)]
  0x000001d572a317e0 JavaThread "Driver Service Executor"    daemon [_thread_blocked, id=15628, stack(0x0000003befc00000,0x0000003befd00000) (1024K)]
  0x000001d572a31e50 JavaThread "Driver Service Executor"    daemon [_thread_in_native, id=20884, stack(0x0000003befd00000,0x0000003befe00000) (1024K)]
  0x000001d572a34ce0 JavaThread "UrlChecker-2"               daemon [_thread_blocked, id=14096, stack(0x0000003befe00000,0x0000003beff00000) (1024K)]
  0x000001d5729d5510 JavaThread "Keep-Alive-Timer"           daemon [_thread_blocked, id=19260, stack(0x0000003bf0000000,0x0000003bf0100000) (1024K)]
  0x000001d572a1b600 JavaThread "JdkHttpClient-0-0"          daemon [_thread_blocked, id=16320, stack(0x0000003bf0100000,0x0000003bf0200000) (1024K)]
  0x000001d572a1d880 JavaThread "CompletableFutureDelayScheduler" daemon [_thread_blocked, id=6928, stack(0x0000003bf0200000,0x0000003bf0300000) (1024K)]
  0x000001d572a1c4d0 JavaThread "JdkHttpClient-0-1"          daemon [_thread_blocked, id=22728, stack(0x0000003bf0300000,0x0000003bf0400000) (1024K)]
  0x000001d572a1cb60 JavaThread "JdkHttpClient-0-2"          daemon [_thread_blocked, id=19264, stack(0x0000003bf0400000,0x0000003bf0500000) (1024K)]
  0x000001d572a1d1f0 JavaThread "JdkHttpClient-0-3"          daemon [_thread_blocked, id=516, stack(0x0000003bf0500000,0x0000003bf0600000) (1024K)]
  0x000001d573064aa0 JavaThread "HttpClient-2-SelectorManager" daemon [_thread_in_native, id=22724, stack(0x0000003bef800000,0x0000003bef900000) (1024K)]
  0x000001d573069960 JavaThread "JdkHttpClient-1-0"          daemon [_thread_blocked, id=16904, stack(0x0000003bef900000,0x0000003befa00000) (1024K)]
  0x000001d573069ff0 JavaThread "JdkHttpClient-1-1"          daemon [_thread_blocked, id=21068, stack(0x0000003bf0600000,0x0000003bf0700000) (1024K)]
  0x000001d5730685b0 JavaThread "JdkHttpClient-1-2"          daemon [_thread_blocked, id=19500, stack(0x0000003bf0700000,0x0000003bf0800000) (1024K)]
  0x000001d5726cbcc0 JavaThread "C2 CompilerThread1"         daemon [_thread_in_native, id=11384, stack(0x0000003bf0800000,0x0000003bf0900000) (1024K)]
Total: 31

Other Threads:
  0x000001d56d46c370 VMThread "VM Thread"                           [id=6996, stack(0x0000003bee200000,0x0000003bee300000) (1024K)]
  0x000001d56d455940 WatcherThread "VM Periodic Task Thread"        [id=9976, stack(0x0000003bee100000,0x0000003bee200000) (1024K)]
  0x000001d550bb7ce0 WorkerThread "GC Thread#0"                     [id=21984, stack(0x0000003bedc00000,0x0000003bedd00000) (1024K)]
  0x000001d5724b2b20 WorkerThread "GC Thread#1"                     [id=2836, stack(0x0000003bef100000,0x0000003bef200000) (1024K)]
  0x000001d5724b2ec0 WorkerThread "GC Thread#2"                     [id=18500, stack(0x0000003bef200000,0x0000003bef300000) (1024K)]
  0x000001d57284ff50 WorkerThread "GC Thread#3"                     [id=13352, stack(0x0000003bef300000,0x0000003bef400000) (1024K)]
  0x000001d5728502f0 WorkerThread "GC Thread#4"                     [id=16400, stack(0x0000003bef400000,0x0000003bef500000) (1024K)]
  0x000001d572850690 WorkerThread "GC Thread#5"                     [id=12716, stack(0x0000003bef500000,0x0000003bef600000) (1024K)]
  0x000001d572851240 WorkerThread "GC Thread#6"                     [id=16560, stack(0x0000003bef600000,0x0000003bef700000) (1024K)]
  0x000001d5728515e0 WorkerThread "GC Thread#7"                     [id=23364, stack(0x0000003bef700000,0x0000003bef800000) (1024K)]
  0x000001d550bc88c0 ConcurrentGCThread "G1 Main Marker"            [id=4960, stack(0x0000003bedd00000,0x0000003bede00000) (1024K)]
  0x000001d550bcb530 WorkerThread "G1 Conc#0"                       [id=23312, stack(0x0000003bede00000,0x0000003bedf00000) (1024K)]
  0x000001d56d3261a0 ConcurrentGCThread "G1 Refine#0"               [id=10968, stack(0x0000003bedf00000,0x0000003bee000000) (1024K)]
  0x000001d56d326c20 ConcurrentGCThread "G1 Service"                [id=11560, stack(0x0000003bee000000,0x0000003bee100000) (1024K)]
Total: 14

Threads with active compile tasks:
C2 CompilerThread0    10218 1790       4       java.lang.invoke.MethodType::makeImpl (109 bytes)
C2 CompilerThread1    10218 1820       4       org.eclipse.jdt.launching.internal.org.objectweb.asm.SymbolTable::<init> (536 bytes)
Total: 2

VM state: not at safepoint (normal execution)

VM Mutex/Monitor currently owned by a thread: None

Heap address: 0x0000000082000000, size: 2016 MB, Compressed Oops mode: 32-bit

CDS archive(s) mapped at: [0x000001d500000000-0x000001d500c90000-0x000001d500c90000), size 13172736, SharedBaseAddress: 0x000001d500000000, ArchiveRelocationMode: 1.
Compressed class space mapped at: 0x000001d501000000-0x000001d541000000, reserved size: 1073741824
Narrow klass base: 0x000001d500000000, Narrow klass shift: 0, Narrow klass range: 0x100000000

GC Precious Log:
 CardTable entry size: 512
 Card Set container configuration: InlinePtr #cards 5 size 8 Array Of Cards #cards 12 size 40 Howl #buckets 4 coarsen threshold 1843 Howl Bitmap #cards 512 size 80 coarsen threshold 460 Card regions per heap region 1 cards per card region 2048
 CPUs: 8 total, 8 available
 Memory: 8063M
 Large Page Support: Disabled
 NUMA Support: Disabled
 Compressed Oops: Enabled (32-bit)
 Heap Region Size: 1M
 Heap Min Capacity: 8M
 Heap Initial Capacity: 126M
 Heap Max Capacity: 2016M
 Pre-touch: Disabled
 Parallel Workers: 8
 Concurrent Workers: 2
 Concurrent Refinement Workers: 8
 Periodic GC: Disabled

Heap:
 garbage-first heap   total 129024K, used 7957K [0x0000000082000000, 0x0000000100000000)
  region size 1024K, 4 young (4096K), 3 survivors (3072K)
 Metaspace       used 12519K, committed 12864K, reserved 1114112K
  class space    used 1444K, committed 1600K, reserved 1048576K

Heap Regions: E=young(eden), S=young(survivor), O=old, HS=humongous(starts), HC=humongous(continues), CS=collection set, F=free, TAMS=top-at-mark-start, PB=parsable bottom
|   0|0x0000000082000000, 0x0000000082100000, 0x0000000082100000|100%|HS|  |TAMS 0x0000000082000000| PB 0x0000000082000000| Complete 
|   1|0x0000000082100000, 0x0000000082200000, 0x0000000082200000|100%| O|  |TAMS 0x0000000082100000| PB 0x0000000082100000| Untracked 
|   2|0x0000000082200000, 0x0000000082300000, 0x0000000082300000|100%| O|  |TAMS 0x0000000082200000| PB 0x0000000082200000| Untracked 
|   3|0x0000000082300000, 0x0000000082400000, 0x0000000082400000|100%| O|  |TAMS 0x0000000082300000| PB 0x0000000082300000| Untracked 
|   4|0x0000000082400000, 0x0000000082500000, 0x0000000082500000|100%| O|  |TAMS 0x0000000082400000| PB 0x0000000082400000| Untracked 
|   5|0x0000000082500000, 0x000000008250daf0, 0x0000000082600000|  5%| O|  |TAMS 0x0000000082500000| PB 0x0000000082500000| Untracked 
|   6|0x0000000082600000, 0x0000000082600000, 0x0000000082700000|  0%| F|  |TAMS 0x0000000082600000| PB 0x0000000082600000| Untracked 
|   7|0x0000000082700000, 0x0000000082700000, 0x0000000082800000|  0%| F|  |TAMS 0x0000000082700000| PB 0x0000000082700000| Untracked 
|   8|0x0000000082800000, 0x0000000082800000, 0x0000000082900000|  0%| F|  |TAMS 0x0000000082800000| PB 0x0000000082800000| Untracked 
|   9|0x0000000082900000, 0x0000000082900000, 0x0000000082a00000|  0%| F|  |TAMS 0x0000000082900000| PB 0x0000000082900000| Untracked 
|  10|0x0000000082a00000, 0x0000000082a00000, 0x0000000082b00000|  0%| F|  |TAMS 0x0000000082a00000| PB 0x0000000082a00000| Untracked 
|  11|0x0000000082b00000, 0x0000000082b00000, 0x0000000082c00000|  0%| F|  |TAMS 0x0000000082b00000| PB 0x0000000082b00000| Untracked 
|  12|0x0000000082c00000, 0x0000000082c00000, 0x0000000082d00000|  0%| F|  |TAMS 0x0000000082c00000| PB 0x0000000082c00000| Untracked 
|  13|0x0000000082d00000, 0x0000000082d00000, 0x0000000082e00000|  0%| F|  |TAMS 0x0000000082d00000| PB 0x0000000082d00000| Untracked 
|  14|0x0000000082e00000, 0x0000000082e00000, 0x0000000082f00000|  0%| F|  |TAMS 0x0000000082e00000| PB 0x0000000082e00000| Untracked 
|  15|0x0000000082f00000, 0x0000000082f00000, 0x0000000083000000|  0%| F|  |TAMS 0x0000000082f00000| PB 0x0000000082f00000| Untracked 
|  16|0x0000000083000000, 0x0000000083000000, 0x0000000083100000|  0%| F|  |TAMS 0x0000000083000000| PB 0x0000000083000000| Untracked 
|  17|0x0000000083100000, 0x0000000083100000, 0x0000000083200000|  0%| F|  |TAMS 0x0000000083100000| PB 0x0000000083100000| Untracked 
|  18|0x0000000083200000, 0x0000000083200000, 0x0000000083300000|  0%| F|  |TAMS 0x0000000083200000| PB 0x0000000083200000| Untracked 
|  19|0x0000000083300000, 0x0000000083300000, 0x0000000083400000|  0%| F|  |TAMS 0x0000000083300000| PB 0x0000000083300000| Untracked 
|  20|0x0000000083400000, 0x0000000083400000, 0x0000000083500000|  0%| F|  |TAMS 0x0000000083400000| PB 0x0000000083400000| Untracked 
|  21|0x0000000083500000, 0x0000000083500000, 0x0000000083600000|  0%| F|  |TAMS 0x0000000083500000| PB 0x0000000083500000| Untracked 
|  22|0x0000000083600000, 0x0000000083600000, 0x0000000083700000|  0%| F|  |TAMS 0x0000000083600000| PB 0x0000000083600000| Untracked 
|  23|0x0000000083700000, 0x0000000083700000, 0x0000000083800000|  0%| F|  |TAMS 0x0000000083700000| PB 0x0000000083700000| Untracked 
|  24|0x0000000083800000, 0x0000000083800000, 0x0000000083900000|  0%| F|  |TAMS 0x0000000083800000| PB 0x0000000083800000| Untracked 
|  25|0x0000000083900000, 0x0000000083900000, 0x0000000083a00000|  0%| F|  |TAMS 0x0000000083900000| PB 0x0000000083900000| Untracked 
|  26|0x0000000083a00000, 0x0000000083a00000, 0x0000000083b00000|  0%| F|  |TAMS 0x0000000083a00000| PB 0x0000000083a00000| Untracked 
|  27|0x0000000083b00000, 0x0000000083b00000, 0x0000000083c00000|  0%| F|  |TAMS 0x0000000083b00000| PB 0x0000000083b00000| Untracked 
|  28|0x0000000083c00000, 0x0000000083c00000, 0x0000000083d00000|  0%| F|  |TAMS 0x0000000083c00000| PB 0x0000000083c00000| Untracked 
|  29|0x0000000083d00000, 0x0000000083d00000, 0x0000000083e00000|  0%| F|  |TAMS 0x0000000083d00000| PB 0x0000000083d00000| Untracked 
|  30|0x0000000083e00000, 0x0000000083e00000, 0x0000000083f00000|  0%| F|  |TAMS 0x0000000083e00000| PB 0x0000000083e00000| Untracked 
|  31|0x0000000083f00000, 0x0000000083f00000, 0x0000000084000000|  0%| F|  |TAMS 0x0000000083f00000| PB 0x0000000083f00000| Untracked 
|  32|0x0000000084000000, 0x0000000084000000, 0x0000000084100000|  0%| F|  |TAMS 0x0000000084000000| PB 0x0000000084000000| Untracked 
|  33|0x0000000084100000, 0x0000000084100000, 0x0000000084200000|  0%| F|  |TAMS 0x0000000084100000| PB 0x0000000084100000| Untracked 
|  34|0x0000000084200000, 0x0000000084200000, 0x0000000084300000|  0%| F|  |TAMS 0x0000000084200000| PB 0x0000000084200000| Untracked 
|  35|0x0000000084300000, 0x0000000084300000, 0x0000000084400000|  0%| F|  |TAMS 0x0000000084300000| PB 0x0000000084300000| Untracked 
|  36|0x0000000084400000, 0x0000000084400000, 0x0000000084500000|  0%| F|  |TAMS 0x0000000084400000| PB 0x0000000084400000| Untracked 
|  37|0x0000000084500000, 0x0000000084500000, 0x0000000084600000|  0%| F|  |TAMS 0x0000000084500000| PB 0x0000000084500000| Untracked 
|  38|0x0000000084600000, 0x0000000084600000, 0x0000000084700000|  0%| F|  |TAMS 0x0000000084600000| PB 0x0000000084600000| Untracked 
|  39|0x0000000084700000, 0x0000000084700000, 0x0000000084800000|  0%| F|  |TAMS 0x0000000084700000| PB 0x0000000084700000| Untracked 
|  40|0x0000000084800000, 0x0000000084800000, 0x0000000084900000|  0%| F|  |TAMS 0x0000000084800000| PB 0x0000000084800000| Untracked 
|  41|0x0000000084900000, 0x0000000084900000, 0x0000000084a00000|  0%| F|  |TAMS 0x0000000084900000| PB 0x0000000084900000| Untracked 
|  42|0x0000000084a00000, 0x0000000084a00000, 0x0000000084b00000|  0%| F|  |TAMS 0x0000000084a00000| PB 0x0000000084a00000| Untracked 
|  43|0x0000000084b00000, 0x0000000084b00000, 0x0000000084c00000|  0%| F|  |TAMS 0x0000000084b00000| PB 0x0000000084b00000| Untracked 
|  44|0x0000000084c00000, 0x0000000084c00000, 0x0000000084d00000|  0%| F|  |TAMS 0x0000000084c00000| PB 0x0000000084c00000| Untracked 
|  45|0x0000000084d00000, 0x0000000084d00000, 0x0000000084e00000|  0%| F|  |TAMS 0x0000000084d00000| PB 0x0000000084d00000| Untracked 
|  46|0x0000000084e00000, 0x0000000084e00000, 0x0000000084f00000|  0%| F|  |TAMS 0x0000000084e00000| PB 0x0000000084e00000| Untracked 
|  47|0x0000000084f00000, 0x0000000084f00000, 0x0000000085000000|  0%| F|  |TAMS 0x0000000084f00000| PB 0x0000000084f00000| Untracked 
|  48|0x0000000085000000, 0x0000000085000000, 0x0000000085100000|  0%| F|  |TAMS 0x0000000085000000| PB 0x0000000085000000| Untracked 
|  49|0x0000000085100000, 0x0000000085100000, 0x0000000085200000|  0%| F|  |TAMS 0x0000000085100000| PB 0x0000000085100000| Untracked 
|  50|0x0000000085200000, 0x0000000085200000, 0x0000000085300000|  0%| F|  |TAMS 0x0000000085200000| PB 0x0000000085200000| Untracked 
|  51|0x0000000085300000, 0x0000000085300000, 0x0000000085400000|  0%| F|  |TAMS 0x0000000085300000| PB 0x0000000085300000| Untracked 
|  52|0x0000000085400000, 0x0000000085400000, 0x0000000085500000|  0%| F|  |TAMS 0x0000000085400000| PB 0x0000000085400000| Untracked 
|  53|0x0000000085500000, 0x0000000085500000, 0x0000000085600000|  0%| F|  |TAMS 0x0000000085500000| PB 0x0000000085500000| Untracked 
|  54|0x0000000085600000, 0x0000000085600000, 0x0000000085700000|  0%| F|  |TAMS 0x0000000085600000| PB 0x0000000085600000| Untracked 
|  55|0x0000000085700000, 0x0000000085700000, 0x0000000085800000|  0%| F|  |TAMS 0x0000000085700000| PB 0x0000000085700000| Untracked 
|  56|0x0000000085800000, 0x0000000085800000, 0x0000000085900000|  0%| F|  |TAMS 0x0000000085800000| PB 0x0000000085800000| Untracked 
|  57|0x0000000085900000, 0x0000000085900000, 0x0000000085a00000|  0%| F|  |TAMS 0x0000000085900000| PB 0x0000000085900000| Untracked 
|  58|0x0000000085a00000, 0x0000000085a00000, 0x0000000085b00000|  0%| F|  |TAMS 0x0000000085a00000| PB 0x0000000085a00000| Untracked 
|  59|0x0000000085b00000, 0x0000000085b00000, 0x0000000085c00000|  0%| F|  |TAMS 0x0000000085b00000| PB 0x0000000085b00000| Untracked 
|  60|0x0000000085c00000, 0x0000000085c00000, 0x0000000085d00000|  0%| F|  |TAMS 0x0000000085c00000| PB 0x0000000085c00000| Untracked 
|  61|0x0000000085d00000, 0x0000000085d00000, 0x0000000085e00000|  0%| F|  |TAMS 0x0000000085d00000| PB 0x0000000085d00000| Untracked 
|  62|0x0000000085e00000, 0x0000000085e00000, 0x0000000085f00000|  0%| F|  |TAMS 0x0000000085e00000| PB 0x0000000085e00000| Untracked 
|  63|0x0000000085f00000, 0x0000000085f00000, 0x0000000086000000|  0%| F|  |TAMS 0x0000000085f00000| PB 0x0000000085f00000| Untracked 
|  64|0x0000000086000000, 0x0000000086000000, 0x0000000086100000|  0%| F|  |TAMS 0x0000000086000000| PB 0x0000000086000000| Untracked 
|  65|0x0000000086100000, 0x0000000086100000, 0x0000000086200000|  0%| F|  |TAMS 0x0000000086100000| PB 0x0000000086100000| Untracked 
|  66|0x0000000086200000, 0x0000000086200000, 0x0000000086300000|  0%| F|  |TAMS 0x0000000086200000| PB 0x0000000086200000| Untracked 
|  67|0x0000000086300000, 0x0000000086300000, 0x0000000086400000|  0%| F|  |TAMS 0x0000000086300000| PB 0x0000000086300000| Untracked 
|  68|0x0000000086400000, 0x0000000086400000, 0x0000000086500000|  0%| F|  |TAMS 0x0000000086400000| PB 0x0000000086400000| Untracked 
|  69|0x0000000086500000, 0x0000000086500000, 0x0000000086600000|  0%| F|  |TAMS 0x0000000086500000| PB 0x0000000086500000| Untracked 
|  70|0x0000000086600000, 0x0000000086600000, 0x0000000086700000|  0%| F|  |TAMS 0x0000000086600000| PB 0x0000000086600000| Untracked 
|  71|0x0000000086700000, 0x0000000086700000, 0x0000000086800000|  0%| F|  |TAMS 0x0000000086700000| PB 0x0000000086700000| Untracked 
|  72|0x0000000086800000, 0x0000000086800000, 0x0000000086900000|  0%| F|  |TAMS 0x0000000086800000| PB 0x0000000086800000| Untracked 
|  73|0x0000000086900000, 0x0000000086900000, 0x0000000086a00000|  0%| F|  |TAMS 0x0000000086900000| PB 0x0000000086900000| Untracked 
|  74|0x0000000086a00000, 0x0000000086a00000, 0x0000000086b00000|  0%| F|  |TAMS 0x0000000086a00000| PB 0x0000000086a00000| Untracked 
|  75|0x0000000086b00000, 0x0000000086b00000, 0x0000000086c00000|  0%| F|  |TAMS 0x0000000086b00000| PB 0x0000000086b00000| Untracked 
|  76|0x0000000086c00000, 0x0000000086c00000, 0x0000000086d00000|  0%| F|  |TAMS 0x0000000086c00000| PB 0x0000000086c00000| Untracked 
|  77|0x0000000086d00000, 0x0000000086d00000, 0x0000000086e00000|  0%| F|  |TAMS 0x0000000086d00000| PB 0x0000000086d00000| Untracked 
|  78|0x0000000086e00000, 0x0000000086e00000, 0x0000000086f00000|  0%| F|  |TAMS 0x0000000086e00000| PB 0x0000000086e00000| Untracked 
|  79|0x0000000086f00000, 0x0000000086f00000, 0x0000000087000000|  0%| F|  |TAMS 0x0000000086f00000| PB 0x0000000086f00000| Untracked 
|  80|0x0000000087000000, 0x0000000087000000, 0x0000000087100000|  0%| F|  |TAMS 0x0000000087000000| PB 0x0000000087000000| Untracked 
|  81|0x0000000087100000, 0x0000000087100000, 0x0000000087200000|  0%| F|  |TAMS 0x0000000087100000| PB 0x0000000087100000| Untracked 
|  82|0x0000000087200000, 0x0000000087200000, 0x0000000087300000|  0%| F|  |TAMS 0x0000000087200000| PB 0x0000000087200000| Untracked 
|  83|0x0000000087300000, 0x0000000087300000, 0x0000000087400000|  0%| F|  |TAMS 0x0000000087300000| PB 0x0000000087300000| Untracked 
|  84|0x0000000087400000, 0x0000000087400000, 0x0000000087500000|  0%| F|  |TAMS 0x0000000087400000| PB 0x0000000087400000| Untracked 
|  85|0x0000000087500000, 0x0000000087500000, 0x0000000087600000|  0%| F|  |TAMS 0x0000000087500000| PB 0x0000000087500000| Untracked 
|  86|0x0000000087600000, 0x0000000087600000, 0x0000000087700000|  0%| F|  |TAMS 0x0000000087600000| PB 0x0000000087600000| Untracked 
|  87|0x0000000087700000, 0x0000000087700000, 0x0000000087800000|  0%| F|  |TAMS 0x0000000087700000| PB 0x0000000087700000| Untracked 
|  88|0x0000000087800000, 0x00000000878b79d0, 0x0000000087900000| 71%| S|CS|TAMS 0x0000000087800000| PB 0x0000000087800000| Complete 
|  89|0x0000000087900000, 0x0000000087a00000, 0x0000000087a00000|100%| S|CS|TAMS 0x0000000087900000| PB 0x0000000087900000| Complete 
|  90|0x0000000087a00000, 0x0000000087b00000, 0x0000000087b00000|100%| S|CS|TAMS 0x0000000087a00000| PB 0x0000000087a00000| Complete 
|  91|0x0000000087b00000, 0x0000000087b00000, 0x0000000087c00000|  0%| F|  |TAMS 0x0000000087b00000| PB 0x0000000087b00000| Untracked 
|  92|0x0000000087c00000, 0x0000000087c00000, 0x0000000087d00000|  0%| F|  |TAMS 0x0000000087c00000| PB 0x0000000087c00000| Untracked 
|  93|0x0000000087d00000, 0x0000000087d00000, 0x0000000087e00000|  0%| F|  |TAMS 0x0000000087d00000| PB 0x0000000087d00000| Untracked 
|  94|0x0000000087e00000, 0x0000000087e00000, 0x0000000087f00000|  0%| F|  |TAMS 0x0000000087e00000| PB 0x0000000087e00000| Untracked 
|  95|0x0000000087f00000, 0x0000000087f00000, 0x0000000088000000|  0%| F|  |TAMS 0x0000000087f00000| PB 0x0000000087f00000| Untracked 
|  96|0x0000000088000000, 0x0000000088000000, 0x0000000088100000|  0%| F|  |TAMS 0x0000000088000000| PB 0x0000000088000000| Untracked 
|  97|0x0000000088100000, 0x0000000088100000, 0x0000000088200000|  0%| F|  |TAMS 0x0000000088100000| PB 0x0000000088100000| Untracked 
|  98|0x0000000088200000, 0x0000000088200000, 0x0000000088300000|  0%| F|  |TAMS 0x0000000088200000| PB 0x0000000088200000| Untracked 
|  99|0x0000000088300000, 0x0000000088300000, 0x0000000088400000|  0%| F|  |TAMS 0x0000000088300000| PB 0x0000000088300000| Untracked 
| 100|0x0000000088400000, 0x0000000088400000, 0x0000000088500000|  0%| F|  |TAMS 0x0000000088400000| PB 0x0000000088400000| Untracked 
| 101|0x0000000088500000, 0x0000000088500000, 0x0000000088600000|  0%| F|  |TAMS 0x0000000088500000| PB 0x0000000088500000| Untracked 
| 102|0x0000000088600000, 0x0000000088600000, 0x0000000088700000|  0%| F|  |TAMS 0x0000000088600000| PB 0x0000000088600000| Untracked 
| 103|0x0000000088700000, 0x0000000088700000, 0x0000000088800000|  0%| F|  |TAMS 0x0000000088700000| PB 0x0000000088700000| Untracked 
| 104|0x0000000088800000, 0x0000000088800000, 0x0000000088900000|  0%| F|  |TAMS 0x0000000088800000| PB 0x0000000088800000| Untracked 
| 105|0x0000000088900000, 0x0000000088900000, 0x0000000088a00000|  0%| F|  |TAMS 0x0000000088900000| PB 0x0000000088900000| Untracked 
| 106|0x0000000088a00000, 0x0000000088a00000, 0x0000000088b00000|  0%| F|  |TAMS 0x0000000088a00000| PB 0x0000000088a00000| Untracked 
| 107|0x0000000088b00000, 0x0000000088b00000, 0x0000000088c00000|  0%| F|  |TAMS 0x0000000088b00000| PB 0x0000000088b00000| Untracked 
| 108|0x0000000088c00000, 0x0000000088c00000, 0x0000000088d00000|  0%| F|  |TAMS 0x0000000088c00000| PB 0x0000000088c00000| Untracked 
| 109|0x0000000088d00000, 0x0000000088d00000, 0x0000000088e00000|  0%| F|  |TAMS 0x0000000088d00000| PB 0x0000000088d00000| Untracked 
| 110|0x0000000088e00000, 0x0000000088e00000, 0x0000000088f00000|  0%| F|  |TAMS 0x0000000088e00000| PB 0x0000000088e00000| Untracked 
| 111|0x0000000088f00000, 0x0000000088f00000, 0x0000000089000000|  0%| F|  |TAMS 0x0000000088f00000| PB 0x0000000088f00000| Untracked 
| 112|0x0000000089000000, 0x0000000089000000, 0x0000000089100000|  0%| F|  |TAMS 0x0000000089000000| PB 0x0000000089000000| Untracked 
| 113|0x0000000089100000, 0x0000000089100000, 0x0000000089200000|  0%| F|  |TAMS 0x0000000089100000| PB 0x0000000089100000| Untracked 
| 114|0x0000000089200000, 0x0000000089200000, 0x0000000089300000|  0%| F|  |TAMS 0x0000000089200000| PB 0x0000000089200000| Untracked 
| 115|0x0000000089300000, 0x0000000089300000, 0x0000000089400000|  0%| F|  |TAMS 0x0000000089300000| PB 0x0000000089300000| Untracked 
| 116|0x0000000089400000, 0x0000000089400000, 0x0000000089500000|  0%| F|  |TAMS 0x0000000089400000| PB 0x0000000089400000| Untracked 
| 117|0x0000000089500000, 0x0000000089500000, 0x0000000089600000|  0%| F|  |TAMS 0x0000000089500000| PB 0x0000000089500000| Untracked 
| 118|0x0000000089600000, 0x0000000089600000, 0x0000000089700000|  0%| F|  |TAMS 0x0000000089600000| PB 0x0000000089600000| Untracked 
| 119|0x0000000089700000, 0x0000000089700000, 0x0000000089800000|  0%| F|  |TAMS 0x0000000089700000| PB 0x0000000089700000| Untracked 
| 120|0x0000000089800000, 0x0000000089800000, 0x0000000089900000|  0%| F|  |TAMS 0x0000000089800000| PB 0x0000000089800000| Untracked 
| 121|0x0000000089900000, 0x0000000089900000, 0x0000000089a00000|  0%| F|  |TAMS 0x0000000089900000| PB 0x0000000089900000| Untracked 
| 122|0x0000000089a00000, 0x0000000089a00000, 0x0000000089b00000|  0%| F|  |TAMS 0x0000000089a00000| PB 0x0000000089a00000| Untracked 
| 123|0x0000000089b00000, 0x0000000089b00000, 0x0000000089c00000|  0%| F|  |TAMS 0x0000000089b00000| PB 0x0000000089b00000| Untracked 
| 124|0x0000000089c00000, 0x0000000089c00000, 0x0000000089d00000|  0%| F|  |TAMS 0x0000000089c00000| PB 0x0000000089c00000| Untracked 
| 125|0x0000000089d00000, 0x0000000089e00000, 0x0000000089e00000|100%| E|  |TAMS 0x0000000089d00000| PB 0x0000000089d00000| Complete 

Card table byte_map: [0x000001d5686f0000,0x000001d568ae0000] _byte_map_base: 0x000001d5682e0000

Marking Bits: (CMBitMap*) 0x000001d550bb83e0
 Bits: [0x000001d568ae0000, 0x000001d56aa60000)

Polling page: 0x000001d550320000

Metaspace:

Usage:
  Non-class:     10.81 MB used.
      Class:      1.41 MB used.
       Both:     12.23 MB used.

Virtual space:
  Non-class space:       64.00 MB reserved,      11.00 MB ( 17%) committed,  1 nodes.
      Class space:        1.00 GB reserved,       1.56 MB ( <1%) committed,  1 nodes.
             Both:        1.06 GB reserved,      12.56 MB (  1%) committed. 

Chunk freelists:
   Non-Class:  4.27 MB
       Class:  14.41 MB
        Both:  18.67 MB

MaxMetaspaceSize: unlimited
CompressedClassSpaceSize: 1.00 GB
Initial GC threshold: 21.00 MB
Current GC threshold: 21.00 MB
CDS: on
 - commit_granule_bytes: 65536.
 - commit_granule_words: 8192.
 - virtual_space_node_default_size: 8388608.
 - enlarge_chunks_in_place: 1.
 - use_allocation_guard: 0.


Internal statistics:

num_allocs_failed_limit: 0.
num_arena_births: 330.
num_arena_deaths: 0.
num_vsnodes_births: 2.
num_vsnodes_deaths: 0.
num_space_committed: 201.
num_space_uncommitted: 0.
num_chunks_returned_to_freelist: 0.
num_chunks_taken_from_freelist: 610.
num_chunk_merges: 0.
num_chunk_splits: 352.
num_chunks_enlarged: 195.
num_inconsistent_stats: 0.

CodeHeap 'non-profiled nmethods': size=120000Kb used=689Kb max_used=689Kb free=119310Kb
 bounds [0x000001d560aa0000, 0x000001d560d10000, 0x000001d567fd0000]
CodeHeap 'profiled nmethods': size=120000Kb used=3686Kb max_used=3686Kb free=116313Kb
 bounds [0x000001d558fd0000, 0x000001d559370000, 0x000001d560500000]
CodeHeap 'non-nmethods': size=5760Kb used=1517Kb max_used=1558Kb free=4242Kb
 bounds [0x000001d560500000, 0x000001d560770000, 0x000001d560aa0000]
 total_blobs=2381 nmethods=1844 adapters=441
 compilation: enabled
              stopped_count=0, restarted_count=0
 full_count=0

Compilation events (20 events):
Event: 8.338 Thread 0x000001d56d4c6f60 1792       3       java.lang.CharacterDataLatin1::isJavaIdentifierPart (20 bytes)
Event: 8.338 Thread 0x000001d56d4c6f60 nmethod 1792 0x000001d55934f510 code [0x000001d55934f6c0, 0x000001d55934f8d0]
Event: 8.338 Thread 0x000001d56d4c6f60 1797   !   3       java.util.zip.ZipFile$CleanableResource::getInflater (47 bytes)
Event: 8.338 Thread 0x000001d56d4c6f60 nmethod 1797 0x000001d55934fa10 code [0x000001d55934fc00, 0x000001d559350150]
Event: 8.338 Thread 0x000001d56d4c6f60 1800       3       java.util.zip.ZipUtils::LOCNAM (7 bytes)
Event: 8.338 Thread 0x000001d56d4c6f60 nmethod 1800 0x000001d559350310 code [0x000001d5593504c0, 0x000001d559350660]
Event: 8.338 Thread 0x000001d56d4c6f60 1798       3       java.util.zip.ZipFile$ZipFileInflaterInputStream::<init> (41 bytes)
Event: 8.339 Thread 0x000001d56d4c6f60 nmethod 1798 0x000001d559350790 code [0x000001d559350980, 0x000001d559350e40]
Event: 8.339 Thread 0x000001d56d4c6f60 1799       3       java.util.zip.InflaterInputStream::<init> (70 bytes)
Event: 8.339 Thread 0x000001d56d4c6f60 nmethod 1799 0x000001d559351010 code [0x000001d559351220, 0x000001d559351970]
Event: 8.339 Thread 0x000001d56d4c6f60 1801       1       java.lang.ClassLoader::getUnnamedModule (5 bytes)
Event: 8.339 Thread 0x000001d56d4c6f60 nmethod 1801 0x000001d560b4a190 code [0x000001d560b4a320, 0x000001d560b4a3e8]
Event: 8.340 Thread 0x000001d56d4c6f60 1802       3       java.nio.DirectLongBufferU::ix (10 bytes)
Event: 8.340 Thread 0x000001d56d4c6f60 nmethod 1802 0x000001d559351b90 code [0x000001d559351d20, 0x000001d559351e40]
Event: 8.340 Thread 0x000001d56d4c6f60 1803       3       java.nio.CharBuffer::position (6 bytes)
Event: 8.340 Thread 0x000001d56d4c6f60 nmethod 1803 0x000001d559351f10 code [0x000001d5593520c0, 0x000001d559352280]
Event: 8.348 Thread 0x000001d56d495610 nmethod 1789 0x000001d560b4a490 code [0x000001d560b4a640, 0x000001d560b4adf0]
Event: 8.348 Thread 0x000001d56d495610 1790       4       java.lang.invoke.MethodType::makeImpl (109 bytes)
Event: 8.454 Thread 0x000001d56d4c6f60 1804       3       java.lang.String::split (242 bytes)
Event: 8.455 Thread 0x000001d56d4c6f60 nmethod 1804 0x000001d559352390 code [0x000001d5593527a0, 0x000001d559354ab8]

GC Heap History (2 events):
Event: 2.059 GC heap before
{Heap before GC invocations=0 (full 0):
 garbage-first heap   total 129024K, used 23552K [0x0000000082000000, 0x0000000100000000)
  region size 1024K, 23 young (23552K), 0 survivors (0K)
 Metaspace       used 5907K, committed 6080K, reserved 1114112K
  class space    used 634K, committed 704K, reserved 1048576K
}
Event: 2.063 GC heap after
{Heap after GC invocations=1 (full 0):
 garbage-first heap   total 129024K, used 5061K [0x0000000082000000, 0x0000000100000000)
  region size 1024K, 3 young (3072K), 3 survivors (3072K)
 Metaspace       used 5907K, committed 6080K, reserved 1114112K
  class space    used 634K, committed 704K, reserved 1048576K
}

Dll operation events (13 events):
Event: 0.220 Loaded shared library C:\Program Files\Java\jdk-21\bin\java.dll
Event: 0.246 Loaded shared library C:\Program Files\Java\jdk-21\bin\jsvml.dll
Event: 0.584 Loaded shared library C:\Program Files\Java\jdk-21\bin\zip.dll
Event: 0.638 Loaded shared library C:\Program Files\Java\jdk-21\bin\instrument.dll
Event: 0.642 Loaded shared library C:\Program Files\Java\jdk-21\bin\net.dll
Event: 0.643 Loaded shared library C:\Program Files\Java\jdk-21\bin\nio.dll
Event: 0.645 Loaded shared library C:\Program Files\Java\jdk-21\bin\zip.dll
Event: 0.910 Loaded shared library C:\Program Files\Java\jdk-21\bin\jimage.dll
Event: 1.339 Loaded shared library C:\Program Files\Java\jdk-21\bin\verify.dll
Event: 1.609 Loaded shared library C:\Program Files\Java\jdk-21\bin\extnet.dll
Event: 1.733 Loaded shared library C:\Program Files\Java\jdk-21\bin\management.dll
Event: 1.736 Loaded shared library C:\Program Files\Java\jdk-21\bin\management_ext.dll
Event: 2.162 Loaded shared library C:\Program Files\Java\jdk-21\bin\sunmscapi.dll

Deoptimization events (20 events):
Event: 2.382 Thread 0x000001d572a34ce0 DEOPT PACKING pc=0x000001d560acbe8c sp=0x0000003befefe660
Event: 2.382 Thread 0x000001d572a34ce0 DEOPT UNPACKING pc=0x000001d5605546a2 sp=0x0000003befefe598 mode 2
Event: 2.531 Thread 0x000001d572a1b600 Uncommon trap: trap_request=0xffffffde fr.pc=0x000001d560b34de8 relative=0x0000000000000148
Event: 2.531 Thread 0x000001d572a1b600 Uncommon trap: reason=class_check action=maybe_recompile pc=0x000001d560b34de8 method=jdk.internal.misc.Unsafe.allocateUninitializedArray(Ljava/lang/Class;I)Ljava/lang/Object; @ 51 c2
Event: 2.531 Thread 0x000001d572a1b600 DEOPT PACKING pc=0x000001d560b34de8 sp=0x0000003bf01f99d0
Event: 2.531 Thread 0x000001d572a1b600 DEOPT UNPACKING pc=0x000001d5605546a2 sp=0x0000003bf01f9958 mode 2
Event: 2.531 Thread 0x000001d572a1b600 Uncommon trap: trap_request=0xffffffde fr.pc=0x000001d560b34de8 relative=0x0000000000000148
Event: 2.531 Thread 0x000001d572a1b600 Uncommon trap: reason=class_check action=maybe_recompile pc=0x000001d560b34de8 method=jdk.internal.misc.Unsafe.allocateUninitializedArray(Ljava/lang/Class;I)Ljava/lang/Object; @ 51 c2
Event: 2.531 Thread 0x000001d572a1b600 DEOPT PACKING pc=0x000001d560b34de8 sp=0x0000003bf01f9960
Event: 2.531 Thread 0x000001d572a1b600 DEOPT UNPACKING pc=0x000001d5605546a2 sp=0x0000003bf01f98e8 mode 2
Event: 2.532 Thread 0x000001d572a1b600 Uncommon trap: trap_request=0xffffffde fr.pc=0x000001d560b34de8 relative=0x0000000000000148
Event: 2.532 Thread 0x000001d572a1b600 Uncommon trap: reason=class_check action=maybe_recompile pc=0x000001d560b34de8 method=jdk.internal.misc.Unsafe.allocateUninitializedArray(Ljava/lang/Class;I)Ljava/lang/Object; @ 51 c2
Event: 2.532 Thread 0x000001d572a1b600 DEOPT PACKING pc=0x000001d560b34de8 sp=0x0000003bf01f99d0
Event: 2.532 Thread 0x000001d572a1b600 DEOPT UNPACKING pc=0x000001d5605546a2 sp=0x0000003bf01f9958 mode 2
Event: 2.532 Thread 0x000001d572a1b600 Uncommon trap: trap_request=0xffffffde fr.pc=0x000001d560b34de8 relative=0x0000000000000148
Event: 2.532 Thread 0x000001d572a1b600 Uncommon trap: reason=class_check action=maybe_recompile pc=0x000001d560b34de8 method=jdk.internal.misc.Unsafe.allocateUninitializedArray(Ljava/lang/Class;I)Ljava/lang/Object; @ 51 c2
Event: 2.532 Thread 0x000001d572a1b600 DEOPT PACKING pc=0x000001d560b34de8 sp=0x0000003bf01f9960
Event: 2.532 Thread 0x000001d572a1b600 DEOPT UNPACKING pc=0x000001d5605546a2 sp=0x0000003bf01f98e8 mode 2
Event: 2.534 Thread 0x000001d572a1b600 DEOPT PACKING pc=0x000001d559129ce3 sp=0x0000003bf01f8080
Event: 2.534 Thread 0x000001d572a1b600 DEOPT UNPACKING pc=0x000001d560554e42 sp=0x0000003bf01f7590 mode 0

Classes loaded (20 events):
Event: 7.297 Loading class java/util/stream/LongPipeline$StatelessOp done
Event: 7.297 Loading class java/util/stream/ReferencePipeline$5 done
Event: 7.298 Loading class java/util/stream/FindOps$FindSink$OfLong
Event: 7.298 Loading class java/util/stream/Sink$OfLong
Event: 7.298 Loading class java/util/stream/Sink$OfLong done
Event: 7.298 Loading class java/util/stream/FindOps$FindSink$OfLong done
Event: 7.298 Loading class java/util/OptionalLong
Event: 7.298 Loading class java/util/OptionalLong done
Event: 7.298 Loading class java/util/stream/ReferencePipeline$5$1
Event: 7.299 Loading class java/util/stream/ReferencePipeline$5$1 done
Event: 7.299 Loading class java/lang/invoke/VarHandleBytes$FieldInstanceReadWrite
Event: 7.299 Loading class java/lang/invoke/VarHandleBytes$FieldInstanceReadOnly
Event: 7.299 Loading class java/lang/invoke/VarHandleBytes$FieldInstanceReadOnly done
Event: 7.299 Loading class java/lang/invoke/VarHandleBytes$FieldInstanceReadWrite done
Event: 7.940 Loading class java/util/ImmutableCollections$Access
Event: 8.161 Loading class java/util/ImmutableCollections$Access done
Event: 8.161 Loading class java/util/ImmutableCollections$Access$1
Event: 8.329 Loading class jdk/internal/access/JavaUtilCollectionAccess
Event: 8.329 Loading class jdk/internal/access/JavaUtilCollectionAccess done
Event: 8.329 Loading class java/util/ImmutableCollections$Access$1 done

Classes unloaded (0 events):
No events

Classes redefined (0 events):
No events

Internal exceptions (20 events):
Event: 2.153 Thread 0x000001d550b5f970 Exception <a 'java/lang/NoSuchMethodError'{0x0000000089b3ec30}: 'int java.lang.invoke.DirectMethodHandle$Holder.invokeStatic(java.lang.Object, java.lang.Object, java.lang.Object, java.lang.Object)'> (0x0000000089b3ec30) 
thrown [s\open\src\hotspot\share\interpreter\linkResolver.cpp, line 773]
Event: 2.154 Thread 0x000001d550b5f970 Exception <a 'java/lang/NoSuchMethodError'{0x0000000089b422b0}: 'java.lang.Object java.lang.invoke.Invokers$Holder.invokeExact_MT(java.lang.Object, java.lang.Object, java.lang.Object, java.lang.Object, java.lang.Object, java.lang.Object)'> (0x0000000089b422b0) 
thrown [s\open\src\hotspot\share\interpreter\linkResolver.cpp, line 773]
Event: 2.205 Thread 0x000001d550b5f970 Exception <a 'sun/nio/fs/WindowsException'{0x000000008992f818}> (0x000000008992f818) 
thrown [s\open\src\hotspot\share\prims\jni.cpp, line 520]
Event: 2.277 Thread 0x000001d550b5f970 Exception <a 'java/lang/NoSuchMethodError'{0x0000000089280978}: 'java.lang.Object java.lang.invoke.DirectMethodHandle$Holder.invokeStaticInit(java.lang.Object, int, int, int, int)'> (0x0000000089280978) 
thrown [s\open\src\hotspot\share\interpreter\linkResolver.cpp, line 773]
Event: 2.296 Thread 0x000001d550b5f970 Exception <a 'java/lang/NoSuchMethodError'{0x000000008910b870}: 'java.lang.Object java.lang.invoke.DirectMethodHandle$Holder.invokeStaticInit(java.lang.Object, java.lang.Object, int, int, int, int)'> (0x000000008910b870) 
thrown [s\open\src\hotspot\share\interpreter\linkResolver.cpp, line 773]
Event: 2.362 Thread 0x000001d550b5f970 Exception <a 'java/lang/NoSuchMethodError'{0x0000000088d8f8c8}: 'java.lang.Object java.lang.invoke.DirectMethodHandle$Holder.invokeInterface(java.lang.Object, java.lang.Object, java.lang.Object)'> (0x0000000088d8f8c8) 
thrown [s\open\src\hotspot\share\interpreter\linkResolver.cpp, line 773]
Event: 2.362 Thread 0x000001d550b5f970 Exception <a 'java/lang/IncompatibleClassChangeError'{0x0000000088d92cb0}: Found class java.lang.Object, but interface was expected> (0x0000000088d92cb0) 
thrown [s\open\src\hotspot\share\interpreter\linkResolver.cpp, line 840]
Event: 2.363 Thread 0x000001d550b5f970 Exception <a 'java/lang/NoSuchMethodError'{0x0000000088d9ad30}: 'int java.lang.invoke.DirectMethodHandle$Holder.invokeSpecialIFC(java.lang.Object, java.lang.Object, java.lang.Object, java.lang.Object)'> (0x0000000088d9ad30) 
thrown [s\open\src\hotspot\share\interpreter\linkResolver.cpp, line 773]
Event: 2.367 Thread 0x000001d550b5f970 Exception <a 'java/lang/NoSuchMethodError'{0x0000000088df3320}: 'java.lang.Object java.lang.invoke.DirectMethodHandle$Holder.invokeVirtual(java.lang.Object, java.lang.Object, java.lang.Object, java.lang.Object)'> (0x0000000088df3320) 
thrown [s\open\src\hotspot\share\interpreter\linkResolver.cpp, line 773]
Event: 2.383 Thread 0x000001d572a34ce0 Exception <a 'java/net/ConnectException'{0x0000000088ceb930}: Connection refused: getsockopt> (0x0000000088ceb930) 
thrown [s\open\src\hotspot\share\prims\jni.cpp, line 539]
Event: 2.396 Thread 0x000001d572a34ce0 Exception <a 'java/net/ConnectException'{0x0000000088ced618}: Connection refused: getsockopt> (0x0000000088ced618) 
thrown [s\open\src\hotspot\share\prims\jni.cpp, line 539]
Event: 2.455 Thread 0x000001d550b5f970 Exception <a 'java/lang/NoSuchMethodError'{0x0000000088a4f378}: 'java.lang.Object java.lang.invoke.DirectMethodHandle$Holder.newInvokeSpecial(java.lang.Object, java.lang.Object, int, int)'> (0x0000000088a4f378) 
thrown [s\open\src\hotspot\share\interpreter\linkResolver.cpp, line 773]
Event: 2.455 Thread 0x000001d550b5f970 Exception <a 'java/lang/NoSuchMethodError'{0x0000000088a59628}: 'void java.lang.invoke.DirectMethodHandle$Holder.invokeStatic(java.lang.Object, java.lang.Object, int)'> (0x0000000088a59628) 
thrown [s\open\src\hotspot\share\interpreter\linkResolver.cpp, line 773]
Event: 2.476 Thread 0x000001d550b5f970 Exception <a 'java/lang/NoSuchMethodError'{0x0000000088ae45c8}: 'java.lang.Object java.lang.invoke.DirectMethodHandle$Holder.newInvokeSpecial(java.lang.Object, java.lang.Object, java.lang.Object, java.lang.Object, java.lang.Object)'> (0x0000000088ae45c8) 
thrown [s\open\src\hotspot\share\interpreter\linkResolver.cpp, line 773]
Event: 2.541 Thread 0x000001d572a1b600 Exception <a 'java/lang/NoSuchMethodError'{0x000000008837e4f0}: 'java.lang.Object java.lang.invoke.DirectMethodHandle$Holder.invokeSpecial(java.lang.Object, java.lang.Object, java.lang.Object, java.lang.Object, int)'> (0x000000008837e4f0) 
thrown [s\open\src\hotspot\share\interpreter\linkResolver.cpp, line 773]
Event: 2.541 Thread 0x000001d572a1b600 Exception <a 'java/lang/NoSuchMethodError'{0x0000000088381e38}: 'java.lang.Object java.lang.invoke.Invokers$Holder.linkToTargetMethod(java.lang.Object, java.lang.Object, int, java.lang.Object)'> (0x0000000088381e38) 
thrown [s\open\src\hotspot\share\interpreter\linkResolver.cpp, line 773]
Event: 2.554 Thread 0x000001d572a1b600 Exception <a 'java/lang/NoSuchMethodError'{0x00000000882635a8}: 'void java.lang.invoke.DirectMethodHandle$Holder.invokeSpecial(java.lang.Object, java.lang.Object, java.lang.Object)'> (0x00000000882635a8) 
thrown [s\open\src\hotspot\share\interpreter\linkResolver.cpp, line 773]
Event: 2.564 Thread 0x000001d572a1b600 Exception <a 'java/lang/NoSuchMethodError'{0x0000000088183050}: 'void java.lang.invoke.DirectMethodHandle$Holder.invokeSpecial(java.lang.Object, java.lang.Object, java.lang.Object, java.lang.Object, java.lang.Object)'> (0x0000000088183050) 
thrown [s\open\src\hotspot\share\interpreter\linkResolver.cpp, line 773]
Event: 7.307 Thread 0x000001d572a1c4d0 Exception <a 'java/lang/NoSuchMethodError'{0x0000000087fee658}: 'void java.lang.invoke.DirectMethodHandle$Holder.invokeSpecial(java.lang.Object, java.lang.Object, java.lang.Object, java.lang.Object, java.lang.Object, java.lang.Object, java.lang.Object)'> (0x0000000087fee658) 
thrown [s\open\src\hotspot\share\interpreter\linkResolver.cpp, line 773]
Event: 7.635 Thread 0x000001d550b5f970 Exception <a 'java/lang/NoSuchMethodError'{0x0000000087eaf4b8}: 'java.lang.Object java.lang.invoke.DirectMethodHandle$Holder.invokeSpecialIFC(java.lang.Object, java.lang.Object, java.lang.Object)'> (0x0000000087eaf4b8) 
thrown [s\open\src\hotspot\share\interpreter\linkResolver.cpp, line 773]

ZGC Phase Switch (0 events):
No events

VM Operations (20 events):
Event: 2.059 Executing VM operation: G1CollectForAllocation (G1 Evacuation Pause)
Event: 2.065 Executing VM operation: G1CollectForAllocation (G1 Evacuation Pause) done
Event: 2.118 Executing VM operation: HandshakeAllThreads (Deoptimize)
Event: 2.118 Executing VM operation: HandshakeAllThreads (Deoptimize) done
Event: 2.324 Executing VM operation: HandshakeAllThreads (Deoptimize)
Event: 2.324 Executing VM operation: HandshakeAllThreads (Deoptimize) done
Event: 2.372 Executing VM operation: HandshakeAllThreads (Deoptimize)
Event: 2.372 Executing VM operation: HandshakeAllThreads (Deoptimize) done
Event: 2.431 Executing VM operation: HandshakeAllThreads (Deoptimize)
Event: 2.431 Executing VM operation: HandshakeAllThreads (Deoptimize) done
Event: 3.444 Executing VM operation: Cleanup
Event: 3.444 Executing VM operation: Cleanup done
Event: 7.294 Executing VM operation: HandshakeAllThreads (Deoptimize)
Event: 7.294 Executing VM operation: HandshakeAllThreads (Deoptimize) done
Event: 7.295 Executing VM operation: HandshakeAllThreads (Deoptimize)
Event: 7.295 Executing VM operation: HandshakeAllThreads (Deoptimize) done
Event: 7.295 Executing VM operation: Cleanup
Event: 7.295 Executing VM operation: Cleanup done
Event: 8.298 Executing VM operation: Cleanup
Event: 8.329 Executing VM operation: Cleanup done

Events (20 events):
Event: 1.424 Thread 0x000001d5723717f0 Thread added: 0x000001d5723717f0
Event: 1.687 Thread 0x000001d5723717f0 Thread exited: 0x000001d5723717f0
Event: 1.808 Thread 0x000001d572398420 Thread added: 0x000001d572398420
Event: 1.919 Thread 0x000001d572398420 Thread exited: 0x000001d572398420
Event: 2.033 Thread 0x000001d5728d9810 Thread added: 0x000001d5728d9810
Event: 2.234 Thread 0x000001d57291a200 Thread added: 0x000001d57291a200
Event: 2.260 Thread 0x000001d572a375f0 Thread added: 0x000001d572a375f0
Event: 2.338 Thread 0x000001d57295d510 Thread added: 0x000001d57295d510
Event: 2.371 Thread 0x000001d572a4a4e0 Thread added: 0x000001d572a4a4e0
Event: 2.372 Thread 0x000001d572a317e0 Thread added: 0x000001d572a317e0
Event: 2.373 Thread 0x000001d572a31e50 Thread added: 0x000001d572a31e50
Event: 2.376 Thread 0x000001d572a34ce0 Thread added: 0x000001d572a34ce0
Event: 2.430 Thread 0x000001d5729d5510 Thread added: 0x000001d5729d5510
Event: 2.504 Thread 0x000001d572a1b600 Thread added: 0x000001d572a1b600
Event: 2.506 Thread 0x000001d572a1d880 Thread added: 0x000001d572a1d880
Event: 2.573 Thread 0x000001d572a1c4d0 Thread added: 0x000001d572a1c4d0
Event: 2.575 Thread 0x000001d572a1cb60 Thread added: 0x000001d572a1cb60
Event: 2.576 Thread 0x000001d572a1d1f0 Thread added: 0x000001d572a1d1f0
Event: 5.578 Thread 0x000001d572a375f0 Thread exited: 0x000001d572a375f0
Event: 5.578 Thread 0x000001d57291a200 Thread exited: 0x000001d57291a200


Dynamic libraries:
0x00007ff64ecb0000 - 0x00007ff64ecc0000 	C:\Program Files\Java\jdk-21\bin\javaw.exe
0x00007ff8834b0000 - 0x00007ff8836c7000 	C:\WINDOWS\SYSTEM32\ntdll.dll
0x00007ff8827d0000 - 0x00007ff882894000 	C:\WINDOWS\System32\KERNEL32.DLL
0x00007ff880b30000 - 0x00007ff880f02000 	C:\WINDOWS\System32\KERNELBASE.dll
0x00007ff8805a0000 - 0x00007ff8806b1000 	C:\WINDOWS\System32\ucrtbase.dll
0x00007ff869600000 - 0x00007ff869619000 	C:\Program Files\Java\jdk-21\bin\jli.dll
0x00007ff865fa0000 - 0x00007ff865fbb000 	C:\Program Files\Java\jdk-21\bin\VCRUNTIME140.dll
0x00007ff882950000 - 0x00007ff882a01000 	C:\WINDOWS\System32\ADVAPI32.dll
0x00007ff8831a0000 - 0x00007ff883247000 	C:\WINDOWS\System32\msvcrt.dll
0x00007ff8828a0000 - 0x00007ff882948000 	C:\WINDOWS\System32\sechost.dll
0x00007ff8808f0000 - 0x00007ff880918000 	C:\WINDOWS\System32\bcrypt.dll
0x00007ff883250000 - 0x00007ff883364000 	C:\WINDOWS\System32\RPCRT4.dll
0x00007ff881a30000 - 0x00007ff881be1000 	C:\WINDOWS\System32\USER32.dll
0x00007ff87f780000 - 0x00007ff87fa1b000 	C:\WINDOWS\WinSxS\amd64_microsoft.windows.common-controls_6595b64144ccf1df_6.0.22621.5547_none_27104afb73855772\COMCTL32.dll
0x00007ff880f10000 - 0x00007ff880f36000 	C:\WINDOWS\System32\win32u.dll
0x00007ff883440000 - 0x00007ff883469000 	C:\WINDOWS\System32\GDI32.dll
0x00007ff8806c0000 - 0x00007ff8807e3000 	C:\WINDOWS\System32\gdi32full.dll
0x00007ff880920000 - 0x00007ff8809ba000 	C:\WINDOWS\System32\msvcp_win.dll
0x00007ff87a300000 - 0x00007ff87a30a000 	C:\WINDOWS\SYSTEM32\VERSION.dll
0x00007ff8833e0000 - 0x00007ff883411000 	C:\WINDOWS\System32\IMM32.DLL
0x00007ff86fae0000 - 0x00007ff86faec000 	C:\Program Files\Java\jdk-21\bin\vcruntime140_1.dll
0x00007ff847560000 - 0x00007ff8475ee000 	C:\Program Files\Java\jdk-21\bin\msvcp140.dll
0x00007fffe56a0000 - 0x00007fffe63b3000 	C:\Program Files\Java\jdk-21\bin\server\jvm.dll
0x00007ff882a70000 - 0x00007ff882ae1000 	C:\WINDOWS\System32\WS2_32.dll
0x00007ff880480000 - 0x00007ff8804cd000 	C:\WINDOWS\SYSTEM32\POWRPROF.dll
0x00007ff87a580000 - 0x00007ff87a5b4000 	C:\WINDOWS\SYSTEM32\WINMM.dll
0x00007ff880460000 - 0x00007ff880473000 	C:\WINDOWS\SYSTEM32\UMPDC.dll
0x00007ff87ed00000 - 0x00007ff87ed18000 	C:\WINDOWS\SYSTEM32\kernel.appcore.dll
0x00007ff86f430000 - 0x00007ff86f43a000 	C:\Program Files\Java\jdk-21\bin\jimage.dll
0x00007ff87fec0000 - 0x00007ff8800f3000 	C:\WINDOWS\SYSTEM32\DBGHELP.DLL
0x00007ff882e00000 - 0x00007ff883193000 	C:\WINDOWS\System32\combase.dll
0x00007ff881bf0000 - 0x00007ff881cc7000 	C:\WINDOWS\System32\OLEAUT32.dll
0x00007ff87fd00000 - 0x00007ff87fd32000 	C:\WINDOWS\SYSTEM32\dbgcore.DLL
0x00007ff880870000 - 0x00007ff8808eb000 	C:\WINDOWS\System32\bcryptPrimitives.dll
0x00007ff86f370000 - 0x00007ff86f3ac000 	C:\Program Files\Java\jdk-21\bin\jdwp.dll
0x00007ff87cac0000 - 0x00007ff87cacf000 	C:\Program Files\Java\jdk-21\bin\instrument.dll
0x00007ff862c30000 - 0x00007ff862c4f000 	C:\Program Files\Java\jdk-21\bin\java.dll
0x00007ff881cf0000 - 0x00007ff882592000 	C:\WINDOWS\System32\SHELL32.dll
0x00007ff880f40000 - 0x00007ff88107f000 	C:\WINDOWS\System32\wintypes.dll
0x00007ff87dc40000 - 0x00007ff87e55d000 	C:\WINDOWS\SYSTEM32\windows.storage.dll
0x00007ff882ce0000 - 0x00007ff882dec000 	C:\WINDOWS\System32\SHCORE.dll
0x00007ff883370000 - 0x00007ff8833d9000 	C:\WINDOWS\System32\shlwapi.dll
0x00007ff8804d0000 - 0x00007ff8804fb000 	C:\WINDOWS\SYSTEM32\profapi.dll
0x00007ff836560000 - 0x00007ff836637000 	C:\Program Files\Java\jdk-21\bin\jsvml.dll
0x00007ff87b380000 - 0x00007ff87b38c000 	C:\Program Files\Java\jdk-21\bin\dt_socket.dll
0x00007ff87e860000 - 0x00007ff87e88d000 	C:\WINDOWS\SYSTEM32\IPHLPAPI.DLL
0x00007ff87f320000 - 0x00007ff87f389000 	C:\WINDOWS\system32\mswsock.dll
0x00007ff87e890000 - 0x00007ff87e988000 	C:\WINDOWS\SYSTEM32\DNSAPI.dll
0x00007ff882cd0000 - 0x00007ff882cd9000 	C:\WINDOWS\System32\NSI.dll
0x00007ff874ae0000 - 0x00007ff874aea000 	C:\Windows\System32\rasadhlp.dll
0x00007ff8772f0000 - 0x00007ff877374000 	C:\WINDOWS\System32\fwpuclnt.dll
0x00007ff85e430000 - 0x00007ff85e448000 	C:\Program Files\Java\jdk-21\bin\zip.dll
0x00007ff86d4b0000 - 0x00007ff86d4c0000 	C:\Program Files\Java\jdk-21\bin\net.dll
0x00007ff87ab00000 - 0x00007ff87ac2c000 	C:\WINDOWS\SYSTEM32\WINHTTP.dll
0x00007ff85fc10000 - 0x00007ff85fc26000 	C:\Program Files\Java\jdk-21\bin\nio.dll
0x00007ff86d150000 - 0x00007ff86d160000 	C:\Program Files\Java\jdk-21\bin\verify.dll
0x00007ff870af0000 - 0x00007ff870af9000 	C:\Program Files\Java\jdk-21\bin\extnet.dll
0x00007ff87b370000 - 0x00007ff87b37a000 	C:\Program Files\Java\jdk-21\bin\management.dll
0x00007ff87b0f0000 - 0x00007ff87b0fb000 	C:\Program Files\Java\jdk-21\bin\management_ext.dll
0x00007ff8825a0000 - 0x00007ff8825a8000 	C:\WINDOWS\System32\PSAPI.DLL
0x00007ff866e90000 - 0x00007ff866e9e000 	C:\Program Files\Java\jdk-21\bin\sunmscapi.dll
0x00007ff8809c0000 - 0x00007ff880b27000 	C:\WINDOWS\System32\CRYPT32.dll
0x00007ff87f750000 - 0x00007ff87f77d000 	C:\WINDOWS\SYSTEM32\ncrypt.dll
0x00007ff87f710000 - 0x00007ff87f747000 	C:\WINDOWS\SYSTEM32\NTASN1.dll
0x00007ff880150000 - 0x00007ff88016b000 	C:\WINDOWS\SYSTEM32\CRYPTSP.dll
0x00007ff87f090000 - 0x00007ff87f0c7000 	C:\WINDOWS\system32\rsaenh.dll
0x00007ff87f410000 - 0x00007ff87f438000 	C:\WINDOWS\SYSTEM32\USERENV.dll
0x00007ff87f570000 - 0x00007ff87f57c000 	C:\WINDOWS\SYSTEM32\CRYPTBASE.dll
0x00007ff83d780000 - 0x00007ff83d788000 	C:\WINDOWS\system32\wshunix.dll

dbghelp: loaded successfully - version: 4.0.5 - missing functions: none
symbol engine: initialized successfully - sym options: 0x614 - pdb path: .;C:\Program Files\Java\jdk-21\bin;C:\WINDOWS\SYSTEM32;C:\WINDOWS\WinSxS\amd64_microsoft.windows.common-controls_6595b64144ccf1df_6.0.22621.5547_none_27104afb73855772;C:\Program Files\Java\jdk-21\bin\server

VM Arguments:
jvm_args: -XX:+ShowCodeDetailsInExceptionMessages -agentlib:jdwp=transport=dt_socket,suspend=y,address=localhost:50556 -javaagent:C:\Users\shend\eclipse\java-2024-09\eclipse\configuration\org.eclipse.osgi\251\0\.cp\lib\javaagent-shaded.jar -Dfile.encoding=UTF-8 -Dstdout.encoding=UTF-8 -Dstderr.encoding=UTF-8 
java_command: WebElement_Verification_Method.Is_Selected
java_class_path (initial): C:\Users\shend\eclipse-workspace\BASIC-Selenium\target\test-classes;C:\Users\shend\eclipse-workspace\BASIC-Selenium\target\classes;C:\Users\shend\.m2\repository\org\seleniumhq\selenium\selenium-java\4.32.0\selenium-java-4.32.0.jar;C:\Users\shend\.m2\repository\org\seleniumhq\selenium\selenium-api\4.32.0\selenium-api-4.32.0.jar;C:\Users\shend\.m2\repository\org\jspecify\jspecify\1.0.0\jspecify-1.0.0.jar;C:\Users\shend\.m2\repository\org\seleniumhq\selenium\selenium-chrome-driver\4.32.0\selenium-chrome-driver-4.32.0.jar;C:\Users\shend\.m2\repository\com\google\auto\service\auto-service-annotations\1.1.1\auto-service-annotations-1.1.1.jar;C:\Users\shend\.m2\repository\org\seleniumhq\selenium\selenium-chromium-driver\4.32.0\selenium-chromium-driver-4.32.0.jar;C:\Users\shend\.m2\repository\org\seleniumhq\selenium\selenium-json\4.32.0\selenium-json-4.32.0.jar;C:\Users\shend\.m2\repository\org\seleniumhq\selenium\selenium-manager\4.32.0\selenium-manager-4.32.0.jar;C:\Users\shend\.m2\repository\org\seleniumhq\selenium\selenium-devtools-v134\4.32.0\selenium-devtools-v134-4.32.0.jar;C:\Users\shend\.m2\repository\org\seleniumhq\selenium\selenium-devtools-v135\4.32.0\selenium-devtools-v135-4.32.0.jar;C:\Users\shend\.m2\repository\org\seleniumhq\selenium\selenium-devtools-v136\4.32.0\selenium-devtools-v136-4.32.0.jar;C:\Users\shend\.m2\repository\org\seleniumhq\selenium\selenium-edge-driver\4.32.0\selenium-edge-driver-4.32.0.jar;C:\Users\shend\.m2\repository\org\seleniumhq\selenium\selenium-firefox-driver\4.32.0\selenium-firefox-driver-4.32.0.jar;C:\Users\shend\.m2\repository\org\seleniumhq\selenium\selenium-http\4.32.0\selenium-http-4.32.0.jar;C:\Users\shend\.m2\repository\org\seleniumhq\selenium\selenium-ie-driver\4.32.0\selenium-ie-driver-4.32.0.jar;C:\Users\shend\.m2\repository\org\seleniumhq\selenium\selenium-remote-driver\4.32.0\selenium-remote-driver-4.32.0.jar;C:\Users\shend\.m2\repository\com\google\guava\guava\33.4.8-jre\guava-33.4.8-jre.jar;C:\Users\shend\.m2\repository\com\google\guava\failureaccess\1.0.3\failureaccess-1.0.3.jar;C:\Users\shend\.m2\repository\com\google\guava\listenablefuture\9999.0-empty-to-avoid-conflict-with-guava\listenablefuture-9999.0-empty-to-avoid-conflict-with-guava.jar;C:\Users\shend\.m2\repository\com\google\j2objc\j2objc-annotations\3.0.0\j2objc-annotations-3.0.0.jar;C:\Users\shend\.m2\repository\io\opentelemetry\opentelemetry-api\1.49.0\opentelemetry-api-1.49.0.jar;C:\Users\shend\.m2\repository\io\opentelemetry\opentelemetry-context\1.49.0\opentelemetry-context-1.49.0.jar;C:\Users\shend\.m2\repository\io\opentelemetry\opentelemetry-exporter-logging\1.49.0\opentelemetry-exporter-logging-1.49.0.jar;C:\Users\shend\.m2\repository\io\opentelemetry\opentelemetry-sdk-common\1.49.0\opentelemetry-sdk-common-1.49.0.jar;C:\Users\shend\.m2\repository\io\opentelemetry\opentelemetry-sdk-extension-autoconfigure-spi\1.49.0\opentelemetry-sdk-extension-autoconfigure-spi-1.49.0.jar;C:\Users\shend\.m2\repository\io\opentelemetry\opentelemetry-sdk-extension-autoconfigure\1.49.0\opentelemetry-sdk-extension-autoconfigure-1.49.0.jar;C:\Users\shend\.m2\repository\io\opentelemetry\opentelemetry-sdk-trace\1.49.0\opentelemetry-sdk-trace-1.49.0.jar;C:\Users\shend\.m2\repository\io\opentelemetry\opentelemetry-sdk\1.49.0\opentelemetry-sdk-1.49.0.jar;C:\Users\shend\.m2\repository\io\opentelemetry\opentelemetry-sdk-metrics\1.49.0\opentelemetry-sdk-metrics-1.49.0.jar;C:\Users\shend\.m2\repository\io\opentelemetry\opentelemetry-sdk-logs\1.49.0\opentelemetry-sdk-logs-1.49.0.jar;C:\Users\shend\.m2\repository\net\bytebuddy\byte-buddy\1.17.5\byte-buddy-1.17.5.jar;C:\Users\shend\.m2\repository\org\seleniumhq\selenium\selenium-os\4.32.0\selenium-os-4.32.0.jar;C:\Users\shend\.m2\repository\org\apache\commons\commons-exec\1.4.0\commons-exec-1.4.0.jar;C:\Users\shend\.m2\repository\org\seleniumhq\selenium\selenium-safari-driver\4.32.0\selenium-safari-driver-4.32.0.jar;C:\Users\shend\.m2\repository\org\seleniumhq\selenium\selenium-support\4.32.0\selenium-support-4.32.0.jar;C:\Users\shend\.m2\repository\io\github\bonigarcia\webdrivermanager\5.9.2\webdrivermanager-5.9.2.jar;C:\Users\shend\.m2\repository\org\slf4j\slf4j-api\2.0.13\slf4j-api-2.0.13.jar;C:\Users\shend\.m2\repository\com\google\code\gson\gson\2.11.0\gson-2.11.0.jar;C:\Users\shend\.m2\repository\com\google\errorprone\error_prone_annotations\2.27.0\error_prone_annotations-2.27.0.jar;C:\Users\shend\.m2\repository\com\github\docker-java\docker-java\3.4.0\docker-java-3.4.0.jar;C:\Users\shend\.m2\repository\com\github\docker-java\docker-java-core\3.4.0\docker-java-core-3.4.0.jar;C:\Users\shend\.m2\repository\com\github\docker-java\docker-java-api\3.4.0\docker-java-api-3.4.0.jar;C:\Users\shend\.m2\repository\com\fasterxml\jackson\core\jackson-annotations\2.10.3\jackson-annotations-2.10.3.jar;C:\Users\shend\.m2\repository\com\fasterxml\jackson\core\jackson-databind\2.10.3\jackson-databind-2.10.3.jar;C:\Users\shend\.m2\repository\com\fasterxml\jackson\core\jackson-core\2.10.3\jackson-core-2.10.3.jar;C:\Users\shend\.m2\repository\org\slf4j\jcl-over-slf4j\1.7.30\jcl-over-slf4j-1.7.30.jar;C:\Users\shend\.m2\repository\com\github\docker-java\docker-java-transport-httpclient5\3.4.0\docker-java-transport-httpclient5-3.4.0.jar;C:\Users\shend\.m2\repository\com\github\docker-java\docker-java-transport\3.4.0\docker-java-transport-3.4.0.jar;C:\Users\shend\.m2\repository\net\java\dev\jna\jna\5.13.0\jna-5.13.0.jar;C:\Users\shend\.m2\repository\org\brotli\dec\0.1.2\dec-0.1.2.jar;C:\Users\shend\.m2\repository\org\apache\commons\commons-lang3\3.15.0\commons-lang3-3.15.0.jar;C:\Users\shend\.m2\repository\org\apache\commons\commons-compress\1.26.2\commons-compress-1.26.2.jar;C:\Users\shend\.m2\repository\commons-codec\commons-codec\1.17.0\commons-codec-1.17.0.jar;C:\Users\shend\.m2\repository\commons-io\commons-io\2.16.1\commons-io-2.16.1.jar;C:\Users\shend\.m2\repository\org\apache\httpcomponents\client5\httpclient5\5.2.1\httpclient5-5.2.1.jar;C:\Users\shend\.m2\repository\org\apache\httpcomponents\core5\httpcore5\5.2\httpcore5-5.2.jar;C:\Users\shend\.m2\repository\org\apache\httpcomponents\core5\httpcore5-h2\5.2\httpcore5-h2-5.2.jar
Launcher Type: SUN_STANDARD

[Global flags]
     intx CICompilerCount                          = 4                                         {product} {ergonomic}
     uint ConcGCThreads                            = 2                                         {product} {ergonomic}
     uint G1ConcRefinementThreads                  = 8                                         {product} {ergonomic}
   size_t G1HeapRegionSize                         = 1048576                                   {product} {ergonomic}
    uintx GCDrainStackTargetSize                   = 64                                        {product} {ergonomic}
   size_t InitialHeapSize                          = 132120576                                 {product} {ergonomic}
   size_t MarkStackSize                            = 4194304                                   {product} {ergonomic}
   size_t MaxHeapSize                              = 2113929216                                {product} {ergonomic}
   size_t MaxNewSize                               = 1267728384                                {product} {ergonomic}
   size_t MinHeapDeltaBytes                        = 1048576                                   {product} {ergonomic}
   size_t MinHeapSize                              = 8388608                                   {product} {ergonomic}
    uintx NonNMethodCodeHeapSize                   = 5839372                                {pd product} {ergonomic}
    uintx NonProfiledCodeHeapSize                  = 122909434                              {pd product} {ergonomic}
    uintx ProfiledCodeHeapSize                     = 122909434                              {pd product} {ergonomic}
    uintx ReservedCodeCacheSize                    = 251658240                              {pd product} {ergonomic}
     bool SegmentedCodeCache                       = true                                      {product} {ergonomic}
     bool ShowCodeDetailsInExceptionMessages       = true                                   {manageable} {command line}
   size_t SoftMaxHeapSize                          = 2113929216                             {manageable} {ergonomic}
     bool UseCompressedOops                        = true                           {product lp64_product} {ergonomic}
     bool UseG1GC                                  = true                                      {product} {ergonomic}
     bool UseLargePagesIndividualAllocation        = false                                  {pd product} {ergonomic}

Logging:
Log output configuration:
 #0: stdout all=warning uptime,level,tags foldmultilines=false
 #1: stderr all=off uptime,level,tags foldmultilines=false

Environment Variables:
JAVA_HOME=C:\Program Files\Java\jdk-21
PATH=F:\oracle\product\10.2.0\db_6\bin;F:\oracle\product\10.2.0\db_1\bin;C:\Program Files\Common Files\Oracle\Java\javapath;C:\Program Files\Java\jdk-21\bin;C:\Users\shend\anaconda3;C:\Users\shend\anaconda3\Library\mingw-w64\bin;C:\Users\shend\anaconda3\Library\usr\bin;C:\Users\shend\anaconda3\Library\bin;C:\Users\shend\anaconda3\Scripts;C:\Users\shend\AppData\Local\Programs\Python\Python312\Scripts\;C:\Users\shend\AppData\Local\Programs\Python\Python312\;C:\Users\shend\AppData\Local\Programs\Python\Launcher\;C:\Users\shend\AppData\Local\Microsoft\WindowsApps;C:\Users\shend\AppData\Local\Programs\Microsoft VS Code\bin
USERNAME=shend
OS=Windows_NT
PROCESSOR_IDENTIFIER=Intel64 Family 6 Model 158 Stepping 10, GenuineIntel
TMP=C:\Users\shend\AppData\Local\Temp
TEMP=C:\Users\shend\AppData\Local\Temp




Periodic native trim disabled

---------------  S Y S T E M  ---------------

OS:
 Windows 11 , 64 bit Build 22621 (10.0.22621.5415)
OS uptime: 6 days 13:36 hours

CPU: total 8 (initial active 8) (4 cores per cpu, 2 threads per core) family 6 model 158 stepping 10 microcode 0xec, cx8, cmov, fxsr, ht, mmx, 3dnowpref, sse, sse2, sse3, ssse3, sse4.1, sse4.2, popcnt, lzcnt, tsc, tscinvbit, avx, avx2, aes, erms, clmul, bmi1, bmi2, adx, fma, vzeroupper, clflush, clflushopt, rdtscp, f16c
Processor Information for all 8 processors :
  Max Mhz: 2400, Current Mhz: 2400, Mhz Limit: 2400

Memory: 4k page, system-wide physical 8063M (909M free)
TotalPageFile size 12142M (AvailPageFile size 3M)
current process WorkingSet (physical memory assigned to process): 128M, peak: 128M
current process commit charge ("private bytes"): 252M, peak: 252M

vm_info: Java HotSpot(TM) 64-Bit Server VM (21.0.4+8-LTS-274) for windows-amd64 JRE (21.0.4+8-LTS-274), built on 2024-06-05T05:23:33Z by "mach5one" with MS VC++ 17.6 (VS2022)

END.
