#
# There is insufficient memory for the Java Runtime Environment to continue.
# Native memory allocation (mmap) failed to map 65536 bytes for Failed to commit metaspace.
# Possible reasons:
#   The system is out of physical RAM or swap space
#   The process is running with CompressedOops enabled, and the Java Heap may be blocking the growth of the native heap
# Possible solutions:
#   Reduce memory load on the system
#   Increase physical memory or swap space
#   Check if swap backing store is full
#   Decrease Java heap size (-Xmx/-Xms)
#   Decrease number of Java threads
#   Decrease Java thread stack sizes (-Xss)
#   Set larger code cache with -XX:ReservedCodeCacheSize=
#   JVM is running with Unscaled Compressed Oops mode in which the Java heap is
#     placed in the first 4GB address space. The Java Heap base address is the
#     maximum limit for the native heap growth. Please use -XX:HeapBaseMinAddress
#     to set the Java Heap base and to place the Java Heap above 4GB virtual address.
# This output file may be truncated or incomplete.
#
#  Out of Memory Error (virtualSpaceNode.cpp:112), pid=23784, tid=25124
#
# JRE version: Java(TM) SE Runtime Environment (21.0.4+8) (build 21.0.4+8-LTS-274)
# Java VM: Java HotSpot(TM) 64-Bit Server VM (21.0.4+8-LTS-274, mixed mode, sharing, tiered, compressed oops, compressed class ptrs, g1 gc, windows-amd64)
# No core dump will be written. Minidumps are not enabled by default on client versions of Windows
#

---------------  S U M M A R Y ------------

Command Line: -Dfile.encoding=UTF-8 -Dstdout.encoding=UTF-8 -Dstderr.encoding=UTF-8 -XX:+ShowCodeDetailsInExceptionMessages DataDriven_Testing.ReadingDataFromProperties

Host: Intel(R) Core(TM) i5-9300H CPU @ 2.40GHz, 8 cores, 7G,  Windows 11 , 64 bit Build 22621 (10.0.22621.5415)
Time: Mon Oct 27 16:31:26 2025 India Standard Time elapsed time: 8.324509 seconds (0d 0h 0m 8s)

---------------  T H R E A D  ---------------

Current thread (0x000002a974fa6990):  JavaThread "JdkHttpClient-0-1" daemon [_thread_in_vm, id=25124, stack(0x000000be1e700000,0x000000be1e800000) (1024K)]

Stack: [0x000000be1e700000,0x000000be1e800000]
Native frames: (J=compiled Java code, j=interpreted, Vv=VM code, C=native code)
V  [jvm.dll+0x6c8e59]
V  [jvm.dll+0x853181]
V  [jvm.dll+0x8556ae]
V  [jvm.dll+0x855d83]
V  [jvm.dll+0x27d526]
V  [jvm.dll+0x84edae]
V  [jvm.dll+0x66cc05]
V  [jvm.dll+0x66cc6a]
V  [jvm.dll+0x66f485]
V  [jvm.dll+0x66f352]
V  [jvm.dll+0x66d5de]
V  [jvm.dll+0x268d30]
V  [jvm.dll+0x2151f7]
V  [jvm.dll+0x20ab4e]
V  [jvm.dll+0x5ac19c]
V  [jvm.dll+0x21c2ea]
V  [jvm.dll+0x7ccb1c]
V  [jvm.dll+0x7cdb44]
V  [jvm.dll+0x7ce330]
V  [jvm.dll+0x212e2b]
V  [jvm.dll+0x2155fe]
V  [jvm.dll+0x20ab4e]
V  [jvm.dll+0x5ac19c]
V  [jvm.dll+0x21c2ea]
V  [jvm.dll+0x7ccb1c]
V  [jvm.dll+0x7cdb44]
V  [jvm.dll+0x7ce330]
V  [jvm.dll+0x215aac]
V  [jvm.dll+0x20ab67]
V  [jvm.dll+0x5ac19c]
V  [jvm.dll+0x21c2ea]
V  [jvm.dll+0x7ccb1c]
V  [jvm.dll+0x7cdb44]
V  [jvm.dll+0x7ce330]
V  [jvm.dll+0x215aac]
V  [jvm.dll+0x20ab67]
V  [jvm.dll+0x5ac19c]
V  [jvm.dll+0x21c2ea]
V  [jvm.dll+0x7ccb1c]
V  [jvm.dll+0x7cdb44]
V  [jvm.dll+0x7ce112]
V  [jvm.dll+0x7cdd98]
V  [jvm.dll+0x26b38b]
V  [jvm.dll+0x3d1a3e]
C  0x000002a921c2a93f

The last pc belongs to new (printed below).
Java frames: (J=compiled Java code, j=interpreted, Vv=VM code)
j  java.util.stream.ReferencePipeline.mapToLong(Ljava/util/function/ToLongFunction;)Ljava/util/stream/LongStream;+5 java.base@21.0.4
j  java.net.http.HttpHeaders.firstValueAsLong(Ljava/lang/String;)Ljava/util/OptionalLong;+15 java.net.http@21.0.4
j  jdk.internal.net.http.Http1Response.readBody(Ljava/net/http/HttpResponse$BodySubscriber;ZLjava/util/concurrent/Executor;)Ljava/util/concurrent/CompletableFuture;+130 java.net.http@21.0.4
j  jdk.internal.net.http.Http1Exchange.readBodyAsync(Ljava/net/http/HttpResponse$BodyHandler;ZLjava/util/concurrent/Executor;)Ljava/util/concurrent/CompletableFuture;+43 java.net.http@21.0.4
j  jdk.internal.net.http.Exchange.readBodyAsync(Ljava/net/http/HttpResponse$BodyHandler;)Ljava/util/concurrent/CompletableFuture;+36 java.net.http@21.0.4
j  jdk.internal.net.http.MultiExchange.lambda$responseAsync0$4(Ljdk/internal/net/http/Response;)Ljava/util/concurrent/CompletionStage;+53 java.net.http@21.0.4
j  jdk.internal.net.http.MultiExchange$$Lambda+0x000002a930125e38.apply(Ljava/lang/Object;)Ljava/lang/Object;+8 java.net.http@21.0.4
j  java.util.concurrent.CompletableFuture$UniCompose.tryFire(I)Ljava/util/concurrent/CompletableFuture;+105 java.base@21.0.4
j  java.util.concurrent.CompletableFuture.postComplete()V+76 java.base@21.0.4
j  java.util.concurrent.CompletableFuture.postFire(Ljava/util/concurrent/CompletableFuture;I)Ljava/util/concurrent/CompletableFuture;+64 java.base@21.0.4
j  java.util.concurrent.CompletableFuture$UniApply.tryFire(I)Ljava/util/concurrent/CompletableFuture;+145 java.base@21.0.4
j  java.util.concurrent.CompletableFuture$Completion.run()V+2 java.base@21.0.4
j  jdk.internal.net.http.HttpClientImpl$DelegatingExecutor.execute(Ljava/lang/Runnable;)V+21 java.net.http@21.0.4
j  java.util.concurrent.CompletableFuture$UniCompletion.claim()Z+27 java.base@21.0.4
j  java.util.concurrent.CompletableFuture$UniApply.tryFire(I)Ljava/util/concurrent/CompletableFuture;+89 java.base@21.0.4
j  java.util.concurrent.CompletableFuture.postComplete()V+76 java.base@21.0.4
j  java.util.concurrent.CompletableFuture.complete(Ljava/lang/Object;)Z+7 java.base@21.0.4
j  jdk.internal.net.http.Http1Response$HeadersReader.handle(Ljava/nio/ByteBuffer;Ljdk/internal/net/http/Http1HeaderParser;Ljava/util/concurrent/CompletableFuture;)V+168 java.net.http@21.0.4
j  jdk.internal.net.http.Http1Response$HeadersReader.handle(Ljava/nio/ByteBuffer;Ljava/lang/Object;Ljava/util/concurrent/CompletableFuture;)V+7 java.net.http@21.0.4
j  jdk.internal.net.http.Http1Response$Receiver.accept(Ljava/nio/ByteBuffer;Ljava/lang/Object;Ljava/util/concurrent/CompletableFuture;)Z+21 java.net.http@21.0.4
j  jdk.internal.net.http.Http1Response$HeadersReader.tryAsyncReceive(Ljava/nio/ByteBuffer;)Z+39 java.net.http@21.0.4
j  jdk.internal.net.http.Http1AsyncReceiver.flush()V+198 java.net.http@21.0.4
j  jdk.internal.net.http.Http1AsyncReceiver$$Lambda+0x000002a930133728.run()V+4 java.net.http@21.0.4
j  jdk.internal.net.http.common.SequentialScheduler$LockingRestartableTask.run()V+34 java.net.http@21.0.4
j  jdk.internal.net.http.common.SequentialScheduler$CompleteRestartableTask.run(Ljdk/internal/net/http/common/SequentialScheduler$DeferredCompleter;)V+1 java.net.http@21.0.4
j  jdk.internal.net.http.common.SequentialScheduler$SchedulableTask.run()V+14 java.net.http@21.0.4
j  java.util.concurrent.ThreadPoolExecutor.runWorker(Ljava/util/concurrent/ThreadPoolExecutor$Worker;)V+92 java.base@21.0.4
j  java.util.concurrent.ThreadPoolExecutor$Worker.run()V+5 java.base@21.0.4
j  java.lang.Thread.runWith(Ljava/lang/Object;Ljava/lang/Runnable;)V+5 java.base@21.0.4
j  java.lang.Thread.run()V+19 java.base@21.0.4
v  ~StubRoutines::call_stub 0x000002a921c1100d
new  187 new  [0x000002a921c2a7c0, 0x000002a921c2a9c8]  520 bytes
[MachCode]
  0x000002a921c2a7c0: 4883 ec08 | c5fa 1104 | 24eb 1f48 | 83ec 10c5 | fb11 0424 | eb14 4883 | ec10 4889 | 0424 48c7 
  0x000002a921c2a7e0: 4424 0800 | 0000 00eb | 0150 410f | b755 010f | cac1 ea10 | 488b 4de8 | 488b 4908 | 488b 4908 
  0x000002a921c2a800: 488b 4108 | 807c 1004 | 070f 85d3 | 0000 0066 | 8b54 d148 | 488b 4928 | 488b 4cd1 | 0851 80b9 
  0x000002a921c2a820: 2001 0000 | 050f 85b6 | 0000 008b | 5108 f6c2 | 010f 85aa | 0000 0049 | 8b87 b801 | 0000 488d 
  0x000002a921c2a840: 1c10 493b | 9fc8 0100 | 000f 8792 | 0000 0049 | 899f b801 | 0000 4883 | ea10 0f84 | 0f00 0000 
  0x000002a921c2a860: 33c9 c1ea | 0348 894c | d008 48ff | ca75 f648 | c700 0100 | 0000 5933 | f689 700c | 49ba 0000 
  0x000002a921c2a880: 002f a902 | 0000 492b | ca89 4808 | 49ba e1f7 | eb8b fe7f | 0000 4180 | 3a00 0f84 | 3c00 0000 
  0x000002a921c2a8a0: 5048 8bc8 | 4883 ec20 | 40f6 c40f | 0f84 1900 | 0000 4883 | ec08 48b8 | 10ed 9c8b | fe7f 0000 
  0x000002a921c2a8c0: ffd0 4883 | c408 e90c | 0000 0048 | b810 ed9c | 8bfe 7f00 | 00ff d048 | 83c4 2058 | e9cb 0000 
  0x000002a921c2a8e0: 0059 488b | 55e8 488b | 5208 488b | 5208 450f | b745 0141 | 0fc8 41c1 | e810 e805 | 0000 00e9 
  0x000002a921c2a900: a800 0000 | 488d 4424 | 084c 896d | c049 8bcf | c5f8 7749 | 89af a803 | 0000 4989 | 8798 0300 
  0x000002a921c2a920: 0048 83ec | 2040 f6c4 | 0f0f 8419 | 0000 0048 | 83ec 0848 | b8f0 1967 | 8bfe 7f00 | 00ff d048 
  0x000002a921c2a940: 83c4 08e9 | 0c00 0000 | 48b8 f019 | 678b fe7f | 0000 ffd0 | 4883 c420 | 49c7 8798 | 0300 0000 
  0x000002a921c2a960: 0000 0049 | c787 a803 | 0000 0000 | 0000 49c7 | 87a0 0300 | 0000 0000 | 00c5 f877 | 4983 7f08 
  0x000002a921c2a980: 000f 8405 | 0000 00e9 | 7465 feff | 498b 87f0 | 0300 0049 | c787 f003 | 0000 0000 | 0000 4c8b 
  0x000002a921c2a9a0: 6dc0 4c8b | 75c8 4e8d | 74f5 00c3 | 410f b65d | 0349 83c5 | 0349 ba10 | bcee 8bfe | 7f00 0041 
  0x000002a921c2a9c0: ff24 da0f | 1f44 0000 
[/MachCode]

---------------  P R O C E S S  ---------------

Threads class SMR info:
_java_thread_list=0x000002a974b52570, length=23, elements={
0x000002a90ffa59a0, 0x000002a92eba9910, 0x000002a92ebac580, 0x000002a92ebadc60,
0x000002a92ebaec20, 0x000002a92ebb1840, 0x000002a92ebb2580, 0x000002a92ebc6490,
0x000002a92ebef240, 0x000002a97418c040, 0x000002a9741693c0, 0x000002a974652660,
0x000002a974beca70, 0x000002a974ba4950, 0x000002a974bed7e0, 0x000002a974b8bac0,
0x000002a974b90950, 0x000002a97498fa40, 0x000002a974fa8a60, 0x000002a974fa90f0,
0x000002a974fa6990, 0x000002a974fa6300, 0x000002a974fa7020
}

Java Threads: ( => current thread )
  0x000002a90ffa59a0 JavaThread "Forwarding newSession on session null to remote"        [_thread_blocked, id=6952, stack(0x000000be1c400000,0x000000be1c500000) (1024K)]
  0x000002a92eba9910 JavaThread "Reference Handler"          daemon [_thread_blocked, id=7728, stack(0x000000be1cc00000,0x000000be1cd00000) (1024K)]
  0x000002a92ebac580 JavaThread "Finalizer"                  daemon [_thread_blocked, id=18388, stack(0x000000be1cd00000,0x000000be1ce00000) (1024K)]
  0x000002a92ebadc60 JavaThread "Signal Dispatcher"          daemon [_thread_blocked, id=6216, stack(0x000000be1ce00000,0x000000be1cf00000) (1024K)]
  0x000002a92ebaec20 JavaThread "Attach Listener"            daemon [_thread_blocked, id=604, stack(0x000000be1cf00000,0x000000be1d000000) (1024K)]
  0x000002a92ebb1840 JavaThread "Service Thread"             daemon [_thread_blocked, id=13980, stack(0x000000be1d000000,0x000000be1d100000) (1024K)]
  0x000002a92ebb2580 JavaThread "Monitor Deflation Thread"   daemon [_thread_blocked, id=1752, stack(0x000000be1d100000,0x000000be1d200000) (1024K)]
  0x000002a92ebc6490 JavaThread "C2 CompilerThread0"         daemon [_thread_blocked, id=6388, stack(0x000000be1d200000,0x000000be1d300000) (1024K)]
  0x000002a92ebef240 JavaThread "C1 CompilerThread0"         daemon [_thread_blocked, id=18420, stack(0x000000be1d300000,0x000000be1d400000) (1024K)]
  0x000002a97418c040 JavaThread "Notification Thread"        daemon [_thread_blocked, id=8584, stack(0x000000be1d400000,0x000000be1d500000) (1024K)]
  0x000002a9741693c0 JavaThread "Common-Cleaner"             daemon [_thread_blocked, id=17044, stack(0x000000be1d500000,0x000000be1d600000) (1024K)]
  0x000002a974652660 JavaThread "ForkJoinPool.commonPool-worker-1" daemon [_thread_blocked, id=22760, stack(0x000000be1d600000,0x000000be1d700000) (1024K)]
  0x000002a974beca70 JavaThread "HttpClient-1-SelectorManager" daemon [_thread_in_native, id=22576, stack(0x000000be1d800000,0x000000be1d900000) (1024K)]
  0x000002a974ba4950 JavaThread "External Process Output Forwarder - C:\Users\shend\.cache\selenium\chromedriver\win64\141.0.7390.122\chromedriver.exe" daemon [_thread_in_native, id=18980, stack(0x000000be1d900000,0x000000be1da00000) (1024K)]
  0x000002a974bed7e0 JavaThread "Driver Service Executor"    daemon [_thread_blocked, id=17124, stack(0x000000be1da00000,0x000000be1db00000) (1024K)]
  0x000002a974b8bac0 JavaThread "Driver Service Executor"    daemon [_thread_in_native, id=21296, stack(0x000000be1db00000,0x000000be1dc00000) (1024K)]
  0x000002a974b90950 JavaThread "UrlChecker-2"               daemon [_thread_blocked, id=7420, stack(0x000000be1dc00000,0x000000be1dd00000) (1024K)]
  0x000002a97498fa40 JavaThread "Keep-Alive-Timer"           daemon [_thread_blocked, id=21108, stack(0x000000be1d700000,0x000000be1d800000) (1024K)]
  0x000002a974fa8a60 JavaThread "JdkHttpClient-0-0"          daemon [_thread_blocked, id=8188, stack(0x000000be1e500000,0x000000be1e600000) (1024K)]
  0x000002a974fa90f0 JavaThread "CompletableFutureDelayScheduler" daemon [_thread_blocked, id=24572, stack(0x000000be1e600000,0x000000be1e700000) (1024K)]
=>0x000002a974fa6990 JavaThread "JdkHttpClient-0-1"          daemon [_thread_in_vm, id=25124, stack(0x000000be1e700000,0x000000be1e800000) (1024K)]
  0x000002a974fa6300 JavaThread "JdkHttpClient-0-2"          daemon [_thread_blocked, id=17824, stack(0x000000be1e800000,0x000000be1e900000) (1024K)]
  0x000002a974fa7020 JavaThread "JdkHttpClient-0-3"          daemon [_thread_blocked, id=13584, stack(0x000000be1e900000,0x000000be1ea00000) (1024K)]
Total: 23

Other Threads:
  0x000002a92eb8eb70 VMThread "VM Thread"                           [id=9756, stack(0x000000be1cb00000,0x000000be1cc00000) (1024K)]
  0x000002a92eb78a10 WatcherThread "VM Periodic Task Thread"        [id=17448, stack(0x000000be1ca00000,0x000000be1cb00000) (1024K)]
  0x000002a9122c6530 WorkerThread "GC Thread#0"                     [id=20932, stack(0x000000be1c500000,0x000000be1c600000) (1024K)]
  0x000002a974f540a0 WorkerThread "GC Thread#1"                     [id=21760, stack(0x000000be1de00000,0x000000be1df00000) (1024K)]
  0x000002a974f54440 WorkerThread "GC Thread#2"                     [id=11152, stack(0x000000be1df00000,0x000000be1e000000) (1024K)]
  0x000002a974f861c0 WorkerThread "GC Thread#3"                     [id=21120, stack(0x000000be1e000000,0x000000be1e100000) (1024K)]
  0x000002a974f913f0 WorkerThread "GC Thread#4"                     [id=21444, stack(0x000000be1e100000,0x000000be1e200000) (1024K)]
  0x000002a974f957a0 WorkerThread "GC Thread#5"                     [id=18172, stack(0x000000be1e200000,0x000000be1e300000) (1024K)]
  0x000002a974f9db50 WorkerThread "GC Thread#6"                     [id=22724, stack(0x000000be1e300000,0x000000be1e400000) (1024K)]
  0x000002a974f9def0 WorkerThread "GC Thread#7"                     [id=24012, stack(0x000000be1e400000,0x000000be1e500000) (1024K)]
  0x000002a9122d7110 ConcurrentGCThread "G1 Main Marker"            [id=10384, stack(0x000000be1c600000,0x000000be1c700000) (1024K)]
  0x000002a9122d8560 WorkerThread "G1 Conc#0"                       [id=11548, stack(0x000000be1c700000,0x000000be1c800000) (1024K)]
  0x000002a91232e880 ConcurrentGCThread "G1 Refine#0"               [id=25052, stack(0x000000be1c800000,0x000000be1c900000) (1024K)]
  0x000002a92ea466f0 ConcurrentGCThread "G1 Service"                [id=5548, stack(0x000000be1c900000,0x000000be1ca00000) (1024K)]
Total: 14

Threads with active compile tasks:
Total: 0

VM state: not at safepoint (normal execution)

VM Mutex/Monitor currently owned by a thread:  ([mutex/lock_event])
[0x00007ffe8bed5e18] Metaspace_lock - owner thread: 0x000002a974fa6990

Heap address: 0x0000000082000000, size: 2016 MB, Compressed Oops mode: 32-bit

CDS archive(s) mapped at: [0x000002a92f000000-0x000002a92fc90000-0x000002a92fc90000), size 13172736, SharedBaseAddress: 0x000002a92f000000, ArchiveRelocationMode: 1.
Compressed class space mapped at: 0x000002a930000000-0x000002a970000000, reserved size: 1073741824
Narrow klass base: 0x000002a92f000000, Narrow klass shift: 0, Narrow klass range: 0x100000000

GC Precious Log:
 CardTable entry size: 512
 Card Set container configuration: InlinePtr #cards 5 size 8 Array Of Cards #cards 12 size 40 Howl #buckets 4 coarsen threshold 1843 Howl Bitmap #cards 512 size 80 coarsen threshold 460 Card regions per heap region 1 cards per card region 2048
 CPUs: 8 total, 8 available
 Memory: 8063M
 Large Page Support: Disabled
 NUMA Support: Disabled
 Compressed Oops: Enabled (32-bit)
 Heap Region Size: 1M
 Heap Min Capacity: 8M
 Heap Initial Capacity: 126M
 Heap Max Capacity: 2016M
 Pre-touch: Disabled
 Parallel Workers: 8
 Concurrent Workers: 2
 Concurrent Refinement Workers: 8
 Periodic GC: Disabled

Heap:
 garbage-first heap   total 129024K, used 8746K [0x0000000082000000, 0x0000000100000000)
  region size 1024K, 6 young (6144K), 3 survivors (3072K)
 Metaspace       used 10797K, committed 11072K, reserved 1114112K
  class space    used 1280K, committed 1408K, reserved 1048576K

Heap Regions: E=young(eden), S=young(survivor), O=old, HS=humongous(starts), HC=humongous(continues), CS=collection set, F=free, TAMS=top-at-mark-start, PB=parsable bottom
|   0|0x0000000082000000, 0x0000000082100000, 0x0000000082100000|100%|HS|  |TAMS 0x0000000082000000| PB 0x0000000082000000| Complete 
|   1|0x0000000082100000, 0x0000000082200000, 0x0000000082200000|100%| O|  |TAMS 0x0000000082100000| PB 0x0000000082100000| Untracked 
|   2|0x0000000082200000, 0x0000000082300000, 0x0000000082300000|100%| O|  |TAMS 0x0000000082200000| PB 0x0000000082200000| Untracked 
|   3|0x0000000082300000, 0x000000008238aa20, 0x0000000082400000| 54%| O|  |TAMS 0x0000000082300000| PB 0x0000000082300000| Untracked 
|   4|0x0000000082400000, 0x0000000082400000, 0x0000000082500000|  0%| F|  |TAMS 0x0000000082400000| PB 0x0000000082400000| Untracked 
|   5|0x0000000082500000, 0x0000000082500000, 0x0000000082600000|  0%| F|  |TAMS 0x0000000082500000| PB 0x0000000082500000| Untracked 
|   6|0x0000000082600000, 0x0000000082600000, 0x0000000082700000|  0%| F|  |TAMS 0x0000000082600000| PB 0x0000000082600000| Untracked 
|   7|0x0000000082700000, 0x0000000082700000, 0x0000000082800000|  0%| F|  |TAMS 0x0000000082700000| PB 0x0000000082700000| Untracked 
|   8|0x0000000082800000, 0x0000000082800000, 0x0000000082900000|  0%| F|  |TAMS 0x0000000082800000| PB 0x0000000082800000| Untracked 
|   9|0x0000000082900000, 0x0000000082900000, 0x0000000082a00000|  0%| F|  |TAMS 0x0000000082900000| PB 0x0000000082900000| Untracked 
|  10|0x0000000082a00000, 0x0000000082a00000, 0x0000000082b00000|  0%| F|  |TAMS 0x0000000082a00000| PB 0x0000000082a00000| Untracked 
|  11|0x0000000082b00000, 0x0000000082b00000, 0x0000000082c00000|  0%| F|  |TAMS 0x0000000082b00000| PB 0x0000000082b00000| Untracked 
|  12|0x0000000082c00000, 0x0000000082c00000, 0x0000000082d00000|  0%| F|  |TAMS 0x0000000082c00000| PB 0x0000000082c00000| Untracked 
|  13|0x0000000082d00000, 0x0000000082d00000, 0x0000000082e00000|  0%| F|  |TAMS 0x0000000082d00000| PB 0x0000000082d00000| Untracked 
|  14|0x0000000082e00000, 0x0000000082e00000, 0x0000000082f00000|  0%| F|  |TAMS 0x0000000082e00000| PB 0x0000000082e00000| Untracked 
|  15|0x0000000082f00000, 0x0000000082f00000, 0x0000000083000000|  0%| F|  |TAMS 0x0000000082f00000| PB 0x0000000082f00000| Untracked 
|  16|0x0000000083000000, 0x0000000083000000, 0x0000000083100000|  0%| F|  |TAMS 0x0000000083000000| PB 0x0000000083000000| Untracked 
|  17|0x0000000083100000, 0x0000000083100000, 0x0000000083200000|  0%| F|  |TAMS 0x0000000083100000| PB 0x0000000083100000| Untracked 
|  18|0x0000000083200000, 0x0000000083200000, 0x0000000083300000|  0%| F|  |TAMS 0x0000000083200000| PB 0x0000000083200000| Untracked 
|  19|0x0000000083300000, 0x0000000083300000, 0x0000000083400000|  0%| F|  |TAMS 0x0000000083300000| PB 0x0000000083300000| Untracked 
|  20|0x0000000083400000, 0x0000000083400000, 0x0000000083500000|  0%| F|  |TAMS 0x0000000083400000| PB 0x0000000083400000| Untracked 
|  21|0x0000000083500000, 0x0000000083500000, 0x0000000083600000|  0%| F|  |TAMS 0x0000000083500000| PB 0x0000000083500000| Untracked 
|  22|0x0000000083600000, 0x0000000083600000, 0x0000000083700000|  0%| F|  |TAMS 0x0000000083600000| PB 0x0000000083600000| Untracked 
|  23|0x0000000083700000, 0x0000000083700000, 0x0000000083800000|  0%| F|  |TAMS 0x0000000083700000| PB 0x0000000083700000| Untracked 
|  24|0x0000000083800000, 0x0000000083800000, 0x0000000083900000|  0%| F|  |TAMS 0x0000000083800000| PB 0x0000000083800000| Untracked 
|  25|0x0000000083900000, 0x0000000083900000, 0x0000000083a00000|  0%| F|  |TAMS 0x0000000083900000| PB 0x0000000083900000| Untracked 
|  26|0x0000000083a00000, 0x0000000083a00000, 0x0000000083b00000|  0%| F|  |TAMS 0x0000000083a00000| PB 0x0000000083a00000| Untracked 
|  27|0x0000000083b00000, 0x0000000083b00000, 0x0000000083c00000|  0%| F|  |TAMS 0x0000000083b00000| PB 0x0000000083b00000| Untracked 
|  28|0x0000000083c00000, 0x0000000083c00000, 0x0000000083d00000|  0%| F|  |TAMS 0x0000000083c00000| PB 0x0000000083c00000| Untracked 
|  29|0x0000000083d00000, 0x0000000083d00000, 0x0000000083e00000|  0%| F|  |TAMS 0x0000000083d00000| PB 0x0000000083d00000| Untracked 
|  30|0x0000000083e00000, 0x0000000083e00000, 0x0000000083f00000|  0%| F|  |TAMS 0x0000000083e00000| PB 0x0000000083e00000| Untracked 
|  31|0x0000000083f00000, 0x0000000083f00000, 0x0000000084000000|  0%| F|  |TAMS 0x0000000083f00000| PB 0x0000000083f00000| Untracked 
|  32|0x0000000084000000, 0x0000000084000000, 0x0000000084100000|  0%| F|  |TAMS 0x0000000084000000| PB 0x0000000084000000| Untracked 
|  33|0x0000000084100000, 0x0000000084100000, 0x0000000084200000|  0%| F|  |TAMS 0x0000000084100000| PB 0x0000000084100000| Untracked 
|  34|0x0000000084200000, 0x0000000084200000, 0x0000000084300000|  0%| F|  |TAMS 0x0000000084200000| PB 0x0000000084200000| Untracked 
|  35|0x0000000084300000, 0x0000000084300000, 0x0000000084400000|  0%| F|  |TAMS 0x0000000084300000| PB 0x0000000084300000| Untracked 
|  36|0x0000000084400000, 0x0000000084400000, 0x0000000084500000|  0%| F|  |TAMS 0x0000000084400000| PB 0x0000000084400000| Untracked 
|  37|0x0000000084500000, 0x0000000084500000, 0x0000000084600000|  0%| F|  |TAMS 0x0000000084500000| PB 0x0000000084500000| Untracked 
|  38|0x0000000084600000, 0x0000000084600000, 0x0000000084700000|  0%| F|  |TAMS 0x0000000084600000| PB 0x0000000084600000| Untracked 
|  39|0x0000000084700000, 0x0000000084700000, 0x0000000084800000|  0%| F|  |TAMS 0x0000000084700000| PB 0x0000000084700000| Untracked 
|  40|0x0000000084800000, 0x0000000084800000, 0x0000000084900000|  0%| F|  |TAMS 0x0000000084800000| PB 0x0000000084800000| Untracked 
|  41|0x0000000084900000, 0x0000000084900000, 0x0000000084a00000|  0%| F|  |TAMS 0x0000000084900000| PB 0x0000000084900000| Untracked 
|  42|0x0000000084a00000, 0x0000000084a00000, 0x0000000084b00000|  0%| F|  |TAMS 0x0000000084a00000| PB 0x0000000084a00000| Untracked 
|  43|0x0000000084b00000, 0x0000000084b00000, 0x0000000084c00000|  0%| F|  |TAMS 0x0000000084b00000| PB 0x0000000084b00000| Untracked 
|  44|0x0000000084c00000, 0x0000000084c00000, 0x0000000084d00000|  0%| F|  |TAMS 0x0000000084c00000| PB 0x0000000084c00000| Untracked 
|  45|0x0000000084d00000, 0x0000000084d00000, 0x0000000084e00000|  0%| F|  |TAMS 0x0000000084d00000| PB 0x0000000084d00000| Untracked 
|  46|0x0000000084e00000, 0x0000000084e00000, 0x0000000084f00000|  0%| F|  |TAMS 0x0000000084e00000| PB 0x0000000084e00000| Untracked 
|  47|0x0000000084f00000, 0x0000000084f00000, 0x0000000085000000|  0%| F|  |TAMS 0x0000000084f00000| PB 0x0000000084f00000| Untracked 
|  48|0x0000000085000000, 0x0000000085000000, 0x0000000085100000|  0%| F|  |TAMS 0x0000000085000000| PB 0x0000000085000000| Untracked 
|  49|0x0000000085100000, 0x0000000085100000, 0x0000000085200000|  0%| F|  |TAMS 0x0000000085100000| PB 0x0000000085100000| Untracked 
|  50|0x0000000085200000, 0x0000000085200000, 0x0000000085300000|  0%| F|  |TAMS 0x0000000085200000| PB 0x0000000085200000| Untracked 
|  51|0x0000000085300000, 0x0000000085300000, 0x0000000085400000|  0%| F|  |TAMS 0x0000000085300000| PB 0x0000000085300000| Untracked 
|  52|0x0000000085400000, 0x0000000085400000, 0x0000000085500000|  0%| F|  |TAMS 0x0000000085400000| PB 0x0000000085400000| Untracked 
|  53|0x0000000085500000, 0x0000000085500000, 0x0000000085600000|  0%| F|  |TAMS 0x0000000085500000| PB 0x0000000085500000| Untracked 
|  54|0x0000000085600000, 0x0000000085600000, 0x0000000085700000|  0%| F|  |TAMS 0x0000000085600000| PB 0x0000000085600000| Untracked 
|  55|0x0000000085700000, 0x0000000085700000, 0x0000000085800000|  0%| F|  |TAMS 0x0000000085700000| PB 0x0000000085700000| Untracked 
|  56|0x0000000085800000, 0x0000000085800000, 0x0000000085900000|  0%| F|  |TAMS 0x0000000085800000| PB 0x0000000085800000| Untracked 
|  57|0x0000000085900000, 0x0000000085900000, 0x0000000085a00000|  0%| F|  |TAMS 0x0000000085900000| PB 0x0000000085900000| Untracked 
|  58|0x0000000085a00000, 0x0000000085a00000, 0x0000000085b00000|  0%| F|  |TAMS 0x0000000085a00000| PB 0x0000000085a00000| Untracked 
|  59|0x0000000085b00000, 0x0000000085b00000, 0x0000000085c00000|  0%| F|  |TAMS 0x0000000085b00000| PB 0x0000000085b00000| Untracked 
|  60|0x0000000085c00000, 0x0000000085c00000, 0x0000000085d00000|  0%| F|  |TAMS 0x0000000085c00000| PB 0x0000000085c00000| Untracked 
|  61|0x0000000085d00000, 0x0000000085d00000, 0x0000000085e00000|  0%| F|  |TAMS 0x0000000085d00000| PB 0x0000000085d00000| Untracked 
|  62|0x0000000085e00000, 0x0000000085e00000, 0x0000000085f00000|  0%| F|  |TAMS 0x0000000085e00000| PB 0x0000000085e00000| Untracked 
|  63|0x0000000085f00000, 0x0000000085f00000, 0x0000000086000000|  0%| F|  |TAMS 0x0000000085f00000| PB 0x0000000085f00000| Untracked 
|  64|0x0000000086000000, 0x0000000086000000, 0x0000000086100000|  0%| F|  |TAMS 0x0000000086000000| PB 0x0000000086000000| Untracked 
|  65|0x0000000086100000, 0x0000000086100000, 0x0000000086200000|  0%| F|  |TAMS 0x0000000086100000| PB 0x0000000086100000| Untracked 
|  66|0x0000000086200000, 0x0000000086200000, 0x0000000086300000|  0%| F|  |TAMS 0x0000000086200000| PB 0x0000000086200000| Untracked 
|  67|0x0000000086300000, 0x0000000086300000, 0x0000000086400000|  0%| F|  |TAMS 0x0000000086300000| PB 0x0000000086300000| Untracked 
|  68|0x0000000086400000, 0x0000000086400000, 0x0000000086500000|  0%| F|  |TAMS 0x0000000086400000| PB 0x0000000086400000| Untracked 
|  69|0x0000000086500000, 0x0000000086500000, 0x0000000086600000|  0%| F|  |TAMS 0x0000000086500000| PB 0x0000000086500000| Untracked 
|  70|0x0000000086600000, 0x0000000086600000, 0x0000000086700000|  0%| F|  |TAMS 0x0000000086600000| PB 0x0000000086600000| Untracked 
|  71|0x0000000086700000, 0x0000000086700000, 0x0000000086800000|  0%| F|  |TAMS 0x0000000086700000| PB 0x0000000086700000| Untracked 
|  72|0x0000000086800000, 0x0000000086800000, 0x0000000086900000|  0%| F|  |TAMS 0x0000000086800000| PB 0x0000000086800000| Untracked 
|  73|0x0000000086900000, 0x0000000086900000, 0x0000000086a00000|  0%| F|  |TAMS 0x0000000086900000| PB 0x0000000086900000| Untracked 
|  74|0x0000000086a00000, 0x0000000086a00000, 0x0000000086b00000|  0%| F|  |TAMS 0x0000000086a00000| PB 0x0000000086a00000| Untracked 
|  75|0x0000000086b00000, 0x0000000086b00000, 0x0000000086c00000|  0%| F|  |TAMS 0x0000000086b00000| PB 0x0000000086b00000| Untracked 
|  76|0x0000000086c00000, 0x0000000086c00000, 0x0000000086d00000|  0%| F|  |TAMS 0x0000000086c00000| PB 0x0000000086c00000| Untracked 
|  77|0x0000000086d00000, 0x0000000086d00000, 0x0000000086e00000|  0%| F|  |TAMS 0x0000000086d00000| PB 0x0000000086d00000| Untracked 
|  78|0x0000000086e00000, 0x0000000086e00000, 0x0000000086f00000|  0%| F|  |TAMS 0x0000000086e00000| PB 0x0000000086e00000| Untracked 
|  79|0x0000000086f00000, 0x0000000086f00000, 0x0000000087000000|  0%| F|  |TAMS 0x0000000086f00000| PB 0x0000000086f00000| Untracked 
|  80|0x0000000087000000, 0x0000000087000000, 0x0000000087100000|  0%| F|  |TAMS 0x0000000087000000| PB 0x0000000087000000| Untracked 
|  81|0x0000000087100000, 0x0000000087100000, 0x0000000087200000|  0%| F|  |TAMS 0x0000000087100000| PB 0x0000000087100000| Untracked 
|  82|0x0000000087200000, 0x0000000087200000, 0x0000000087300000|  0%| F|  |TAMS 0x0000000087200000| PB 0x0000000087200000| Untracked 
|  83|0x0000000087300000, 0x0000000087300000, 0x0000000087400000|  0%| F|  |TAMS 0x0000000087300000| PB 0x0000000087300000| Untracked 
|  84|0x0000000087400000, 0x0000000087400000, 0x0000000087500000|  0%| F|  |TAMS 0x0000000087400000| PB 0x0000000087400000| Untracked 
|  85|0x0000000087500000, 0x0000000087500000, 0x0000000087600000|  0%| F|  |TAMS 0x0000000087500000| PB 0x0000000087500000| Untracked 
|  86|0x0000000087600000, 0x0000000087600000, 0x0000000087700000|  0%| F|  |TAMS 0x0000000087600000| PB 0x0000000087600000| Untracked 
|  87|0x0000000087700000, 0x0000000087700000, 0x0000000087800000|  0%| F|  |TAMS 0x0000000087700000| PB 0x0000000087700000| Untracked 
|  88|0x0000000087800000, 0x0000000087800000, 0x0000000087900000|  0%| F|  |TAMS 0x0000000087800000| PB 0x0000000087800000| Untracked 
|  89|0x0000000087900000, 0x0000000087900000, 0x0000000087a00000|  0%| F|  |TAMS 0x0000000087900000| PB 0x0000000087900000| Untracked 
|  90|0x0000000087a00000, 0x0000000087a00000, 0x0000000087b00000|  0%| F|  |TAMS 0x0000000087a00000| PB 0x0000000087a00000| Untracked 
|  91|0x0000000087b00000, 0x0000000087b00000, 0x0000000087c00000|  0%| F|  |TAMS 0x0000000087b00000| PB 0x0000000087b00000| Untracked 
|  92|0x0000000087c00000, 0x0000000087c00000, 0x0000000087d00000|  0%| F|  |TAMS 0x0000000087c00000| PB 0x0000000087c00000| Untracked 
|  93|0x0000000087d00000, 0x0000000087d00000, 0x0000000087e00000|  0%| F|  |TAMS 0x0000000087d00000| PB 0x0000000087d00000| Untracked 
|  94|0x0000000087e00000, 0x0000000087e00000, 0x0000000087f00000|  0%| F|  |TAMS 0x0000000087e00000| PB 0x0000000087e00000| Untracked 
|  95|0x0000000087f00000, 0x0000000087f00000, 0x0000000088000000|  0%| F|  |TAMS 0x0000000087f00000| PB 0x0000000087f00000| Untracked 
|  96|0x0000000088000000, 0x0000000088000000, 0x0000000088100000|  0%| F|  |TAMS 0x0000000088000000| PB 0x0000000088000000| Untracked 
|  97|0x0000000088100000, 0x0000000088100000, 0x0000000088200000|  0%| F|  |TAMS 0x0000000088100000| PB 0x0000000088100000| Untracked 
|  98|0x0000000088200000, 0x0000000088200000, 0x0000000088300000|  0%| F|  |TAMS 0x0000000088200000| PB 0x0000000088200000| Untracked 
|  99|0x0000000088300000, 0x0000000088300000, 0x0000000088400000|  0%| F|  |TAMS 0x0000000088300000| PB 0x0000000088300000| Untracked 
| 100|0x0000000088400000, 0x0000000088500000, 0x0000000088500000|100%| S|CS|TAMS 0x0000000088400000| PB 0x0000000088400000| Complete 
| 101|0x0000000088500000, 0x0000000088600000, 0x0000000088600000|100%| S|CS|TAMS 0x0000000088500000| PB 0x0000000088500000| Complete 
| 102|0x0000000088600000, 0x0000000088700000, 0x0000000088700000|100%| S|CS|TAMS 0x0000000088600000| PB 0x0000000088600000| Complete 
| 103|0x0000000088700000, 0x0000000088700000, 0x0000000088800000|  0%| F|  |TAMS 0x0000000088700000| PB 0x0000000088700000| Untracked 
| 104|0x0000000088800000, 0x0000000088800000, 0x0000000088900000|  0%| F|  |TAMS 0x0000000088800000| PB 0x0000000088800000| Untracked 
| 105|0x0000000088900000, 0x0000000088900000, 0x0000000088a00000|  0%| F|  |TAMS 0x0000000088900000| PB 0x0000000088900000| Untracked 
| 106|0x0000000088a00000, 0x0000000088a00000, 0x0000000088b00000|  0%| F|  |TAMS 0x0000000088a00000| PB 0x0000000088a00000| Untracked 
| 107|0x0000000088b00000, 0x0000000088b00000, 0x0000000088c00000|  0%| F|  |TAMS 0x0000000088b00000| PB 0x0000000088b00000| Untracked 
| 108|0x0000000088c00000, 0x0000000088c00000, 0x0000000088d00000|  0%| F|  |TAMS 0x0000000088c00000| PB 0x0000000088c00000| Untracked 
| 109|0x0000000088d00000, 0x0000000088d00000, 0x0000000088e00000|  0%| F|  |TAMS 0x0000000088d00000| PB 0x0000000088d00000| Untracked 
| 110|0x0000000088e00000, 0x0000000088e00000, 0x0000000088f00000|  0%| F|  |TAMS 0x0000000088e00000| PB 0x0000000088e00000| Untracked 
| 111|0x0000000088f00000, 0x0000000088f00000, 0x0000000089000000|  0%| F|  |TAMS 0x0000000088f00000| PB 0x0000000088f00000| Untracked 
| 112|0x0000000089000000, 0x0000000089000000, 0x0000000089100000|  0%| F|  |TAMS 0x0000000089000000| PB 0x0000000089000000| Untracked 
| 113|0x0000000089100000, 0x0000000089100000, 0x0000000089200000|  0%| F|  |TAMS 0x0000000089100000| PB 0x0000000089100000| Untracked 
| 114|0x0000000089200000, 0x0000000089200000, 0x0000000089300000|  0%| F|  |TAMS 0x0000000089200000| PB 0x0000000089200000| Untracked 
| 115|0x0000000089300000, 0x0000000089300000, 0x0000000089400000|  0%| F|  |TAMS 0x0000000089300000| PB 0x0000000089300000| Untracked 
| 116|0x0000000089400000, 0x0000000089400000, 0x0000000089500000|  0%| F|  |TAMS 0x0000000089400000| PB 0x0000000089400000| Untracked 
| 117|0x0000000089500000, 0x0000000089500000, 0x0000000089600000|  0%| F|  |TAMS 0x0000000089500000| PB 0x0000000089500000| Untracked 
| 118|0x0000000089600000, 0x0000000089600000, 0x0000000089700000|  0%| F|  |TAMS 0x0000000089600000| PB 0x0000000089600000| Untracked 
| 119|0x0000000089700000, 0x0000000089700000, 0x0000000089800000|  0%| F|  |TAMS 0x0000000089700000| PB 0x0000000089700000| Untracked 
| 120|0x0000000089800000, 0x0000000089800000, 0x0000000089900000|  0%| F|  |TAMS 0x0000000089800000| PB 0x0000000089800000| Untracked 
| 121|0x0000000089900000, 0x0000000089900000, 0x0000000089a00000|  0%| F|  |TAMS 0x0000000089900000| PB 0x0000000089900000| Untracked 
| 122|0x0000000089a00000, 0x0000000089a00000, 0x0000000089b00000|  0%| F|  |TAMS 0x0000000089a00000| PB 0x0000000089a00000| Untracked 
| 123|0x0000000089b00000, 0x0000000089c00000, 0x0000000089c00000|100%| E|  |TAMS 0x0000000089b00000| PB 0x0000000089b00000| Complete 
| 124|0x0000000089c00000, 0x0000000089d00000, 0x0000000089d00000|100%| E|CS|TAMS 0x0000000089c00000| PB 0x0000000089c00000| Complete 
| 125|0x0000000089d00000, 0x0000000089e00000, 0x0000000089e00000|100%| E|CS|TAMS 0x0000000089d00000| PB 0x0000000089d00000| Complete 

Card table byte_map: [0x000002a929e00000,0x000002a92a1f0000] _byte_map_base: 0x000002a9299f0000

Marking Bits: (CMBitMap*) 0x000002a9122c6c30
 Bits: [0x000002a92a1f0000, 0x000002a92c170000)

Polling page: 0x000002a910190000

Metaspace:

Usage:
  Non-class:      9.29 MB used.
      Class:      1.25 MB used.
       Both:     10.54 MB used.

Virtual space:
  Non-class space:       64.00 MB reserved,       9.44 MB ( 15%) committed,  1 nodes.
      Class space:        1.00 GB reserved,       1.38 MB ( <1%) committed,  1 nodes.
             Both:        1.06 GB reserved,      10.81 MB ( <1%) committed. 

Chunk freelists:
   Non-Class:  6.03 MB
       Class:  14.50 MB
        Both:  20.53 MB

MaxMetaspaceSize: unlimited
CompressedClassSpaceSize: 1.00 GB
Initial GC threshold: 21.00 MB
Current GC threshold: 21.00 MB
CDS: on
 - commit_granule_bytes: 65536.
 - commit_granule_words: 8192.
 - virtual_space_node_default_size: 8388608.
 - enlarge_chunks_in_place: 1.
 - use_allocation_guard: 0.


Internal statistics:

num_allocs_failed_limit: 0.
num_arena_births: 302.
num_arena_deaths: 0.
num_vsnodes_births: 2.
num_vsnodes_deaths: 0.
num_space_committed: 173.
num_space_uncommitted: 0.
num_chunks_returned_to_freelist: 0.
num_chunks_taken_from_freelist: 529.
num_chunk_merges: 0.
num_chunk_splits: 304.
num_chunks_enlarged: 169.
num_inconsistent_stats: 0.

CodeHeap 'non-profiled nmethods': size=120000Kb used=477Kb max_used=477Kb free=119522Kb
 bounds [0x000002a9221b0000, 0x000002a922420000, 0x000002a9296e0000]
CodeHeap 'profiled nmethods': size=120000Kb used=2708Kb max_used=2708Kb free=117291Kb
 bounds [0x000002a91a6e0000, 0x000002a91a990000, 0x000002a921c10000]
CodeHeap 'non-nmethods': size=5760Kb used=1439Kb max_used=1452Kb free=4320Kb
 bounds [0x000002a921c10000, 0x000002a921e80000, 0x000002a9221b0000]
 total_blobs=2037 nmethods=1510 adapters=432
 compilation: enabled
              stopped_count=0, restarted_count=0
 full_count=0

Compilation events (20 events):
Event: 1.670 Thread 0x000002a92ebef240 1498       3       java.lang.invoke.MethodHandleNatives::linkCallSite (65 bytes)
Event: 1.671 Thread 0x000002a92ebef240 nmethod 1498 0x000002a91a981290 code [0x000002a91a981480, 0x000002a91a9819c8]
Event: 1.671 Thread 0x000002a92ebef240 1499       3       java.lang.invoke.MethodHandleNatives::linkCallSiteImpl (119 bytes)
Event: 1.671 Thread 0x000002a92ebef240 nmethod 1499 0x000002a91a981b90 code [0x000002a91a981dc0, 0x000002a91a9826c8]
Event: 1.671 Thread 0x000002a92ebef240 1501       3       java.lang.invoke.MemberName::getFactory (4 bytes)
Event: 1.671 Thread 0x000002a92ebef240 nmethod 1501 0x000002a91a982a10 code [0x000002a91a982ba0, 0x000002a91a982c98]
Event: 1.672 Thread 0x000002a92ebef240 1502       3       java.lang.Class::protectionDomain (48 bytes)
Event: 1.673 Thread 0x000002a92ebef240 nmethod 1502 0x000002a91a982d10 code [0x000002a91a982f40, 0x000002a91a9835a8]
Event: 1.673 Thread 0x000002a92ebef240 1504       3       jdk.internal.org.objectweb.asm.MethodVisitor::visitInsn (16 bytes)
Event: 1.673 Thread 0x000002a92ebef240 nmethod 1504 0x000002a91a983790 code [0x000002a91a983940, 0x000002a91a983b50]
Event: 1.674 Thread 0x000002a92ebef240 1505       3       java.lang.invoke.MethodHandles$Lookup::lookupClassProtectionDomain (29 bytes)
Event: 1.674 Thread 0x000002a92ebef240 nmethod 1505 0x000002a91a983c10 code [0x000002a91a983de0, 0x000002a91a9840e8]
Event: 1.674 Thread 0x000002a92ebef240 1506       3       java.lang.System$2::protectionDomain (5 bytes)
Event: 1.674 Thread 0x000002a92ebef240 nmethod 1506 0x000002a91a984290 code [0x000002a91a984440, 0x000002a91a984580]
Event: 4.672 Thread 0x000002a92ebef240 1507       1       jdk.internal.net.http.common.DebugLogger::on (5 bytes)
Event: 4.672 Thread 0x000002a92ebef240 nmethod 1507 0x000002a922227010 code [0x000002a9222271a0, 0x000002a922227270]
Event: 7.426 Thread 0x000002a92ebef240 1509       3       java.nio.HeapByteBuffer::get (14 bytes)
Event: 7.426 Thread 0x000002a92ebef240 nmethod 1509 0x000002a91a984690 code [0x000002a91a984860, 0x000002a91a984ba8]
Event: 7.427 Thread 0x000002a92ebef240 1510       3       java.nio.Buffer::nextGetIndex (30 bytes)
Event: 7.427 Thread 0x000002a92ebef240 nmethod 1510 0x000002a91a984d10 code [0x000002a91a984ec0, 0x000002a91a985090]

GC Heap History (2 events):
Event: 1.579 GC heap before
{Heap before GC invocations=0 (full 0):
 garbage-first heap   total 129024K, used 23552K [0x0000000082000000, 0x0000000100000000)
  region size 1024K, 23 young (23552K), 0 survivors (0K)
 Metaspace       used 9488K, committed 9728K, reserved 1114112K
  class space    used 1102K, committed 1216K, reserved 1048576K
}
Event: 1.587 GC heap after
{Heap after GC invocations=1 (full 0):
 garbage-first heap   total 129024K, used 6698K [0x0000000082000000, 0x0000000100000000)
  region size 1024K, 3 young (3072K), 3 survivors (3072K)
 Metaspace       used 9488K, committed 9728K, reserved 1114112K
  class space    used 1102K, committed 1216K, reserved 1048576K
}

Dll operation events (10 events):
Event: 0.010 Loaded shared library C:\Program Files\Java\jdk-21\bin\java.dll
Event: 0.048 Loaded shared library C:\Program Files\Java\jdk-21\bin\jsvml.dll
Event: 0.122 Loaded shared library C:\Program Files\Java\jdk-21\bin\net.dll
Event: 0.124 Loaded shared library C:\Program Files\Java\jdk-21\bin\nio.dll
Event: 0.128 Loaded shared library C:\Program Files\Java\jdk-21\bin\zip.dll
Event: 0.203 Loaded shared library C:\Program Files\Java\jdk-21\bin\jimage.dll
Event: 0.289 Loaded shared library C:\Program Files\Java\jdk-21\bin\extnet.dll
Event: 0.340 Loaded shared library C:\Program Files\Java\jdk-21\bin\management.dll
Event: 0.342 Loaded shared library C:\Program Files\Java\jdk-21\bin\management_ext.dll
Event: 1.355 Loaded shared library C:\Program Files\Java\jdk-21\bin\sunmscapi.dll

Deoptimization events (20 events):
Event: 1.440 Thread 0x000002a974b90950 Uncommon trap: trap_request=0xffffff45 fr.pc=0x000002a922215468 relative=0x00000000000001a8
Event: 1.440 Thread 0x000002a974b90950 Uncommon trap: reason=unstable_if action=reinterpret pc=0x000002a922215468 method=java.lang.invoke.VarHandle.checkAccessModeThenIsDirect(Ljava/lang/invoke/VarHandle$AccessDescriptor;)Z @ 4 c2
Event: 1.440 Thread 0x000002a974b90950 DEOPT PACKING pc=0x000002a922215468 sp=0x000000be1dcfe9d0
Event: 1.440 Thread 0x000002a974b90950 DEOPT UNPACKING pc=0x000002a921c646a2 sp=0x000000be1dcfe908 mode 2
Event: 1.656 Thread 0x000002a974fa8a60 Uncommon trap: trap_request=0xffffffde fr.pc=0x000002a9222258dc relative=0x000000000000013c
Event: 1.656 Thread 0x000002a974fa8a60 Uncommon trap: reason=class_check action=maybe_recompile pc=0x000002a9222258dc method=jdk.internal.misc.Unsafe.allocateUninitializedArray(Ljava/lang/Class;I)Ljava/lang/Object; @ 51 c2
Event: 1.656 Thread 0x000002a974fa8a60 DEOPT PACKING pc=0x000002a9222258dc sp=0x000000be1e5fa250
Event: 1.656 Thread 0x000002a974fa8a60 DEOPT UNPACKING pc=0x000002a921c646a2 sp=0x000000be1e5fa1c8 mode 2
Event: 1.656 Thread 0x000002a974fa8a60 Uncommon trap: trap_request=0xffffffde fr.pc=0x000002a9222258dc relative=0x000000000000013c
Event: 1.656 Thread 0x000002a974fa8a60 Uncommon trap: reason=class_check action=maybe_recompile pc=0x000002a9222258dc method=jdk.internal.misc.Unsafe.allocateUninitializedArray(Ljava/lang/Class;I)Ljava/lang/Object; @ 51 c2
Event: 1.656 Thread 0x000002a974fa8a60 DEOPT PACKING pc=0x000002a9222258dc sp=0x000000be1e5fa200
Event: 1.656 Thread 0x000002a974fa8a60 DEOPT UNPACKING pc=0x000002a921c646a2 sp=0x000000be1e5fa178 mode 2
Event: 1.656 Thread 0x000002a974fa8a60 Uncommon trap: trap_request=0xffffffde fr.pc=0x000002a9222258dc relative=0x000000000000013c
Event: 1.656 Thread 0x000002a974fa8a60 Uncommon trap: reason=class_check action=maybe_recompile pc=0x000002a9222258dc method=jdk.internal.misc.Unsafe.allocateUninitializedArray(Ljava/lang/Class;I)Ljava/lang/Object; @ 51 c2
Event: 1.656 Thread 0x000002a974fa8a60 DEOPT PACKING pc=0x000002a9222258dc sp=0x000000be1e5fa1c0
Event: 1.656 Thread 0x000002a974fa8a60 DEOPT UNPACKING pc=0x000002a921c646a2 sp=0x000000be1e5fa138 mode 2
Event: 1.656 Thread 0x000002a974fa8a60 Uncommon trap: trap_request=0xffffffde fr.pc=0x000002a9222258dc relative=0x000000000000013c
Event: 1.656 Thread 0x000002a974fa8a60 Uncommon trap: reason=class_check action=maybe_recompile pc=0x000002a9222258dc method=jdk.internal.misc.Unsafe.allocateUninitializedArray(Ljava/lang/Class;I)Ljava/lang/Object; @ 51 c2
Event: 1.656 Thread 0x000002a974fa8a60 DEOPT PACKING pc=0x000002a9222258dc sp=0x000000be1e5fa170
Event: 1.656 Thread 0x000002a974fa8a60 DEOPT UNPACKING pc=0x000002a921c646a2 sp=0x000000be1e5fa0e8 mode 2

Classes loaded (20 events):
Event: 1.672 Loading class sun/nio/ch/IOVecWrapper
Event: 1.672 Loading class sun/nio/ch/IOVecWrapper done
Event: 1.672 Loading class sun/nio/ch/AllocatedNativeObject
Event: 1.672 Loading class sun/nio/ch/NativeObject
Event: 1.672 Loading class sun/nio/ch/NativeObject done
Event: 1.672 Loading class sun/nio/ch/AllocatedNativeObject done
Event: 1.672 Loading class sun/nio/ch/IOVecWrapper$Deallocator
Event: 1.672 Loading class sun/nio/ch/IOVecWrapper$Deallocator done
Event: 1.674 Loading class java/util/NoSuchElementException
Event: 1.674 Loading class java/util/NoSuchElementException done
Event: 1.676 Loading class java/util/concurrent/CompletableFuture$UniApply
Event: 1.676 Loading class java/util/concurrent/CompletableFuture$UniApply done
Event: 7.347 Loading class java/nio/HeapByteBufferR
Event: 7.425 Loading class java/nio/HeapByteBufferR done
Event: 7.427 Loading class java/util/ArrayList$ListItr
Event: 7.484 Loading class java/util/ArrayList$ListItr done
Event: 7.672 Loading class java/util/stream/ReferencePipeline$5
Event: 7.743 Loading class java/util/stream/LongPipeline$StatelessOp
Event: 7.787 Loading class java/util/stream/LongPipeline
Event: 7.796 Loading class java/util/stream/LongStream

Classes unloaded (0 events):
No events

Classes redefined (0 events):
No events

Internal exceptions (20 events):
Event: 1.082 Thread 0x000002a90ffa59a0 Exception <a 'java/lang/NoSuchMethodError'{0x00000000893a1f10}: 'int java.lang.invoke.DirectMethodHandle$Holder.invokeStatic(java.lang.Object, java.lang.Object, java.lang.Object, java.lang.Object)'> (0x00000000893a1f10) 
thrown [s\open\src\hotspot\share\interpreter\linkResolver.cpp, line 773]
Event: 1.082 Thread 0x000002a90ffa59a0 Exception <a 'java/lang/NoSuchMethodError'{0x00000000893a5590}: 'java.lang.Object java.lang.invoke.Invokers$Holder.invokeExact_MT(java.lang.Object, java.lang.Object, java.lang.Object, java.lang.Object, java.lang.Object, java.lang.Object)'> (0x00000000893a5590) 
thrown [s\open\src\hotspot\share\interpreter\linkResolver.cpp, line 773]
Event: 1.160 Thread 0x000002a90ffa59a0 Exception <a 'sun/nio/fs/WindowsException'{0x00000000892db0b8}> (0x00000000892db0b8) 
thrown [s\open\src\hotspot\share\prims\jni.cpp, line 520]
Event: 1.220 Thread 0x000002a90ffa59a0 Exception <a 'java/lang/NoSuchMethodError'{0x00000000890bd818}: 'void java.lang.invoke.DirectMethodHandle$Holder.invokeVirtual(java.lang.Object, java.lang.Object)'> (0x00000000890bd818) 
thrown [s\open\src\hotspot\share\interpreter\linkResolver.cpp, line 773]
Event: 1.278 Thread 0x000002a90ffa59a0 Exception <a 'java/lang/NoSuchMethodError'{0x0000000088b25de8}: 'java.lang.Object java.lang.invoke.DirectMethodHandle$Holder.invokeStaticInit(java.lang.Object, int, int, int, int)'> (0x0000000088b25de8) 
thrown [s\open\src\hotspot\share\interpreter\linkResolver.cpp, line 773]
Event: 1.331 Thread 0x000002a90ffa59a0 Exception <a 'java/lang/NoSuchMethodError'{0x0000000088be8158}: 'java.lang.Object java.lang.invoke.DirectMethodHandle$Holder.invokeStaticInit(java.lang.Object, java.lang.Object, int, int, int, int)'> (0x0000000088be8158) 
thrown [s\open\src\hotspot\share\interpreter\linkResolver.cpp, line 773]
Event: 1.415 Thread 0x000002a90ffa59a0 Exception <a 'java/lang/NoSuchMethodError'{0x00000000889659b0}: 'java.lang.Object java.lang.invoke.DirectMethodHandle$Holder.invokeInterface(java.lang.Object, java.lang.Object, java.lang.Object)'> (0x00000000889659b0) 
thrown [s\open\src\hotspot\share\interpreter\linkResolver.cpp, line 773]
Event: 1.416 Thread 0x000002a90ffa59a0 Exception <a 'java/lang/IncompatibleClassChangeError'{0x0000000088968d98}: Found class java.lang.Object, but interface was expected> (0x0000000088968d98) 
thrown [s\open\src\hotspot\share\interpreter\linkResolver.cpp, line 840]
Event: 1.417 Thread 0x000002a90ffa59a0 Exception <a 'java/lang/NoSuchMethodError'{0x000000008896ff50}: 'int java.lang.invoke.DirectMethodHandle$Holder.invokeSpecialIFC(java.lang.Object, java.lang.Object, java.lang.Object, java.lang.Object)'> (0x000000008896ff50) 
thrown [s\open\src\hotspot\share\interpreter\linkResolver.cpp, line 773]
Event: 1.421 Thread 0x000002a90ffa59a0 Exception <a 'java/lang/NoSuchMethodError'{0x0000000088992920}: 'java.lang.Object java.lang.invoke.DirectMethodHandle$Holder.invokeVirtual(java.lang.Object, java.lang.Object, java.lang.Object, java.lang.Object)'> (0x0000000088992920) 
thrown [s\open\src\hotspot\share\interpreter\linkResolver.cpp, line 773]
Event: 1.440 Thread 0x000002a974b90950 Exception <a 'java/net/ConnectException'{0x0000000088880ee8}: Connection refused: getsockopt> (0x0000000088880ee8) 
thrown [s\open\src\hotspot\share\prims\jni.cpp, line 539]
Event: 1.456 Thread 0x000002a974b90950 Exception <a 'java/net/ConnectException'{0x0000000088881fd8}: Connection refused: getsockopt> (0x0000000088881fd8) 
thrown [s\open\src\hotspot\share\prims\jni.cpp, line 539]
Event: 1.487 Thread 0x000002a974b90950 Exception <a 'java/net/ConnectException'{0x0000000088882ef0}: Connection refused: getsockopt> (0x0000000088882ef0) 
thrown [s\open\src\hotspot\share\prims\jni.cpp, line 539]
Event: 1.564 Thread 0x000002a90ffa59a0 Exception <a 'java/lang/NoSuchMethodError'{0x0000000088772620}: 'java.lang.Object java.lang.invoke.DirectMethodHandle$Holder.newInvokeSpecial(java.lang.Object, java.lang.Object, int, int)'> (0x0000000088772620) 
thrown [s\open\src\hotspot\share\interpreter\linkResolver.cpp, line 773]
Event: 1.565 Thread 0x000002a90ffa59a0 Exception <a 'java/lang/NoSuchMethodError'{0x000000008877cb28}: 'void java.lang.invoke.DirectMethodHandle$Holder.invokeStatic(java.lang.Object, java.lang.Object, int)'> (0x000000008877cb28) 
thrown [s\open\src\hotspot\share\interpreter\linkResolver.cpp, line 773]
Event: 1.577 Thread 0x000002a90ffa59a0 Exception <a 'java/lang/NoSuchMethodError'{0x00000000887f63d0}: 'java.lang.Object java.lang.invoke.DirectMethodHandle$Holder.newInvokeSpecial(java.lang.Object, java.lang.Object, java.lang.Object, java.lang.Object, java.lang.Object)'> (0x00000000887f63d0) 
thrown [s\open\src\hotspot\share\interpreter\linkResolver.cpp, line 773]
Event: 1.637 Thread 0x000002a974fa8a60 Exception <a 'java/lang/NoSuchMethodError'{0x0000000089ca3560}: 'java.lang.Object java.lang.invoke.DirectMethodHandle$Holder.invokeSpecial(java.lang.Object, java.lang.Object, java.lang.Object, java.lang.Object, int)'> (0x0000000089ca3560) 
thrown [s\open\src\hotspot\share\interpreter\linkResolver.cpp, line 773]
Event: 1.638 Thread 0x000002a974fa8a60 Exception <a 'java/lang/NoSuchMethodError'{0x0000000089ca6ea8}: 'java.lang.Object java.lang.invoke.Invokers$Holder.linkToTargetMethod(java.lang.Object, java.lang.Object, int, java.lang.Object)'> (0x0000000089ca6ea8) 
thrown [s\open\src\hotspot\share\interpreter\linkResolver.cpp, line 773]
Event: 1.644 Thread 0x000002a974fa8a60 Exception <a 'java/lang/NoSuchMethodError'{0x0000000089cbeb48}: 'void java.lang.invoke.DirectMethodHandle$Holder.invokeSpecial(java.lang.Object, java.lang.Object, java.lang.Object)'> (0x0000000089cbeb48) 
thrown [s\open\src\hotspot\share\interpreter\linkResolver.cpp, line 773]
Event: 1.654 Thread 0x000002a974fa8a60 Exception <a 'java/lang/NoSuchMethodError'{0x0000000089ceaa70}: 'void java.lang.invoke.DirectMethodHandle$Holder.invokeSpecial(java.lang.Object, java.lang.Object, java.lang.Object, java.lang.Object, java.lang.Object)'> (0x0000000089ceaa70) 
thrown [s\open\src\hotspot\share\interpreter\linkResolver.cpp, line 773]

ZGC Phase Switch (0 events):
No events

VM Operations (20 events):
Event: 1.061 Executing VM operation: Cleanup
Event: 1.061 Executing VM operation: Cleanup done
Event: 1.087 Executing VM operation: HandshakeAllThreads (Deoptimize)
Event: 1.087 Executing VM operation: HandshakeAllThreads (Deoptimize) done
Event: 1.130 Executing VM operation: HandshakeAllThreads (Deoptimize)
Event: 1.130 Executing VM operation: HandshakeAllThreads (Deoptimize) done
Event: 1.429 Executing VM operation: HandshakeAllThreads (Deoptimize)
Event: 1.429 Executing VM operation: HandshakeAllThreads (Deoptimize) done
Event: 1.538 Executing VM operation: HandshakeAllThreads (Deoptimize)
Event: 1.538 Executing VM operation: HandshakeAllThreads (Deoptimize) done
Event: 1.578 Executing VM operation: G1CollectForAllocation (G1 Evacuation Pause)
Event: 1.587 Executing VM operation: G1CollectForAllocation (G1 Evacuation Pause) done
Event: 2.592 Executing VM operation: Cleanup
Event: 2.592 Executing VM operation: Cleanup done
Event: 6.632 Executing VM operation: Cleanup
Event: 6.632 Executing VM operation: Cleanup done
Event: 7.426 Executing VM operation: HandshakeAllThreads (Deoptimize)
Event: 7.426 Executing VM operation: HandshakeAllThreads (Deoptimize) done
Event: 7.484 Executing VM operation: HandshakeAllThreads (Deoptimize)
Event: 7.484 Executing VM operation: HandshakeAllThreads (Deoptimize) done

Events (20 events):
Event: 0.113 Thread 0x000002a97418c040 Thread added: 0x000002a97418c040
Event: 0.116 Thread 0x000002a9741693c0 Thread added: 0x000002a9741693c0
Event: 0.219 Thread 0x000002a9741ee1c0 Thread added: 0x000002a9741ee1c0
Event: 0.397 Thread 0x000002a97462d1c0 Thread added: 0x000002a97462d1c0
Event: 0.918 Thread 0x000002a9741ee1c0 Thread exited: 0x000002a9741ee1c0
Event: 0.923 Thread 0x000002a97462d1c0 Thread exited: 0x000002a97462d1c0
Event: 1.004 Thread 0x000002a974652660 Thread added: 0x000002a974652660
Event: 1.134 Thread 0x000002a97498fa40 Thread added: 0x000002a97498fa40
Event: 1.390 Thread 0x000002a974beca70 Thread added: 0x000002a974beca70
Event: 1.428 Thread 0x000002a974ba4950 Thread added: 0x000002a974ba4950
Event: 1.430 Thread 0x000002a974bed7e0 Thread added: 0x000002a974bed7e0
Event: 1.430 Thread 0x000002a974b8bac0 Thread added: 0x000002a974b8bac0
Event: 1.433 Thread 0x000002a974b90950 Thread added: 0x000002a974b90950
Event: 1.536 Thread 0x000002a97498fa40 Thread exited: 0x000002a97498fa40
Event: 1.538 Thread 0x000002a97498fa40 Thread added: 0x000002a97498fa40
Event: 1.598 Thread 0x000002a974fa8a60 Thread added: 0x000002a974fa8a60
Event: 1.603 Thread 0x000002a974fa90f0 Thread added: 0x000002a974fa90f0
Event: 1.666 Thread 0x000002a974fa6990 Thread added: 0x000002a974fa6990
Event: 1.668 Thread 0x000002a974fa6300 Thread added: 0x000002a974fa6300
Event: 1.669 Thread 0x000002a974fa7020 Thread added: 0x000002a974fa7020


Dynamic libraries:
0x00007ff725a50000 - 0x00007ff725a60000 	C:\Program Files\Java\jdk-21\bin\javaw.exe
0x00007ffed91f0000 - 0x00007ffed9407000 	C:\WINDOWS\SYSTEM32\ntdll.dll
0x00007ffed8ef0000 - 0x00007ffed8fb4000 	C:\WINDOWS\System32\KERNEL32.DLL
0x00007ffed67a0000 - 0x00007ffed6b72000 	C:\WINDOWS\System32\KERNELBASE.dll
0x00007ffed6cc0000 - 0x00007ffed6dd1000 	C:\WINDOWS\System32\ucrtbase.dll
0x00007ffecf2e0000 - 0x00007ffecf2f9000 	C:\Program Files\Java\jdk-21\bin\jli.dll
0x00007ffecea30000 - 0x00007ffecea4b000 	C:\Program Files\Java\jdk-21\bin\VCRUNTIME140.dll
0x00007ffed7f60000 - 0x00007ffed8011000 	C:\WINDOWS\System32\ADVAPI32.dll
0x00007ffed8020000 - 0x00007ffed80c7000 	C:\WINDOWS\System32\msvcrt.dll
0x00007ffed7580000 - 0x00007ffed7628000 	C:\WINDOWS\System32\sechost.dll
0x00007ffed6480000 - 0x00007ffed64a8000 	C:\WINDOWS\System32\bcrypt.dll
0x00007ffed8930000 - 0x00007ffed8a44000 	C:\WINDOWS\System32\RPCRT4.dll
0x00007ffed8d30000 - 0x00007ffed8ee1000 	C:\WINDOWS\System32\USER32.dll
0x00007ffed6450000 - 0x00007ffed6476000 	C:\WINDOWS\System32\win32u.dll
0x00007ffed5540000 - 0x00007ffed57db000 	C:\WINDOWS\WinSxS\amd64_microsoft.windows.common-controls_6595b64144ccf1df_6.0.22621.5547_none_27104afb73855772\COMCTL32.dll
0x00007ffed8ad0000 - 0x00007ffed8af9000 	C:\WINDOWS\System32\GDI32.dll
0x00007ffed6530000 - 0x00007ffed6653000 	C:\WINDOWS\System32\gdi32full.dll
0x00007ffed6de0000 - 0x00007ffed6e7a000 	C:\WINDOWS\System32\msvcp_win.dll
0x00007ffed04f0000 - 0x00007ffed04fa000 	C:\WINDOWS\SYSTEM32\VERSION.dll
0x00007ffed9170000 - 0x00007ffed91a1000 	C:\WINDOWS\System32\IMM32.DLL
0x00007ffed01e0000 - 0x00007ffed01ec000 	C:\Program Files\Java\jdk-21\bin\vcruntime140_1.dll
0x00007ffeb8da0000 - 0x00007ffeb8e2e000 	C:\Program Files\Java\jdk-21\bin\msvcp140.dll
0x00007ffe8b2a0000 - 0x00007ffe8bfb3000 	C:\Program Files\Java\jdk-21\bin\server\jvm.dll
0x00007ffed80d0000 - 0x00007ffed8141000 	C:\WINDOWS\System32\WS2_32.dll
0x00007ffed5bf0000 - 0x00007ffed5c3d000 	C:\WINDOWS\SYSTEM32\POWRPROF.dll
0x00007ffed0000000 - 0x00007ffed0034000 	C:\WINDOWS\SYSTEM32\WINMM.dll
0x00007ffed5910000 - 0x00007ffed5923000 	C:\WINDOWS\SYSTEM32\UMPDC.dll
0x00007ffed4c90000 - 0x00007ffed4ca8000 	C:\WINDOWS\SYSTEM32\kernel.appcore.dll
0x00007ffecf1e0000 - 0x00007ffecf1ea000 	C:\Program Files\Java\jdk-21\bin\jimage.dll
0x00007ffed5c40000 - 0x00007ffed5e73000 	C:\WINDOWS\SYSTEM32\DBGHELP.DLL
0x00007ffed8460000 - 0x00007ffed87f3000 	C:\WINDOWS\System32\combase.dll
0x00007ffed9010000 - 0x00007ffed90e7000 	C:\WINDOWS\System32\OLEAUT32.dll
0x00007ffed5ae0000 - 0x00007ffed5b12000 	C:\WINDOWS\SYSTEM32\dbgcore.DLL
0x00007ffed6c40000 - 0x00007ffed6cbb000 	C:\WINDOWS\System32\bcryptPrimitives.dll
0x00007ffec9b70000 - 0x00007ffec9b8f000 	C:\Program Files\Java\jdk-21\bin\java.dll
0x00007ffed7630000 - 0x00007ffed7ed2000 	C:\WINDOWS\System32\SHELL32.dll
0x00007ffed6660000 - 0x00007ffed679f000 	C:\WINDOWS\System32\wintypes.dll
0x00007ffed3b20000 - 0x00007ffed443d000 	C:\WINDOWS\SYSTEM32\windows.storage.dll
0x00007ffed8820000 - 0x00007ffed892c000 	C:\WINDOWS\System32\SHCORE.dll
0x00007ffed8a60000 - 0x00007ffed8ac9000 	C:\WINDOWS\System32\shlwapi.dll
0x00007ffed6210000 - 0x00007ffed623b000 	C:\WINDOWS\SYSTEM32\profapi.dll
0x00007ffe996e0000 - 0x00007ffe997b7000 	C:\Program Files\Java\jdk-21\bin\jsvml.dll
0x00007ffecea20000 - 0x00007ffecea30000 	C:\Program Files\Java\jdk-21\bin\net.dll
0x00007ffed03a0000 - 0x00007ffed04cc000 	C:\WINDOWS\SYSTEM32\WINHTTP.dll
0x00007ffed5230000 - 0x00007ffed5299000 	C:\WINDOWS\system32\mswsock.dll
0x00007ffec89f0000 - 0x00007ffec8a06000 	C:\Program Files\Java\jdk-21\bin\nio.dll
0x00007ffec89d0000 - 0x00007ffec89e8000 	C:\Program Files\Java\jdk-21\bin\zip.dll
0x00007ffec9410000 - 0x00007ffec9419000 	C:\Program Files\Java\jdk-21\bin\extnet.dll
0x00007ffed4800000 - 0x00007ffed48f8000 	C:\WINDOWS\SYSTEM32\DNSAPI.dll
0x00007ffed47d0000 - 0x00007ffed47fd000 	C:\WINDOWS\SYSTEM32\IPHLPAPI.DLL
0x00007ffed8800000 - 0x00007ffed8809000 	C:\WINDOWS\System32\NSI.dll
0x00007ffec8370000 - 0x00007ffec837a000 	C:\Windows\System32\rasadhlp.dll
0x00007ffecd8b0000 - 0x00007ffecd934000 	C:\WINDOWS\System32\fwpuclnt.dll
0x00007ffed0060000 - 0x00007ffed006a000 	C:\Program Files\Java\jdk-21\bin\management.dll
0x00007ffecf190000 - 0x00007ffecf19b000 	C:\Program Files\Java\jdk-21\bin\management_ext.dll
0x00007ffed9160000 - 0x00007ffed9168000 	C:\WINDOWS\System32\PSAPI.DLL
0x00007ffed5f80000 - 0x00007ffed5f9b000 	C:\WINDOWS\SYSTEM32\CRYPTSP.dll
0x00007ffed4bf0000 - 0x00007ffed4c27000 	C:\WINDOWS\system32\rsaenh.dll
0x00007ffed5370000 - 0x00007ffed5398000 	C:\WINDOWS\SYSTEM32\USERENV.dll
0x00007ffed53a0000 - 0x00007ffed53ac000 	C:\WINDOWS\SYSTEM32\CRYPTBASE.dll
0x00007ffec9a30000 - 0x00007ffec9a3e000 	C:\Program Files\Java\jdk-21\bin\sunmscapi.dll
0x00007ffed62e0000 - 0x00007ffed6447000 	C:\WINDOWS\System32\CRYPT32.dll
0x00007ffed5510000 - 0x00007ffed553d000 	C:\WINDOWS\SYSTEM32\ncrypt.dll
0x00007ffed54d0000 - 0x00007ffed5507000 	C:\WINDOWS\SYSTEM32\NTASN1.dll
0x00007ffe75870000 - 0x00007ffe75878000 	C:\WINDOWS\system32\wshunix.dll

dbghelp: loaded successfully - version: 4.0.5 - missing functions: none
symbol engine: initialized successfully - sym options: 0x614 - pdb path: .;C:\Program Files\Java\jdk-21\bin;C:\WINDOWS\SYSTEM32;C:\WINDOWS\WinSxS\amd64_microsoft.windows.common-controls_6595b64144ccf1df_6.0.22621.5547_none_27104afb73855772;C:\Program Files\Java\jdk-21\bin\server

VM Arguments:
jvm_args: -Dfile.encoding=UTF-8 -Dstdout.encoding=UTF-8 -Dstderr.encoding=UTF-8 -XX:+ShowCodeDetailsInExceptionMessages 
java_command: DataDriven_Testing.ReadingDataFromProperties
java_class_path (initial): C:\Users\shend\eclipse-workspace\BASIC-Selenium\target\test-classes;C:\Users\shend\eclipse-workspace\BASIC-Selenium\target\classes;C:\Users\shend\.m2\repository\org\seleniumhq\selenium\selenium-java\4.32.0\selenium-java-4.32.0.jar;C:\Users\shend\.m2\repository\org\seleniumhq\selenium\selenium-api\4.32.0\selenium-api-4.32.0.jar;C:\Users\shend\.m2\repository\org\jspecify\jspecify\1.0.0\jspecify-1.0.0.jar;C:\Users\shend\.m2\repository\org\seleniumhq\selenium\selenium-chrome-driver\4.32.0\selenium-chrome-driver-4.32.0.jar;C:\Users\shend\.m2\repository\com\google\auto\service\auto-service-annotations\1.1.1\auto-service-annotations-1.1.1.jar;C:\Users\shend\.m2\repository\org\seleniumhq\selenium\selenium-chromium-driver\4.32.0\selenium-chromium-driver-4.32.0.jar;C:\Users\shend\.m2\repository\org\seleniumhq\selenium\selenium-json\4.32.0\selenium-json-4.32.0.jar;C:\Users\shend\.m2\repository\org\seleniumhq\selenium\selenium-manager\4.32.0\selenium-manager-4.32.0.jar;C:\Users\shend\.m2\repository\org\seleniumhq\selenium\selenium-devtools-v134\4.32.0\selenium-devtools-v134-4.32.0.jar;C:\Users\shend\.m2\repository\org\seleniumhq\selenium\selenium-devtools-v135\4.32.0\selenium-devtools-v135-4.32.0.jar;C:\Users\shend\.m2\repository\org\seleniumhq\selenium\selenium-devtools-v136\4.32.0\selenium-devtools-v136-4.32.0.jar;C:\Users\shend\.m2\repository\org\seleniumhq\selenium\selenium-edge-driver\4.32.0\selenium-edge-driver-4.32.0.jar;C:\Users\shend\.m2\repository\org\seleniumhq\selenium\selenium-firefox-driver\4.32.0\selenium-firefox-driver-4.32.0.jar;C:\Users\shend\.m2\repository\org\seleniumhq\selenium\selenium-http\4.32.0\selenium-http-4.32.0.jar;C:\Users\shend\.m2\repository\org\seleniumhq\selenium\selenium-ie-driver\4.32.0\selenium-ie-driver-4.32.0.jar;C:\Users\shend\.m2\repository\org\seleniumhq\selenium\selenium-remote-driver\4.32.0\selenium-remote-driver-4.32.0.jar;C:\Users\shend\.m2\repository\com\google\guava\guava\33.4.8-jre\guava-33.4.8-jre.jar;C:\Users\shend\.m2\repository\com\google\guava\failureaccess\1.0.3\failureaccess-1.0.3.jar;C:\Users\shend\.m2\repository\com\google\guava\listenablefuture\9999.0-empty-to-avoid-conflict-with-guava\listenablefuture-9999.0-empty-to-avoid-conflict-with-guava.jar;C:\Users\shend\.m2\repository\com\google\j2objc\j2objc-annotations\3.0.0\j2objc-annotations-3.0.0.jar;C:\Users\shend\.m2\repository\io\opentelemetry\opentelemetry-api\1.49.0\opentelemetry-api-1.49.0.jar;C:\Users\shend\.m2\repository\io\opentelemetry\opentelemetry-context\1.49.0\opentelemetry-context-1.49.0.jar;C:\Users\shend\.m2\repository\io\opentelemetry\opentelemetry-exporter-logging\1.49.0\opentelemetry-exporter-logging-1.49.0.jar;C:\Users\shend\.m2\repository\io\opentelemetry\opentelemetry-sdk-common\1.49.0\opentelemetry-sdk-common-1.49.0.jar;C:\Users\shend\.m2\repository\io\opentelemetry\opentelemetry-sdk-extension-autoconfigure-spi\1.49.0\opentelemetry-sdk-extension-autoconfigure-spi-1.49.0.jar;C:\Users\shend\.m2\repository\io\opentelemetry\opentelemetry-sdk-extension-autoconfigure\1.49.0\opentelemetry-sdk-extension-autoconfigure-1.49.0.jar;C:\Users\shend\.m2\repository\io\opentelemetry\opentelemetry-sdk-trace\1.49.0\opentelemetry-sdk-trace-1.49.0.jar;C:\Users\shend\.m2\repository\io\opentelemetry\opentelemetry-sdk\1.49.0\opentelemetry-sdk-1.49.0.jar;C:\Users\shend\.m2\repository\io\opentelemetry\opentelemetry-sdk-metrics\1.49.0\opentelemetry-sdk-metrics-1.49.0.jar;C:\Users\shend\.m2\repository\io\opentelemetry\opentelemetry-sdk-logs\1.49.0\opentelemetry-sdk-logs-1.49.0.jar;C:\Users\shend\.m2\repository\net\bytebuddy\byte-buddy\1.17.5\byte-buddy-1.17.5.jar;C:\Users\shend\.m2\repository\org\seleniumhq\selenium\selenium-os\4.32.0\selenium-os-4.32.0.jar;C:\Users\shend\.m2\repository\org\apache\commons\commons-exec\1.4.0\commons-exec-1.4.0.jar;C:\Users\shend\.m2\repository\org\seleniumhq\selenium\selenium-safari-driver\4.32.0\selenium-safari-driver-4.32.0.jar;C:\Users\shend\.m2\repository\org\seleniumhq\selenium\selenium-support\4.32.0\selenium-support-4.32.0.jar;C:\Users\shend\.m2\repository\io\github\bonigarcia\webdrivermanager\5.9.2\webdrivermanager-5.9.2.jar;C:\Users\shend\.m2\repository\org\slf4j\slf4j-api\2.0.13\slf4j-api-2.0.13.jar;C:\Users\shend\.m2\repository\com\google\code\gson\gson\2.11.0\gson-2.11.0.jar;C:\Users\shend\.m2\repository\com\google\errorprone\error_prone_annotations\2.27.0\error_prone_annotations-2.27.0.jar;C:\Users\shend\.m2\repository\com\github\docker-java\docker-java\3.4.0\docker-java-3.4.0.jar;C:\Users\shend\.m2\repository\com\github\docker-java\docker-java-core\3.4.0\docker-java-core-3.4.0.jar;C:\Users\shend\.m2\repository\com\github\docker-java\docker-java-api\3.4.0\docker-java-api-3.4.0.jar;C:\Users\shend\.m2\repository\com\fasterxml\jackson\core\jackson-annotations\2.10.3\jackson-annotations-2.10.3.jar;C:\Users\shend\.m2\repository\com\fasterxml\jackson\core\jackson-databind\2.10.3\jackson-databind-2.10.3.jar;C:\Users\shend\.m2\repository\com\fasterxml\jackson\core\jackson-core\2.10.3\jackson-core-2.10.3.jar;C:\Users\shend\.m2\repository\org\slf4j\jcl-over-slf4j\1.7.30\jcl-over-slf4j-1.7.30.jar;C:\Users\shend\.m2\repository\com\github\docker-java\docker-java-transport-httpclient5\3.4.0\docker-java-transport-httpclient5-3.4.0.jar;C:\Users\shend\.m2\repository\com\github\docker-java\docker-java-transport\3.4.0\docker-java-transport-3.4.0.jar;C:\Users\shend\.m2\repository\net\java\dev\jna\jna\5.13.0\jna-5.13.0.jar;C:\Users\shend\.m2\repository\org\brotli\dec\0.1.2\dec-0.1.2.jar;C:\Users\shend\.m2\repository\org\apache\commons\commons-lang3\3.15.0\commons-lang3-3.15.0.jar;C:\Users\shend\.m2\repository\org\apache\commons\commons-compress\1.26.2\commons-compress-1.26.2.jar;C:\Users\shend\.m2\repository\commons-codec\commons-codec\1.17.0\commons-codec-1.17.0.jar;C:\Users\shend\.m2\repository\commons-io\commons-io\2.16.1\commons-io-2.16.1.jar;C:\Users\shend\.m2\repository\org\apache\httpcomponents\client5\httpclient5\5.2.1\httpclient5-5.2.1.jar;C:\Users\shend\.m2\repository\org\apache\httpcomponents\core5\httpcore5\5.2\httpcore5-5.2.jar;C:\Users\shend\.m2\repository\org\apache\httpcomponents\core5\httpcore5-h2\5.2\httpcore5-h2-5.2.jar;C:\Users\shend\eclipse-workspace\ SeleniumProject\target\classes
Launcher Type: SUN_STANDARD

[Global flags]
     intx CICompilerCount                          = 4                                         {product} {ergonomic}
     uint ConcGCThreads                            = 2                                         {product} {ergonomic}
     uint G1ConcRefinementThreads                  = 8                                         {product} {ergonomic}
   size_t G1HeapRegionSize                         = 1048576                                   {product} {ergonomic}
    uintx GCDrainStackTargetSize                   = 64                                        {product} {ergonomic}
   size_t InitialHeapSize                          = 132120576                                 {product} {ergonomic}
   size_t MarkStackSize                            = 4194304                                   {product} {ergonomic}
   size_t MaxHeapSize                              = 2113929216                                {product} {ergonomic}
   size_t MaxNewSize                               = 1267728384                                {product} {ergonomic}
   size_t MinHeapDeltaBytes                        = 1048576                                   {product} {ergonomic}
   size_t MinHeapSize                              = 8388608                                   {product} {ergonomic}
    uintx NonNMethodCodeHeapSize                   = 5839372                                {pd product} {ergonomic}
    uintx NonProfiledCodeHeapSize                  = 122909434                              {pd product} {ergonomic}
    uintx ProfiledCodeHeapSize                     = 122909434                              {pd product} {ergonomic}
    uintx ReservedCodeCacheSize                    = 251658240                              {pd product} {ergonomic}
     bool SegmentedCodeCache                       = true                                      {product} {ergonomic}
     bool ShowCodeDetailsInExceptionMessages       = true                                   {manageable} {command line}
   size_t SoftMaxHeapSize                          = 2113929216                             {manageable} {ergonomic}
     bool UseCompressedOops                        = true                           {product lp64_product} {ergonomic}
     bool UseG1GC                                  = true                                      {product} {ergonomic}
     bool UseLargePagesIndividualAllocation        = false                                  {pd product} {ergonomic}

Logging:
Log output configuration:
 #0: stdout all=warning uptime,level,tags foldmultilines=false
 #1: stderr all=off uptime,level,tags foldmultilines=false

Environment Variables:
JAVA_HOME=C:\Program Files\Java\jdk-21
PATH=F:\oracle\product\10.2.0\db_6\bin;F:\oracle\product\10.2.0\db_1\bin;C:\Program Files\Common Files\Oracle\Java\javapath;C:\Program Files\Java\jdk-21\bin;C:\Users\shend\anaconda3;C:\Users\shend\anaconda3\Library\mingw-w64\bin;C:\Users\shend\anaconda3\Library\usr\bin;C:\Users\shend\anaconda3\Library\bin;C:\Users\shend\anaconda3\Scripts;C:\Users\shend\AppData\Local\Programs\Python\Python312\Scripts\;C:\Users\shend\AppData\Local\Programs\Python\Python312\;C:\Users\shend\AppData\Local\Programs\Python\Launcher\;C:\Users\shend\AppData\Local\Microsoft\WindowsApps;C:\Users\shend\AppData\Local\Programs\Microsoft VS Code\bin
USERNAME=shend
OS=Windows_NT
PROCESSOR_IDENTIFIER=Intel64 Family 6 Model 158 Stepping 10, GenuineIntel
TMP=C:\Users\shend\AppData\Local\Temp
TEMP=C:\Users\shend\AppData\Local\Temp




Periodic native trim disabled

---------------  S Y S T E M  ---------------

OS:
 Windows 11 , 64 bit Build 22621 (10.0.22621.5415)
OS uptime: 9 days 17:43 hours

CPU: total 8 (initial active 8) (4 cores per cpu, 2 threads per core) family 6 model 158 stepping 10 microcode 0xec, cx8, cmov, fxsr, ht, mmx, 3dnowpref, sse, sse2, sse3, ssse3, sse4.1, sse4.2, popcnt, lzcnt, tsc, tscinvbit, avx, avx2, aes, erms, clmul, bmi1, bmi2, adx, fma, vzeroupper, clflush, clflushopt, rdtscp, f16c
Processor Information for all 8 processors :
  Max Mhz: 2400, Current Mhz: 2400, Mhz Limit: 2400

Memory: 4k page, system-wide physical 8063M (668M free)
TotalPageFile size 12142M (AvailPageFile size 5M)
current process WorkingSet (physical memory assigned to process): 88M, peak: 91M
current process commit charge ("private bytes"): 226M, peak: 230M

vm_info: Java HotSpot(TM) 64-Bit Server VM (21.0.4+8-LTS-274) for windows-amd64 JRE (21.0.4+8-LTS-274), built on 2024-06-05T05:23:33Z by "mach5one" with MS VC++ 17.6 (VS2022)

END.
