#
# There is insufficient memory for the Java Runtime Environment to continue.
# Native memory allocation (mmap) failed to map 65536 bytes for Failed to commit metaspace.
# Possible reasons:
#   The system is out of physical RAM or swap space
#   The process is running with CompressedOops enabled, and the Java Heap may be blocking the growth of the native heap
# Possible solutions:
#   Reduce memory load on the system
#   Increase physical memory or swap space
#   Check if swap backing store is full
#   Decrease Java heap size (-Xmx/-Xms)
#   Decrease number of Java threads
#   Decrease Java thread stack sizes (-Xss)
#   Set larger code cache with -XX:ReservedCodeCacheSize=
#   JVM is running with Unscaled Compressed Oops mode in which the Java heap is
#     placed in the first 4GB address space. The Java Heap base address is the
#     maximum limit for the native heap growth. Please use -XX:HeapBaseMinAddress
#     to set the Java Heap base and to place the Java Heap above 4GB virtual address.
# This output file may be truncated or incomplete.
#
#  Out of Memory Error (virtualSpaceNode.cpp:112), pid=18972, tid=34152
#
# JRE version: Java(TM) SE Runtime Environment (21.0.4+8) (build 21.0.4+8-LTS-274)
# Java VM: Java HotSpot(TM) 64-Bit Server VM (21.0.4+8-LTS-274, mixed mode, sharing, tiered, compressed oops, compressed class ptrs, g1 gc, windows-amd64)
# No core dump will be written. Minidumps are not enabled by default on client versions of Windows
#

---------------  S U M M A R Y ------------

Command Line: -Dfile.encoding=UTF-8 -Dstdout.encoding=UTF-8 -Dstderr.encoding=UTF-8 -XX:+ShowCodeDetailsInExceptionMessages WebElemant.Getter_Method.Get_Tag_Method

Host: Intel(R) Core(TM) i5-9300H CPU @ 2.40GHz, 8 cores, 7G,  Windows 11 , 64 bit Build 22621 (10.0.22621.5415)
Time: Wed Jun 17 17:07:14 2026 India Standard Time elapsed time: 0.786330 seconds (0d 0h 0m 0s)

---------------  T H R E A D  ---------------

Current thread (0x000001c4e2e25910):  JavaThread "main"             [_thread_in_vm, id=34152, stack(0x000000ad13d00000,0x000000ad13e00000) (1024K)]

Stack: [0x000000ad13d00000,0x000000ad13e00000]
Native frames: (J=compiled Java code, j=interpreted, Vv=VM code, C=native code)
V  [jvm.dll+0x6c8e59]
V  [jvm.dll+0x853181]
V  [jvm.dll+0x8556ae]
V  [jvm.dll+0x855d83]
V  [jvm.dll+0x27d526]
V  [jvm.dll+0x84edae]
V  [jvm.dll+0x66cc05]
V  [jvm.dll+0x1e3afc]
V  [jvm.dll+0x1e38ce]
V  [jvm.dll+0x66f533]
V  [jvm.dll+0x66f352]
V  [jvm.dll+0x66d5de]
V  [jvm.dll+0x268ce6]
V  [jvm.dll+0x2151f7]
V  [jvm.dll+0x20ab4e]
V  [jvm.dll+0x5ac19c]
V  [jvm.dll+0x7cd61d]
V  [jvm.dll+0x470272]
V  [jvm.dll+0x483606]
C  [java.dll+0x1657]

Java frames: (J=compiled Java code, j=interpreted, Vv=VM code)
j  java.lang.ClassLoader.defineClass0(Ljava/lang/ClassLoader;Ljava/lang/Class;Ljava/lang/String;[BIILjava/security/ProtectionDomain;ZILjava/lang/Object;)Ljava/lang/Class;+0 java.base@21.0.4
j  java.lang.System$2.defineClass(Ljava/lang/ClassLoader;Ljava/lang/Class;Ljava/lang/String;[BLjava/security/ProtectionDomain;ZILjava/lang/Object;)Ljava/lang/Class;+17 java.base@21.0.4
j  java.lang.invoke.MethodHandles$Lookup$ClassDefiner.defineClass(ZLjava/lang/Object;)Ljava/lang/Class;+57 java.base@21.0.4
j  java.lang.invoke.InvokerBytecodeGenerator.loadMethod([B)Ljava/lang/invoke/MemberName;+22 java.base@21.0.4
j  java.lang.invoke.InvokerBytecodeGenerator.generateCustomizedCode(Ljava/lang/invoke/LambdaForm;Ljava/lang/invoke/MethodType;)Ljava/lang/invoke/MemberName;+30 java.base@21.0.4
j  java.lang.invoke.LambdaForm.compileToBytecode()V+69 java.base@21.0.4
j  java.lang.invoke.DirectMethodHandle.makePreparedLambdaForm(Ljava/lang/invoke/MethodType;I)Ljava/lang/invoke/LambdaForm;+750 java.base@21.0.4
j  java.lang.invoke.DirectMethodHandle.preparedLambdaForm(Ljava/lang/invoke/MethodType;I)Ljava/lang/invoke/LambdaForm;+17 java.base@21.0.4
j  java.lang.invoke.DirectMethodHandle.preparedLambdaForm(Ljava/lang/invoke/MemberName;Z)Ljava/lang/invoke/LambdaForm;+159 java.base@21.0.4
j  java.lang.invoke.DirectMethodHandle.make(BLjava/lang/Class;Ljava/lang/invoke/MemberName;Ljava/lang/Class;)Ljava/lang/invoke/DirectMethodHandle;+140 java.base@21.0.4
j  java.lang.invoke.MethodHandles$Lookup.getDirectMethodCommon(BLjava/lang/Class;Ljava/lang/invoke/MemberName;ZZLjava/lang/invoke/MethodHandles$Lookup;)Ljava/lang/invoke/MethodHandle;+220 java.base@21.0.4
j  java.lang.invoke.MethodHandles$Lookup.getDirectMethodNoSecurityManager(BLjava/lang/Class;Ljava/lang/invoke/MemberName;Ljava/lang/invoke/MethodHandles$Lookup;)Ljava/lang/invoke/MethodHandle;+14 java.base@21.0.4
j  java.lang.invoke.MethodHandles$Lookup.getDirectMethodForConstant(BLjava/lang/Class;Ljava/lang/invoke/MemberName;)Ljava/lang/invoke/MethodHandle;+31 java.base@21.0.4
j  java.lang.invoke.MethodHandles$Lookup.linkMethodHandleConstant(BLjava/lang/Class;Ljava/lang/String;Ljava/lang/Object;)Ljava/lang/invoke/MethodHandle;+153 java.base@21.0.4
j  java.lang.invoke.MethodHandleNatives.linkMethodHandleConstant(Ljava/lang/Class;ILjava/lang/Class;Ljava/lang/String;Ljava/lang/Object;)Ljava/lang/invoke/MethodHandle;+38 java.base@21.0.4
v  ~StubRoutines::call_stub 0x000001c4f27c100d
j  java.util.stream.StreamSpliterators$WrappingSpliterator.forEachRemaining(Ljava/util/function/Consumer;)V+33 java.base@21.0.4
j  java.util.stream.Streams$ConcatSpliterator.forEachRemaining(Ljava/util/function/Consumer;)V+12 java.base@21.0.4
j  java.util.stream.AbstractPipeline.copyInto(Ljava/util/stream/Sink;Ljava/util/Spliterator;)V+32 java.base@21.0.4
j  java.util.stream.AbstractPipeline.wrapAndCopyInto(Ljava/util/stream/Sink;Ljava/util/Spliterator;)Ljava/util/stream/Sink;+13 java.base@21.0.4
j  java.util.stream.ReduceOps$ReduceOp.evaluateSequential(Ljava/util/stream/PipelineHelper;Ljava/util/Spliterator;)Ljava/lang/Object;+6 java.base@21.0.4
j  java.util.stream.AbstractPipeline.evaluate(Ljava/util/stream/TerminalOp;)Ljava/lang/Object;+88 java.base@21.0.4
j  java.util.stream.ReferencePipeline.collect(Ljava/util/stream/Collector;)Ljava/lang/Object;+86 java.base@21.0.4
j  org.openqa.selenium.chromium.ChromiumOptions.getExtraCapability(Ljava/lang/String;)Ljava/lang/Object;+112
j  org.openqa.selenium.remote.AbstractDriverOptions.getCapability(Ljava/lang/String;)Ljava/lang/Object;+22
j  org.openqa.selenium.remote.AbstractDriverOptions.lambda$asMap$0(Ljava/util/Map;Ljava/lang/String;)V+4
j  org.openqa.selenium.remote.AbstractDriverOptions$$Lambda+0x000001c4810168e0.accept(Ljava/lang/Object;)V+12
j  java.util.Collections$SingletonSet.forEach(Ljava/util/function/Consumer;)V+5 java.base@21.0.4
j  org.openqa.selenium.remote.AbstractDriverOptions.asMap()Ljava/util/Map;+23
j  org.openqa.selenium.remote.service.DriverFinder.getBrowserBinary(Lorg/openqa/selenium/Capabilities;)Ljava/lang/String;+50
j  org.openqa.selenium.remote.service.DriverFinder.toArguments()Ljava/util/List;+77
j  org.openqa.selenium.remote.service.DriverFinder.getBinaryPaths()Lorg/openqa/selenium/manager/SeleniumManagerOutput$Result;+75
j  org.openqa.selenium.remote.service.DriverFinder.getDriverPath()Ljava/lang/String;+1
j  org.openqa.selenium.chrome.ChromeDriver.generateExecutor(Lorg/openqa/selenium/chrome/ChromeDriverService;Lorg/openqa/selenium/chrome/ChromeOptions;Lorg/openqa/selenium/remote/http/ClientConfig;)Lorg/openqa/selenium/chrome/ChromeDriver$ChromeDriverCommandExecutor;+33
j  org.openqa.selenium.chrome.ChromeDriver.<init>(Lorg/openqa/selenium/chrome/ChromeDriverService;Lorg/openqa/selenium/chrome/ChromeOptions;Lorg/openqa/selenium/remote/http/ClientConfig;)V+4
j  org.openqa.selenium.chrome.ChromeDriver.<init>(Lorg/openqa/selenium/chrome/ChromeDriverService;Lorg/openqa/selenium/chrome/ChromeOptions;)V+6
j  org.openqa.selenium.chrome.ChromeDriver.<init>()V+11
j  WebElemant.Getter_Method.Get_Tag_Method.main([Ljava/lang/String;)V+4
v  ~StubRoutines::call_stub 0x000001c4f27c100d

---------------  P R O C E S S  ---------------

Threads class SMR info:
_java_thread_list=0x000001c4c5212cd0, length=11, elements={
0x000001c4e2e25910, 0x000001c4ff759890, 0x000001c4ff75c7c0, 0x000001c4ff762160,
0x000001c4ff7678d0, 0x000001c4ff768c80, 0x000001c4ff769ed0, 0x000001c4ff77fe20,
0x000001c4ff783880, 0x000001c4ff76a560, 0x000001c4ff76bfa0
}

Java Threads: ( => current thread )
=>0x000001c4e2e25910 JavaThread "main"                              [_thread_in_vm, id=34152, stack(0x000000ad13d00000,0x000000ad13e00000) (1024K)]
  0x000001c4ff759890 JavaThread "Reference Handler"          daemon [_thread_blocked, id=11800, stack(0x000000ad14500000,0x000000ad14600000) (1024K)]
  0x000001c4ff75c7c0 JavaThread "Finalizer"                  daemon [_thread_blocked, id=19780, stack(0x000000ad14600000,0x000000ad14700000) (1024K)]
  0x000001c4ff762160 JavaThread "Signal Dispatcher"          daemon [_thread_blocked, id=14820, stack(0x000000ad14700000,0x000000ad14800000) (1024K)]
  0x000001c4ff7678d0 JavaThread "Attach Listener"            daemon [_thread_blocked, id=18416, stack(0x000000ad14800000,0x000000ad14900000) (1024K)]
  0x000001c4ff768c80 JavaThread "Service Thread"             daemon [_thread_blocked, id=34980, stack(0x000000ad14900000,0x000000ad14a00000) (1024K)]
  0x000001c4ff769ed0 JavaThread "Monitor Deflation Thread"   daemon [_thread_blocked, id=11668, stack(0x000000ad14a00000,0x000000ad14b00000) (1024K)]
  0x000001c4ff77fe20 JavaThread "C2 CompilerThread0"         daemon [_thread_blocked, id=34584, stack(0x000000ad14b00000,0x000000ad14c00000) (1024K)]
  0x000001c4ff783880 JavaThread "C1 CompilerThread0"         daemon [_thread_blocked, id=33600, stack(0x000000ad14c00000,0x000000ad14d00000) (1024K)]
  0x000001c4ff76a560 JavaThread "Notification Thread"        daemon [_thread_blocked, id=33864, stack(0x000000ad14d00000,0x000000ad14e00000) (1024K)]
  0x000001c4ff76bfa0 JavaThread "Common-Cleaner"             daemon [_thread_blocked, id=22720, stack(0x000000ad14e00000,0x000000ad14f00000) (1024K)]
Total: 11

Other Threads:
  0x000001c4ff7420a0 VMThread "VM Thread"                           [id=24932, stack(0x000000ad14400000,0x000000ad14500000) (1024K)]
  0x000001c4ff725750 WatcherThread "VM Periodic Task Thread"        [id=36420, stack(0x000000ad14300000,0x000000ad14400000) (1024K)]
  0x000001c4e2e7aba0 WorkerThread "GC Thread#0"                     [id=36560, stack(0x000000ad13e00000,0x000000ad13f00000) (1024K)]
  0x000001c4e2e8b780 ConcurrentGCThread "G1 Main Marker"            [id=34520, stack(0x000000ad13f00000,0x000000ad14000000) (1024K)]
  0x000001c4e2e8d3e0 WorkerThread "G1 Conc#0"                       [id=24392, stack(0x000000ad14000000,0x000000ad14100000) (1024K)]
  0x000001c4ff5f9530 ConcurrentGCThread "G1 Refine#0"               [id=37036, stack(0x000000ad14100000,0x000000ad14200000) (1024K)]
  0x000001c4ff5f9eb0 ConcurrentGCThread "G1 Service"                [id=37084, stack(0x000000ad14200000,0x000000ad14300000) (1024K)]
Total: 7

Threads with active compile tasks:
Total: 0

VM state: not at safepoint (normal execution)

VM Mutex/Monitor currently owned by a thread:  ([mutex/lock_event])
[0x00007ffd853f5e18] Metaspace_lock - owner thread: 0x000001c4e2e25910

Heap address: 0x0000000082000000, size: 2016 MB, Compressed Oops mode: 32-bit

CDS archive(s) mapped at: [0x000001c480000000-0x000001c480c90000-0x000001c480c90000), size 13172736, SharedBaseAddress: 0x000001c480000000, ArchiveRelocationMode: 1.
Compressed class space mapped at: 0x000001c481000000-0x000001c4c1000000, reserved size: 1073741824
Narrow klass base: 0x000001c480000000, Narrow klass shift: 0, Narrow klass range: 0x100000000

GC Precious Log:
 CardTable entry size: 512
 Card Set container configuration: InlinePtr #cards 5 size 8 Array Of Cards #cards 12 size 40 Howl #buckets 4 coarsen threshold 1843 Howl Bitmap #cards 512 size 80 coarsen threshold 460 Card regions per heap region 1 cards per card region 2048
 CPUs: 8 total, 8 available
 Memory: 8063M
 Large Page Support: Disabled
 NUMA Support: Disabled
 Compressed Oops: Enabled (32-bit)
 Heap Region Size: 1M
 Heap Min Capacity: 8M
 Heap Initial Capacity: 126M
 Heap Max Capacity: 2016M
 Pre-touch: Disabled
 Parallel Workers: 8
 Concurrent Workers: 2
 Concurrent Refinement Workers: 8
 Periodic GC: Disabled

Heap:
 garbage-first heap   total 129024K, used 9216K [0x0000000082000000, 0x0000000100000000)
  region size 1024K, 8 young (8192K), 0 survivors (0K)
 Metaspace       used 1887K, committed 2048K, reserved 1114112K
  class space    used 210K, committed 320K, reserved 1048576K

Heap Regions: E=young(eden), S=young(survivor), O=old, HS=humongous(starts), HC=humongous(continues), CS=collection set, F=free, TAMS=top-at-mark-start, PB=parsable bottom
|   0|0x0000000082000000, 0x0000000082100000, 0x0000000082100000|100%|HS|  |TAMS 0x0000000082000000| PB 0x0000000082000000| Complete 
|   1|0x0000000082100000, 0x0000000082200000, 0x0000000082200000|100%|HS|  |TAMS 0x0000000082100000| PB 0x0000000082100000| Complete 
|   2|0x0000000082200000, 0x0000000082200000, 0x0000000082300000|  0%| F|  |TAMS 0x0000000082200000| PB 0x0000000082200000| Untracked 
|   3|0x0000000082300000, 0x0000000082300000, 0x0000000082400000|  0%| F|  |TAMS 0x0000000082300000| PB 0x0000000082300000| Untracked 
|   4|0x0000000082400000, 0x0000000082400000, 0x0000000082500000|  0%| F|  |TAMS 0x0000000082400000| PB 0x0000000082400000| Untracked 
|   5|0x0000000082500000, 0x0000000082500000, 0x0000000082600000|  0%| F|  |TAMS 0x0000000082500000| PB 0x0000000082500000| Untracked 
|   6|0x0000000082600000, 0x0000000082600000, 0x0000000082700000|  0%| F|  |TAMS 0x0000000082600000| PB 0x0000000082600000| Untracked 
|   7|0x0000000082700000, 0x0000000082700000, 0x0000000082800000|  0%| F|  |TAMS 0x0000000082700000| PB 0x0000000082700000| Untracked 
|   8|0x0000000082800000, 0x0000000082800000, 0x0000000082900000|  0%| F|  |TAMS 0x0000000082800000| PB 0x0000000082800000| Untracked 
|   9|0x0000000082900000, 0x0000000082900000, 0x0000000082a00000|  0%| F|  |TAMS 0x0000000082900000| PB 0x0000000082900000| Untracked 
|  10|0x0000000082a00000, 0x0000000082a00000, 0x0000000082b00000|  0%| F|  |TAMS 0x0000000082a00000| PB 0x0000000082a00000| Untracked 
|  11|0x0000000082b00000, 0x0000000082b00000, 0x0000000082c00000|  0%| F|  |TAMS 0x0000000082b00000| PB 0x0000000082b00000| Untracked 
|  12|0x0000000082c00000, 0x0000000082c00000, 0x0000000082d00000|  0%| F|  |TAMS 0x0000000082c00000| PB 0x0000000082c00000| Untracked 
|  13|0x0000000082d00000, 0x0000000082d00000, 0x0000000082e00000|  0%| F|  |TAMS 0x0000000082d00000| PB 0x0000000082d00000| Untracked 
|  14|0x0000000082e00000, 0x0000000082e00000, 0x0000000082f00000|  0%| F|  |TAMS 0x0000000082e00000| PB 0x0000000082e00000| Untracked 
|  15|0x0000000082f00000, 0x0000000082f00000, 0x0000000083000000|  0%| F|  |TAMS 0x0000000082f00000| PB 0x0000000082f00000| Untracked 
|  16|0x0000000083000000, 0x0000000083000000, 0x0000000083100000|  0%| F|  |TAMS 0x0000000083000000| PB 0x0000000083000000| Untracked 
|  17|0x0000000083100000, 0x0000000083100000, 0x0000000083200000|  0%| F|  |TAMS 0x0000000083100000| PB 0x0000000083100000| Untracked 
|  18|0x0000000083200000, 0x0000000083200000, 0x0000000083300000|  0%| F|  |TAMS 0x0000000083200000| PB 0x0000000083200000| Untracked 
|  19|0x0000000083300000, 0x0000000083300000, 0x0000000083400000|  0%| F|  |TAMS 0x0000000083300000| PB 0x0000000083300000| Untracked 
|  20|0x0000000083400000, 0x0000000083400000, 0x0000000083500000|  0%| F|  |TAMS 0x0000000083400000| PB 0x0000000083400000| Untracked 
|  21|0x0000000083500000, 0x0000000083500000, 0x0000000083600000|  0%| F|  |TAMS 0x0000000083500000| PB 0x0000000083500000| Untracked 
|  22|0x0000000083600000, 0x0000000083600000, 0x0000000083700000|  0%| F|  |TAMS 0x0000000083600000| PB 0x0000000083600000| Untracked 
|  23|0x0000000083700000, 0x0000000083700000, 0x0000000083800000|  0%| F|  |TAMS 0x0000000083700000| PB 0x0000000083700000| Untracked 
|  24|0x0000000083800000, 0x0000000083800000, 0x0000000083900000|  0%| F|  |TAMS 0x0000000083800000| PB 0x0000000083800000| Untracked 
|  25|0x0000000083900000, 0x0000000083900000, 0x0000000083a00000|  0%| F|  |TAMS 0x0000000083900000| PB 0x0000000083900000| Untracked 
|  26|0x0000000083a00000, 0x0000000083a00000, 0x0000000083b00000|  0%| F|  |TAMS 0x0000000083a00000| PB 0x0000000083a00000| Untracked 
|  27|0x0000000083b00000, 0x0000000083b00000, 0x0000000083c00000|  0%| F|  |TAMS 0x0000000083b00000| PB 0x0000000083b00000| Untracked 
|  28|0x0000000083c00000, 0x0000000083c00000, 0x0000000083d00000|  0%| F|  |TAMS 0x0000000083c00000| PB 0x0000000083c00000| Untracked 
|  29|0x0000000083d00000, 0x0000000083d00000, 0x0000000083e00000|  0%| F|  |TAMS 0x0000000083d00000| PB 0x0000000083d00000| Untracked 
|  30|0x0000000083e00000, 0x0000000083e00000, 0x0000000083f00000|  0%| F|  |TAMS 0x0000000083e00000| PB 0x0000000083e00000| Untracked 
|  31|0x0000000083f00000, 0x0000000083f00000, 0x0000000084000000|  0%| F|  |TAMS 0x0000000083f00000| PB 0x0000000083f00000| Untracked 
|  32|0x0000000084000000, 0x0000000084000000, 0x0000000084100000|  0%| F|  |TAMS 0x0000000084000000| PB 0x0000000084000000| Untracked 
|  33|0x0000000084100000, 0x0000000084100000, 0x0000000084200000|  0%| F|  |TAMS 0x0000000084100000| PB 0x0000000084100000| Untracked 
|  34|0x0000000084200000, 0x0000000084200000, 0x0000000084300000|  0%| F|  |TAMS 0x0000000084200000| PB 0x0000000084200000| Untracked 
|  35|0x0000000084300000, 0x0000000084300000, 0x0000000084400000|  0%| F|  |TAMS 0x0000000084300000| PB 0x0000000084300000| Untracked 
|  36|0x0000000084400000, 0x0000000084400000, 0x0000000084500000|  0%| F|  |TAMS 0x0000000084400000| PB 0x0000000084400000| Untracked 
|  37|0x0000000084500000, 0x0000000084500000, 0x0000000084600000|  0%| F|  |TAMS 0x0000000084500000| PB 0x0000000084500000| Untracked 
|  38|0x0000000084600000, 0x0000000084600000, 0x0000000084700000|  0%| F|  |TAMS 0x0000000084600000| PB 0x0000000084600000| Untracked 
|  39|0x0000000084700000, 0x0000000084700000, 0x0000000084800000|  0%| F|  |TAMS 0x0000000084700000| PB 0x0000000084700000| Untracked 
|  40|0x0000000084800000, 0x0000000084800000, 0x0000000084900000|  0%| F|  |TAMS 0x0000000084800000| PB 0x0000000084800000| Untracked 
|  41|0x0000000084900000, 0x0000000084900000, 0x0000000084a00000|  0%| F|  |TAMS 0x0000000084900000| PB 0x0000000084900000| Untracked 
|  42|0x0000000084a00000, 0x0000000084a00000, 0x0000000084b00000|  0%| F|  |TAMS 0x0000000084a00000| PB 0x0000000084a00000| Untracked 
|  43|0x0000000084b00000, 0x0000000084b00000, 0x0000000084c00000|  0%| F|  |TAMS 0x0000000084b00000| PB 0x0000000084b00000| Untracked 
|  44|0x0000000084c00000, 0x0000000084c00000, 0x0000000084d00000|  0%| F|  |TAMS 0x0000000084c00000| PB 0x0000000084c00000| Untracked 
|  45|0x0000000084d00000, 0x0000000084d00000, 0x0000000084e00000|  0%| F|  |TAMS 0x0000000084d00000| PB 0x0000000084d00000| Untracked 
|  46|0x0000000084e00000, 0x0000000084e00000, 0x0000000084f00000|  0%| F|  |TAMS 0x0000000084e00000| PB 0x0000000084e00000| Untracked 
|  47|0x0000000084f00000, 0x0000000084f00000, 0x0000000085000000|  0%| F|  |TAMS 0x0000000084f00000| PB 0x0000000084f00000| Untracked 
|  48|0x0000000085000000, 0x0000000085000000, 0x0000000085100000|  0%| F|  |TAMS 0x0000000085000000| PB 0x0000000085000000| Untracked 
|  49|0x0000000085100000, 0x0000000085100000, 0x0000000085200000|  0%| F|  |TAMS 0x0000000085100000| PB 0x0000000085100000| Untracked 
|  50|0x0000000085200000, 0x0000000085200000, 0x0000000085300000|  0%| F|  |TAMS 0x0000000085200000| PB 0x0000000085200000| Untracked 
|  51|0x0000000085300000, 0x0000000085300000, 0x0000000085400000|  0%| F|  |TAMS 0x0000000085300000| PB 0x0000000085300000| Untracked 
|  52|0x0000000085400000, 0x0000000085400000, 0x0000000085500000|  0%| F|  |TAMS 0x0000000085400000| PB 0x0000000085400000| Untracked 
|  53|0x0000000085500000, 0x0000000085500000, 0x0000000085600000|  0%| F|  |TAMS 0x0000000085500000| PB 0x0000000085500000| Untracked 
|  54|0x0000000085600000, 0x0000000085600000, 0x0000000085700000|  0%| F|  |TAMS 0x0000000085600000| PB 0x0000000085600000| Untracked 
|  55|0x0000000085700000, 0x0000000085700000, 0x0000000085800000|  0%| F|  |TAMS 0x0000000085700000| PB 0x0000000085700000| Untracked 
|  56|0x0000000085800000, 0x0000000085800000, 0x0000000085900000|  0%| F|  |TAMS 0x0000000085800000| PB 0x0000000085800000| Untracked 
|  57|0x0000000085900000, 0x0000000085900000, 0x0000000085a00000|  0%| F|  |TAMS 0x0000000085900000| PB 0x0000000085900000| Untracked 
|  58|0x0000000085a00000, 0x0000000085a00000, 0x0000000085b00000|  0%| F|  |TAMS 0x0000000085a00000| PB 0x0000000085a00000| Untracked 
|  59|0x0000000085b00000, 0x0000000085b00000, 0x0000000085c00000|  0%| F|  |TAMS 0x0000000085b00000| PB 0x0000000085b00000| Untracked 
|  60|0x0000000085c00000, 0x0000000085c00000, 0x0000000085d00000|  0%| F|  |TAMS 0x0000000085c00000| PB 0x0000000085c00000| Untracked 
|  61|0x0000000085d00000, 0x0000000085d00000, 0x0000000085e00000|  0%| F|  |TAMS 0x0000000085d00000| PB 0x0000000085d00000| Untracked 
|  62|0x0000000085e00000, 0x0000000085e00000, 0x0000000085f00000|  0%| F|  |TAMS 0x0000000085e00000| PB 0x0000000085e00000| Untracked 
|  63|0x0000000085f00000, 0x0000000085f00000, 0x0000000086000000|  0%| F|  |TAMS 0x0000000085f00000| PB 0x0000000085f00000| Untracked 
|  64|0x0000000086000000, 0x0000000086000000, 0x0000000086100000|  0%| F|  |TAMS 0x0000000086000000| PB 0x0000000086000000| Untracked 
|  65|0x0000000086100000, 0x0000000086100000, 0x0000000086200000|  0%| F|  |TAMS 0x0000000086100000| PB 0x0000000086100000| Untracked 
|  66|0x0000000086200000, 0x0000000086200000, 0x0000000086300000|  0%| F|  |TAMS 0x0000000086200000| PB 0x0000000086200000| Untracked 
|  67|0x0000000086300000, 0x0000000086300000, 0x0000000086400000|  0%| F|  |TAMS 0x0000000086300000| PB 0x0000000086300000| Untracked 
|  68|0x0000000086400000, 0x0000000086400000, 0x0000000086500000|  0%| F|  |TAMS 0x0000000086400000| PB 0x0000000086400000| Untracked 
|  69|0x0000000086500000, 0x0000000086500000, 0x0000000086600000|  0%| F|  |TAMS 0x0000000086500000| PB 0x0000000086500000| Untracked 
|  70|0x0000000086600000, 0x0000000086600000, 0x0000000086700000|  0%| F|  |TAMS 0x0000000086600000| PB 0x0000000086600000| Untracked 
|  71|0x0000000086700000, 0x0000000086700000, 0x0000000086800000|  0%| F|  |TAMS 0x0000000086700000| PB 0x0000000086700000| Untracked 
|  72|0x0000000086800000, 0x0000000086800000, 0x0000000086900000|  0%| F|  |TAMS 0x0000000086800000| PB 0x0000000086800000| Untracked 
|  73|0x0000000086900000, 0x0000000086900000, 0x0000000086a00000|  0%| F|  |TAMS 0x0000000086900000| PB 0x0000000086900000| Untracked 
|  74|0x0000000086a00000, 0x0000000086a00000, 0x0000000086b00000|  0%| F|  |TAMS 0x0000000086a00000| PB 0x0000000086a00000| Untracked 
|  75|0x0000000086b00000, 0x0000000086b00000, 0x0000000086c00000|  0%| F|  |TAMS 0x0000000086b00000| PB 0x0000000086b00000| Untracked 
|  76|0x0000000086c00000, 0x0000000086c00000, 0x0000000086d00000|  0%| F|  |TAMS 0x0000000086c00000| PB 0x0000000086c00000| Untracked 
|  77|0x0000000086d00000, 0x0000000086d00000, 0x0000000086e00000|  0%| F|  |TAMS 0x0000000086d00000| PB 0x0000000086d00000| Untracked 
|  78|0x0000000086e00000, 0x0000000086e00000, 0x0000000086f00000|  0%| F|  |TAMS 0x0000000086e00000| PB 0x0000000086e00000| Untracked 
|  79|0x0000000086f00000, 0x0000000086f00000, 0x0000000087000000|  0%| F|  |TAMS 0x0000000086f00000| PB 0x0000000086f00000| Untracked 
|  80|0x0000000087000000, 0x0000000087000000, 0x0000000087100000|  0%| F|  |TAMS 0x0000000087000000| PB 0x0000000087000000| Untracked 
|  81|0x0000000087100000, 0x0000000087100000, 0x0000000087200000|  0%| F|  |TAMS 0x0000000087100000| PB 0x0000000087100000| Untracked 
|  82|0x0000000087200000, 0x0000000087200000, 0x0000000087300000|  0%| F|  |TAMS 0x0000000087200000| PB 0x0000000087200000| Untracked 
|  83|0x0000000087300000, 0x0000000087300000, 0x0000000087400000|  0%| F|  |TAMS 0x0000000087300000| PB 0x0000000087300000| Untracked 
|  84|0x0000000087400000, 0x0000000087400000, 0x0000000087500000|  0%| F|  |TAMS 0x0000000087400000| PB 0x0000000087400000| Untracked 
|  85|0x0000000087500000, 0x0000000087500000, 0x0000000087600000|  0%| F|  |TAMS 0x0000000087500000| PB 0x0000000087500000| Untracked 
|  86|0x0000000087600000, 0x0000000087600000, 0x0000000087700000|  0%| F|  |TAMS 0x0000000087600000| PB 0x0000000087600000| Untracked 
|  87|0x0000000087700000, 0x0000000087700000, 0x0000000087800000|  0%| F|  |TAMS 0x0000000087700000| PB 0x0000000087700000| Untracked 
|  88|0x0000000087800000, 0x0000000087800000, 0x0000000087900000|  0%| F|  |TAMS 0x0000000087800000| PB 0x0000000087800000| Untracked 
|  89|0x0000000087900000, 0x0000000087900000, 0x0000000087a00000|  0%| F|  |TAMS 0x0000000087900000| PB 0x0000000087900000| Untracked 
|  90|0x0000000087a00000, 0x0000000087a00000, 0x0000000087b00000|  0%| F|  |TAMS 0x0000000087a00000| PB 0x0000000087a00000| Untracked 
|  91|0x0000000087b00000, 0x0000000087b00000, 0x0000000087c00000|  0%| F|  |TAMS 0x0000000087b00000| PB 0x0000000087b00000| Untracked 
|  92|0x0000000087c00000, 0x0000000087c00000, 0x0000000087d00000|  0%| F|  |TAMS 0x0000000087c00000| PB 0x0000000087c00000| Untracked 
|  93|0x0000000087d00000, 0x0000000087d00000, 0x0000000087e00000|  0%| F|  |TAMS 0x0000000087d00000| PB 0x0000000087d00000| Untracked 
|  94|0x0000000087e00000, 0x0000000087e00000, 0x0000000087f00000|  0%| F|  |TAMS 0x0000000087e00000| PB 0x0000000087e00000| Untracked 
|  95|0x0000000087f00000, 0x0000000087f00000, 0x0000000088000000|  0%| F|  |TAMS 0x0000000087f00000| PB 0x0000000087f00000| Untracked 
|  96|0x0000000088000000, 0x0000000088000000, 0x0000000088100000|  0%| F|  |TAMS 0x0000000088000000| PB 0x0000000088000000| Untracked 
|  97|0x0000000088100000, 0x0000000088100000, 0x0000000088200000|  0%| F|  |TAMS 0x0000000088100000| PB 0x0000000088100000| Untracked 
|  98|0x0000000088200000, 0x0000000088200000, 0x0000000088300000|  0%| F|  |TAMS 0x0000000088200000| PB 0x0000000088200000| Untracked 
|  99|0x0000000088300000, 0x0000000088300000, 0x0000000088400000|  0%| F|  |TAMS 0x0000000088300000| PB 0x0000000088300000| Untracked 
| 100|0x0000000088400000, 0x0000000088400000, 0x0000000088500000|  0%| F|  |TAMS 0x0000000088400000| PB 0x0000000088400000| Untracked 
| 101|0x0000000088500000, 0x0000000088500000, 0x0000000088600000|  0%| F|  |TAMS 0x0000000088500000| PB 0x0000000088500000| Untracked 
| 102|0x0000000088600000, 0x0000000088600000, 0x0000000088700000|  0%| F|  |TAMS 0x0000000088600000| PB 0x0000000088600000| Untracked 
| 103|0x0000000088700000, 0x0000000088700000, 0x0000000088800000|  0%| F|  |TAMS 0x0000000088700000| PB 0x0000000088700000| Untracked 
| 104|0x0000000088800000, 0x0000000088800000, 0x0000000088900000|  0%| F|  |TAMS 0x0000000088800000| PB 0x0000000088800000| Untracked 
| 105|0x0000000088900000, 0x0000000088900000, 0x0000000088a00000|  0%| F|  |TAMS 0x0000000088900000| PB 0x0000000088900000| Untracked 
| 106|0x0000000088a00000, 0x0000000088a00000, 0x0000000088b00000|  0%| F|  |TAMS 0x0000000088a00000| PB 0x0000000088a00000| Untracked 
| 107|0x0000000088b00000, 0x0000000088b00000, 0x0000000088c00000|  0%| F|  |TAMS 0x0000000088b00000| PB 0x0000000088b00000| Untracked 
| 108|0x0000000088c00000, 0x0000000088c00000, 0x0000000088d00000|  0%| F|  |TAMS 0x0000000088c00000| PB 0x0000000088c00000| Untracked 
| 109|0x0000000088d00000, 0x0000000088d00000, 0x0000000088e00000|  0%| F|  |TAMS 0x0000000088d00000| PB 0x0000000088d00000| Untracked 
| 110|0x0000000088e00000, 0x0000000088e00000, 0x0000000088f00000|  0%| F|  |TAMS 0x0000000088e00000| PB 0x0000000088e00000| Untracked 
| 111|0x0000000088f00000, 0x0000000088f00000, 0x0000000089000000|  0%| F|  |TAMS 0x0000000088f00000| PB 0x0000000088f00000| Untracked 
| 112|0x0000000089000000, 0x0000000089000000, 0x0000000089100000|  0%| F|  |TAMS 0x0000000089000000| PB 0x0000000089000000| Untracked 
| 113|0x0000000089100000, 0x0000000089100000, 0x0000000089200000|  0%| F|  |TAMS 0x0000000089100000| PB 0x0000000089100000| Untracked 
| 114|0x0000000089200000, 0x0000000089200000, 0x0000000089300000|  0%| F|  |TAMS 0x0000000089200000| PB 0x0000000089200000| Untracked 
| 115|0x0000000089300000, 0x0000000089300000, 0x0000000089400000|  0%| F|  |TAMS 0x0000000089300000| PB 0x0000000089300000| Untracked 
| 116|0x0000000089400000, 0x0000000089400000, 0x0000000089500000|  0%| F|  |TAMS 0x0000000089400000| PB 0x0000000089400000| Untracked 
| 117|0x0000000089500000, 0x0000000089500000, 0x0000000089600000|  0%| F|  |TAMS 0x0000000089500000| PB 0x0000000089500000| Untracked 
| 118|0x0000000089600000, 0x00000000896f05a0, 0x0000000089700000| 93%| E|  |TAMS 0x0000000089600000| PB 0x0000000089600000| Complete 
| 119|0x0000000089700000, 0x0000000089800000, 0x0000000089800000|100%| E|CS|TAMS 0x0000000089700000| PB 0x0000000089700000| Complete 
| 120|0x0000000089800000, 0x0000000089900000, 0x0000000089900000|100%| E|CS|TAMS 0x0000000089800000| PB 0x0000000089800000| Complete 
| 121|0x0000000089900000, 0x0000000089a00000, 0x0000000089a00000|100%| E|CS|TAMS 0x0000000089900000| PB 0x0000000089900000| Complete 
| 122|0x0000000089a00000, 0x0000000089b00000, 0x0000000089b00000|100%| E|CS|TAMS 0x0000000089a00000| PB 0x0000000089a00000| Complete 
| 123|0x0000000089b00000, 0x0000000089c00000, 0x0000000089c00000|100%| E|CS|TAMS 0x0000000089b00000| PB 0x0000000089b00000| Complete 
| 124|0x0000000089c00000, 0x0000000089d00000, 0x0000000089d00000|100%| E|CS|TAMS 0x0000000089c00000| PB 0x0000000089c00000| Complete 
| 125|0x0000000089d00000, 0x0000000089e00000, 0x0000000089e00000|100%| E|CS|TAMS 0x0000000089d00000| PB 0x0000000089d00000| Complete 

Card table byte_map: [0x000001c4fa9b0000,0x000001c4fada0000] _byte_map_base: 0x000001c4fa5a0000

Marking Bits: (CMBitMap*) 0x000001c4e2e7b2a0
 Bits: [0x000001c4fada0000, 0x000001c4fcd20000)

Polling page: 0x000001c4e0f90000

Metaspace:

Usage:
  Non-class:      1.64 MB used.
      Class:    210.02 KB used.
       Both:      1.84 MB used.

Virtual space:
  Non-class space:       64.00 MB reserved,       1.69 MB (  3%) committed,  1 nodes.
      Class space:        1.00 GB reserved,     320.00 KB ( <1%) committed,  1 nodes.
             Both:        1.06 GB reserved,       2.00 MB ( <1%) committed. 

Chunk freelists:
   Non-Class:  11.62 MB
       Class:  15.66 MB
        Both:  27.29 MB

MaxMetaspaceSize: unlimited
CompressedClassSpaceSize: 1.00 GB
Initial GC threshold: 21.00 MB
Current GC threshold: 21.00 MB
CDS: on
 - commit_granule_bytes: 65536.
 - commit_granule_words: 8192.
 - virtual_space_node_default_size: 8388608.
 - enlarge_chunks_in_place: 1.
 - use_allocation_guard: 0.


Internal statistics:

num_allocs_failed_limit: 0.
num_arena_births: 22.
num_arena_deaths: 0.
num_vsnodes_births: 2.
num_vsnodes_deaths: 0.
num_space_committed: 32.
num_space_uncommitted: 0.
num_chunks_returned_to_freelist: 0.
num_chunks_taken_from_freelist: 49.
num_chunk_merges: 0.
num_chunk_splits: 29.
num_chunks_enlarged: 17.
num_inconsistent_stats: 0.

CodeHeap 'non-profiled nmethods': size=120000Kb used=171Kb max_used=171Kb free=119828Kb
 bounds [0x000001c4f2d60000, 0x000001c4f2fd0000, 0x000001c4fa290000]
CodeHeap 'profiled nmethods': size=120000Kb used=825Kb max_used=825Kb free=119175Kb
 bounds [0x000001c4eb290000, 0x000001c4eb500000, 0x000001c4f27c0000]
CodeHeap 'non-nmethods': size=5760Kb used=1327Kb max_used=1341Kb free=4432Kb
 bounds [0x000001c4f27c0000, 0x000001c4f2a30000, 0x000001c4f2d60000]
 total_blobs=987 nmethods=550 adapters=342
 compilation: enabled
              stopped_count=0, restarted_count=0
 full_count=0

Compilation events (20 events):
Event: 0.739 Thread 0x000001c4ff783880  537       3       java.util.TreeMap::parentOf (13 bytes)
Event: 0.739 Thread 0x000001c4ff783880 nmethod 537 0x000001c4eb358e10 code [0x000001c4eb358fc0, 0x000001c4eb359130]
Event: 0.739 Thread 0x000001c4ff783880  540       1       java.util.HashMap$Node::getKey (5 bytes)
Event: 0.740 Thread 0x000001c4ff783880 nmethod 540 0x000001c4f2d89f10 code [0x000001c4f2d8a0a0, 0x000001c4f2d8a168]
Event: 0.740 Thread 0x000001c4ff783880  541       1       java.util.HashMap$Node::getValue (5 bytes)
Event: 0.740 Thread 0x000001c4ff783880 nmethod 541 0x000001c4f2d8a210 code [0x000001c4f2d8a3a0, 0x000001c4f2d8a468]
Event: 0.740 Thread 0x000001c4ff783880  542       3       jdk.internal.org.objectweb.asm.ByteVector::put12 (64 bytes)
Event: 0.740 Thread 0x000001c4ff783880 nmethod 542 0x000001c4eb359210 code [0x000001c4eb3593c0, 0x000001c4eb3595f8]
Event: 0.741 Thread 0x000001c4ff783880  543  s!   3       jdk.internal.loader.URLClassPath::getLoader (194 bytes)
Event: 0.741 Thread 0x000001c4ff783880 nmethod 543 0x000001c4eb359790 code [0x000001c4eb359a80, 0x000001c4eb35acd8]
Event: 0.742 Thread 0x000001c4ff783880  545       3       java.util.WeakHashMap::remove (131 bytes)
Event: 0.742 Thread 0x000001c4ff783880 nmethod 545 0x000001c4eb35b410 code [0x000001c4eb35b660, 0x000001c4eb35c1a0]
Event: 0.742 Thread 0x000001c4ff783880  544       3       java.util.Collections$SetFromMap::remove (19 bytes)
Event: 0.742 Thread 0x000001c4ff783880 nmethod 544 0x000001c4eb35c590 code [0x000001c4eb35c740, 0x000001c4eb35c970]
Event: 0.743 Thread 0x000001c4ff783880  546       3       java.lang.invoke.MethodType::genericMethodType (95 bytes)
Event: 0.744 Thread 0x000001c4ff783880 nmethod 546 0x000001c4eb35ca10 code [0x000001c4eb35cca0, 0x000001c4eb35d970]
Event: 0.744 Thread 0x000001c4ff783880  547       1       java.lang.invoke.DirectMethodHandle::internalMemberName (5 bytes)
Event: 0.744 Thread 0x000001c4ff783880 nmethod 547 0x000001c4f2d8a510 code [0x000001c4f2d8a6a0, 0x000001c4f2d8a768]
Event: 0.745 Thread 0x000001c4ff783880  549       3       java.lang.invoke.MemberName::getName (25 bytes)
Event: 0.745 Thread 0x000001c4ff783880 nmethod 549 0x000001c4eb35dd90 code [0x000001c4eb35df60, 0x000001c4eb35e2d0]

GC Heap History (0 events):
No events

Dll operation events (9 events):
Event: 0.011 Loaded shared library C:\Program Files\Java\jdk-21\bin\java.dll
Event: 0.051 Loaded shared library C:\Program Files\Java\jdk-21\bin\jsvml.dll
Event: 0.210 Loaded shared library C:\Program Files\Java\jdk-21\bin\net.dll
Event: 0.212 Loaded shared library C:\Program Files\Java\jdk-21\bin\nio.dll
Event: 0.218 Loaded shared library C:\Program Files\Java\jdk-21\bin\zip.dll
Event: 0.350 Loaded shared library C:\Program Files\Java\jdk-21\bin\jimage.dll
Event: 0.504 Loaded shared library C:\Program Files\Java\jdk-21\bin\extnet.dll
Event: 0.602 Loaded shared library C:\Program Files\Java\jdk-21\bin\management.dll
Event: 0.675 Loaded shared library C:\Program Files\Java\jdk-21\bin\management_ext.dll

Deoptimization events (14 events):
Event: 0.142 Thread 0x000001c4e2e25910 Uncommon trap: trap_request=0xffffff45 fr.pc=0x000001c4f2d61264 relative=0x00000000000000c4
Event: 0.142 Thread 0x000001c4e2e25910 Uncommon trap: reason=unstable_if action=reinterpret pc=0x000001c4f2d61264 method=java.lang.String.isLatin1()Z @ 10 c2
Event: 0.142 Thread 0x000001c4e2e25910 DEOPT PACKING pc=0x000001c4f2d61264 sp=0x000000ad13dff100
Event: 0.142 Thread 0x000001c4e2e25910 DEOPT UNPACKING pc=0x000001c4f28146a2 sp=0x000000ad13dff040 mode 2
Event: 0.288 Thread 0x000001c4e2e25910 DEOPT PACKING pc=0x000001c4eb2a7c78 sp=0x000000ad13dfb510
Event: 0.288 Thread 0x000001c4e2e25910 DEOPT UNPACKING pc=0x000001c4f2814e42 sp=0x000000ad13dfa930 mode 0
Event: 0.306 Thread 0x000001c4e2e25910 DEOPT PACKING pc=0x000001c4eb297ad8 sp=0x000000ad13df9a50
Event: 0.306 Thread 0x000001c4e2e25910 DEOPT UNPACKING pc=0x000001c4f2814e42 sp=0x000000ad13df8eb8 mode 0
Event: 0.558 Thread 0x000001c4e2e25910 DEOPT PACKING pc=0x000001c4eb2b9cd7 sp=0x000000ad13df9ed0
Event: 0.558 Thread 0x000001c4e2e25910 DEOPT UNPACKING pc=0x000001c4f2814e42 sp=0x000000ad13df9320 mode 0
Event: 0.732 Thread 0x000001c4e2e25910 Uncommon trap: trap_request=0xffffff45 fr.pc=0x000001c4f2d759f8 relative=0x0000000000000078
Event: 0.732 Thread 0x000001c4e2e25910 Uncommon trap: reason=unstable_if action=reinterpret pc=0x000001c4f2d759f8 method=java.io.WinNTFileSystem.isSlash(C)Z @ 9 c2
Event: 0.732 Thread 0x000001c4e2e25910 DEOPT PACKING pc=0x000001c4f2d759f8 sp=0x000000ad13dfd3f0
Event: 0.732 Thread 0x000001c4e2e25910 DEOPT UNPACKING pc=0x000001c4f28146a2 sp=0x000000ad13dfd378 mode 2

Classes loaded (20 events):
Event: 0.740 Loading class java/lang/Thread$ThreadNumbering
Event: 0.740 Loading class java/lang/Thread$ThreadNumbering done
Event: 0.741 Loading class java/util/Arrays$ArrayItr
Event: 0.741 Loading class java/util/Arrays$ArrayItr done
Event: 0.741 Loading class java/util/Collections$UnmodifiableMap$UnmodifiableEntrySet
Event: 0.741 Loading class java/util/Collections$UnmodifiableMap$UnmodifiableEntrySet done
Event: 0.741 Loading class java/util/Collections$UnmodifiableMap$UnmodifiableEntrySet$1
Event: 0.741 Loading class java/util/Collections$UnmodifiableMap$UnmodifiableEntrySet$1 done
Event: 0.742 Loading class java/util/Collections$UnmodifiableMap$UnmodifiableEntrySet$UnmodifiableEntry
Event: 0.742 Loading class java/util/Collections$UnmodifiableMap$UnmodifiableEntrySet$UnmodifiableEntry done
Event: 0.743 Loading class java/util/stream/Streams$ConcatSpliterator$OfRef
Event: 0.744 Loading class java/util/stream/Streams$ConcatSpliterator
Event: 0.744 Loading class java/util/stream/Streams$ConcatSpliterator done
Event: 0.744 Loading class java/util/stream/Streams$ConcatSpliterator$OfRef done
Event: 0.744 Loading class java/util/stream/StreamSpliterators$WrappingSpliterator
Event: 0.744 Loading class java/util/stream/StreamSpliterators$AbstractWrappingSpliterator
Event: 0.744 Loading class java/util/stream/StreamSpliterators$AbstractWrappingSpliterator done
Event: 0.744 Loading class java/util/stream/StreamSpliterators$WrappingSpliterator done
Event: 0.745 Loading class java/util/stream/Streams$2
Event: 0.745 Loading class java/util/stream/Streams$2 done

Classes unloaded (0 events):
No events

Classes redefined (0 events):
No events

Internal exceptions (4 events):
Event: 0.415 Thread 0x000001c4e2e25910 Exception <a 'java/lang/NoSuchMethodError'{0x00000000897062b8}: 'int java.lang.invoke.DirectMethodHandle$Holder.invokeStaticInit(java.lang.Object, java.lang.Object)'> (0x00000000897062b8) 
thrown [s\open\src\hotspot\share\interpreter\linkResolver.cpp, line 773]
Event: 0.506 Thread 0x000001c4e2e25910 Exception <a 'java/lang/NoSuchMethodError'{0x000000008976daf8}: 'void java.lang.invoke.DirectMethodHandle$Holder.invokeStatic(java.lang.Object, java.lang.Object)'> (0x000000008976daf8) 
thrown [s\open\src\hotspot\share\interpreter\linkResolver.cpp, line 773]
Event: 0.724 Thread 0x000001c4e2e25910 Exception <a 'java/lang/NoSuchMethodError'{0x0000000089651fd0}: 'int java.lang.invoke.DirectMethodHandle$Holder.invokeSpecial(java.lang.Object, java.lang.Object, java.lang.Object)'> (0x0000000089651fd0) 
thrown [s\open\src\hotspot\share\interpreter\linkResolver.cpp, line 773]
Event: 0.745 Thread 0x000001c4e2e25910 Exception <a 'java/lang/NoSuchMethodError'{0x00000000896a50b8}: 'void java.lang.invoke.DirectMethodHandle$Holder.invokeInterface(java.lang.Object, java.lang.Object, java.lang.Object)'> (0x00000000896a50b8) 
thrown [s\open\src\hotspot\share\interpreter\linkResolver.cpp, line 773]

ZGC Phase Switch (0 events):
No events

VM Operations (10 events):
Event: 0.222 Executing VM operation: HandshakeAllThreads (Deoptimize)
Event: 0.222 Executing VM operation: HandshakeAllThreads (Deoptimize) done
Event: 0.493 Executing VM operation: HandshakeAllThreads (Deoptimize)
Event: 0.493 Executing VM operation: HandshakeAllThreads (Deoptimize) done
Event: 0.732 Executing VM operation: HandshakeAllThreads (Deoptimize)
Event: 0.732 Executing VM operation: HandshakeAllThreads (Deoptimize) done
Event: 0.737 Executing VM operation: HandshakeAllThreads (Deoptimize)
Event: 0.737 Executing VM operation: HandshakeAllThreads (Deoptimize) done
Event: 0.737 Executing VM operation: HandshakeAllThreads (Deoptimize)
Event: 0.737 Executing VM operation: HandshakeAllThreads (Deoptimize) done

Events (13 events):
Event: 0.030 Thread 0x000001c4e2e25910 Thread added: 0x000001c4e2e25910
Event: 0.048 Thread 0x000001c4ff759890 Thread added: 0x000001c4ff759890
Event: 0.048 Thread 0x000001c4ff75c7c0 Thread added: 0x000001c4ff75c7c0
Event: 0.048 Thread 0x000001c4ff762160 Thread added: 0x000001c4ff762160
Event: 0.048 Thread 0x000001c4ff7678d0 Thread added: 0x000001c4ff7678d0
Event: 0.048 Thread 0x000001c4ff768c80 Thread added: 0x000001c4ff768c80
Event: 0.049 Thread 0x000001c4ff769ed0 Thread added: 0x000001c4ff769ed0
Event: 0.049 Thread 0x000001c4ff77fe20 Thread added: 0x000001c4ff77fe20
Event: 0.049 Thread 0x000001c4ff783880 Thread added: 0x000001c4ff783880
Event: 0.141 Thread 0x000001c4ff76a560 Thread added: 0x000001c4ff76a560
Event: 0.171 Thread 0x000001c4ff76bfa0 Thread added: 0x000001c4ff76bfa0
Event: 0.364 Thread 0x000001c4ff784cf0 Thread added: 0x000001c4ff784cf0
Event: 0.702 Thread 0x000001c4ff784cf0 Thread exited: 0x000001c4ff784cf0


Dynamic libraries:
0x00007ff7b8f00000 - 0x00007ff7b8f10000 	C:\Program Files\Java\jdk-21\bin\javaw.exe
0x00007ffdeed90000 - 0x00007ffdeefa7000 	C:\WINDOWS\SYSTEM32\ntdll.dll
0x00007ffdeda50000 - 0x00007ffdedb14000 	C:\WINDOWS\System32\KERNEL32.DLL
0x00007ffdec640000 - 0x00007ffdeca12000 	C:\WINDOWS\System32\KERNELBASE.dll
0x00007ffdec260000 - 0x00007ffdec371000 	C:\WINDOWS\System32\ucrtbase.dll
0x00007ffdea8a0000 - 0x00007ffdea8bb000 	C:\Program Files\Java\jdk-21\bin\VCRUNTIME140.dll
0x00007ffdea7b0000 - 0x00007ffdea7c9000 	C:\Program Files\Java\jdk-21\bin\jli.dll
0x00007ffded920000 - 0x00007ffded9d1000 	C:\WINDOWS\System32\ADVAPI32.dll
0x00007ffdedb90000 - 0x00007ffdedc37000 	C:\WINDOWS\System32\msvcrt.dll
0x00007ffdee4f0000 - 0x00007ffdee598000 	C:\WINDOWS\System32\sechost.dll
0x00007ffdebf00000 - 0x00007ffdebf28000 	C:\WINDOWS\System32\bcrypt.dll
0x00007ffded780000 - 0x00007ffded894000 	C:\WINDOWS\System32\RPCRT4.dll
0x00007ffdecc50000 - 0x00007ffdece01000 	C:\WINDOWS\System32\USER32.dll
0x00007ffdeb060000 - 0x00007ffdeb2fb000 	C:\WINDOWS\WinSxS\amd64_microsoft.windows.common-controls_6595b64144ccf1df_6.0.22621.5547_none_27104afb73855772\COMCTL32.dll
0x00007ffdec570000 - 0x00007ffdec596000 	C:\WINDOWS\System32\win32u.dll
0x00007ffdee8a0000 - 0x00007ffdee8c9000 	C:\WINDOWS\System32\GDI32.dll
0x00007ffdec380000 - 0x00007ffdec4a3000 	C:\WINDOWS\System32\gdi32full.dll
0x00007ffdec5a0000 - 0x00007ffdec63a000 	C:\WINDOWS\System32\msvcp_win.dll
0x00007ffde5840000 - 0x00007ffde584a000 	C:\WINDOWS\SYSTEM32\VERSION.dll
0x00007ffdece10000 - 0x00007ffdece41000 	C:\WINDOWS\System32\IMM32.DLL
0x00007ffdea820000 - 0x00007ffdea82c000 	C:\Program Files\Java\jdk-21\bin\vcruntime140_1.dll
0x00007ffdc45b0000 - 0x00007ffdc463e000 	C:\Program Files\Java\jdk-21\bin\msvcp140.dll
0x00007ffd847c0000 - 0x00007ffd854d3000 	C:\Program Files\Java\jdk-21\bin\server\jvm.dll
0x00007ffdee5a0000 - 0x00007ffdee611000 	C:\WINDOWS\System32\WS2_32.dll
0x00007ffdebd50000 - 0x00007ffdebd9d000 	C:\WINDOWS\SYSTEM32\POWRPROF.dll
0x00007ffde66b0000 - 0x00007ffde66e4000 	C:\WINDOWS\SYSTEM32\WINMM.dll
0x00007ffdebd30000 - 0x00007ffdebd43000 	C:\WINDOWS\SYSTEM32\UMPDC.dll
0x00007ffde9f30000 - 0x00007ffde9f48000 	C:\WINDOWS\SYSTEM32\kernel.appcore.dll
0x00007ffdea730000 - 0x00007ffdea73a000 	C:\Program Files\Java\jdk-21\bin\jimage.dll
0x00007ffdeb810000 - 0x00007ffdeba43000 	C:\WINDOWS\SYSTEM32\DBGHELP.DLL
0x00007ffdee9b0000 - 0x00007ffdeed43000 	C:\WINDOWS\System32\combase.dll
0x00007ffdee8d0000 - 0x00007ffdee9a7000 	C:\WINDOWS\System32\OLEAUT32.dll
0x00007ffdeb430000 - 0x00007ffdeb462000 	C:\WINDOWS\SYSTEM32\dbgcore.DLL
0x00007ffdec070000 - 0x00007ffdec0eb000 	C:\WINDOWS\System32\bcryptPrimitives.dll
0x00007ffde5e10000 - 0x00007ffde5e2f000 	C:\Program Files\Java\jdk-21\bin\java.dll
0x00007ffdedc40000 - 0x00007ffdee4e2000 	C:\WINDOWS\System32\SHELL32.dll
0x00007ffdebf30000 - 0x00007ffdec06f000 	C:\WINDOWS\System32\wintypes.dll
0x00007ffde8e90000 - 0x00007ffde97ad000 	C:\WINDOWS\SYSTEM32\windows.storage.dll
0x00007ffded060000 - 0x00007ffded16c000 	C:\WINDOWS\System32\SHCORE.dll
0x00007ffdedb20000 - 0x00007ffdedb89000 	C:\WINDOWS\System32\shlwapi.dll
0x00007ffdebdb0000 - 0x00007ffdebddb000 	C:\WINDOWS\SYSTEM32\profapi.dll
0x00007ffdbe670000 - 0x00007ffdbe747000 	C:\Program Files\Java\jdk-21\bin\jsvml.dll
0x00007ffdea6e0000 - 0x00007ffdea6f0000 	C:\Program Files\Java\jdk-21\bin\net.dll
0x00007ffde2ce0000 - 0x00007ffde2e0c000 	C:\WINDOWS\SYSTEM32\WINHTTP.dll
0x00007ffdeac00000 - 0x00007ffdeac69000 	C:\WINDOWS\system32\mswsock.dll
0x00007ffdd3210000 - 0x00007ffdd3226000 	C:\Program Files\Java\jdk-21\bin\nio.dll
0x00007ffdd31f0000 - 0x00007ffdd3208000 	C:\Program Files\Java\jdk-21\bin\zip.dll
0x00007ffde5c20000 - 0x00007ffde5c29000 	C:\Program Files\Java\jdk-21\bin\extnet.dll
0x00007ffde9ad0000 - 0x00007ffde9bc8000 	C:\WINDOWS\SYSTEM32\DNSAPI.dll
0x00007ffde9a50000 - 0x00007ffde9a7d000 	C:\WINDOWS\SYSTEM32\IPHLPAPI.DLL
0x00007ffded770000 - 0x00007ffded779000 	C:\WINDOWS\System32\NSI.dll
0x00007ffde1c10000 - 0x00007ffde1c1a000 	C:\Windows\System32\rasadhlp.dll
0x00007ffddd6c0000 - 0x00007ffddd744000 	C:\WINDOWS\System32\fwpuclnt.dll
0x00007ffdeaaa0000 - 0x00007ffdeaaaa000 	C:\Program Files\Java\jdk-21\bin\management.dll
0x00007ffdeaa00000 - 0x00007ffdeaa0b000 	C:\Program Files\Java\jdk-21\bin\management_ext.dll
0x00007ffdecff0000 - 0x00007ffdecff8000 	C:\WINDOWS\System32\PSAPI.DLL

dbghelp: loaded successfully - version: 4.0.5 - missing functions: none
symbol engine: initialized successfully - sym options: 0x614 - pdb path: .;C:\Program Files\Java\jdk-21\bin;C:\WINDOWS\SYSTEM32;C:\WINDOWS\WinSxS\amd64_microsoft.windows.common-controls_6595b64144ccf1df_6.0.22621.5547_none_27104afb73855772;C:\Program Files\Java\jdk-21\bin\server

VM Arguments:
jvm_args: -Dfile.encoding=UTF-8 -Dstdout.encoding=UTF-8 -Dstderr.encoding=UTF-8 -XX:+ShowCodeDetailsInExceptionMessages 
java_command: WebElemant.Getter_Method.Get_Tag_Method
java_class_path (initial): C:\Users\shend\eclipse-workspace\BASIC-Selenium\target\test-classes;C:\Users\shend\eclipse-workspace\BASIC-Selenium\target\classes;C:\Users\shend\.p2\pool\plugins\org.testng_7.11.0.r202503091654.jar;C:\Users\shend\.p2\pool\plugins\com.beust.jcommander_1.83.0.jar;C:\Users\shend\.p2\pool\plugins\slf4j.api_2.0.16.jar;C:\Users\shend\.p2\pool\plugins\org.yaml.snakeyaml_2.2.0.jar;C:\Users\shend\.p2\pool\plugins\org.webjars.jquery_3.7.1.jar;C:\Users\shend\.m2\repository\org\seleniumhq\selenium\selenium-java\4.32.0\selenium-java-4.32.0.jar;C:\Users\shend\.m2\repository\org\seleniumhq\selenium\selenium-api\4.32.0\selenium-api-4.32.0.jar;C:\Users\shend\.m2\repository\org\jspecify\jspecify\1.0.0\jspecify-1.0.0.jar;C:\Users\shend\.m2\repository\org\seleniumhq\selenium\selenium-chrome-driver\4.32.0\selenium-chrome-driver-4.32.0.jar;C:\Users\shend\.m2\repository\com\google\auto\service\auto-service-annotations\1.1.1\auto-service-annotations-1.1.1.jar;C:\Users\shend\.m2\repository\org\seleniumhq\selenium\selenium-chromium-driver\4.32.0\selenium-chromium-driver-4.32.0.jar;C:\Users\shend\.m2\repository\org\seleniumhq\selenium\selenium-json\4.32.0\selenium-json-4.32.0.jar;C:\Users\shend\.m2\repository\org\seleniumhq\selenium\selenium-manager\4.32.0\selenium-manager-4.32.0.jar;C:\Users\shend\.m2\repository\org\seleniumhq\selenium\selenium-devtools-v134\4.32.0\selenium-devtools-v134-4.32.0.jar;C:\Users\shend\.m2\repository\org\seleniumhq\selenium\selenium-devtools-v135\4.32.0\selenium-devtools-v135-4.32.0.jar;C:\Users\shend\.m2\repository\org\seleniumhq\selenium\selenium-devtools-v136\4.32.0\selenium-devtools-v136-4.32.0.jar;C:\Users\shend\.m2\repository\org\seleniumhq\selenium\selenium-edge-driver\4.32.0\selenium-edge-driver-4.32.0.jar;C:\Users\shend\.m2\repository\org\seleniumhq\selenium\selenium-firefox-driver\4.32.0\selenium-firefox-driver-4.32.0.jar;C:\Users\shend\.m2\repository\org\seleniumhq\selenium\selenium-http\4.32.0\selenium-http-4.32.0.jar;C:\Users\shend\.m2\repository\org\seleniumhq\selenium\selenium-ie-driver\4.32.0\selenium-ie-driver-4.32.0.jar;C:\Users\shend\.m2\repository\org\seleniumhq\selenium\selenium-remote-driver\4.32.0\selenium-remote-driver-4.32.0.jar;C:\Users\shend\.m2\repository\com\google\guava\guava\33.4.8-jre\guava-33.4.8-jre.jar;C:\Users\shend\.m2\repository\com\google\guava\failureaccess\1.0.3\failureaccess-1.0.3.jar;C:\Users\shend\.m2\repository\com\google\guava\listenablefuture\9999.0-empty-to-avoid-conflict-with-guava\listenablefuture-9999.0-empty-to-avoid-conflict-with-guava.jar;C:\Users\shend\.m2\repository\com\google\j2objc\j2objc-annotations\3.0.0\j2objc-annotations-3.0.0.jar;C:\Users\shend\.m2\repository\io\opentelemetry\opentelemetry-api\1.49.0\opentelemetry-api-1.49.0.jar;C:\Users\shend\.m2\repository\io\opentelemetry\opentelemetry-context\1.49.0\opentelemetry-context-1.49.0.jar;C:\Users\shend\.m2\repository\io\opentelemetry\opentelemetry-exporter-logging\1.49.0\opentelemetry-exporter-logging-1.49.0.jar;C:\Users\shend\.m2\repository\io\opentelemetry\opentelemetry-sdk-common\1.49.0\opentelemetry-sdk-common-1.49.0.jar;C:\Users\shend\.m2\repository\io\opentelemetry\opentelemetry-sdk-extension-autoconfigure-spi\1.49.0\opentelemetry-sdk-extension-autoconfigure-spi-1.49.0.jar;C:\Users\shend\.m2\repository\io\opentelemetry\opentelemetry-sdk-extension-autoconfigure\1.49.0\opentelemetry-sdk-extension-autoconfigure-1.49.0.jar;C:\Users\shend\.m2\repository\io\opentelemetry\opentelemetry-sdk-trace\1.49.0\opentelemetry-sdk-trace-1.49.0.jar;C:\Users\shend\.m2\repository\io\opentelemetry\opentelemetry-sdk\1.49.0\opentelemetry-sdk-1.49.0.jar;C:\Users\shend\.m2\repository\io\opentelemetry\opentelemetry-sdk-metrics\1.49.0\opentelemetry-sdk-metrics-1.49.0.jar;C:\Users\shend\.m2\repository\io\opentelemetry\opentelemetry-sdk-logs\1.49.0\opentelemetry-sdk-logs-1.49.0.jar;C:\Users\shend\.m2\repository\net\bytebuddy\byte-buddy\1.17.5\byte-buddy-1.17.5.jar;C:\Users\shend\.m2\repository\org\seleniumhq\selenium\selenium-os\4.32.0\selenium-os-4.32.0.jar;C:\Users\shend\.m2\repository\org\apache\commons\commons-exec\1.4.0\commons-exec-1.4.0.jar;C:\Users\shend\.m2\repository\org\seleniumhq\selenium\selenium-safari-driver\4.32.0\selenium-safari-driver-4.32.0.jar;C:\Users\shend\.m2\repository\org\seleniumhq\selenium\selenium-support\4.32.0\selenium-support-4.32.0.jar;C:\Users\shend\.m2\repository\org\apache\poi\poi\4.1.2\poi-4.1.2.jar;C:\Users\shend\.m2\repository\commons-codec\commons-codec\1.13\commons-codec-1.13.jar;C:\Users\shend\.m2\repository\org\apache\commons\commons-collections4\4.4\commons-collections4-4.4.jar;C:\Users\shend\.m2\repository\org\apache\commons\commons-math3\3.6.1\commons-math3-3.6.1.jar;C:\Users\shend\.m2\repository\com\zaxxer\SparseBitSet\1.2\SparseBitSet-1.2.jar;C:\Users\shend\.m2\repository\org\apache\poi\poi-ooxml\4.1.2\poi-ooxml-4.1.2.jar;C:\Users\shend\.m2\repository\org\apache\poi\poi-ooxml-schemas\4.1.2\poi-ooxml-schemas-4.1.2.jar;C:\Users\shend\.m2\repository\org\apache\xmlbeans\xmlbeans\3.1.0\xmlbeans-3.1.0.jar;C:\Users\shend\.m2\repository\org\apache\commons\commons-compress\1.19\commons-compress-1.19.jar;C:\Users\shend\.m2\repository\com\github\virtuald\curvesapi\1.06\curvesapi-1.06.jar;C:\Users\shend\.m2\repository\io\github\bonigarcia\webdrivermanager\5.9.2\webdrivermanager-5.9.2.jar;C:\Users\shend\.m2\repository\org\slf4j\slf4j-api\2.0.13\slf4j-api-2.0.13.jar;C:\Users\shend\.m2\repository\com\google\code\gson\gson\2.11.0\gson-2.11.0.jar;C:\Users\shend\.m2\repository\com\google\errorprone\error_prone_annotations\2.27.0\error_prone_annotations-2.27.0.jar;C:\Users\shend\.m2\repository\com\github\docker-java\docker-java\3.4.0\docker-java-3.4.0.jar;C:\Users\shend\.m2\repository\com\github\docker-java\docker-java-core\3.4.0\docker-java-core-3.4.0.jar;C:\Users\shend\.m2\repository\com\github\docker-java\docker-java-api\3.4.0\docker-java-api-3.4.0.jar;C:\Users\shend\.m2\repository\com\fasterxml\jackson\core\jackson-annotations\2.10.3\jackson-annotations-2.10.3.jar;C:\Users\shend\.m2\repository\commons-io\commons-io\2.13.0\commons-io-2.13.0.jar;C:\Users\shend\.m2\repository\com\fasterxml\jackson\core\jackson-databind\2.10.3\jackson-databind-2.10.3.jar;C:\Users\shend\.m2\repository\com\fasterxml\jackson\core\jackson-core\2.10.3\jackson-core-2.10.3.jar;C:\Users\shend\.m2\repository\org\slf4j\jcl-over-slf4j\1.7.30\jcl-over-slf4j-1.7.30.jar;C:\Users\shend\.m2\repository\com\github\docker-java\docker-java-transport-httpclient5\3.4.0\docker-java-transport-httpclient5-3.4.0.jar;C:\Users\shend\.m2\repository\com\github\docker-java\docker-java-transport\3.4.0\docker-java-transport-3.4.0.jar;C:\Users\shend\.m2\repository\net\java\dev\jna\jna\5.13.0\jna-5.13.0.jar;C:\Users\shend\.m2\repository\org\brotli\dec\0.1.2\dec-0.1.2.jar;C:\Users\shend\.m2\repository\org\apache\commons\commons-lang3\3.15.0\commons-lang3-3.15.0.jar;C:\Users\shend\.m2\repository\org\apache\httpcomponents\client5\httpclient5\5.2.1\httpclient5-5.2.1.jar;C:\Users\shend\.m2\repository\org\apache\httpcomponents\core5\httpcore5\5.2\httpcore5-5.2.jar;C:\Users\shend\.m2\repository\org\apache\httpcomponents\core5\httpcore5-h2\5.2\httpcore5-h2-5.2.jar;C:\Users\shend\.m2\repository\org\testng\testng\7.10.2\testng-7.10.2.jar;C:\Users\shend\.m2\repository\com\beust\jcommander\1.82\jcommander-1.82.jar;C:\Users\shend\.m2\repository\org\webjars\jquery\3.7.1\jquery-3.7.1.jar;C:\Users\shend\eclipse-workspace\ SeleniumProject\target\classes
Launcher Type: SUN_STANDARD

[Global flags]
     intx CICompilerCount                          = 4                                         {product} {ergonomic}
     uint ConcGCThreads                            = 2                                         {product} {ergonomic}
     uint G1ConcRefinementThreads                  = 8                                         {product} {ergonomic}
   size_t G1HeapRegionSize                         = 1048576                                   {product} {ergonomic}
    uintx GCDrainStackTargetSize                   = 64                                        {product} {ergonomic}
   size_t InitialHeapSize                          = 132120576                                 {product} {ergonomic}
   size_t MarkStackSize                            = 4194304                                   {product} {ergonomic}
   size_t MaxHeapSize                              = 2113929216                                {product} {ergonomic}
   size_t MaxNewSize                               = 1267728384                                {product} {ergonomic}
   size_t MinHeapDeltaBytes                        = 1048576                                   {product} {ergonomic}
   size_t MinHeapSize                              = 8388608                                   {product} {ergonomic}
    uintx NonNMethodCodeHeapSize                   = 5839372                                {pd product} {ergonomic}
    uintx NonProfiledCodeHeapSize                  = 122909434                              {pd product} {ergonomic}
    uintx ProfiledCodeHeapSize                     = 122909434                              {pd product} {ergonomic}
    uintx ReservedCodeCacheSize                    = 251658240                              {pd product} {ergonomic}
     bool SegmentedCodeCache                       = true                                      {product} {ergonomic}
     bool ShowCodeDetailsInExceptionMessages       = true                                   {manageable} {command line}
   size_t SoftMaxHeapSize                          = 2113929216                             {manageable} {ergonomic}
     bool UseCompressedOops                        = true                           {product lp64_product} {ergonomic}
     bool UseG1GC                                  = true                                      {product} {ergonomic}
     bool UseLargePagesIndividualAllocation        = false                                  {pd product} {ergonomic}

Logging:
Log output configuration:
 #0: stdout all=warning uptime,level,tags foldmultilines=false
 #1: stderr all=off uptime,level,tags foldmultilines=false

Environment Variables:
JAVA_HOME=C:\Program Files\Java\jdk-21
PATH=C:\app\shend\product\21c\dbhomeXE\bin;F:\oracle\product\10.2.0\db_2\bin;F:\oracle\product\10.2.0\db_7\bin;C:\Program Files (x86)\VMware\VMware Workstation\bin\;F:\oracle\product\10.2.0\db_6\bin;F:\oracle\product\10.2.0\db_1\bin;C:\Program Files\Common Files\Oracle\Java\javapath;C:\Program Files\Java\jdk-21\bin;F:\oracle\product\10.2.0\db_1\BIN;C:\Users\shend\anaconda3;C:\Users\shend\anaconda3\Library\mingw-w64\bin;C:\Users\shend\anaconda3\Library\usr\bin;C:\Users\shend\anaconda3\Library\bin;C:\Users\shend\anaconda3\Scripts;C:\Users\shend\AppData\Local\Programs\Python\Python312\Scripts\;C:\Users\shend\AppData\Local\Programs\Python\Python312\;C:\Users\shend\AppData\Local\Programs\Python\Launcher\;C:\Users\shend\AppData\Local\Microsoft\WindowsApps;C:\Users\shend\AppData\Local\Programs\Microsoft VS Code\bin
USERNAME=shend
OS=Windows_NT
PROCESSOR_IDENTIFIER=Intel64 Family 6 Model 158 Stepping 10, GenuineIntel
TMP=C:\Users\shend\AppData\Local\Temp
TEMP=C:\Users\shend\AppData\Local\Temp




Periodic native trim disabled

---------------  S Y S T E M  ---------------

OS:
 Windows 11 , 64 bit Build 22621 (10.0.22621.5415)
OS uptime: 17 days 1:55 hours

CPU: total 8 (initial active 8) (4 cores per cpu, 2 threads per core) family 6 model 158 stepping 10 microcode 0xec, cx8, cmov, fxsr, ht, mmx, 3dnowpref, sse, sse2, sse3, ssse3, sse4.1, sse4.2, popcnt, lzcnt, tsc, tscinvbit, avx, avx2, aes, erms, clmul, bmi1, bmi2, adx, fma, vzeroupper, clflush, clflushopt, rdtscp, f16c
Processor Information for all 8 processors :
  Max Mhz: 2400, Current Mhz: 2400, Mhz Limit: 2400

Memory: 4k page, system-wide physical 8063M (707M free)
TotalPageFile size 12142M (AvailPageFile size 3M)
current process WorkingSet (physical memory assigned to process): 52M, peak: 52M
current process commit charge ("private bytes"): 214M, peak: 214M

vm_info: Java HotSpot(TM) 64-Bit Server VM (21.0.4+8-LTS-274) for windows-amd64 JRE (21.0.4+8-LTS-274), built on 2024-06-05T05:23:33Z by "mach5one" with MS VC++ 17.6 (VS2022)

END.
