#
# There is insufficient memory for the Java Runtime Environment to continue.
# Native memory allocation (malloc) failed to allocate 1548288 bytes for Chunk::new
# Possible reasons:
#   The system is out of physical RAM or swap space
#   The process is running with CompressedOops enabled, and the Java Heap may be blocking the growth of the native heap
# Possible solutions:
#   Reduce memory load on the system
#   Increase physical memory or swap space
#   Check if swap backing store is full
#   Decrease Java heap size (-Xmx/-Xms)
#   Decrease number of Java threads
#   Decrease Java thread stack sizes (-Xss)
#   Set larger code cache with -XX:ReservedCodeCacheSize=
#   JVM is running with Unscaled Compressed Oops mode in which the Java heap is
#     placed in the first 4GB address space. The Java Heap base address is the
#     maximum limit for the native heap growth. Please use -XX:HeapBaseMinAddress
#     to set the Java Heap base and to place the Java Heap above 4GB virtual address.
# This output file may be truncated or incomplete.
#
#  Out of Memory Error (arena.cpp:168), pid=10356, tid=13136
#
# JRE version: Java(TM) SE Runtime Environment (21.0.4+8) (build 21.0.4+8-LTS-274)
# Java VM: Java HotSpot(TM) 64-Bit Server VM (21.0.4+8-LTS-274, mixed mode, sharing, tiered, compressed oops, compressed class ptrs, g1 gc, windows-amd64)
# No core dump will be written. Minidumps are not enabled by default on client versions of Windows
#

---------------  S U M M A R Y ------------

Command Line: -Dfile.encoding=UTF-8 -Dstdout.encoding=UTF-8 -Dstderr.encoding=UTF-8 -XX:+ShowCodeDetailsInExceptionMessages Popup.JS_Prompt_Popup

Host: Intel(R) Core(TM) i5-9300H CPU @ 2.40GHz, 8 cores, 7G,  Windows 11 , 64 bit Build 22621 (10.0.22621.5415)
Time: Tue Oct 21 00:36:48 2025 India Standard Time elapsed time: 9.485776 seconds (0d 0h 0m 9s)

---------------  T H R E A D  ---------------

Current thread (0x00000180d2dde5f0):  JavaThread "C2 CompilerThread0" daemon [_thread_in_native, id=13136, stack(0x000000604a800000,0x000000604a900000) (1024K)]


Current CompileTask:
C2:   9485 1640       4       java.lang.invoke.MethodType::makeImpl (109 bytes)

Stack: [0x000000604a800000,0x000000604a900000]
Native frames: (J=compiled Java code, j=interpreted, Vv=VM code, C=native code)
V  [jvm.dll+0x6c8e59]
V  [jvm.dll+0x853181]
V  [jvm.dll+0x8556ae]
V  [jvm.dll+0x855d83]
V  [jvm.dll+0x27d526]
V  [jvm.dll+0xc4aad]
V  [jvm.dll+0xc4fe3]
V  [jvm.dll+0x3b400c]
V  [jvm.dll+0x3809a5]
V  [jvm.dll+0x37fe1a]
V  [jvm.dll+0x246280]
V  [jvm.dll+0x24585f]
V  [jvm.dll+0x1c69de]
V  [jvm.dll+0x254d49]
V  [jvm.dll+0x2532da]
V  [jvm.dll+0x3ed426]
V  [jvm.dll+0x7fd65b]
V  [jvm.dll+0x6c753d]
C  [ucrtbase.dll+0x29333]
C  [KERNEL32.DLL+0x1259d]
C  [ntdll.dll+0x5af78]


---------------  P R O C E S S  ---------------

Threads class SMR info:
_java_thread_list=0x00000181186a3580, length=28, elements={
0x00000180b434ef40, 0x00000180d2dc6420, 0x00000180d2dc7340, 0x00000180d2dd1ca0,
0x00000180d2dd7810, 0x00000180d2dd7e80, 0x00000180d2dd84f0, 0x00000180d2dde5f0,
0x00000180d2de2cb0, 0x0000018118136810, 0x000001811815e2f0, 0x00000181189af650,
0x0000018118b00c80, 0x0000018118b10ee0, 0x0000018118f57030, 0x0000018118f576a0,
0x0000018118f484d0, 0x0000018118bd7d50, 0x0000018118bd76c0, 0x0000018118bd83e0,
0x0000018118bd8a70, 0x0000018118bd9100, 0x0000018118bd9790, 0x0000018118bd6310,
0x0000018118bd69a0, 0x0000018118bd7030, 0x00000181188bcee0, 0x00000181188dc980
}

Java Threads: ( => current thread )
  0x00000180b434ef40 JavaThread "Forwarding get on session 5ea26b05198bde5b4c3b468e99c15533 to remote"        [_thread_blocked, id=13216, stack(0x0000006049a00000,0x0000006049b00000) (1024K)]
  0x00000180d2dc6420 JavaThread "Reference Handler"          daemon [_thread_blocked, id=10360, stack(0x000000604a200000,0x000000604a300000) (1024K)]
  0x00000180d2dc7340 JavaThread "Finalizer"                  daemon [_thread_blocked, id=1516, stack(0x000000604a300000,0x000000604a400000) (1024K)]
  0x00000180d2dd1ca0 JavaThread "Signal Dispatcher"          daemon [_thread_blocked, id=18008, stack(0x000000604a400000,0x000000604a500000) (1024K)]
  0x00000180d2dd7810 JavaThread "Attach Listener"            daemon [_thread_blocked, id=22420, stack(0x000000604a500000,0x000000604a600000) (1024K)]
  0x00000180d2dd7e80 JavaThread "Service Thread"             daemon [_thread_blocked, id=7396, stack(0x000000604a600000,0x000000604a700000) (1024K)]
  0x00000180d2dd84f0 JavaThread "Monitor Deflation Thread"   daemon [_thread_blocked, id=15128, stack(0x000000604a700000,0x000000604a800000) (1024K)]
=>0x00000180d2dde5f0 JavaThread "C2 CompilerThread0"         daemon [_thread_in_native, id=13136, stack(0x000000604a800000,0x000000604a900000) (1024K)]
  0x00000180d2de2cb0 JavaThread "C1 CompilerThread0"         daemon [_thread_blocked, id=13356, stack(0x000000604a900000,0x000000604aa00000) (1024K)]
  0x0000018118136810 JavaThread "Notification Thread"        daemon [_thread_blocked, id=13924, stack(0x000000604aa00000,0x000000604ab00000) (1024K)]
  0x000001811815e2f0 JavaThread "Common-Cleaner"             daemon [_thread_blocked, id=18948, stack(0x000000604ab00000,0x000000604ac00000) (1024K)]
  0x00000181189af650 JavaThread "ForkJoinPool.commonPool-worker-1" daemon [_thread_blocked, id=10776, stack(0x000000604ac00000,0x000000604ad00000) (1024K)]
  0x0000018118b00c80 JavaThread "HttpClient-1-SelectorManager" daemon [_thread_in_native, id=16636, stack(0x000000604ae00000,0x000000604af00000) (1024K)]
  0x0000018118b10ee0 JavaThread "External Process Output Forwarder - C:\Users\shend\.cache\selenium\chromedriver\win64\141.0.7390.78\chromedriver.exe" daemon [_thread_in_native, id=7500, stack(0x000000604af00000,0x000000604b000000) (1024K)]
  0x0000018118f57030 JavaThread "Driver Service Executor"    daemon [_thread_blocked, id=22536, stack(0x000000604b000000,0x000000604b100000) (1024K)]
  0x0000018118f576a0 JavaThread "Driver Service Executor"    daemon [_thread_in_native, id=20340, stack(0x000000604b100000,0x000000604b200000) (1024K)]
  0x0000018118f484d0 JavaThread "UrlChecker-2"               daemon [_thread_blocked, id=11404, stack(0x000000604b200000,0x000000604b300000) (1024K)]
  0x0000018118bd7d50 JavaThread "JdkHttpClient-0-0"          daemon [_thread_blocked, id=19000, stack(0x000000604bc00000,0x000000604bd00000) (1024K)]
  0x0000018118bd76c0 JavaThread "CompletableFutureDelayScheduler" daemon [_thread_blocked, id=21412, stack(0x000000604bd00000,0x000000604be00000) (1024K)]
  0x0000018118bd83e0 JavaThread "JdkHttpClient-0-1"          daemon [_thread_blocked, id=22288, stack(0x000000604be00000,0x000000604bf00000) (1024K)]
  0x0000018118bd8a70 JavaThread "JdkHttpClient-0-2"          daemon [_thread_blocked, id=14272, stack(0x000000604bf00000,0x000000604c000000) (1024K)]
  0x0000018118bd9100 JavaThread "JdkHttpClient-0-3"          daemon [_thread_blocked, id=11340, stack(0x000000604c000000,0x000000604c100000) (1024K)]
  0x0000018118bd9790 JavaThread "HttpClient-2-SelectorManager" daemon [_thread_in_native, id=9692, stack(0x000000604ad00000,0x000000604ae00000) (1024K)]
  0x0000018118bd6310 JavaThread "JdkHttpClient-1-0"          daemon [_thread_blocked, id=19044, stack(0x000000604c100000,0x000000604c200000) (1024K)]
  0x0000018118bd69a0 JavaThread "JdkHttpClient-1-1"          daemon [_thread_blocked, id=15728, stack(0x000000604c200000,0x000000604c300000) (1024K)]
  0x0000018118bd7030 JavaThread "JdkHttpClient-1-2"          daemon [_thread_blocked, id=18524, stack(0x000000604c300000,0x000000604c400000) (1024K)]
  0x00000181188bcee0 JavaThread "JdkHttpClient-1-3"          daemon [_thread_blocked, id=19448, stack(0x000000604c400000,0x000000604c500000) (1024K)]
  0x00000181188dc980 JavaThread "C2 CompilerThread1"         daemon [_thread_blocked, id=7280, stack(0x000000604c500000,0x000000604c600000) (1024K)]
Total: 28

Other Threads:
  0x00000180d2daf1e0 VMThread "VM Thread"                           [id=2528, stack(0x000000604a100000,0x000000604a200000) (1024K)]
  0x00000180d2d94650 WatcherThread "VM Periodic Task Thread"        [id=8736, stack(0x000000604a000000,0x000000604a100000) (1024K)]
  0x00000180b4535500 WorkerThread "GC Thread#0"                     [id=22328, stack(0x0000006049b00000,0x0000006049c00000) (1024K)]
  0x0000018118b93050 WorkerThread "GC Thread#1"                     [id=10868, stack(0x000000604b500000,0x000000604b600000) (1024K)]
  0x0000018118b933f0 WorkerThread "GC Thread#2"                     [id=20464, stack(0x000000604b600000,0x000000604b700000) (1024K)]
  0x0000018118bbe0d0 WorkerThread "GC Thread#3"                     [id=3960, stack(0x000000604b700000,0x000000604b800000) (1024K)]
  0x0000018118bc82f0 WorkerThread "GC Thread#4"                     [id=19332, stack(0x000000604b800000,0x000000604b900000) (1024K)]
  0x0000018118bc8690 WorkerThread "GC Thread#5"                     [id=10580, stack(0x000000604b900000,0x000000604ba00000) (1024K)]
  0x0000018118bc8a30 WorkerThread "GC Thread#6"                     [id=7820, stack(0x000000604ba00000,0x000000604bb00000) (1024K)]
  0x0000018118bc8dd0 WorkerThread "GC Thread#7"                     [id=9224, stack(0x000000604bb00000,0x000000604bc00000) (1024K)]
  0x00000180b4546070 ConcurrentGCThread "G1 Main Marker"            [id=21228, stack(0x0000006049c00000,0x0000006049d00000) (1024K)]
  0x00000180b4547be0 WorkerThread "G1 Conc#0"                       [id=10052, stack(0x0000006049d00000,0x0000006049e00000) (1024K)]
  0x00000180d2c63580 ConcurrentGCThread "G1 Refine#0"               [id=12420, stack(0x0000006049e00000,0x0000006049f00000) (1024K)]
  0x00000180d2c64000 ConcurrentGCThread "G1 Service"                [id=15596, stack(0x0000006049f00000,0x000000604a000000) (1024K)]
Total: 14

Threads with active compile tasks:
C2 CompilerThread0    11268 1640       4       java.lang.invoke.MethodType::makeImpl (109 bytes)
Total: 1

VM state: not at safepoint (normal execution)

VM Mutex/Monitor currently owned by a thread: None

Heap address: 0x0000000082000000, size: 2016 MB, Compressed Oops mode: 32-bit

CDS archive(s) mapped at: [0x00000180d3000000-0x00000180d3c90000-0x00000180d3c90000), size 13172736, SharedBaseAddress: 0x00000180d3000000, ArchiveRelocationMode: 1.
Compressed class space mapped at: 0x00000180d4000000-0x0000018114000000, reserved size: 1073741824
Narrow klass base: 0x00000180d3000000, Narrow klass shift: 0, Narrow klass range: 0x100000000

GC Precious Log:
 CardTable entry size: 512
 Card Set container configuration: InlinePtr #cards 5 size 8 Array Of Cards #cards 12 size 40 Howl #buckets 4 coarsen threshold 1843 Howl Bitmap #cards 512 size 80 coarsen threshold 460 Card regions per heap region 1 cards per card region 2048
 CPUs: 8 total, 8 available
 Memory: 8063M
 Large Page Support: Disabled
 NUMA Support: Disabled
 Compressed Oops: Enabled (32-bit)
 Heap Region Size: 1M
 Heap Min Capacity: 8M
 Heap Initial Capacity: 126M
 Heap Max Capacity: 2016M
 Pre-touch: Disabled
 Parallel Workers: 8
 Concurrent Workers: 2
 Concurrent Refinement Workers: 8
 Periodic GC: Disabled

Heap:
 garbage-first heap   total 129024K, used 14762K [0x0000000082000000, 0x0000000100000000)
  region size 1024K, 12 young (12288K), 3 survivors (3072K)
 Metaspace       used 12196K, committed 12608K, reserved 1114112K
  class space    used 1464K, committed 1664K, reserved 1048576K

Heap Regions: E=young(eden), S=young(survivor), O=old, HS=humongous(starts), HC=humongous(continues), CS=collection set, F=free, TAMS=top-at-mark-start, PB=parsable bottom
|   0|0x0000000082000000, 0x0000000082100000, 0x0000000082100000|100%|HS|  |TAMS 0x0000000082000000| PB 0x0000000082000000| Complete 
|   1|0x0000000082100000, 0x0000000082200000, 0x0000000082200000|100%| O|  |TAMS 0x0000000082100000| PB 0x0000000082100000| Untracked 
|   2|0x0000000082200000, 0x0000000082300000, 0x0000000082300000|100%| O|  |TAMS 0x0000000082200000| PB 0x0000000082200000| Untracked 
|   3|0x0000000082300000, 0x000000008236aa40, 0x0000000082400000| 41%| O|  |TAMS 0x0000000082300000| PB 0x0000000082300000| Untracked 
|   4|0x0000000082400000, 0x0000000082400000, 0x0000000082500000|  0%| F|  |TAMS 0x0000000082400000| PB 0x0000000082400000| Untracked 
|   5|0x0000000082500000, 0x0000000082500000, 0x0000000082600000|  0%| F|  |TAMS 0x0000000082500000| PB 0x0000000082500000| Untracked 
|   6|0x0000000082600000, 0x0000000082600000, 0x0000000082700000|  0%| F|  |TAMS 0x0000000082600000| PB 0x0000000082600000| Untracked 
|   7|0x0000000082700000, 0x0000000082700000, 0x0000000082800000|  0%| F|  |TAMS 0x0000000082700000| PB 0x0000000082700000| Untracked 
|   8|0x0000000082800000, 0x0000000082800000, 0x0000000082900000|  0%| F|  |TAMS 0x0000000082800000| PB 0x0000000082800000| Untracked 
|   9|0x0000000082900000, 0x0000000082900000, 0x0000000082a00000|  0%| F|  |TAMS 0x0000000082900000| PB 0x0000000082900000| Untracked 
|  10|0x0000000082a00000, 0x0000000082a00000, 0x0000000082b00000|  0%| F|  |TAMS 0x0000000082a00000| PB 0x0000000082a00000| Untracked 
|  11|0x0000000082b00000, 0x0000000082b00000, 0x0000000082c00000|  0%| F|  |TAMS 0x0000000082b00000| PB 0x0000000082b00000| Untracked 
|  12|0x0000000082c00000, 0x0000000082c00000, 0x0000000082d00000|  0%| F|  |TAMS 0x0000000082c00000| PB 0x0000000082c00000| Untracked 
|  13|0x0000000082d00000, 0x0000000082d00000, 0x0000000082e00000|  0%| F|  |TAMS 0x0000000082d00000| PB 0x0000000082d00000| Untracked 
|  14|0x0000000082e00000, 0x0000000082e00000, 0x0000000082f00000|  0%| F|  |TAMS 0x0000000082e00000| PB 0x0000000082e00000| Untracked 
|  15|0x0000000082f00000, 0x0000000082f00000, 0x0000000083000000|  0%| F|  |TAMS 0x0000000082f00000| PB 0x0000000082f00000| Untracked 
|  16|0x0000000083000000, 0x0000000083000000, 0x0000000083100000|  0%| F|  |TAMS 0x0000000083000000| PB 0x0000000083000000| Untracked 
|  17|0x0000000083100000, 0x0000000083100000, 0x0000000083200000|  0%| F|  |TAMS 0x0000000083100000| PB 0x0000000083100000| Untracked 
|  18|0x0000000083200000, 0x0000000083200000, 0x0000000083300000|  0%| F|  |TAMS 0x0000000083200000| PB 0x0000000083200000| Untracked 
|  19|0x0000000083300000, 0x0000000083300000, 0x0000000083400000|  0%| F|  |TAMS 0x0000000083300000| PB 0x0000000083300000| Untracked 
|  20|0x0000000083400000, 0x0000000083400000, 0x0000000083500000|  0%| F|  |TAMS 0x0000000083400000| PB 0x0000000083400000| Untracked 
|  21|0x0000000083500000, 0x0000000083500000, 0x0000000083600000|  0%| F|  |TAMS 0x0000000083500000| PB 0x0000000083500000| Untracked 
|  22|0x0000000083600000, 0x0000000083600000, 0x0000000083700000|  0%| F|  |TAMS 0x0000000083600000| PB 0x0000000083600000| Untracked 
|  23|0x0000000083700000, 0x0000000083700000, 0x0000000083800000|  0%| F|  |TAMS 0x0000000083700000| PB 0x0000000083700000| Untracked 
|  24|0x0000000083800000, 0x0000000083800000, 0x0000000083900000|  0%| F|  |TAMS 0x0000000083800000| PB 0x0000000083800000| Untracked 
|  25|0x0000000083900000, 0x0000000083900000, 0x0000000083a00000|  0%| F|  |TAMS 0x0000000083900000| PB 0x0000000083900000| Untracked 
|  26|0x0000000083a00000, 0x0000000083a00000, 0x0000000083b00000|  0%| F|  |TAMS 0x0000000083a00000| PB 0x0000000083a00000| Untracked 
|  27|0x0000000083b00000, 0x0000000083b00000, 0x0000000083c00000|  0%| F|  |TAMS 0x0000000083b00000| PB 0x0000000083b00000| Untracked 
|  28|0x0000000083c00000, 0x0000000083c00000, 0x0000000083d00000|  0%| F|  |TAMS 0x0000000083c00000| PB 0x0000000083c00000| Untracked 
|  29|0x0000000083d00000, 0x0000000083d00000, 0x0000000083e00000|  0%| F|  |TAMS 0x0000000083d00000| PB 0x0000000083d00000| Untracked 
|  30|0x0000000083e00000, 0x0000000083e00000, 0x0000000083f00000|  0%| F|  |TAMS 0x0000000083e00000| PB 0x0000000083e00000| Untracked 
|  31|0x0000000083f00000, 0x0000000083f00000, 0x0000000084000000|  0%| F|  |TAMS 0x0000000083f00000| PB 0x0000000083f00000| Untracked 
|  32|0x0000000084000000, 0x0000000084000000, 0x0000000084100000|  0%| F|  |TAMS 0x0000000084000000| PB 0x0000000084000000| Untracked 
|  33|0x0000000084100000, 0x0000000084100000, 0x0000000084200000|  0%| F|  |TAMS 0x0000000084100000| PB 0x0000000084100000| Untracked 
|  34|0x0000000084200000, 0x0000000084200000, 0x0000000084300000|  0%| F|  |TAMS 0x0000000084200000| PB 0x0000000084200000| Untracked 
|  35|0x0000000084300000, 0x0000000084300000, 0x0000000084400000|  0%| F|  |TAMS 0x0000000084300000| PB 0x0000000084300000| Untracked 
|  36|0x0000000084400000, 0x0000000084400000, 0x0000000084500000|  0%| F|  |TAMS 0x0000000084400000| PB 0x0000000084400000| Untracked 
|  37|0x0000000084500000, 0x0000000084500000, 0x0000000084600000|  0%| F|  |TAMS 0x0000000084500000| PB 0x0000000084500000| Untracked 
|  38|0x0000000084600000, 0x0000000084600000, 0x0000000084700000|  0%| F|  |TAMS 0x0000000084600000| PB 0x0000000084600000| Untracked 
|  39|0x0000000084700000, 0x0000000084700000, 0x0000000084800000|  0%| F|  |TAMS 0x0000000084700000| PB 0x0000000084700000| Untracked 
|  40|0x0000000084800000, 0x0000000084800000, 0x0000000084900000|  0%| F|  |TAMS 0x0000000084800000| PB 0x0000000084800000| Untracked 
|  41|0x0000000084900000, 0x0000000084900000, 0x0000000084a00000|  0%| F|  |TAMS 0x0000000084900000| PB 0x0000000084900000| Untracked 
|  42|0x0000000084a00000, 0x0000000084a00000, 0x0000000084b00000|  0%| F|  |TAMS 0x0000000084a00000| PB 0x0000000084a00000| Untracked 
|  43|0x0000000084b00000, 0x0000000084b00000, 0x0000000084c00000|  0%| F|  |TAMS 0x0000000084b00000| PB 0x0000000084b00000| Untracked 
|  44|0x0000000084c00000, 0x0000000084c00000, 0x0000000084d00000|  0%| F|  |TAMS 0x0000000084c00000| PB 0x0000000084c00000| Untracked 
|  45|0x0000000084d00000, 0x0000000084d00000, 0x0000000084e00000|  0%| F|  |TAMS 0x0000000084d00000| PB 0x0000000084d00000| Untracked 
|  46|0x0000000084e00000, 0x0000000084e00000, 0x0000000084f00000|  0%| F|  |TAMS 0x0000000084e00000| PB 0x0000000084e00000| Untracked 
|  47|0x0000000084f00000, 0x0000000084f00000, 0x0000000085000000|  0%| F|  |TAMS 0x0000000084f00000| PB 0x0000000084f00000| Untracked 
|  48|0x0000000085000000, 0x0000000085000000, 0x0000000085100000|  0%| F|  |TAMS 0x0000000085000000| PB 0x0000000085000000| Untracked 
|  49|0x0000000085100000, 0x0000000085100000, 0x0000000085200000|  0%| F|  |TAMS 0x0000000085100000| PB 0x0000000085100000| Untracked 
|  50|0x0000000085200000, 0x0000000085200000, 0x0000000085300000|  0%| F|  |TAMS 0x0000000085200000| PB 0x0000000085200000| Untracked 
|  51|0x0000000085300000, 0x0000000085300000, 0x0000000085400000|  0%| F|  |TAMS 0x0000000085300000| PB 0x0000000085300000| Untracked 
|  52|0x0000000085400000, 0x0000000085400000, 0x0000000085500000|  0%| F|  |TAMS 0x0000000085400000| PB 0x0000000085400000| Untracked 
|  53|0x0000000085500000, 0x0000000085500000, 0x0000000085600000|  0%| F|  |TAMS 0x0000000085500000| PB 0x0000000085500000| Untracked 
|  54|0x0000000085600000, 0x0000000085600000, 0x0000000085700000|  0%| F|  |TAMS 0x0000000085600000| PB 0x0000000085600000| Untracked 
|  55|0x0000000085700000, 0x0000000085700000, 0x0000000085800000|  0%| F|  |TAMS 0x0000000085700000| PB 0x0000000085700000| Untracked 
|  56|0x0000000085800000, 0x0000000085800000, 0x0000000085900000|  0%| F|  |TAMS 0x0000000085800000| PB 0x0000000085800000| Untracked 
|  57|0x0000000085900000, 0x0000000085900000, 0x0000000085a00000|  0%| F|  |TAMS 0x0000000085900000| PB 0x0000000085900000| Untracked 
|  58|0x0000000085a00000, 0x0000000085a00000, 0x0000000085b00000|  0%| F|  |TAMS 0x0000000085a00000| PB 0x0000000085a00000| Untracked 
|  59|0x0000000085b00000, 0x0000000085b00000, 0x0000000085c00000|  0%| F|  |TAMS 0x0000000085b00000| PB 0x0000000085b00000| Untracked 
|  60|0x0000000085c00000, 0x0000000085c00000, 0x0000000085d00000|  0%| F|  |TAMS 0x0000000085c00000| PB 0x0000000085c00000| Untracked 
|  61|0x0000000085d00000, 0x0000000085d00000, 0x0000000085e00000|  0%| F|  |TAMS 0x0000000085d00000| PB 0x0000000085d00000| Untracked 
|  62|0x0000000085e00000, 0x0000000085e00000, 0x0000000085f00000|  0%| F|  |TAMS 0x0000000085e00000| PB 0x0000000085e00000| Untracked 
|  63|0x0000000085f00000, 0x0000000085f00000, 0x0000000086000000|  0%| F|  |TAMS 0x0000000085f00000| PB 0x0000000085f00000| Untracked 
|  64|0x0000000086000000, 0x0000000086000000, 0x0000000086100000|  0%| F|  |TAMS 0x0000000086000000| PB 0x0000000086000000| Untracked 
|  65|0x0000000086100000, 0x0000000086100000, 0x0000000086200000|  0%| F|  |TAMS 0x0000000086100000| PB 0x0000000086100000| Untracked 
|  66|0x0000000086200000, 0x0000000086200000, 0x0000000086300000|  0%| F|  |TAMS 0x0000000086200000| PB 0x0000000086200000| Untracked 
|  67|0x0000000086300000, 0x0000000086300000, 0x0000000086400000|  0%| F|  |TAMS 0x0000000086300000| PB 0x0000000086300000| Untracked 
|  68|0x0000000086400000, 0x0000000086400000, 0x0000000086500000|  0%| F|  |TAMS 0x0000000086400000| PB 0x0000000086400000| Untracked 
|  69|0x0000000086500000, 0x0000000086500000, 0x0000000086600000|  0%| F|  |TAMS 0x0000000086500000| PB 0x0000000086500000| Untracked 
|  70|0x0000000086600000, 0x0000000086600000, 0x0000000086700000|  0%| F|  |TAMS 0x0000000086600000| PB 0x0000000086600000| Untracked 
|  71|0x0000000086700000, 0x0000000086700000, 0x0000000086800000|  0%| F|  |TAMS 0x0000000086700000| PB 0x0000000086700000| Untracked 
|  72|0x0000000086800000, 0x0000000086800000, 0x0000000086900000|  0%| F|  |TAMS 0x0000000086800000| PB 0x0000000086800000| Untracked 
|  73|0x0000000086900000, 0x0000000086900000, 0x0000000086a00000|  0%| F|  |TAMS 0x0000000086900000| PB 0x0000000086900000| Untracked 
|  74|0x0000000086a00000, 0x0000000086a00000, 0x0000000086b00000|  0%| F|  |TAMS 0x0000000086a00000| PB 0x0000000086a00000| Untracked 
|  75|0x0000000086b00000, 0x0000000086b00000, 0x0000000086c00000|  0%| F|  |TAMS 0x0000000086b00000| PB 0x0000000086b00000| Untracked 
|  76|0x0000000086c00000, 0x0000000086c00000, 0x0000000086d00000|  0%| F|  |TAMS 0x0000000086c00000| PB 0x0000000086c00000| Untracked 
|  77|0x0000000086d00000, 0x0000000086d00000, 0x0000000086e00000|  0%| F|  |TAMS 0x0000000086d00000| PB 0x0000000086d00000| Untracked 
|  78|0x0000000086e00000, 0x0000000086e00000, 0x0000000086f00000|  0%| F|  |TAMS 0x0000000086e00000| PB 0x0000000086e00000| Untracked 
|  79|0x0000000086f00000, 0x0000000086f00000, 0x0000000087000000|  0%| F|  |TAMS 0x0000000086f00000| PB 0x0000000086f00000| Untracked 
|  80|0x0000000087000000, 0x0000000087000000, 0x0000000087100000|  0%| F|  |TAMS 0x0000000087000000| PB 0x0000000087000000| Untracked 
|  81|0x0000000087100000, 0x0000000087100000, 0x0000000087200000|  0%| F|  |TAMS 0x0000000087100000| PB 0x0000000087100000| Untracked 
|  82|0x0000000087200000, 0x0000000087200000, 0x0000000087300000|  0%| F|  |TAMS 0x0000000087200000| PB 0x0000000087200000| Untracked 
|  83|0x0000000087300000, 0x0000000087300000, 0x0000000087400000|  0%| F|  |TAMS 0x0000000087300000| PB 0x0000000087300000| Untracked 
|  84|0x0000000087400000, 0x0000000087400000, 0x0000000087500000|  0%| F|  |TAMS 0x0000000087400000| PB 0x0000000087400000| Untracked 
|  85|0x0000000087500000, 0x0000000087500000, 0x0000000087600000|  0%| F|  |TAMS 0x0000000087500000| PB 0x0000000087500000| Untracked 
|  86|0x0000000087600000, 0x0000000087600000, 0x0000000087700000|  0%| F|  |TAMS 0x0000000087600000| PB 0x0000000087600000| Untracked 
|  87|0x0000000087700000, 0x0000000087700000, 0x0000000087800000|  0%| F|  |TAMS 0x0000000087700000| PB 0x0000000087700000| Untracked 
|  88|0x0000000087800000, 0x0000000087800000, 0x0000000087900000|  0%| F|  |TAMS 0x0000000087800000| PB 0x0000000087800000| Untracked 
|  89|0x0000000087900000, 0x0000000087900000, 0x0000000087a00000|  0%| F|  |TAMS 0x0000000087900000| PB 0x0000000087900000| Untracked 
|  90|0x0000000087a00000, 0x0000000087a00000, 0x0000000087b00000|  0%| F|  |TAMS 0x0000000087a00000| PB 0x0000000087a00000| Untracked 
|  91|0x0000000087b00000, 0x0000000087b00000, 0x0000000087c00000|  0%| F|  |TAMS 0x0000000087b00000| PB 0x0000000087b00000| Untracked 
|  92|0x0000000087c00000, 0x0000000087c00000, 0x0000000087d00000|  0%| F|  |TAMS 0x0000000087c00000| PB 0x0000000087c00000| Untracked 
|  93|0x0000000087d00000, 0x0000000087d00000, 0x0000000087e00000|  0%| F|  |TAMS 0x0000000087d00000| PB 0x0000000087d00000| Untracked 
|  94|0x0000000087e00000, 0x0000000087e00000, 0x0000000087f00000|  0%| F|  |TAMS 0x0000000087e00000| PB 0x0000000087e00000| Untracked 
|  95|0x0000000087f00000, 0x0000000087f00000, 0x0000000088000000|  0%| F|  |TAMS 0x0000000087f00000| PB 0x0000000087f00000| Untracked 
|  96|0x0000000088000000, 0x0000000088000000, 0x0000000088100000|  0%| F|  |TAMS 0x0000000088000000| PB 0x0000000088000000| Untracked 
|  97|0x0000000088100000, 0x0000000088100000, 0x0000000088200000|  0%| F|  |TAMS 0x0000000088100000| PB 0x0000000088100000| Untracked 
|  98|0x0000000088200000, 0x0000000088200000, 0x0000000088300000|  0%| F|  |TAMS 0x0000000088200000| PB 0x0000000088200000| Untracked 
|  99|0x0000000088300000, 0x0000000088300000, 0x0000000088400000|  0%| F|  |TAMS 0x0000000088300000| PB 0x0000000088300000| Untracked 
| 100|0x0000000088400000, 0x0000000088500000, 0x0000000088500000|100%| S|CS|TAMS 0x0000000088400000| PB 0x0000000088400000| Complete 
| 101|0x0000000088500000, 0x0000000088600000, 0x0000000088600000|100%| S|CS|TAMS 0x0000000088500000| PB 0x0000000088500000| Complete 
| 102|0x0000000088600000, 0x0000000088700000, 0x0000000088700000|100%| S|CS|TAMS 0x0000000088600000| PB 0x0000000088600000| Complete 
| 103|0x0000000088700000, 0x0000000088700000, 0x0000000088800000|  0%| F|  |TAMS 0x0000000088700000| PB 0x0000000088700000| Untracked 
| 104|0x0000000088800000, 0x0000000088800000, 0x0000000088900000|  0%| F|  |TAMS 0x0000000088800000| PB 0x0000000088800000| Untracked 
| 105|0x0000000088900000, 0x0000000088900000, 0x0000000088a00000|  0%| F|  |TAMS 0x0000000088900000| PB 0x0000000088900000| Untracked 
| 106|0x0000000088a00000, 0x0000000088a00000, 0x0000000088b00000|  0%| F|  |TAMS 0x0000000088a00000| PB 0x0000000088a00000| Untracked 
| 107|0x0000000088b00000, 0x0000000088b00000, 0x0000000088c00000|  0%| F|  |TAMS 0x0000000088b00000| PB 0x0000000088b00000| Untracked 
| 108|0x0000000088c00000, 0x0000000088c00000, 0x0000000088d00000|  0%| F|  |TAMS 0x0000000088c00000| PB 0x0000000088c00000| Untracked 
| 109|0x0000000088d00000, 0x0000000088d00000, 0x0000000088e00000|  0%| F|  |TAMS 0x0000000088d00000| PB 0x0000000088d00000| Untracked 
| 110|0x0000000088e00000, 0x0000000088e00000, 0x0000000088f00000|  0%| F|  |TAMS 0x0000000088e00000| PB 0x0000000088e00000| Untracked 
| 111|0x0000000088f00000, 0x0000000088f00000, 0x0000000089000000|  0%| F|  |TAMS 0x0000000088f00000| PB 0x0000000088f00000| Untracked 
| 112|0x0000000089000000, 0x0000000089000000, 0x0000000089100000|  0%| F|  |TAMS 0x0000000089000000| PB 0x0000000089000000| Untracked 
| 113|0x0000000089100000, 0x0000000089100000, 0x0000000089200000|  0%| F|  |TAMS 0x0000000089100000| PB 0x0000000089100000| Untracked 
| 114|0x0000000089200000, 0x0000000089200000, 0x0000000089300000|  0%| F|  |TAMS 0x0000000089200000| PB 0x0000000089200000| Untracked 
| 115|0x0000000089300000, 0x0000000089300000, 0x0000000089400000|  0%| F|  |TAMS 0x0000000089300000| PB 0x0000000089300000| Untracked 
| 116|0x0000000089400000, 0x0000000089400000, 0x0000000089500000|  0%| F|  |TAMS 0x0000000089400000| PB 0x0000000089400000| Untracked 
| 117|0x0000000089500000, 0x00000000895f2a98, 0x0000000089600000| 94%| E|  |TAMS 0x0000000089500000| PB 0x0000000089500000| Complete 
| 118|0x0000000089600000, 0x0000000089700000, 0x0000000089700000|100%| E|CS|TAMS 0x0000000089600000| PB 0x0000000089600000| Complete 
| 119|0x0000000089700000, 0x0000000089800000, 0x0000000089800000|100%| E|CS|TAMS 0x0000000089700000| PB 0x0000000089700000| Complete 
| 120|0x0000000089800000, 0x0000000089900000, 0x0000000089900000|100%| E|CS|TAMS 0x0000000089800000| PB 0x0000000089800000| Complete 
| 121|0x0000000089900000, 0x0000000089a00000, 0x0000000089a00000|100%| E|CS|TAMS 0x0000000089900000| PB 0x0000000089900000| Complete 
| 122|0x0000000089a00000, 0x0000000089b00000, 0x0000000089b00000|100%| E|CS|TAMS 0x0000000089a00000| PB 0x0000000089a00000| Complete 
| 123|0x0000000089b00000, 0x0000000089c00000, 0x0000000089c00000|100%| E|CS|TAMS 0x0000000089b00000| PB 0x0000000089b00000| Complete 
| 124|0x0000000089c00000, 0x0000000089d00000, 0x0000000089d00000|100%| E|CS|TAMS 0x0000000089c00000| PB 0x0000000089c00000| Complete 
| 125|0x0000000089d00000, 0x0000000089e00000, 0x0000000089e00000|100%| E|CS|TAMS 0x0000000089d00000| PB 0x0000000089d00000| Complete 

Card table byte_map: [0x00000180cdfa0000,0x00000180ce390000] _byte_map_base: 0x00000180cdb90000

Marking Bits: (CMBitMap*) 0x00000180b4535b10
 Bits: [0x00000180ce390000, 0x00000180d0310000)

Polling page: 0x00000180b45a0000

Metaspace:

Usage:
  Non-class:     10.48 MB used.
      Class:      1.43 MB used.
       Both:     11.91 MB used.

Virtual space:
  Non-class space:       64.00 MB reserved,      10.69 MB ( 17%) committed,  1 nodes.
      Class space:        1.00 GB reserved,       1.62 MB ( <1%) committed,  1 nodes.
             Both:        1.06 GB reserved,      12.31 MB (  1%) committed. 

Chunk freelists:
   Non-Class:  5.30 MB
       Class:  14.36 MB
        Both:  19.66 MB

MaxMetaspaceSize: unlimited
CompressedClassSpaceSize: 1.00 GB
Initial GC threshold: 21.00 MB
Current GC threshold: 21.00 MB
CDS: on
 - commit_granule_bytes: 65536.
 - commit_granule_words: 8192.
 - virtual_space_node_default_size: 8388608.
 - enlarge_chunks_in_place: 1.
 - use_allocation_guard: 0.


Internal statistics:

num_allocs_failed_limit: 0.
num_arena_births: 326.
num_arena_deaths: 0.
num_vsnodes_births: 2.
num_vsnodes_deaths: 0.
num_space_committed: 197.
num_space_uncommitted: 0.
num_chunks_returned_to_freelist: 0.
num_chunks_taken_from_freelist: 602.
num_chunk_merges: 0.
num_chunk_splits: 347.
num_chunks_enlarged: 197.
num_inconsistent_stats: 0.

CodeHeap 'non-profiled nmethods': size=120000Kb used=556Kb max_used=556Kb free=119443Kb
 bounds [0x00000180c5bf0000, 0x00000180c5e60000, 0x00000180cd120000]
CodeHeap 'profiled nmethods': size=120000Kb used=3282Kb max_used=3282Kb free=116717Kb
 bounds [0x00000180be120000, 0x00000180be460000, 0x00000180c5650000]
CodeHeap 'non-nmethods': size=5760Kb used=1459Kb max_used=1477Kb free=4300Kb
 bounds [0x00000180c5650000, 0x00000180c58c0000, 0x00000180c5bf0000]
 total_blobs=2304 nmethods=1764 adapters=444
 compilation: enabled
              stopped_count=0, restarted_count=0
 full_count=0

Compilation events (20 events):
Event: 8.579 Thread 0x00000180d2de2cb0 nmethod 1752 0x00000180c5c78c10 code [0x00000180c5c78da0, 0x00000180c5c78e68]
Event: 8.579 Thread 0x00000180d2de2cb0 1753       3       jdk.internal.net.http.common.MinimalFuture::<init> (20 bytes)
Event: 8.579 Thread 0x00000180d2de2cb0 nmethod 1753 0x00000180be44e610 code [0x00000180be44e7c0, 0x00000180be44ea30]
Event: 8.579 Thread 0x00000180d2de2cb0 1754       3       jdk.internal.misc.Unsafe::weakCompareAndSetLong (11 bytes)
Event: 8.580 Thread 0x00000180d2de2cb0 nmethod 1754 0x00000180be44eb10 code [0x00000180be44eca0, 0x00000180be44edc8]
Event: 8.580 Thread 0x00000180d2de2cb0 1756       1       java.util.Spliterators$IteratorSpliterator::characteristics (5 bytes)
Event: 8.580 Thread 0x00000180d2de2cb0 nmethod 1756 0x00000180c5c79310 code [0x00000180c5c794a0, 0x00000180c5c79568]
Event: 8.582 Thread 0x00000181188dc980 nmethod 1740 0x00000180c5c79c10 code [0x00000180c5c79dc0, 0x00000180c5c7a098]
Event: 8.582 Thread 0x00000181188dc980 1757   !   4       org.openqa.selenium.json.Input::fill (125 bytes)
Event: 8.583 Thread 0x00000180d2de2cb0 1759       3       java.net.URI$Parser::scan (41 bytes)
Event: 8.584 Thread 0x00000180d2de2cb0 nmethod 1759 0x00000180be44ee90 code [0x00000180be44f0a0, 0x00000180be44f7f8]
Event: 8.584 Thread 0x00000180d2de2cb0 1762       3       java.util.ImmutableCollections$AbstractImmutableList::<init> (5 bytes)
Event: 8.584 Thread 0x00000180d2de2cb0 nmethod 1762 0x00000180be44fb90 code [0x00000180be44fd40, 0x00000180be44ff68]
Event: 8.584 Thread 0x00000180d2de2cb0 1760       3       java.lang.invoke.VarHandleGuards::guard_LL_V (123 bytes)
Event: 8.586 Thread 0x00000180d2de2cb0 nmethod 1760 0x00000180be450090 code [0x00000180be4504a0, 0x00000180be452a00]
Event: 8.586 Thread 0x00000180d2de2cb0 1763       3       java.util.TreeMap$PrivateEntryIterator::nextEntry (54 bytes)
Event: 8.586 Thread 0x00000180d2de2cb0 nmethod 1763 0x00000180be453490 code [0x00000180be453680, 0x00000180be453a60]
Event: 8.586 Thread 0x00000181188dc980 nmethod 1757 0x00000180c5c7ab10 code [0x00000180c5c7acc0, 0x00000180c5c7b000]
Event: 8.586 Thread 0x00000180d2de2cb0 1764       3       java.lang.invoke.VarHandleReferences$FieldInstanceReadWrite::set (35 bytes)
Event: 8.587 Thread 0x00000180d2de2cb0 nmethod 1764 0x00000180be453c10 code [0x00000180be453e40, 0x00000180be454620]

GC Heap History (2 events):
Event: 0.909 GC heap before
{Heap before GC invocations=0 (full 0):
 garbage-first heap   total 129024K, used 23552K [0x0000000082000000, 0x0000000100000000)
  region size 1024K, 23 young (23552K), 0 survivors (0K)
 Metaspace       used 9290K, committed 9600K, reserved 1114112K
  class space    used 1069K, committed 1216K, reserved 1048576K
}
Event: 0.916 GC heap after
{Heap after GC invocations=1 (full 0):
 garbage-first heap   total 129024K, used 6570K [0x0000000082000000, 0x0000000100000000)
  region size 1024K, 3 young (3072K), 3 survivors (3072K)
 Metaspace       used 9290K, committed 9600K, reserved 1114112K
  class space    used 1069K, committed 1216K, reserved 1048576K
}

Dll operation events (10 events):
Event: 0.006 Loaded shared library C:\Program Files\Java\jdk-21\bin\java.dll
Event: 0.039 Loaded shared library C:\Program Files\Java\jdk-21\bin\jsvml.dll
Event: 0.095 Loaded shared library C:\Program Files\Java\jdk-21\bin\net.dll
Event: 0.097 Loaded shared library C:\Program Files\Java\jdk-21\bin\nio.dll
Event: 0.100 Loaded shared library C:\Program Files\Java\jdk-21\bin\zip.dll
Event: 0.156 Loaded shared library C:\Program Files\Java\jdk-21\bin\jimage.dll
Event: 0.215 Loaded shared library C:\Program Files\Java\jdk-21\bin\extnet.dll
Event: 0.247 Loaded shared library C:\Program Files\Java\jdk-21\bin\management.dll
Event: 0.249 Loaded shared library C:\Program Files\Java\jdk-21\bin\management_ext.dll
Event: 0.780 Loaded shared library C:\Program Files\Java\jdk-21\bin\sunmscapi.dll

Deoptimization events (20 events):
Event: 0.978 Thread 0x0000018118bd7d50 Uncommon trap: trap_request=0xffffffde fr.pc=0x00000180c5c66cdc relative=0x000000000000013c
Event: 0.978 Thread 0x0000018118bd7d50 Uncommon trap: reason=class_check action=maybe_recompile pc=0x00000180c5c66cdc method=jdk.internal.misc.Unsafe.allocateUninitializedArray(Ljava/lang/Class;I)Ljava/lang/Object; @ 51 c2
Event: 0.978 Thread 0x0000018118bd7d50 DEOPT PACKING pc=0x00000180c5c66cdc sp=0x000000604bcf9cc0
Event: 0.978 Thread 0x0000018118bd7d50 DEOPT UNPACKING pc=0x00000180c56a46a2 sp=0x000000604bcf9c38 mode 2
Event: 0.978 Thread 0x0000018118bd7d50 Uncommon trap: trap_request=0xffffffde fr.pc=0x00000180c5c66cdc relative=0x000000000000013c
Event: 0.978 Thread 0x0000018118bd7d50 Uncommon trap: reason=class_check action=maybe_recompile pc=0x00000180c5c66cdc method=jdk.internal.misc.Unsafe.allocateUninitializedArray(Ljava/lang/Class;I)Ljava/lang/Object; @ 51 c2
Event: 0.978 Thread 0x0000018118bd7d50 DEOPT PACKING pc=0x00000180c5c66cdc sp=0x000000604bcf9c80
Event: 0.978 Thread 0x0000018118bd7d50 DEOPT UNPACKING pc=0x00000180c56a46a2 sp=0x000000604bcf9bf8 mode 2
Event: 0.978 Thread 0x0000018118bd7d50 Uncommon trap: trap_request=0xffffffde fr.pc=0x00000180c5c66cdc relative=0x000000000000013c
Event: 0.978 Thread 0x0000018118bd7d50 Uncommon trap: reason=class_check action=maybe_recompile pc=0x00000180c5c66cdc method=jdk.internal.misc.Unsafe.allocateUninitializedArray(Ljava/lang/Class;I)Ljava/lang/Object; @ 51 c2
Event: 0.978 Thread 0x0000018118bd7d50 DEOPT PACKING pc=0x00000180c5c66cdc sp=0x000000604bcf9c30
Event: 0.978 Thread 0x0000018118bd7d50 DEOPT UNPACKING pc=0x00000180c56a46a2 sp=0x000000604bcf9ba8 mode 2
Event: 8.340 Thread 0x00000180b434ef40 Uncommon trap: trap_request=0xffffffde fr.pc=0x00000180c5c4207c relative=0x000000000000053c
Event: 8.340 Thread 0x00000180b434ef40 Uncommon trap: reason=class_check action=maybe_recompile pc=0x00000180c5c4207c method=java.util.HashMap.putVal(ILjava/lang/Object;Ljava/lang/Object;ZZ)Ljava/lang/Object; @ 253 c2
Event: 8.340 Thread 0x00000180b434ef40 DEOPT PACKING pc=0x00000180c5c4207c sp=0x0000006049afe510
Event: 8.340 Thread 0x00000180b434ef40 DEOPT UNPACKING pc=0x00000180c56a46a2 sp=0x0000006049afe4a0 mode 2
Event: 8.531 Thread 0x00000180b434ef40 Uncommon trap: trap_request=0xffffff45 fr.pc=0x00000180c5c3a654 relative=0x0000000000000054
Event: 8.531 Thread 0x00000180b434ef40 Uncommon trap: reason=unstable_if action=reinterpret pc=0x00000180c5c3a654 method=java.lang.CharacterData.of(I)Ljava/lang/CharacterData; @ 4 c2
Event: 8.531 Thread 0x00000180b434ef40 DEOPT PACKING pc=0x00000180c5c3a654 sp=0x0000006049afe070
Event: 8.531 Thread 0x00000180b434ef40 DEOPT UNPACKING pc=0x00000180c56a46a2 sp=0x0000006049afe010 mode 2

Classes loaded (20 events):
Event: 8.532 Loading class java/util/ResourceBundle$CacheKeyReference done
Event: 8.532 Loading class java/util/ResourceBundle$KeyElementReference done
Event: 8.532 Loading class java/util/ResourceBundle$3
Event: 8.532 Loading class java/util/ResourceBundle$3 done
Event: 8.533 Loading class sun/util/logging/resources/logging
Event: 8.533 Loading class sun/util/logging/resources/logging done
Event: 8.533 Loading class java/util/ResourceBundle$BundleReference
Event: 8.533 Loading class java/util/ResourceBundle$BundleReference done
Event: 8.533 Loading class sun/util/logging/resources/logging_en
Event: 8.533 Loading class sun/util/logging/resources/logging_en done
Event: 8.533 Loading class sun/util/logging/resources/logging_en
Event: 8.533 Loading class sun/util/logging/resources/logging_en done
Event: 8.534 Loading class sun/util/logging/resources/logging_en_IN
Event: 8.534 Loading class sun/util/logging/resources/logging_en_IN done
Event: 8.534 Loading class sun/util/logging/resources/logging_en_IN
Event: 8.534 Loading class sun/util/logging/resources/logging_en_IN done
Event: 8.534 Loading class java/util/Formatter$DateTime
Event: 8.534 Loading class java/util/Formatter$DateTime done
Event: 8.534 Loading class java/time/ZonedDateTime$1
Event: 8.534 Loading class java/time/ZonedDateTime$1 done

Classes unloaded (0 events):
No events

Classes redefined (0 events):
No events

Internal exceptions (20 events):
Event: 0.665 Thread 0x00000180b434ef40 Exception <a 'sun/nio/fs/WindowsException'{0x0000000089199f28}> (0x0000000089199f28) 
thrown [s\open\src\hotspot\share\prims\jni.cpp, line 520]
Event: 0.707 Thread 0x00000180b434ef40 Exception <a 'java/lang/NoSuchMethodError'{0x0000000088fcb060}: 'void java.lang.invoke.DirectMethodHandle$Holder.invokeVirtual(java.lang.Object, java.lang.Object)'> (0x0000000088fcb060) 
thrown [s\open\src\hotspot\share\interpreter\linkResolver.cpp, line 773]
Event: 0.744 Thread 0x00000180b434ef40 Exception <a 'java/lang/NoSuchMethodError'{0x0000000088bd0d60}: 'java.lang.Object java.lang.invoke.DirectMethodHandle$Holder.invokeStaticInit(java.lang.Object, int, int, int, int)'> (0x0000000088bd0d60) 
thrown [s\open\src\hotspot\share\interpreter\linkResolver.cpp, line 773]
Event: 0.763 Thread 0x00000180b434ef40 Exception <a 'java/lang/NoSuchMethodError'{0x0000000088a8cb80}: 'java.lang.Object java.lang.invoke.DirectMethodHandle$Holder.invokeStaticInit(java.lang.Object, java.lang.Object, int, int, int, int)'> (0x0000000088a8cb80) 
thrown [s\open\src\hotspot\share\interpreter\linkResolver.cpp, line 773]
Event: 0.824 Thread 0x00000180b434ef40 Exception <a 'java/lang/NoSuchMethodError'{0x0000000088829488}: 'java.lang.Object java.lang.invoke.DirectMethodHandle$Holder.invokeInterface(java.lang.Object, java.lang.Object, java.lang.Object)'> (0x0000000088829488) 
thrown [s\open\src\hotspot\share\interpreter\linkResolver.cpp, line 773]
Event: 0.824 Thread 0x00000180b434ef40 Exception <a 'java/lang/IncompatibleClassChangeError'{0x000000008882c870}: Found class java.lang.Object, but interface was expected> (0x000000008882c870) 
thrown [s\open\src\hotspot\share\interpreter\linkResolver.cpp, line 840]
Event: 0.825 Thread 0x00000180b434ef40 Exception <a 'java/lang/NoSuchMethodError'{0x0000000088833a28}: 'int java.lang.invoke.DirectMethodHandle$Holder.invokeSpecialIFC(java.lang.Object, java.lang.Object, java.lang.Object, java.lang.Object)'> (0x0000000088833a28) 
thrown [s\open\src\hotspot\share\interpreter\linkResolver.cpp, line 773]
Event: 0.827 Thread 0x00000180b434ef40 Exception <a 'java/lang/NoSuchMethodError'{0x00000000888561b0}: 'java.lang.Object java.lang.invoke.DirectMethodHandle$Holder.invokeVirtual(java.lang.Object, java.lang.Object, java.lang.Object, java.lang.Object)'> (0x00000000888561b0) 
thrown [s\open\src\hotspot\share\interpreter\linkResolver.cpp, line 773]
Event: 0.842 Thread 0x0000018118f484d0 Exception <a 'java/net/ConnectException'{0x000000008870acd8}: Connection refused: getsockopt> (0x000000008870acd8) 
thrown [s\open\src\hotspot\share\prims\jni.cpp, line 539]
Event: 0.865 Thread 0x0000018118f484d0 Exception <a 'java/net/ConnectException'{0x000000008870bdc8}: Connection refused: getsockopt> (0x000000008870bdc8) 
thrown [s\open\src\hotspot\share\prims\jni.cpp, line 539]
Event: 0.921 Thread 0x00000180b434ef40 Exception <a 'java/lang/NoSuchMethodError'{0x0000000089d37db8}: 'java.lang.Object java.lang.invoke.DirectMethodHandle$Holder.newInvokeSpecial(java.lang.Object, java.lang.Object, int, int)'> (0x0000000089d37db8) 
thrown [s\open\src\hotspot\share\interpreter\linkResolver.cpp, line 773]
Event: 0.922 Thread 0x00000180b434ef40 Exception <a 'java/lang/NoSuchMethodError'{0x0000000089d42068}: 'void java.lang.invoke.DirectMethodHandle$Holder.invokeStatic(java.lang.Object, java.lang.Object, int)'> (0x0000000089d42068) 
thrown [s\open\src\hotspot\share\interpreter\linkResolver.cpp, line 773]
Event: 0.930 Thread 0x00000180b434ef40 Exception <a 'java/lang/NoSuchMethodError'{0x0000000089c55798}: 'java.lang.Object java.lang.invoke.DirectMethodHandle$Holder.newInvokeSpecial(java.lang.Object, java.lang.Object, java.lang.Object, java.lang.Object, java.lang.Object)'> (0x0000000089c55798) 
thrown [s\open\src\hotspot\share\interpreter\linkResolver.cpp, line 773]
Event: 0.961 Thread 0x0000018118bd7d50 Exception <a 'java/lang/NoSuchMethodError'{0x0000000089b92468}: 'java.lang.Object java.lang.invoke.DirectMethodHandle$Holder.invokeSpecial(java.lang.Object, java.lang.Object, java.lang.Object, java.lang.Object, int)'> (0x0000000089b92468) 
thrown [s\open\src\hotspot\share\interpreter\linkResolver.cpp, line 773]
Event: 0.961 Thread 0x0000018118bd7d50 Exception <a 'java/lang/NoSuchMethodError'{0x0000000089b960b0}: 'java.lang.Object java.lang.invoke.Invokers$Holder.linkToTargetMethod(java.lang.Object, java.lang.Object, int, java.lang.Object)'> (0x0000000089b960b0) 
thrown [s\open\src\hotspot\share\interpreter\linkResolver.cpp, line 773]
Event: 0.967 Thread 0x0000018118bd7d50 Exception <a 'java/lang/NoSuchMethodError'{0x0000000089badc08}: 'void java.lang.invoke.DirectMethodHandle$Holder.invokeSpecial(java.lang.Object, java.lang.Object, java.lang.Object)'> (0x0000000089badc08) 
thrown [s\open\src\hotspot\share\interpreter\linkResolver.cpp, line 773]
Event: 0.975 Thread 0x0000018118bd7d50 Exception <a 'java/lang/NoSuchMethodError'{0x0000000089bd97a0}: 'void java.lang.invoke.DirectMethodHandle$Holder.invokeSpecial(java.lang.Object, java.lang.Object, java.lang.Object, java.lang.Object, java.lang.Object)'> (0x0000000089bd97a0) 
thrown [s\open\src\hotspot\share\interpreter\linkResolver.cpp, line 773]
Event: 8.328 Thread 0x0000018118bd83e0 Exception <a 'java/lang/NoSuchMethodError'{0x000000008991fa00}: 'void java.lang.invoke.DirectMethodHandle$Holder.invokeSpecial(java.lang.Object, java.lang.Object, java.lang.Object, java.lang.Object, java.lang.Object, java.lang.Object, java.lang.Object)'> (0x000000008991fa00) 
thrown [s\open\src\hotspot\share\interpreter\linkResolver.cpp, line 773]
Event: 8.337 Thread 0x00000180b434ef40 Exception <a 'java/lang/NoSuchMethodError'{0x0000000089954de0}: 'java.lang.Object java.lang.invoke.DirectMethodHandle$Holder.invokeSpecialIFC(java.lang.Object, java.lang.Object, java.lang.Object)'> (0x0000000089954de0) 
thrown [s\open\src\hotspot\share\interpreter\linkResolver.cpp, line 773]
Event: 8.533 Thread 0x00000180b434ef40 Exception <a 'java/lang/ClassNotFoundException'{0x00000000896fca78}: sun/util/logging/resources/spi/loggingProvider> (0x00000000896fca78) 
thrown [s\open\src\hotspot\share\classfile\systemDictionary.cpp, line 312]

ZGC Phase Switch (0 events):
No events

VM Operations (20 events):
Event: 0.833 Executing VM operation: HandshakeAllThreads (Deoptimize)
Event: 0.833 Executing VM operation: HandshakeAllThreads (Deoptimize) done
Event: 0.898 Executing VM operation: HandshakeAllThreads (Deoptimize)
Event: 0.898 Executing VM operation: HandshakeAllThreads (Deoptimize) done
Event: 0.904 Executing VM operation: ICBufferFull
Event: 0.904 Executing VM operation: ICBufferFull done
Event: 0.909 Executing VM operation: G1CollectForAllocation (G1 Evacuation Pause)
Event: 0.916 Executing VM operation: G1CollectForAllocation (G1 Evacuation Pause) done
Event: 1.927 Executing VM operation: Cleanup
Event: 1.927 Executing VM operation: Cleanup done
Event: 5.976 Executing VM operation: Cleanup
Event: 5.976 Executing VM operation: Cleanup done
Event: 8.320 Executing VM operation: HandshakeAllThreads (Deoptimize)
Event: 8.320 Executing VM operation: HandshakeAllThreads (Deoptimize) done
Event: 8.321 Executing VM operation: HandshakeAllThreads (Deoptimize)
Event: 8.321 Executing VM operation: HandshakeAllThreads (Deoptimize) done
Event: 8.529 Executing VM operation: HandshakeAllThreads (Deoptimize)
Event: 8.529 Executing VM operation: HandshakeAllThreads (Deoptimize) done
Event: 8.529 Executing VM operation: Cleanup
Event: 8.529 Executing VM operation: Cleanup done

Events (20 events):
Event: 0.564 Thread 0x00000181189af650 Thread added: 0x00000181189af650
Event: 0.649 Thread 0x0000018118aae4e0 Thread added: 0x0000018118aae4e0
Event: 0.809 Thread 0x0000018118b00c80 Thread added: 0x0000018118b00c80
Event: 0.832 Thread 0x0000018118b10ee0 Thread added: 0x0000018118b10ee0
Event: 0.833 Thread 0x0000018118f57030 Thread added: 0x0000018118f57030
Event: 0.834 Thread 0x0000018118f576a0 Thread added: 0x0000018118f576a0
Event: 0.837 Thread 0x0000018118f484d0 Thread added: 0x0000018118f484d0
Event: 0.898 Thread 0x0000018118f798c0 Thread added: 0x0000018118f798c0
Event: 0.939 Thread 0x0000018118bd7d50 Thread added: 0x0000018118bd7d50
Event: 0.940 Thread 0x0000018118bd76c0 Thread added: 0x0000018118bd76c0
Event: 0.986 Thread 0x0000018118bd83e0 Thread added: 0x0000018118bd83e0
Event: 0.987 Thread 0x0000018118bd8a70 Thread added: 0x0000018118bd8a70
Event: 0.987 Thread 0x0000018118bd9100 Thread added: 0x0000018118bd9100
Event: 3.992 Thread 0x0000018118aae4e0 Thread exited: 0x0000018118aae4e0
Event: 8.475 Thread 0x0000018118bd9790 Thread added: 0x0000018118bd9790
Event: 8.476 Thread 0x0000018118bd6310 Thread added: 0x0000018118bd6310
Event: 8.477 Thread 0x0000018118bd69a0 Thread added: 0x0000018118bd69a0
Event: 8.478 Thread 0x0000018118bd7030 Thread added: 0x0000018118bd7030
Event: 8.478 Thread 0x00000181188bcee0 Thread added: 0x00000181188bcee0
Event: 8.520 Thread 0x00000181188dc980 Thread added: 0x00000181188dc980


Dynamic libraries:
0x00007ff725a50000 - 0x00007ff725a60000 	C:\Program Files\Java\jdk-21\bin\javaw.exe
0x00007ffed91f0000 - 0x00007ffed9407000 	C:\WINDOWS\SYSTEM32\ntdll.dll
0x00007ffed8ef0000 - 0x00007ffed8fb4000 	C:\WINDOWS\System32\KERNEL32.DLL
0x00007ffed67a0000 - 0x00007ffed6b72000 	C:\WINDOWS\System32\KERNELBASE.dll
0x00007ffed6cc0000 - 0x00007ffed6dd1000 	C:\WINDOWS\System32\ucrtbase.dll
0x00007ffeb1260000 - 0x00007ffeb1279000 	C:\Program Files\Java\jdk-21\bin\jli.dll
0x00007ffeb78e0000 - 0x00007ffeb78fb000 	C:\Program Files\Java\jdk-21\bin\VCRUNTIME140.dll
0x00007ffed7f60000 - 0x00007ffed8011000 	C:\WINDOWS\System32\ADVAPI32.dll
0x00007ffed8020000 - 0x00007ffed80c7000 	C:\WINDOWS\System32\msvcrt.dll
0x00007ffed7580000 - 0x00007ffed7628000 	C:\WINDOWS\System32\sechost.dll
0x00007ffed6480000 - 0x00007ffed64a8000 	C:\WINDOWS\System32\bcrypt.dll
0x00007ffed8930000 - 0x00007ffed8a44000 	C:\WINDOWS\System32\RPCRT4.dll
0x00007ffed8d30000 - 0x00007ffed8ee1000 	C:\WINDOWS\System32\USER32.dll
0x00007ffed6450000 - 0x00007ffed6476000 	C:\WINDOWS\System32\win32u.dll
0x00007ffed5540000 - 0x00007ffed57db000 	C:\WINDOWS\WinSxS\amd64_microsoft.windows.common-controls_6595b64144ccf1df_6.0.22621.5547_none_27104afb73855772\COMCTL32.dll
0x00007ffed8ad0000 - 0x00007ffed8af9000 	C:\WINDOWS\System32\GDI32.dll
0x00007ffed6530000 - 0x00007ffed6653000 	C:\WINDOWS\System32\gdi32full.dll
0x00007ffed6de0000 - 0x00007ffed6e7a000 	C:\WINDOWS\System32\msvcp_win.dll
0x00007ffed04f0000 - 0x00007ffed04fa000 	C:\WINDOWS\SYSTEM32\VERSION.dll
0x00007ffed9170000 - 0x00007ffed91a1000 	C:\WINDOWS\System32\IMM32.DLL
0x00007ffeb80b0000 - 0x00007ffeb80bc000 	C:\Program Files\Java\jdk-21\bin\vcruntime140_1.dll
0x00007ffe97e40000 - 0x00007ffe97ece000 	C:\Program Files\Java\jdk-21\bin\msvcp140.dll
0x00007ffe46e60000 - 0x00007ffe47b73000 	C:\Program Files\Java\jdk-21\bin\server\jvm.dll
0x00007ffed80d0000 - 0x00007ffed8141000 	C:\WINDOWS\System32\WS2_32.dll
0x00007ffed5bf0000 - 0x00007ffed5c3d000 	C:\WINDOWS\SYSTEM32\POWRPROF.dll
0x00007ffed0000000 - 0x00007ffed0034000 	C:\WINDOWS\SYSTEM32\WINMM.dll
0x00007ffed5910000 - 0x00007ffed5923000 	C:\WINDOWS\SYSTEM32\UMPDC.dll
0x00007ffed4c90000 - 0x00007ffed4ca8000 	C:\WINDOWS\SYSTEM32\kernel.appcore.dll
0x00007ffeb3a00000 - 0x00007ffeb3a0a000 	C:\Program Files\Java\jdk-21\bin\jimage.dll
0x00007ffed5c40000 - 0x00007ffed5e73000 	C:\WINDOWS\SYSTEM32\DBGHELP.DLL
0x00007ffed8460000 - 0x00007ffed87f3000 	C:\WINDOWS\System32\combase.dll
0x00007ffed9010000 - 0x00007ffed90e7000 	C:\WINDOWS\System32\OLEAUT32.dll
0x00007ffed5ae0000 - 0x00007ffed5b12000 	C:\WINDOWS\SYSTEM32\dbgcore.DLL
0x00007ffed6c40000 - 0x00007ffed6cbb000 	C:\WINDOWS\System32\bcryptPrimitives.dll
0x00007ffe9ac20000 - 0x00007ffe9ac3f000 	C:\Program Files\Java\jdk-21\bin\java.dll
0x00007ffed7630000 - 0x00007ffed7ed2000 	C:\WINDOWS\System32\SHELL32.dll
0x00007ffed6660000 - 0x00007ffed679f000 	C:\WINDOWS\System32\wintypes.dll
0x00007ffed3b20000 - 0x00007ffed443d000 	C:\WINDOWS\SYSTEM32\windows.storage.dll
0x00007ffed8820000 - 0x00007ffed892c000 	C:\WINDOWS\System32\SHCORE.dll
0x00007ffed8a60000 - 0x00007ffed8ac9000 	C:\WINDOWS\System32\shlwapi.dll
0x00007ffed6210000 - 0x00007ffed623b000 	C:\WINDOWS\SYSTEM32\profapi.dll
0x00007ffe7b450000 - 0x00007ffe7b527000 	C:\Program Files\Java\jdk-21\bin\jsvml.dll
0x00007ffeb11e0000 - 0x00007ffeb11f0000 	C:\Program Files\Java\jdk-21\bin\net.dll
0x00007ffed03a0000 - 0x00007ffed04cc000 	C:\WINDOWS\SYSTEM32\WINHTTP.dll
0x00007ffed5230000 - 0x00007ffed5299000 	C:\WINDOWS\system32\mswsock.dll
0x00007ffe9ac00000 - 0x00007ffe9ac16000 	C:\Program Files\Java\jdk-21\bin\nio.dll
0x00007ffe98cc0000 - 0x00007ffe98cd8000 	C:\Program Files\Java\jdk-21\bin\zip.dll
0x00007ffea6870000 - 0x00007ffea6879000 	C:\Program Files\Java\jdk-21\bin\extnet.dll
0x00007ffed4800000 - 0x00007ffed48f8000 	C:\WINDOWS\SYSTEM32\DNSAPI.dll
0x00007ffed47d0000 - 0x00007ffed47fd000 	C:\WINDOWS\SYSTEM32\IPHLPAPI.DLL
0x00007ffed8800000 - 0x00007ffed8809000 	C:\WINDOWS\System32\NSI.dll
0x00007ffec8370000 - 0x00007ffec837a000 	C:\Windows\System32\rasadhlp.dll
0x00007ffecd8b0000 - 0x00007ffecd934000 	C:\WINDOWS\System32\fwpuclnt.dll
0x00007ffecf190000 - 0x00007ffecf19a000 	C:\Program Files\Java\jdk-21\bin\management.dll
0x00007ffececd0000 - 0x00007ffececdb000 	C:\Program Files\Java\jdk-21\bin\management_ext.dll
0x00007ffed9160000 - 0x00007ffed9168000 	C:\WINDOWS\System32\PSAPI.DLL
0x00007ffed5f80000 - 0x00007ffed5f9b000 	C:\WINDOWS\SYSTEM32\CRYPTSP.dll
0x00007ffed4bf0000 - 0x00007ffed4c27000 	C:\WINDOWS\system32\rsaenh.dll
0x00007ffed5370000 - 0x00007ffed5398000 	C:\WINDOWS\SYSTEM32\USERENV.dll
0x00007ffed53a0000 - 0x00007ffed53ac000 	C:\WINDOWS\SYSTEM32\CRYPTBASE.dll
0x00007ffe9a000000 - 0x00007ffe9a00e000 	C:\Program Files\Java\jdk-21\bin\sunmscapi.dll
0x00007ffed62e0000 - 0x00007ffed6447000 	C:\WINDOWS\System32\CRYPT32.dll
0x00007ffed5510000 - 0x00007ffed553d000 	C:\WINDOWS\SYSTEM32\ncrypt.dll
0x00007ffed54d0000 - 0x00007ffed5507000 	C:\WINDOWS\SYSTEM32\NTASN1.dll
0x00007ffe75870000 - 0x00007ffe75878000 	C:\WINDOWS\system32\wshunix.dll

dbghelp: loaded successfully - version: 4.0.5 - missing functions: none
symbol engine: initialized successfully - sym options: 0x614 - pdb path: .;C:\Program Files\Java\jdk-21\bin;C:\WINDOWS\SYSTEM32;C:\WINDOWS\WinSxS\amd64_microsoft.windows.common-controls_6595b64144ccf1df_6.0.22621.5547_none_27104afb73855772;C:\Program Files\Java\jdk-21\bin\server

VM Arguments:
jvm_args: -Dfile.encoding=UTF-8 -Dstdout.encoding=UTF-8 -Dstderr.encoding=UTF-8 -XX:+ShowCodeDetailsInExceptionMessages 
java_command: Popup.JS_Prompt_Popup
java_class_path (initial): C:\Users\shend\eclipse-workspace\BASIC-Selenium\target\test-classes;C:\Users\shend\eclipse-workspace\BASIC-Selenium\target\classes;C:\Users\shend\.m2\repository\org\seleniumhq\selenium\selenium-java\4.32.0\selenium-java-4.32.0.jar;C:\Users\shend\.m2\repository\org\seleniumhq\selenium\selenium-api\4.32.0\selenium-api-4.32.0.jar;C:\Users\shend\.m2\repository\org\jspecify\jspecify\1.0.0\jspecify-1.0.0.jar;C:\Users\shend\.m2\repository\org\seleniumhq\selenium\selenium-chrome-driver\4.32.0\selenium-chrome-driver-4.32.0.jar;C:\Users\shend\.m2\repository\com\google\auto\service\auto-service-annotations\1.1.1\auto-service-annotations-1.1.1.jar;C:\Users\shend\.m2\repository\org\seleniumhq\selenium\selenium-chromium-driver\4.32.0\selenium-chromium-driver-4.32.0.jar;C:\Users\shend\.m2\repository\org\seleniumhq\selenium\selenium-json\4.32.0\selenium-json-4.32.0.jar;C:\Users\shend\.m2\repository\org\seleniumhq\selenium\selenium-manager\4.32.0\selenium-manager-4.32.0.jar;C:\Users\shend\.m2\repository\org\seleniumhq\selenium\selenium-devtools-v134\4.32.0\selenium-devtools-v134-4.32.0.jar;C:\Users\shend\.m2\repository\org\seleniumhq\selenium\selenium-devtools-v135\4.32.0\selenium-devtools-v135-4.32.0.jar;C:\Users\shend\.m2\repository\org\seleniumhq\selenium\selenium-devtools-v136\4.32.0\selenium-devtools-v136-4.32.0.jar;C:\Users\shend\.m2\repository\org\seleniumhq\selenium\selenium-edge-driver\4.32.0\selenium-edge-driver-4.32.0.jar;C:\Users\shend\.m2\repository\org\seleniumhq\selenium\selenium-firefox-driver\4.32.0\selenium-firefox-driver-4.32.0.jar;C:\Users\shend\.m2\repository\org\seleniumhq\selenium\selenium-http\4.32.0\selenium-http-4.32.0.jar;C:\Users\shend\.m2\repository\org\seleniumhq\selenium\selenium-ie-driver\4.32.0\selenium-ie-driver-4.32.0.jar;C:\Users\shend\.m2\repository\org\seleniumhq\selenium\selenium-remote-driver\4.32.0\selenium-remote-driver-4.32.0.jar;C:\Users\shend\.m2\repository\com\google\guava\guava\33.4.8-jre\guava-33.4.8-jre.jar;C:\Users\shend\.m2\repository\com\google\guava\failureaccess\1.0.3\failureaccess-1.0.3.jar;C:\Users\shend\.m2\repository\com\google\guava\listenablefuture\9999.0-empty-to-avoid-conflict-with-guava\listenablefuture-9999.0-empty-to-avoid-conflict-with-guava.jar;C:\Users\shend\.m2\repository\com\google\j2objc\j2objc-annotations\3.0.0\j2objc-annotations-3.0.0.jar;C:\Users\shend\.m2\repository\io\opentelemetry\opentelemetry-api\1.49.0\opentelemetry-api-1.49.0.jar;C:\Users\shend\.m2\repository\io\opentelemetry\opentelemetry-context\1.49.0\opentelemetry-context-1.49.0.jar;C:\Users\shend\.m2\repository\io\opentelemetry\opentelemetry-exporter-logging\1.49.0\opentelemetry-exporter-logging-1.49.0.jar;C:\Users\shend\.m2\repository\io\opentelemetry\opentelemetry-sdk-common\1.49.0\opentelemetry-sdk-common-1.49.0.jar;C:\Users\shend\.m2\repository\io\opentelemetry\opentelemetry-sdk-extension-autoconfigure-spi\1.49.0\opentelemetry-sdk-extension-autoconfigure-spi-1.49.0.jar;C:\Users\shend\.m2\repository\io\opentelemetry\opentelemetry-sdk-extension-autoconfigure\1.49.0\opentelemetry-sdk-extension-autoconfigure-1.49.0.jar;C:\Users\shend\.m2\repository\io\opentelemetry\opentelemetry-sdk-trace\1.49.0\opentelemetry-sdk-trace-1.49.0.jar;C:\Users\shend\.m2\repository\io\opentelemetry\opentelemetry-sdk\1.49.0\opentelemetry-sdk-1.49.0.jar;C:\Users\shend\.m2\repository\io\opentelemetry\opentelemetry-sdk-metrics\1.49.0\opentelemetry-sdk-metrics-1.49.0.jar;C:\Users\shend\.m2\repository\io\opentelemetry\opentelemetry-sdk-logs\1.49.0\opentelemetry-sdk-logs-1.49.0.jar;C:\Users\shend\.m2\repository\net\bytebuddy\byte-buddy\1.17.5\byte-buddy-1.17.5.jar;C:\Users\shend\.m2\repository\org\seleniumhq\selenium\selenium-os\4.32.0\selenium-os-4.32.0.jar;C:\Users\shend\.m2\repository\org\apache\commons\commons-exec\1.4.0\commons-exec-1.4.0.jar;C:\Users\shend\.m2\repository\org\seleniumhq\selenium\selenium-safari-driver\4.32.0\selenium-safari-driver-4.32.0.jar;C:\Users\shend\.m2\repository\org\seleniumhq\selenium\selenium-support\4.32.0\selenium-support-4.32.0.jar;C:\Users\shend\.m2\repository\io\github\bonigarcia\webdrivermanager\5.9.2\webdrivermanager-5.9.2.jar;C:\Users\shend\.m2\repository\org\slf4j\slf4j-api\2.0.13\slf4j-api-2.0.13.jar;C:\Users\shend\.m2\repository\com\google\code\gson\gson\2.11.0\gson-2.11.0.jar;C:\Users\shend\.m2\repository\com\google\errorprone\error_prone_annotations\2.27.0\error_prone_annotations-2.27.0.jar;C:\Users\shend\.m2\repository\com\github\docker-java\docker-java\3.4.0\docker-java-3.4.0.jar;C:\Users\shend\.m2\repository\com\github\docker-java\docker-java-core\3.4.0\docker-java-core-3.4.0.jar;C:\Users\shend\.m2\repository\com\github\docker-java\docker-java-api\3.4.0\docker-java-api-3.4.0.jar;C:\Users\shend\.m2\repository\com\fasterxml\jackson\core\jackson-annotations\2.10.3\jackson-annotations-2.10.3.jar;C:\Users\shend\.m2\repository\com\fasterxml\jackson\core\jackson-databind\2.10.3\jackson-databind-2.10.3.jar;C:\Users\shend\.m2\repository\com\fasterxml\jackson\core\jackson-core\2.10.3\jackson-core-2.10.3.jar;C:\Users\shend\.m2\repository\org\slf4j\jcl-over-slf4j\1.7.30\jcl-over-slf4j-1.7.30.jar;C:\Users\shend\.m2\repository\com\github\docker-java\docker-java-transport-httpclient5\3.4.0\docker-java-transport-httpclient5-3.4.0.jar;C:\Users\shend\.m2\repository\com\github\docker-java\docker-java-transport\3.4.0\docker-java-transport-3.4.0.jar;C:\Users\shend\.m2\repository\net\java\dev\jna\jna\5.13.0\jna-5.13.0.jar;C:\Users\shend\.m2\repository\org\brotli\dec\0.1.2\dec-0.1.2.jar;C:\Users\shend\.m2\repository\org\apache\commons\commons-lang3\3.15.0\commons-lang3-3.15.0.jar;C:\Users\shend\.m2\repository\org\apache\commons\commons-compress\1.26.2\commons-compress-1.26.2.jar;C:\Users\shend\.m2\repository\commons-codec\commons-codec\1.17.0\commons-codec-1.17.0.jar;C:\Users\shend\.m2\repository\commons-io\commons-io\2.16.1\commons-io-2.16.1.jar;C:\Users\shend\.m2\repository\org\apache\httpcomponents\client5\httpclient5\5.2.1\httpclient5-5.2.1.jar;C:\Users\shend\.m2\repository\org\apache\httpcomponents\core5\httpcore5\5.2\httpcore5-5.2.jar;C:\Users\shend\.m2\repository\org\apache\httpcomponents\core5\httpcore5-h2\5.2\httpcore5-h2-5.2.jar;C:\Users\shend\eclipse-workspace\ SeleniumProject\target\classes
Launcher Type: SUN_STANDARD

[Global flags]
     intx CICompilerCount                          = 4                                         {product} {ergonomic}
     uint ConcGCThreads                            = 2                                         {product} {ergonomic}
     uint G1ConcRefinementThreads                  = 8                                         {product} {ergonomic}
   size_t G1HeapRegionSize                         = 1048576                                   {product} {ergonomic}
    uintx GCDrainStackTargetSize                   = 64                                        {product} {ergonomic}
   size_t InitialHeapSize                          = 132120576                                 {product} {ergonomic}
   size_t MarkStackSize                            = 4194304                                   {product} {ergonomic}
   size_t MaxHeapSize                              = 2113929216                                {product} {ergonomic}
   size_t MaxNewSize                               = 1267728384                                {product} {ergonomic}
   size_t MinHeapDeltaBytes                        = 1048576                                   {product} {ergonomic}
   size_t MinHeapSize                              = 8388608                                   {product} {ergonomic}
    uintx NonNMethodCodeHeapSize                   = 5839372                                {pd product} {ergonomic}
    uintx NonProfiledCodeHeapSize                  = 122909434                              {pd product} {ergonomic}
    uintx ProfiledCodeHeapSize                     = 122909434                              {pd product} {ergonomic}
    uintx ReservedCodeCacheSize                    = 251658240                              {pd product} {ergonomic}
     bool SegmentedCodeCache                       = true                                      {product} {ergonomic}
     bool ShowCodeDetailsInExceptionMessages       = true                                   {manageable} {command line}
   size_t SoftMaxHeapSize                          = 2113929216                             {manageable} {ergonomic}
     bool UseCompressedOops                        = true                           {product lp64_product} {ergonomic}
     bool UseG1GC                                  = true                                      {product} {ergonomic}
     bool UseLargePagesIndividualAllocation        = false                                  {pd product} {ergonomic}

Logging:
Log output configuration:
 #0: stdout all=warning uptime,level,tags foldmultilines=false
 #1: stderr all=off uptime,level,tags foldmultilines=false

Environment Variables:
JAVA_HOME=C:\Program Files\Java\jdk-21
PATH=F:\oracle\product\10.2.0\db_6\bin;F:\oracle\product\10.2.0\db_1\bin;C:\Program Files\Common Files\Oracle\Java\javapath;C:\Program Files\Java\jdk-21\bin;C:\Users\shend\anaconda3;C:\Users\shend\anaconda3\Library\mingw-w64\bin;C:\Users\shend\anaconda3\Library\usr\bin;C:\Users\shend\anaconda3\Library\bin;C:\Users\shend\anaconda3\Scripts;C:\Users\shend\AppData\Local\Programs\Python\Python312\Scripts\;C:\Users\shend\AppData\Local\Programs\Python\Python312\;C:\Users\shend\AppData\Local\Programs\Python\Launcher\;C:\Users\shend\AppData\Local\Microsoft\WindowsApps;C:\Users\shend\AppData\Local\Programs\Microsoft VS Code\bin
USERNAME=shend
OS=Windows_NT
PROCESSOR_IDENTIFIER=Intel64 Family 6 Model 158 Stepping 10, GenuineIntel
TMP=C:\Users\shend\AppData\Local\Temp
TEMP=C:\Users\shend\AppData\Local\Temp




Periodic native trim disabled

---------------  S Y S T E M  ---------------

OS:
 Windows 11 , 64 bit Build 22621 (10.0.22621.5415)
OS uptime: 3 days 1:49 hours

CPU: total 8 (initial active 8) (4 cores per cpu, 2 threads per core) family 6 model 158 stepping 10 microcode 0xec, cx8, cmov, fxsr, ht, mmx, 3dnowpref, sse, sse2, sse3, ssse3, sse4.1, sse4.2, popcnt, lzcnt, tsc, tscinvbit, avx, avx2, aes, erms, clmul, bmi1, bmi2, adx, fma, vzeroupper, clflush, clflushopt, rdtscp, f16c
Processor Information for all 8 processors :
  Max Mhz: 2400, Current Mhz: 2400, Mhz Limit: 2400

Memory: 4k page, system-wide physical 8063M (479M free)
TotalPageFile size 12142M (AvailPageFile size 37M)
current process WorkingSet (physical memory assigned to process): 101M, peak: 101M
current process commit charge ("private bytes"): 241M, peak: 242M

vm_info: Java HotSpot(TM) 64-Bit Server VM (21.0.4+8-LTS-274) for windows-amd64 JRE (21.0.4+8-LTS-274), built on 2024-06-05T05:23:33Z by "mach5one" with MS VC++ 17.6 (VS2022)

END.
