#
# There is insufficient memory for the Java Runtime Environment to continue.
# Native memory allocation (malloc) failed to allocate 356592 bytes for Chunk::new
# Possible reasons:
#   The system is out of physical RAM or swap space
#   The process is running with CompressedOops enabled, and the Java Heap may be blocking the growth of the native heap
# Possible solutions:
#   Reduce memory load on the system
#   Increase physical memory or swap space
#   Check if swap backing store is full
#   Decrease Java heap size (-Xmx/-Xms)
#   Decrease number of Java threads
#   Decrease Java thread stack sizes (-Xss)
#   Set larger code cache with -XX:ReservedCodeCacheSize=
#   JVM is running with Unscaled Compressed Oops mode in which the Java heap is
#     placed in the first 4GB address space. The Java Heap base address is the
#     maximum limit for the native heap growth. Please use -XX:HeapBaseMinAddress
#     to set the Java Heap base and to place the Java Heap above 4GB virtual address.
# This output file may be truncated or incomplete.
#
#  Out of Memory Error (arena.cpp:168), pid=22964, tid=28336
#
# JRE version: Java(TM) SE Runtime Environment (21.0.4+8) (build 21.0.4+8-LTS-274)
# Java VM: Java HotSpot(TM) 64-Bit Server VM (21.0.4+8-LTS-274, mixed mode, sharing, tiered, compressed oops, compressed class ptrs, g1 gc, windows-amd64)
# No core dump will be written. Minidumps are not enabled by default on client versions of Windows
#

---------------  S U M M A R Y ------------

Command Line: -Dfile.encoding=UTF-8 -Dstdout.encoding=UTF-8 -Dstderr.encoding=UTF-8 -XX:+ShowCodeDetailsInExceptionMessages OrangeHRM.LoginTest

Host: Intel(R) Core(TM) i5-9300H CPU @ 2.40GHz, 8 cores, 7G,  Windows 11 , 64 bit Build 22621 (10.0.22621.5415)
Time: Sun Aug  2 18:01:36 2026 India Standard Time elapsed time: 80.747341 seconds (0d 0h 1m 20s)

---------------  T H R E A D  ---------------

Current thread (0x000001a23ef15890):  JavaThread "C2 CompilerThread0" daemon [_thread_in_native, id=28336, stack(0x000000737fe00000,0x000000737ff00000) (1024K)]


Current CompileTask:
C2:  80747 1621 % !   4       java.util.concurrent.ConcurrentHashMap::transfer @ 96 (849 bytes)

Stack: [0x000000737fe00000,0x000000737ff00000]
Native frames: (J=compiled Java code, j=interpreted, Vv=VM code, C=native code)
V  [jvm.dll+0x6c8e59]
V  [jvm.dll+0x853181]
V  [jvm.dll+0x8556ae]
V  [jvm.dll+0x855d83]
V  [jvm.dll+0x27d526]
V  [jvm.dll+0xc4aad]
V  [jvm.dll+0xc4fe3]
V  [jvm.dll+0x3b400c]
V  [jvm.dll+0x3809a5]
V  [jvm.dll+0x37fe1a]
V  [jvm.dll+0x246280]
V  [jvm.dll+0x24585f]
V  [jvm.dll+0x1c69de]
V  [jvm.dll+0x254d49]
V  [jvm.dll+0x2532da]
V  [jvm.dll+0x3ed426]
V  [jvm.dll+0x7fd65b]
V  [jvm.dll+0x6c753d]
C  [ucrtbase.dll+0x29333]
C  [KERNEL32.DLL+0x1259d]
C  [ntdll.dll+0x5af78]


---------------  P R O C E S S  ---------------

Threads class SMR info:
_java_thread_list=0x000001a2850aec90, length=27, elements={
0x000001a2203d8e20, 0x000001a23eefd9f0, 0x000001a23eefe910, 0x000001a23ef02ef0,
0x000001a23ef05ce0, 0x000001a23ef0e750, 0x000001a23ef12ee0, 0x000001a23ef15890,
0x000001a23ef1a470, 0x000001a28426fe10, 0x000001a284277a40, 0x000001a2848bb800,
0x000001a284cb2180, 0x000001a284ca2c40, 0x000001a284c8ee20, 0x000001a284c8f490,
0x000001a284c9ccb0, 0x000001a2850d5d10, 0x000001a2850d63a0, 0x000001a2850d2f20,
0x000001a2850d35b0, 0x000001a2850d5680, 0x000001a2850d3c40, 0x000001a2850d4960,
0x000001a2850d42d0, 0x000001a2850d4ff0, 0x000001a2844f86b0
}

Java Threads: ( => current thread )
  0x000001a2203d8e20 JavaThread "main"                              [_thread_blocked, id=31748, stack(0x000000737f000000,0x000000737f100000) (1024K)]
  0x000001a23eefd9f0 JavaThread "Reference Handler"          daemon [_thread_blocked, id=3784, stack(0x000000737f800000,0x000000737f900000) (1024K)]
  0x000001a23eefe910 JavaThread "Finalizer"                  daemon [_thread_blocked, id=30420, stack(0x000000737f900000,0x000000737fa00000) (1024K)]
  0x000001a23ef02ef0 JavaThread "Signal Dispatcher"          daemon [_thread_blocked, id=15168, stack(0x000000737fa00000,0x000000737fb00000) (1024K)]
  0x000001a23ef05ce0 JavaThread "Attach Listener"            daemon [_thread_blocked, id=33064, stack(0x000000737fb00000,0x000000737fc00000) (1024K)]
  0x000001a23ef0e750 JavaThread "Service Thread"             daemon [_thread_blocked, id=21996, stack(0x000000737fc00000,0x000000737fd00000) (1024K)]
  0x000001a23ef12ee0 JavaThread "Monitor Deflation Thread"   daemon [_thread_blocked, id=18224, stack(0x000000737fd00000,0x000000737fe00000) (1024K)]
=>0x000001a23ef15890 JavaThread "C2 CompilerThread0"         daemon [_thread_in_native, id=28336, stack(0x000000737fe00000,0x000000737ff00000) (1024K)]
  0x000001a23ef1a470 JavaThread "C1 CompilerThread0"         daemon [_thread_blocked, id=26660, stack(0x000000737ff00000,0x0000007380000000) (1024K)]
  0x000001a28426fe10 JavaThread "Notification Thread"        daemon [_thread_blocked, id=10260, stack(0x0000007300000000,0x0000007300100000) (1024K)]
  0x000001a284277a40 JavaThread "Common-Cleaner"             daemon [_thread_blocked, id=33124, stack(0x0000007300100000,0x0000007300200000) (1024K)]
  0x000001a2848bb800 JavaThread "ForkJoinPool.commonPool-worker-1" daemon [_thread_blocked, id=23408, stack(0x0000007300300000,0x0000007300400000) (1024K)]
  0x000001a284cb2180 JavaThread "HttpClient-1-SelectorManager" daemon [_thread_in_native, id=22916, stack(0x0000007300700000,0x0000007300800000) (1024K)]
  0x000001a284ca2c40 JavaThread "External Process Output Forwarder - C:\Users\shend\.cache\selenium\chromedriver\win64\151.0.7922.71\chromedriver.exe" daemon [_thread_in_native, id=30492, stack(0x0000007300800000,0x0000007300900000) (1024K)]
  0x000001a284c8ee20 JavaThread "Driver Service Executor"    daemon [_thread_blocked, id=23948, stack(0x0000007300900000,0x0000007300a00000) (1024K)]
  0x000001a284c8f490 JavaThread "Driver Service Executor"    daemon [_thread_blocked, id=28852, stack(0x0000007300a00000,0x0000007300b00000) (1024K)]
  0x000001a284c9ccb0 JavaThread "UrlChecker-2"               daemon [_thread_blocked, id=19944, stack(0x0000007300b00000,0x0000007300c00000) (1024K)]
  0x000001a2850d5d10 JavaThread "JdkHttpClient-0-0"          daemon [_thread_blocked, id=20248, stack(0x0000007301500000,0x0000007301600000) (1024K)]
  0x000001a2850d63a0 JavaThread "CompletableFutureDelayScheduler" daemon [_thread_blocked, id=32172, stack(0x0000007301600000,0x0000007301700000) (1024K)]
  0x000001a2850d2f20 JavaThread "JdkHttpClient-0-1"          daemon [_thread_blocked, id=27644, stack(0x0000007301700000,0x0000007301800000) (1024K)]
  0x000001a2850d35b0 JavaThread "JdkHttpClient-0-2"          daemon [_thread_blocked, id=18208, stack(0x0000007301800000,0x0000007301900000) (1024K)]
  0x000001a2850d5680 JavaThread "JdkHttpClient-0-3"          daemon [_thread_blocked, id=29896, stack(0x0000007301900000,0x0000007301a00000) (1024K)]
  0x000001a2850d3c40 JavaThread "HttpClient-2-SelectorManager" daemon [_thread_in_native, id=10480, stack(0x0000007300d00000,0x0000007300e00000) (1024K)]
  0x000001a2850d4960 JavaThread "JdkHttpClient-1-0"          daemon [_thread_blocked, id=18052, stack(0x0000007301a00000,0x0000007301b00000) (1024K)]
  0x000001a2850d42d0 JavaThread "JdkHttpClient-1-1"          daemon [_thread_blocked, id=30544, stack(0x0000007301b00000,0x0000007301c00000) (1024K)]
  0x000001a2850d4ff0 JavaThread "JdkHttpClient-1-2"          daemon [_thread_blocked, id=30336, stack(0x0000007301c00000,0x0000007301d00000) (1024K)]
  0x000001a2844f86b0 JavaThread "JdkHttpClient-1-3"          daemon [_thread_blocked, id=31784, stack(0x0000007301d00000,0x0000007301e00000) (1024K)]
Total: 27

Other Threads:
  0x000001a23eee4a20 VMThread "VM Thread"                           [id=23752, stack(0x000000737f700000,0x000000737f800000) (1024K)]
  0x000001a23eecd7e0 WatcherThread "VM Periodic Task Thread"        [id=6680, stack(0x000000737f600000,0x000000737f700000) (1024K)]
  0x000001a22262ecc0 WorkerThread "GC Thread#0"                     [id=29916, stack(0x000000737f100000,0x000000737f200000) (1024K)]
  0x000001a285081250 WorkerThread "GC Thread#1"                     [id=9004, stack(0x0000007300e00000,0x0000007300f00000) (1024K)]
  0x000001a285085600 WorkerThread "GC Thread#2"                     [id=16404, stack(0x0000007300f00000,0x0000007301000000) (1024K)]
  0x000001a2850a2100 WorkerThread "GC Thread#3"                     [id=15928, stack(0x0000007301000000,0x0000007301100000) (1024K)]
  0x000001a2850ad1a0 WorkerThread "GC Thread#4"                     [id=8940, stack(0x0000007301100000,0x0000007301200000) (1024K)]
  0x000001a2850add50 WorkerThread "GC Thread#5"                     [id=28248, stack(0x0000007301200000,0x0000007301300000) (1024K)]
  0x000001a2850ae500 WorkerThread "GC Thread#6"                     [id=28932, stack(0x0000007301300000,0x0000007301400000) (1024K)]
  0x000001a2850ae8a0 WorkerThread "GC Thread#7"                     [id=23432, stack(0x0000007301400000,0x0000007301500000) (1024K)]
  0x000001a222642210 ConcurrentGCThread "G1 Main Marker"            [id=22208, stack(0x000000737f200000,0x000000737f300000) (1024K)]
  0x000001a222642d10 WorkerThread "G1 Conc#0"                       [id=24364, stack(0x000000737f300000,0x000000737f400000) (1024K)]
  0x000001a23ed9f560 ConcurrentGCThread "G1 Refine#0"               [id=32480, stack(0x000000737f400000,0x000000737f500000) (1024K)]
  0x000001a23eda00d0 ConcurrentGCThread "G1 Service"                [id=14752, stack(0x000000737f500000,0x000000737f600000) (1024K)]
Total: 14

Threads with active compile tasks:
C2 CompilerThread0    81298 1621 % !   4       java.util.concurrent.ConcurrentHashMap::transfer @ 96 (849 bytes)
Total: 1

VM state: not at safepoint (normal execution)

VM Mutex/Monitor currently owned by a thread: None

Heap address: 0x0000000082000000, size: 2016 MB, Compressed Oops mode: 32-bit

CDS archive(s) mapped at: [0x000001a23f000000-0x000001a23fc90000-0x000001a23fc90000), size 13172736, SharedBaseAddress: 0x000001a23f000000, ArchiveRelocationMode: 1.
Compressed class space mapped at: 0x000001a240000000-0x000001a280000000, reserved size: 1073741824
Narrow klass base: 0x000001a23f000000, Narrow klass shift: 0, Narrow klass range: 0x100000000

GC Precious Log:
 CardTable entry size: 512
 Card Set container configuration: InlinePtr #cards 5 size 8 Array Of Cards #cards 12 size 40 Howl #buckets 4 coarsen threshold 1843 Howl Bitmap #cards 512 size 80 coarsen threshold 460 Card regions per heap region 1 cards per card region 2048
 CPUs: 8 total, 8 available
 Memory: 8063M
 Large Page Support: Disabled
 NUMA Support: Disabled
 Compressed Oops: Enabled (32-bit)
 Heap Region Size: 1M
 Heap Min Capacity: 8M
 Heap Initial Capacity: 126M
 Heap Max Capacity: 2016M
 Pre-touch: Disabled
 Parallel Workers: 8
 Concurrent Workers: 2
 Concurrent Refinement Workers: 8
 Periodic GC: Disabled

Heap:
 garbage-first heap   total 129024K, used 14902K [0x0000000082000000, 0x0000000100000000)
  region size 1024K, 10 young (10240K), 3 survivors (3072K)
 Metaspace       used 11468K, committed 11840K, reserved 1114112K
  class space    used 1373K, committed 1536K, reserved 1048576K

Heap Regions: E=young(eden), S=young(survivor), O=old, HS=humongous(starts), HC=humongous(continues), CS=collection set, F=free, TAMS=top-at-mark-start, PB=parsable bottom
|   0|0x0000000082000000, 0x0000000082100000, 0x0000000082100000|100%|HS|  |TAMS 0x0000000082000000| PB 0x0000000082000000| Complete 
|   1|0x0000000082100000, 0x0000000082200000, 0x0000000082200000|100%|HS|  |TAMS 0x0000000082100000| PB 0x0000000082100000| Complete 
|   2|0x0000000082200000, 0x0000000082300000, 0x0000000082300000|100%| O|  |TAMS 0x0000000082200000| PB 0x0000000082200000| Untracked 
|   3|0x0000000082300000, 0x0000000082400000, 0x0000000082400000|100%| O|  |TAMS 0x0000000082300000| PB 0x0000000082300000| Untracked 
|   4|0x0000000082400000, 0x0000000082500000, 0x0000000082500000|100%| O|  |TAMS 0x0000000082400000| PB 0x0000000082400000| Untracked 
|   5|0x0000000082500000, 0x000000008258d970, 0x0000000082600000| 55%| O|  |TAMS 0x0000000082500000| PB 0x0000000082500000| Untracked 
|   6|0x0000000082600000, 0x0000000082600000, 0x0000000082700000|  0%| F|  |TAMS 0x0000000082600000| PB 0x0000000082600000| Untracked 
|   7|0x0000000082700000, 0x0000000082700000, 0x0000000082800000|  0%| F|  |TAMS 0x0000000082700000| PB 0x0000000082700000| Untracked 
|   8|0x0000000082800000, 0x0000000082800000, 0x0000000082900000|  0%| F|  |TAMS 0x0000000082800000| PB 0x0000000082800000| Untracked 
|   9|0x0000000082900000, 0x0000000082900000, 0x0000000082a00000|  0%| F|  |TAMS 0x0000000082900000| PB 0x0000000082900000| Untracked 
|  10|0x0000000082a00000, 0x0000000082a00000, 0x0000000082b00000|  0%| F|  |TAMS 0x0000000082a00000| PB 0x0000000082a00000| Untracked 
|  11|0x0000000082b00000, 0x0000000082b00000, 0x0000000082c00000|  0%| F|  |TAMS 0x0000000082b00000| PB 0x0000000082b00000| Untracked 
|  12|0x0000000082c00000, 0x0000000082c00000, 0x0000000082d00000|  0%| F|  |TAMS 0x0000000082c00000| PB 0x0000000082c00000| Untracked 
|  13|0x0000000082d00000, 0x0000000082d00000, 0x0000000082e00000|  0%| F|  |TAMS 0x0000000082d00000| PB 0x0000000082d00000| Untracked 
|  14|0x0000000082e00000, 0x0000000082e00000, 0x0000000082f00000|  0%| F|  |TAMS 0x0000000082e00000| PB 0x0000000082e00000| Untracked 
|  15|0x0000000082f00000, 0x0000000082f00000, 0x0000000083000000|  0%| F|  |TAMS 0x0000000082f00000| PB 0x0000000082f00000| Untracked 
|  16|0x0000000083000000, 0x0000000083000000, 0x0000000083100000|  0%| F|  |TAMS 0x0000000083000000| PB 0x0000000083000000| Untracked 
|  17|0x0000000083100000, 0x0000000083100000, 0x0000000083200000|  0%| F|  |TAMS 0x0000000083100000| PB 0x0000000083100000| Untracked 
|  18|0x0000000083200000, 0x0000000083200000, 0x0000000083300000|  0%| F|  |TAMS 0x0000000083200000| PB 0x0000000083200000| Untracked 
|  19|0x0000000083300000, 0x0000000083300000, 0x0000000083400000|  0%| F|  |TAMS 0x0000000083300000| PB 0x0000000083300000| Untracked 
|  20|0x0000000083400000, 0x0000000083400000, 0x0000000083500000|  0%| F|  |TAMS 0x0000000083400000| PB 0x0000000083400000| Untracked 
|  21|0x0000000083500000, 0x0000000083500000, 0x0000000083600000|  0%| F|  |TAMS 0x0000000083500000| PB 0x0000000083500000| Untracked 
|  22|0x0000000083600000, 0x0000000083600000, 0x0000000083700000|  0%| F|  |TAMS 0x0000000083600000| PB 0x0000000083600000| Untracked 
|  23|0x0000000083700000, 0x0000000083700000, 0x0000000083800000|  0%| F|  |TAMS 0x0000000083700000| PB 0x0000000083700000| Untracked 
|  24|0x0000000083800000, 0x0000000083800000, 0x0000000083900000|  0%| F|  |TAMS 0x0000000083800000| PB 0x0000000083800000| Untracked 
|  25|0x0000000083900000, 0x0000000083900000, 0x0000000083a00000|  0%| F|  |TAMS 0x0000000083900000| PB 0x0000000083900000| Untracked 
|  26|0x0000000083a00000, 0x0000000083a00000, 0x0000000083b00000|  0%| F|  |TAMS 0x0000000083a00000| PB 0x0000000083a00000| Untracked 
|  27|0x0000000083b00000, 0x0000000083b00000, 0x0000000083c00000|  0%| F|  |TAMS 0x0000000083b00000| PB 0x0000000083b00000| Untracked 
|  28|0x0000000083c00000, 0x0000000083c00000, 0x0000000083d00000|  0%| F|  |TAMS 0x0000000083c00000| PB 0x0000000083c00000| Untracked 
|  29|0x0000000083d00000, 0x0000000083d00000, 0x0000000083e00000|  0%| F|  |TAMS 0x0000000083d00000| PB 0x0000000083d00000| Untracked 
|  30|0x0000000083e00000, 0x0000000083e00000, 0x0000000083f00000|  0%| F|  |TAMS 0x0000000083e00000| PB 0x0000000083e00000| Untracked 
|  31|0x0000000083f00000, 0x0000000083f00000, 0x0000000084000000|  0%| F|  |TAMS 0x0000000083f00000| PB 0x0000000083f00000| Untracked 
|  32|0x0000000084000000, 0x0000000084000000, 0x0000000084100000|  0%| F|  |TAMS 0x0000000084000000| PB 0x0000000084000000| Untracked 
|  33|0x0000000084100000, 0x0000000084100000, 0x0000000084200000|  0%| F|  |TAMS 0x0000000084100000| PB 0x0000000084100000| Untracked 
|  34|0x0000000084200000, 0x0000000084200000, 0x0000000084300000|  0%| F|  |TAMS 0x0000000084200000| PB 0x0000000084200000| Untracked 
|  35|0x0000000084300000, 0x0000000084300000, 0x0000000084400000|  0%| F|  |TAMS 0x0000000084300000| PB 0x0000000084300000| Untracked 
|  36|0x0000000084400000, 0x0000000084400000, 0x0000000084500000|  0%| F|  |TAMS 0x0000000084400000| PB 0x0000000084400000| Untracked 
|  37|0x0000000084500000, 0x0000000084500000, 0x0000000084600000|  0%| F|  |TAMS 0x0000000084500000| PB 0x0000000084500000| Untracked 
|  38|0x0000000084600000, 0x0000000084600000, 0x0000000084700000|  0%| F|  |TAMS 0x0000000084600000| PB 0x0000000084600000| Untracked 
|  39|0x0000000084700000, 0x0000000084700000, 0x0000000084800000|  0%| F|  |TAMS 0x0000000084700000| PB 0x0000000084700000| Untracked 
|  40|0x0000000084800000, 0x0000000084800000, 0x0000000084900000|  0%| F|  |TAMS 0x0000000084800000| PB 0x0000000084800000| Untracked 
|  41|0x0000000084900000, 0x0000000084900000, 0x0000000084a00000|  0%| F|  |TAMS 0x0000000084900000| PB 0x0000000084900000| Untracked 
|  42|0x0000000084a00000, 0x0000000084a00000, 0x0000000084b00000|  0%| F|  |TAMS 0x0000000084a00000| PB 0x0000000084a00000| Untracked 
|  43|0x0000000084b00000, 0x0000000084b00000, 0x0000000084c00000|  0%| F|  |TAMS 0x0000000084b00000| PB 0x0000000084b00000| Untracked 
|  44|0x0000000084c00000, 0x0000000084c00000, 0x0000000084d00000|  0%| F|  |TAMS 0x0000000084c00000| PB 0x0000000084c00000| Untracked 
|  45|0x0000000084d00000, 0x0000000084d00000, 0x0000000084e00000|  0%| F|  |TAMS 0x0000000084d00000| PB 0x0000000084d00000| Untracked 
|  46|0x0000000084e00000, 0x0000000084e00000, 0x0000000084f00000|  0%| F|  |TAMS 0x0000000084e00000| PB 0x0000000084e00000| Untracked 
|  47|0x0000000084f00000, 0x0000000084f00000, 0x0000000085000000|  0%| F|  |TAMS 0x0000000084f00000| PB 0x0000000084f00000| Untracked 
|  48|0x0000000085000000, 0x0000000085000000, 0x0000000085100000|  0%| F|  |TAMS 0x0000000085000000| PB 0x0000000085000000| Untracked 
|  49|0x0000000085100000, 0x0000000085100000, 0x0000000085200000|  0%| F|  |TAMS 0x0000000085100000| PB 0x0000000085100000| Untracked 
|  50|0x0000000085200000, 0x0000000085200000, 0x0000000085300000|  0%| F|  |TAMS 0x0000000085200000| PB 0x0000000085200000| Untracked 
|  51|0x0000000085300000, 0x0000000085300000, 0x0000000085400000|  0%| F|  |TAMS 0x0000000085300000| PB 0x0000000085300000| Untracked 
|  52|0x0000000085400000, 0x0000000085400000, 0x0000000085500000|  0%| F|  |TAMS 0x0000000085400000| PB 0x0000000085400000| Untracked 
|  53|0x0000000085500000, 0x0000000085500000, 0x0000000085600000|  0%| F|  |TAMS 0x0000000085500000| PB 0x0000000085500000| Untracked 
|  54|0x0000000085600000, 0x0000000085600000, 0x0000000085700000|  0%| F|  |TAMS 0x0000000085600000| PB 0x0000000085600000| Untracked 
|  55|0x0000000085700000, 0x0000000085700000, 0x0000000085800000|  0%| F|  |TAMS 0x0000000085700000| PB 0x0000000085700000| Untracked 
|  56|0x0000000085800000, 0x0000000085800000, 0x0000000085900000|  0%| F|  |TAMS 0x0000000085800000| PB 0x0000000085800000| Untracked 
|  57|0x0000000085900000, 0x0000000085900000, 0x0000000085a00000|  0%| F|  |TAMS 0x0000000085900000| PB 0x0000000085900000| Untracked 
|  58|0x0000000085a00000, 0x0000000085a00000, 0x0000000085b00000|  0%| F|  |TAMS 0x0000000085a00000| PB 0x0000000085a00000| Untracked 
|  59|0x0000000085b00000, 0x0000000085b00000, 0x0000000085c00000|  0%| F|  |TAMS 0x0000000085b00000| PB 0x0000000085b00000| Untracked 
|  60|0x0000000085c00000, 0x0000000085c00000, 0x0000000085d00000|  0%| F|  |TAMS 0x0000000085c00000| PB 0x0000000085c00000| Untracked 
|  61|0x0000000085d00000, 0x0000000085d00000, 0x0000000085e00000|  0%| F|  |TAMS 0x0000000085d00000| PB 0x0000000085d00000| Untracked 
|  62|0x0000000085e00000, 0x0000000085e00000, 0x0000000085f00000|  0%| F|  |TAMS 0x0000000085e00000| PB 0x0000000085e00000| Untracked 
|  63|0x0000000085f00000, 0x0000000085f00000, 0x0000000086000000|  0%| F|  |TAMS 0x0000000085f00000| PB 0x0000000085f00000| Untracked 
|  64|0x0000000086000000, 0x0000000086000000, 0x0000000086100000|  0%| F|  |TAMS 0x0000000086000000| PB 0x0000000086000000| Untracked 
|  65|0x0000000086100000, 0x0000000086100000, 0x0000000086200000|  0%| F|  |TAMS 0x0000000086100000| PB 0x0000000086100000| Untracked 
|  66|0x0000000086200000, 0x0000000086200000, 0x0000000086300000|  0%| F|  |TAMS 0x0000000086200000| PB 0x0000000086200000| Untracked 
|  67|0x0000000086300000, 0x0000000086300000, 0x0000000086400000|  0%| F|  |TAMS 0x0000000086300000| PB 0x0000000086300000| Untracked 
|  68|0x0000000086400000, 0x0000000086400000, 0x0000000086500000|  0%| F|  |TAMS 0x0000000086400000| PB 0x0000000086400000| Untracked 
|  69|0x0000000086500000, 0x0000000086500000, 0x0000000086600000|  0%| F|  |TAMS 0x0000000086500000| PB 0x0000000086500000| Untracked 
|  70|0x0000000086600000, 0x0000000086600000, 0x0000000086700000|  0%| F|  |TAMS 0x0000000086600000| PB 0x0000000086600000| Untracked 
|  71|0x0000000086700000, 0x0000000086700000, 0x0000000086800000|  0%| F|  |TAMS 0x0000000086700000| PB 0x0000000086700000| Untracked 
|  72|0x0000000086800000, 0x0000000086800000, 0x0000000086900000|  0%| F|  |TAMS 0x0000000086800000| PB 0x0000000086800000| Untracked 
|  73|0x0000000086900000, 0x0000000086900000, 0x0000000086a00000|  0%| F|  |TAMS 0x0000000086900000| PB 0x0000000086900000| Untracked 
|  74|0x0000000086a00000, 0x0000000086a00000, 0x0000000086b00000|  0%| F|  |TAMS 0x0000000086a00000| PB 0x0000000086a00000| Untracked 
|  75|0x0000000086b00000, 0x0000000086b00000, 0x0000000086c00000|  0%| F|  |TAMS 0x0000000086b00000| PB 0x0000000086b00000| Untracked 
|  76|0x0000000086c00000, 0x0000000086c00000, 0x0000000086d00000|  0%| F|  |TAMS 0x0000000086c00000| PB 0x0000000086c00000| Untracked 
|  77|0x0000000086d00000, 0x0000000086d00000, 0x0000000086e00000|  0%| F|  |TAMS 0x0000000086d00000| PB 0x0000000086d00000| Untracked 
|  78|0x0000000086e00000, 0x0000000086e00000, 0x0000000086f00000|  0%| F|  |TAMS 0x0000000086e00000| PB 0x0000000086e00000| Untracked 
|  79|0x0000000086f00000, 0x0000000086f00000, 0x0000000087000000|  0%| F|  |TAMS 0x0000000086f00000| PB 0x0000000086f00000| Untracked 
|  80|0x0000000087000000, 0x0000000087000000, 0x0000000087100000|  0%| F|  |TAMS 0x0000000087000000| PB 0x0000000087000000| Untracked 
|  81|0x0000000087100000, 0x0000000087100000, 0x0000000087200000|  0%| F|  |TAMS 0x0000000087100000| PB 0x0000000087100000| Untracked 
|  82|0x0000000087200000, 0x0000000087200000, 0x0000000087300000|  0%| F|  |TAMS 0x0000000087200000| PB 0x0000000087200000| Untracked 
|  83|0x0000000087300000, 0x0000000087300000, 0x0000000087400000|  0%| F|  |TAMS 0x0000000087300000| PB 0x0000000087300000| Untracked 
|  84|0x0000000087400000, 0x0000000087400000, 0x0000000087500000|  0%| F|  |TAMS 0x0000000087400000| PB 0x0000000087400000| Untracked 
|  85|0x0000000087500000, 0x0000000087500000, 0x0000000087600000|  0%| F|  |TAMS 0x0000000087500000| PB 0x0000000087500000| Untracked 
|  86|0x0000000087600000, 0x0000000087600000, 0x0000000087700000|  0%| F|  |TAMS 0x0000000087600000| PB 0x0000000087600000| Untracked 
|  87|0x0000000087700000, 0x0000000087700000, 0x0000000087800000|  0%| F|  |TAMS 0x0000000087700000| PB 0x0000000087700000| Untracked 
|  88|0x0000000087800000, 0x0000000087800000, 0x0000000087900000|  0%| F|  |TAMS 0x0000000087800000| PB 0x0000000087800000| Untracked 
|  89|0x0000000087900000, 0x0000000087900000, 0x0000000087a00000|  0%| F|  |TAMS 0x0000000087900000| PB 0x0000000087900000| Untracked 
|  90|0x0000000087a00000, 0x0000000087a00000, 0x0000000087b00000|  0%| F|  |TAMS 0x0000000087a00000| PB 0x0000000087a00000| Untracked 
|  91|0x0000000087b00000, 0x0000000087b00000, 0x0000000087c00000|  0%| F|  |TAMS 0x0000000087b00000| PB 0x0000000087b00000| Untracked 
|  92|0x0000000087c00000, 0x0000000087c00000, 0x0000000087d00000|  0%| F|  |TAMS 0x0000000087c00000| PB 0x0000000087c00000| Untracked 
|  93|0x0000000087d00000, 0x0000000087d00000, 0x0000000087e00000|  0%| F|  |TAMS 0x0000000087d00000| PB 0x0000000087d00000| Untracked 
|  94|0x0000000087e00000, 0x0000000087e00000, 0x0000000087f00000|  0%| F|  |TAMS 0x0000000087e00000| PB 0x0000000087e00000| Untracked 
|  95|0x0000000087f00000, 0x0000000087f00000, 0x0000000088000000|  0%| F|  |TAMS 0x0000000087f00000| PB 0x0000000087f00000| Untracked 
|  96|0x0000000088000000, 0x0000000088000000, 0x0000000088100000|  0%| F|  |TAMS 0x0000000088000000| PB 0x0000000088000000| Untracked 
|  97|0x0000000088100000, 0x0000000088100000, 0x0000000088200000|  0%| F|  |TAMS 0x0000000088100000| PB 0x0000000088100000| Untracked 
|  98|0x0000000088200000, 0x0000000088200000, 0x0000000088300000|  0%| F|  |TAMS 0x0000000088200000| PB 0x0000000088200000| Untracked 
|  99|0x0000000088300000, 0x0000000088300000, 0x0000000088400000|  0%| F|  |TAMS 0x0000000088300000| PB 0x0000000088300000| Untracked 
| 100|0x0000000088400000, 0x0000000088500000, 0x0000000088500000|100%| S|CS|TAMS 0x0000000088400000| PB 0x0000000088400000| Complete 
| 101|0x0000000088500000, 0x0000000088600000, 0x0000000088600000|100%| S|CS|TAMS 0x0000000088500000| PB 0x0000000088500000| Complete 
| 102|0x0000000088600000, 0x0000000088700000, 0x0000000088700000|100%| S|CS|TAMS 0x0000000088600000| PB 0x0000000088600000| Complete 
| 103|0x0000000088700000, 0x0000000088700000, 0x0000000088800000|  0%| F|  |TAMS 0x0000000088700000| PB 0x0000000088700000| Untracked 
| 104|0x0000000088800000, 0x0000000088800000, 0x0000000088900000|  0%| F|  |TAMS 0x0000000088800000| PB 0x0000000088800000| Untracked 
| 105|0x0000000088900000, 0x0000000088900000, 0x0000000088a00000|  0%| F|  |TAMS 0x0000000088900000| PB 0x0000000088900000| Untracked 
| 106|0x0000000088a00000, 0x0000000088a00000, 0x0000000088b00000|  0%| F|  |TAMS 0x0000000088a00000| PB 0x0000000088a00000| Untracked 
| 107|0x0000000088b00000, 0x0000000088b00000, 0x0000000088c00000|  0%| F|  |TAMS 0x0000000088b00000| PB 0x0000000088b00000| Untracked 
| 108|0x0000000088c00000, 0x0000000088c00000, 0x0000000088d00000|  0%| F|  |TAMS 0x0000000088c00000| PB 0x0000000088c00000| Untracked 
| 109|0x0000000088d00000, 0x0000000088d00000, 0x0000000088e00000|  0%| F|  |TAMS 0x0000000088d00000| PB 0x0000000088d00000| Untracked 
| 110|0x0000000088e00000, 0x0000000088e00000, 0x0000000088f00000|  0%| F|  |TAMS 0x0000000088e00000| PB 0x0000000088e00000| Untracked 
| 111|0x0000000088f00000, 0x0000000088f00000, 0x0000000089000000|  0%| F|  |TAMS 0x0000000088f00000| PB 0x0000000088f00000| Untracked 
| 112|0x0000000089000000, 0x0000000089000000, 0x0000000089100000|  0%| F|  |TAMS 0x0000000089000000| PB 0x0000000089000000| Untracked 
| 113|0x0000000089100000, 0x0000000089100000, 0x0000000089200000|  0%| F|  |TAMS 0x0000000089100000| PB 0x0000000089100000| Untracked 
| 114|0x0000000089200000, 0x0000000089200000, 0x0000000089300000|  0%| F|  |TAMS 0x0000000089200000| PB 0x0000000089200000| Untracked 
| 115|0x0000000089300000, 0x0000000089300000, 0x0000000089400000|  0%| F|  |TAMS 0x0000000089300000| PB 0x0000000089300000| Untracked 
| 116|0x0000000089400000, 0x0000000089400000, 0x0000000089500000|  0%| F|  |TAMS 0x0000000089400000| PB 0x0000000089400000| Untracked 
| 117|0x0000000089500000, 0x0000000089500000, 0x0000000089600000|  0%| F|  |TAMS 0x0000000089500000| PB 0x0000000089500000| Untracked 
| 118|0x0000000089600000, 0x0000000089600000, 0x0000000089700000|  0%| F|  |TAMS 0x0000000089600000| PB 0x0000000089600000| Untracked 
| 119|0x0000000089700000, 0x000000008977d6e8, 0x0000000089800000| 48%| E|  |TAMS 0x0000000089700000| PB 0x0000000089700000| Complete 
| 120|0x0000000089800000, 0x0000000089900000, 0x0000000089900000|100%| E|CS|TAMS 0x0000000089800000| PB 0x0000000089800000| Complete 
| 121|0x0000000089900000, 0x0000000089a00000, 0x0000000089a00000|100%| E|CS|TAMS 0x0000000089900000| PB 0x0000000089900000| Complete 
| 122|0x0000000089a00000, 0x0000000089b00000, 0x0000000089b00000|100%| E|CS|TAMS 0x0000000089a00000| PB 0x0000000089a00000| Complete 
| 123|0x0000000089b00000, 0x0000000089c00000, 0x0000000089c00000|100%| E|CS|TAMS 0x0000000089b00000| PB 0x0000000089b00000| Complete 
| 124|0x0000000089c00000, 0x0000000089d00000, 0x0000000089d00000|100%| E|CS|TAMS 0x0000000089c00000| PB 0x0000000089c00000| Complete 
| 125|0x0000000089d00000, 0x0000000089e00000, 0x0000000089e00000|100%| E|CS|TAMS 0x0000000089d00000| PB 0x0000000089d00000| Complete 

Card table byte_map: [0x000001a23a160000,0x000001a23a550000] _byte_map_base: 0x000001a239d50000

Marking Bits: (CMBitMap*) 0x000001a22262f3c0
 Bits: [0x000001a23a550000, 0x000001a23c4d0000)

Polling page: 0x000001a221d90000

Metaspace:

Usage:
  Non-class:      9.86 MB used.
      Class:      1.34 MB used.
       Both:     11.20 MB used.

Virtual space:
  Non-class space:       64.00 MB reserved,      10.06 MB ( 16%) committed,  1 nodes.
      Class space:        1.00 GB reserved,       1.50 MB ( <1%) committed,  1 nodes.
             Both:        1.06 GB reserved,      11.56 MB (  1%) committed. 

Chunk freelists:
   Non-Class:  5.66 MB
       Class:  14.42 MB
        Both:  20.08 MB

MaxMetaspaceSize: unlimited
CompressedClassSpaceSize: 1.00 GB
Initial GC threshold: 21.00 MB
Current GC threshold: 21.00 MB
CDS: on
 - commit_granule_bytes: 65536.
 - commit_granule_words: 8192.
 - virtual_space_node_default_size: 8388608.
 - enlarge_chunks_in_place: 1.
 - use_allocation_guard: 0.


Internal statistics:

num_allocs_failed_limit: 0.
num_arena_births: 314.
num_arena_deaths: 0.
num_vsnodes_births: 2.
num_vsnodes_deaths: 0.
num_space_committed: 185.
num_space_uncommitted: 0.
num_chunks_returned_to_freelist: 0.
num_chunks_taken_from_freelist: 573.
num_chunk_merges: 0.
num_chunk_splits: 331.
num_chunks_enlarged: 180.
num_inconsistent_stats: 0.

CodeHeap 'non-profiled nmethods': size=120000Kb used=503Kb max_used=503Kb free=119496Kb
 bounds [0x000001a232510000, 0x000001a232780000, 0x000001a239a40000]
CodeHeap 'profiled nmethods': size=120000Kb used=3185Kb max_used=3185Kb free=116814Kb
 bounds [0x000001a22aa40000, 0x000001a22ad60000, 0x000001a231f70000]
CodeHeap 'non-nmethods': size=5760Kb used=1440Kb max_used=1456Kb free=4320Kb
 bounds [0x000001a231f70000, 0x000001a2321e0000, 0x000001a232510000]
 total_blobs=2183 nmethods=1655 adapters=433
 compilation: enabled
              stopped_count=0, restarted_count=0
 full_count=0

Compilation events (20 events):
Event: 80.527 Thread 0x000001a23ef1a470 1629       3       sun.nio.fs.WindowsFileAttributes::<init> (57 bytes)
Event: 80.527 Thread 0x000001a23ef1a470 nmethod 1629 0x000001a22ad4ff10 code [0x000001a22ad500a0, 0x000001a22ad50240]
Event: 80.528 Thread 0x000001a23ef1a470 1630       3       java.lang.Math::addExact (32 bytes)
Event: 80.528 Thread 0x000001a23ef1a470 nmethod 1630 0x000001a22ad50310 code [0x000001a22ad504c0, 0x000001a22ad506c8]
Event: 80.528 Thread 0x000001a23ef1a470 1631       1       java.lang.System$Logger$Level::getSeverity (5 bytes)
Event: 80.528 Thread 0x000001a23ef1a470 nmethod 1631 0x000001a23258d090 code [0x000001a23258d220, 0x000001a23258d2e8]
Event: 80.528 Thread 0x000001a23ef1a470 1632       3       java.util.concurrent.locks.ReentrantLock::<init> (16 bytes)
Event: 80.528 Thread 0x000001a23ef1a470 nmethod 1632 0x000001a22ad50790 code [0x000001a22ad50960, 0x000001a22ad50d58]
Event: 80.528 Thread 0x000001a23ef1a470 1633       3       java.util.concurrent.locks.ReentrantLock$NonfairSync::<init> (5 bytes)
Event: 80.529 Thread 0x000001a23ef1a470 nmethod 1633 0x000001a22ad50f10 code [0x000001a22ad510c0, 0x000001a22ad51340]
Event: 80.529 Thread 0x000001a23ef1a470 1634       3       java.util.Spliterator::getExactSizeIfKnown (25 bytes)
Event: 80.529 Thread 0x000001a23ef1a470 nmethod 1634 0x000001a22ad51490 code [0x000001a22ad51640, 0x000001a22ad51938]
Event: 80.529 Thread 0x000001a23ef1a470 1636       3       java.lang.Thread::onSpinWait (1 bytes)
Event: 80.529 Thread 0x000001a23ef1a470 nmethod 1636 0x000001a22ad51a10 code [0x000001a22ad51ba0, 0x000001a22ad51c88]
Event: 80.529 Thread 0x000001a23ef1a470 1635       1       java.util.concurrent.atomic.AtomicInteger::get (5 bytes)
Event: 80.529 Thread 0x000001a23ef1a470 nmethod 1635 0x000001a23258d390 code [0x000001a23258d520, 0x000001a23258d5e8]
Event: 80.530 Thread 0x000001a23ef1a470 1637       3       java.lang.invoke.VarHandleGuards::guard_LLL_Z (86 bytes)
Event: 80.531 Thread 0x000001a23ef1a470 nmethod 1637 0x000001a22ad51d10 code [0x000001a22ad52040, 0x000001a22ad539f0]
Event: 80.531 Thread 0x000001a23ef1a470 1638       3       java.lang.invoke.VarHandleReferences$FieldInstanceReadWrite::compareAndSet (48 bytes)
Event: 80.531 Thread 0x000001a23ef1a470 nmethod 1638 0x000001a22ad54190 code [0x000001a22ad543e0, 0x000001a22ad54de8]

GC Heap History (2 events):
Event: 54.077 GC heap before
{Heap before GC invocations=0 (full 0):
 garbage-first heap   total 129024K, used 24576K [0x0000000082000000, 0x0000000100000000)
  region size 1024K, 23 young (23552K), 0 survivors (0K)
 Metaspace       used 9236K, committed 9472K, reserved 1114112K
  class space    used 1051K, committed 1152K, reserved 1048576K
}
Event: 54.085 GC heap after
{Heap after GC invocations=1 (full 0):
 garbage-first heap   total 129024K, used 8758K [0x0000000082000000, 0x0000000100000000)
  region size 1024K, 3 young (3072K), 3 survivors (3072K)
 Metaspace       used 9236K, committed 9472K, reserved 1114112K
  class space    used 1051K, committed 1152K, reserved 1048576K
}

Dll operation events (10 events):
Event: 0.008 Loaded shared library C:\Program Files\Java\jdk-21\bin\java.dll
Event: 0.037 Loaded shared library C:\Program Files\Java\jdk-21\bin\jsvml.dll
Event: 0.091 Loaded shared library C:\Program Files\Java\jdk-21\bin\net.dll
Event: 0.092 Loaded shared library C:\Program Files\Java\jdk-21\bin\nio.dll
Event: 0.095 Loaded shared library C:\Program Files\Java\jdk-21\bin\zip.dll
Event: 0.147 Loaded shared library C:\Program Files\Java\jdk-21\bin\jimage.dll
Event: 0.205 Loaded shared library C:\Program Files\Java\jdk-21\bin\extnet.dll
Event: 0.235 Loaded shared library C:\Program Files\Java\jdk-21\bin\management.dll
Event: 0.238 Loaded shared library C:\Program Files\Java\jdk-21\bin\management_ext.dll
Event: 53.125 Loaded shared library C:\Program Files\Java\jdk-21\bin\sunmscapi.dll

Deoptimization events (20 events):
Event: 53.950 Thread 0x000001a284c9ccb0 Uncommon trap: trap_request=0xffffffde fr.pc=0x000001a232533e9c relative=0x000000000000033c
Event: 53.950 Thread 0x000001a284c9ccb0 Uncommon trap: reason=class_check action=maybe_recompile pc=0x000001a232533e9c method=java.util.regex.Pattern$BmpCharPropertyGreedy.match(Ljava/util/regex/Matcher;ILjava/lang/CharSequence;)Z @ 26 c2
Event: 53.950 Thread 0x000001a284c9ccb0 DEOPT PACKING pc=0x000001a232533e9c sp=0x0000007300bfe220
Event: 53.950 Thread 0x000001a284c9ccb0 DEOPT UNPACKING pc=0x000001a231fc46a2 sp=0x0000007300bfe1b8 mode 2
Event: 54.207 Thread 0x000001a2850d5d10 Uncommon trap: trap_request=0xffffffde fr.pc=0x000001a2325847dc relative=0x000000000000013c
Event: 54.207 Thread 0x000001a2850d5d10 Uncommon trap: reason=class_check action=maybe_recompile pc=0x000001a2325847dc method=jdk.internal.misc.Unsafe.allocateUninitializedArray(Ljava/lang/Class;I)Ljava/lang/Object; @ 51 c2
Event: 54.207 Thread 0x000001a2850d5d10 DEOPT PACKING pc=0x000001a2325847dc sp=0x00000073015fd5d0
Event: 54.207 Thread 0x000001a2850d5d10 DEOPT UNPACKING pc=0x000001a231fc46a2 sp=0x00000073015fd548 mode 2
Event: 54.207 Thread 0x000001a2850d5d10 Uncommon trap: trap_request=0xffffffde fr.pc=0x000001a2325847dc relative=0x000000000000013c
Event: 54.207 Thread 0x000001a2850d5d10 Uncommon trap: reason=class_check action=maybe_recompile pc=0x000001a2325847dc method=jdk.internal.misc.Unsafe.allocateUninitializedArray(Ljava/lang/Class;I)Ljava/lang/Object; @ 51 c2
Event: 54.207 Thread 0x000001a2850d5d10 DEOPT PACKING pc=0x000001a2325847dc sp=0x00000073015fd580
Event: 54.207 Thread 0x000001a2850d5d10 DEOPT UNPACKING pc=0x000001a231fc46a2 sp=0x00000073015fd4f8 mode 2
Event: 54.208 Thread 0x000001a2850d5d10 Uncommon trap: trap_request=0xffffffde fr.pc=0x000001a2325847dc relative=0x000000000000013c
Event: 54.208 Thread 0x000001a2850d5d10 Uncommon trap: reason=class_check action=maybe_recompile pc=0x000001a2325847dc method=jdk.internal.misc.Unsafe.allocateUninitializedArray(Ljava/lang/Class;I)Ljava/lang/Object; @ 51 c2
Event: 54.208 Thread 0x000001a2850d5d10 DEOPT PACKING pc=0x000001a2325847dc sp=0x00000073015f9f60
Event: 54.208 Thread 0x000001a2850d5d10 DEOPT UNPACKING pc=0x000001a231fc46a2 sp=0x00000073015f9ed8 mode 2
Event: 54.208 Thread 0x000001a2850d5d10 Uncommon trap: trap_request=0xffffffde fr.pc=0x000001a2325847dc relative=0x000000000000013c
Event: 54.208 Thread 0x000001a2850d5d10 Uncommon trap: reason=class_check action=maybe_recompile pc=0x000001a2325847dc method=jdk.internal.misc.Unsafe.allocateUninitializedArray(Ljava/lang/Class;I)Ljava/lang/Object; @ 51 c2
Event: 54.208 Thread 0x000001a2850d5d10 DEOPT PACKING pc=0x000001a2325847dc sp=0x00000073015f9f10
Event: 54.208 Thread 0x000001a2850d5d10 DEOPT UNPACKING pc=0x000001a231fc46a2 sp=0x00000073015f9e88 mode 2

Classes loaded (20 events):
Event: 80.178 Loading class java/util/stream/LongPipeline$StatelessOp done
Event: 80.178 Loading class java/util/stream/ReferencePipeline$5 done
Event: 80.179 Loading class java/util/stream/FindOps$FindSink$OfLong
Event: 80.198 Loading class java/util/stream/Sink$OfLong
Event: 80.209 Loading class java/util/stream/Sink$OfLong done
Event: 80.209 Loading class java/util/stream/FindOps$FindSink$OfLong done
Event: 80.209 Loading class java/util/OptionalLong
Event: 80.287 Loading class java/util/OptionalLong done
Event: 80.287 Loading class java/util/stream/ReferencePipeline$5$1
Event: 80.287 Loading class java/util/stream/ReferencePipeline$5$1 done
Event: 80.288 Loading class java/lang/invoke/VarHandleBytes$FieldInstanceReadWrite
Event: 80.312 Loading class java/lang/invoke/VarHandleBytes$FieldInstanceReadOnly
Event: 80.312 Loading class java/lang/invoke/VarHandleBytes$FieldInstanceReadOnly done
Event: 80.312 Loading class java/lang/invoke/VarHandleBytes$FieldInstanceReadWrite done
Event: 80.371 Loading class java/util/ImmutableCollections$Access
Event: 80.384 Loading class java/util/ImmutableCollections$Access done
Event: 80.384 Loading class java/util/ImmutableCollections$Access$1
Event: 80.385 Loading class jdk/internal/access/JavaUtilCollectionAccess
Event: 80.395 Loading class jdk/internal/access/JavaUtilCollectionAccess done
Event: 80.395 Loading class java/util/ImmutableCollections$Access$1 done

Classes unloaded (0 events):
No events

Classes redefined (0 events):
No events

Internal exceptions (20 events):
Event: 52.725 Thread 0x000001a2203d8e20 Exception <a 'java/lang/NoSuchMethodError'{0x0000000089135260}: 'java.lang.Object java.lang.invoke.Invokers$Holder.invokeExact_MT(java.lang.Object, java.lang.Object, java.lang.Object, java.lang.Object, java.lang.Object, java.lang.Object)'> (0x0000000089135260) 
thrown [s\open\src\hotspot\share\interpreter\linkResolver.cpp, line 773]
Event: 52.816 Thread 0x000001a2203d8e20 Exception <a 'sun/nio/fs/WindowsException'{0x000000008905acc8}> (0x000000008905acc8) 
thrown [s\open\src\hotspot\share\prims\jni.cpp, line 520]
Event: 52.991 Thread 0x000001a2203d8e20 Exception <a 'java/lang/NoSuchMethodError'{0x0000000088e8a3e0}: 'void java.lang.invoke.DirectMethodHandle$Holder.invokeVirtual(java.lang.Object, java.lang.Object)'> (0x0000000088e8a3e0) 
thrown [s\open\src\hotspot\share\interpreter\linkResolver.cpp, line 773]
Event: 53.086 Thread 0x000001a2203d8e20 Exception <a 'java/lang/NoSuchMethodError'{0x0000000088a90b80}: 'java.lang.Object java.lang.invoke.DirectMethodHandle$Holder.invokeStaticInit(java.lang.Object, int, int, int, int)'> (0x0000000088a90b80) 
thrown [s\open\src\hotspot\share\interpreter\linkResolver.cpp, line 773]
Event: 53.106 Thread 0x000001a2203d8e20 Exception <a 'java/lang/NoSuchMethodError'{0x0000000088ad6030}: 'java.lang.Object java.lang.invoke.DirectMethodHandle$Holder.invokeStaticInit(java.lang.Object, java.lang.Object, int, int, int, int)'> (0x0000000088ad6030) 
thrown [s\open\src\hotspot\share\interpreter\linkResolver.cpp, line 773]
Event: 53.424 Thread 0x000001a2203d8e20 Exception <a 'java/lang/NoSuchMethodError'{0x000000008886ad58}: 'java.lang.Object java.lang.invoke.DirectMethodHandle$Holder.invokeInterface(java.lang.Object, java.lang.Object, java.lang.Object)'> (0x000000008886ad58) 
thrown [s\open\src\hotspot\share\interpreter\linkResolver.cpp, line 773]
Event: 53.425 Thread 0x000001a2203d8e20 Exception <a 'java/lang/IncompatibleClassChangeError'{0x000000008886e140}: Found class java.lang.Object, but interface was expected> (0x000000008886e140) 
thrown [s\open\src\hotspot\share\interpreter\linkResolver.cpp, line 840]
Event: 53.426 Thread 0x000001a2203d8e20 Exception <a 'java/lang/NoSuchMethodError'{0x00000000888752f8}: 'int java.lang.invoke.DirectMethodHandle$Holder.invokeSpecialIFC(java.lang.Object, java.lang.Object, java.lang.Object, java.lang.Object)'> (0x00000000888752f8) 
thrown [s\open\src\hotspot\share\interpreter\linkResolver.cpp, line 773]
Event: 53.437 Thread 0x000001a2203d8e20 Exception <a 'java/lang/NoSuchMethodError'{0x0000000088898690}: 'java.lang.Object java.lang.invoke.DirectMethodHandle$Holder.invokeVirtual(java.lang.Object, java.lang.Object, java.lang.Object, java.lang.Object)'> (0x0000000088898690) 
thrown [s\open\src\hotspot\share\interpreter\linkResolver.cpp, line 773]
Event: 54.007 Thread 0x000001a284c9ccb0 Exception <a 'java/net/ConnectException'{0x0000000088781950}: Connection refused: getsockopt> (0x0000000088781950) 
thrown [s\open\src\hotspot\share\prims\jni.cpp, line 539]
Event: 54.019 Thread 0x000001a284c9ccb0 Exception <a 'java/net/ConnectException'{0x0000000088782a40}: Connection refused: getsockopt> (0x0000000088782a40) 
thrown [s\open\src\hotspot\share\prims\jni.cpp, line 539]
Event: 54.099 Thread 0x000001a2203d8e20 Exception <a 'java/lang/NoSuchMethodError'{0x0000000089c164d8}: 'java.lang.Object java.lang.invoke.DirectMethodHandle$Holder.newInvokeSpecial(java.lang.Object, java.lang.Object, int, int)'> (0x0000000089c164d8) 
thrown [s\open\src\hotspot\share\interpreter\linkResolver.cpp, line 773]
Event: 54.100 Thread 0x000001a2203d8e20 Exception <a 'java/lang/NoSuchMethodError'{0x0000000089c20788}: 'void java.lang.invoke.DirectMethodHandle$Holder.invokeStatic(java.lang.Object, java.lang.Object, int)'> (0x0000000089c20788) 
thrown [s\open\src\hotspot\share\interpreter\linkResolver.cpp, line 773]
Event: 54.110 Thread 0x000001a2203d8e20 Exception <a 'java/lang/NoSuchMethodError'{0x0000000089c9a8c0}: 'java.lang.Object java.lang.invoke.DirectMethodHandle$Holder.newInvokeSpecial(java.lang.Object, java.lang.Object, java.lang.Object, java.lang.Object, java.lang.Object)'> (0x0000000089c9a8c0) 
thrown [s\open\src\hotspot\share\interpreter\linkResolver.cpp, line 773]
Event: 54.192 Thread 0x000001a2850d5d10 Exception <a 'java/lang/NoSuchMethodError'{0x0000000089bd2238}: 'java.lang.Object java.lang.invoke.DirectMethodHandle$Holder.invokeSpecial(java.lang.Object, java.lang.Object, java.lang.Object, java.lang.Object, int)'> (0x0000000089bd2238) 
thrown [s\open\src\hotspot\share\interpreter\linkResolver.cpp, line 773]
Event: 54.192 Thread 0x000001a2850d5d10 Exception <a 'java/lang/NoSuchMethodError'{0x0000000089bd5b80}: 'java.lang.Object java.lang.invoke.Invokers$Holder.linkToTargetMethod(java.lang.Object, java.lang.Object, int, java.lang.Object)'> (0x0000000089bd5b80) 
thrown [s\open\src\hotspot\share\interpreter\linkResolver.cpp, line 773]
Event: 54.197 Thread 0x000001a2850d5d10 Exception <a 'java/lang/NoSuchMethodError'{0x0000000089bed6d8}: 'void java.lang.invoke.DirectMethodHandle$Holder.invokeSpecial(java.lang.Object, java.lang.Object, java.lang.Object)'> (0x0000000089bed6d8) 
thrown [s\open\src\hotspot\share\interpreter\linkResolver.cpp, line 773]
Event: 54.206 Thread 0x000001a2850d5d10 Exception <a 'java/lang/NoSuchMethodError'{0x0000000089a19b48}: 'void java.lang.invoke.DirectMethodHandle$Holder.invokeSpecial(java.lang.Object, java.lang.Object, java.lang.Object, java.lang.Object, java.lang.Object)'> (0x0000000089a19b48) 
thrown [s\open\src\hotspot\share\interpreter\linkResolver.cpp, line 773]
Event: 80.317 Thread 0x000001a2850d2f20 Exception <a 'java/lang/NoSuchMethodError'{0x0000000089929128}: 'void java.lang.invoke.DirectMethodHandle$Holder.invokeSpecial(java.lang.Object, java.lang.Object, java.lang.Object, java.lang.Object, java.lang.Object, java.lang.Object, java.lang.Object)'> (0x0000000089929128) 
thrown [s\open\src\hotspot\share\interpreter\linkResolver.cpp, line 773]
Event: 80.364 Thread 0x000001a2203d8e20 Exception <a 'java/lang/NoSuchMethodError'{0x000000008996aa58}: 'java.lang.Object java.lang.invoke.DirectMethodHandle$Holder.invokeSpecialIFC(java.lang.Object, java.lang.Object, java.lang.Object)'> (0x000000008996aa58) 
thrown [s\open\src\hotspot\share\interpreter\linkResolver.cpp, line 773]

ZGC Phase Switch (0 events):
No events

VM Operations (20 events):
Event: 53.708 Executing VM operation: Cleanup
Event: 53.708 Executing VM operation: Cleanup done
Event: 53.939 Executing VM operation: HandshakeAllThreads (Deoptimize)
Event: 53.939 Executing VM operation: HandshakeAllThreads (Deoptimize) done
Event: 54.056 Executing VM operation: HandshakeAllThreads (Deoptimize)
Event: 54.056 Executing VM operation: HandshakeAllThreads (Deoptimize) done
Event: 54.077 Executing VM operation: G1CollectForAllocation (G1 Evacuation Pause)
Event: 54.085 Executing VM operation: G1CollectForAllocation (G1 Evacuation Pause) done
Event: 55.087 Executing VM operation: Cleanup
Event: 55.087 Executing VM operation: Cleanup done
Event: 60.201 Executing VM operation: HandshakeAllThreads (HandshakeForDeflation)
Event: 60.201 Executing VM operation: HandshakeAllThreads (HandshakeForDeflation) done
Event: 60.201 Executing VM operation: RendezvousGCThreads
Event: 60.201 Executing VM operation: RendezvousGCThreads done
Event: 79.890 Executing VM operation: HandshakeAllThreads (Deoptimize)
Event: 79.890 Executing VM operation: HandshakeAllThreads (Deoptimize) done
Event: 79.890 Executing VM operation: Cleanup
Event: 79.890 Executing VM operation: Cleanup done
Event: 79.988 Executing VM operation: HandshakeAllThreads (Deoptimize)
Event: 79.988 Executing VM operation: HandshakeAllThreads (Deoptimize) done

Events (20 events):
Event: 5.282 Thread 0x000001a28446b580 Thread exited: 0x000001a28446b580
Event: 52.177 Thread 0x000001a284787dc0 Thread exited: 0x000001a284787dc0
Event: 52.463 Thread 0x000001a2848bb800 Thread added: 0x000001a2848bb800
Event: 53.360 Thread 0x000001a284cb2180 Thread added: 0x000001a284cb2180
Event: 53.938 Thread 0x000001a284ca2c40 Thread added: 0x000001a284ca2c40
Event: 53.939 Thread 0x000001a284c8ee20 Thread added: 0x000001a284c8ee20
Event: 53.940 Thread 0x000001a284c8f490 Thread added: 0x000001a284c8f490
Event: 53.943 Thread 0x000001a284c9ccb0 Thread added: 0x000001a284c9ccb0
Event: 54.055 Thread 0x000001a28506c040 Thread added: 0x000001a28506c040
Event: 54.153 Thread 0x000001a2850d5d10 Thread added: 0x000001a2850d5d10
Event: 54.155 Thread 0x000001a2850d63a0 Thread added: 0x000001a2850d63a0
Event: 54.215 Thread 0x000001a2850d2f20 Thread added: 0x000001a2850d2f20
Event: 54.217 Thread 0x000001a2850d35b0 Thread added: 0x000001a2850d35b0
Event: 54.217 Thread 0x000001a2850d5680 Thread added: 0x000001a2850d5680
Event: 64.069 Thread 0x000001a28506c040 Thread exited: 0x000001a28506c040
Event: 80.527 Thread 0x000001a2850d3c40 Thread added: 0x000001a2850d3c40
Event: 80.528 Thread 0x000001a2850d4960 Thread added: 0x000001a2850d4960
Event: 80.529 Thread 0x000001a2850d42d0 Thread added: 0x000001a2850d42d0
Event: 80.529 Thread 0x000001a2850d4ff0 Thread added: 0x000001a2850d4ff0
Event: 80.529 Thread 0x000001a2844f86b0 Thread added: 0x000001a2844f86b0


Dynamic libraries:
0x00007ff781a00000 - 0x00007ff781a10000 	C:\Program Files\Java\jdk-21\bin\javaw.exe
0x00007ffcf67d0000 - 0x00007ffcf69e7000 	C:\WINDOWS\SYSTEM32\ntdll.dll
0x00007ffcf46f0000 - 0x00007ffcf47b4000 	C:\WINDOWS\System32\KERNEL32.DLL
0x00007ffcf3bd0000 - 0x00007ffcf3fa2000 	C:\WINDOWS\System32\KERNELBASE.dll
0x00007ffcf4310000 - 0x00007ffcf4421000 	C:\WINDOWS\System32\ucrtbase.dll
0x00007ffcdf800000 - 0x00007ffcdf819000 	C:\Program Files\Java\jdk-21\bin\jli.dll
0x00007ffcdf680000 - 0x00007ffcdf69b000 	C:\Program Files\Java\jdk-21\bin\VCRUNTIME140.dll
0x00007ffcf64c0000 - 0x00007ffcf6571000 	C:\WINDOWS\System32\ADVAPI32.dll
0x00007ffcf47e0000 - 0x00007ffcf4887000 	C:\WINDOWS\System32\msvcrt.dll
0x00007ffcf4460000 - 0x00007ffcf4508000 	C:\WINDOWS\System32\sechost.dll
0x00007ffcf4120000 - 0x00007ffcf4148000 	C:\WINDOWS\System32\bcrypt.dll
0x00007ffcf6240000 - 0x00007ffcf6354000 	C:\WINDOWS\System32\RPCRT4.dll
0x00007ffcf6080000 - 0x00007ffcf6231000 	C:\WINDOWS\System32\USER32.dll
0x00007ffcf4430000 - 0x00007ffcf4456000 	C:\WINDOWS\System32\win32u.dll
0x00007ffcf2350000 - 0x00007ffcf25eb000 	C:\WINDOWS\WinSxS\amd64_microsoft.windows.common-controls_6595b64144ccf1df_6.0.22621.5547_none_27104afb73855772\COMCTL32.dll
0x00007ffcf4510000 - 0x00007ffcf4539000 	C:\WINDOWS\System32\GDI32.dll
0x00007ffcf38c0000 - 0x00007ffcf39e3000 	C:\WINDOWS\System32\gdi32full.dll
0x00007ffcf3a70000 - 0x00007ffcf3b0a000 	C:\WINDOWS\System32\msvcp_win.dll
0x00007ffceacd0000 - 0x00007ffceacda000 	C:\WINDOWS\SYSTEM32\VERSION.dll
0x00007ffcf6580000 - 0x00007ffcf65b1000 	C:\WINDOWS\System32\IMM32.DLL
0x00007ffce1c10000 - 0x00007ffce1c1c000 	C:\Program Files\Java\jdk-21\bin\vcruntime140_1.dll
0x00007ffcd68e0000 - 0x00007ffcd696e000 	C:\Program Files\Java\jdk-21\bin\msvcp140.dll
0x00007ffc3c590000 - 0x00007ffc3d2a3000 	C:\Program Files\Java\jdk-21\bin\server\jvm.dll
0x00007ffcf6690000 - 0x00007ffcf6701000 	C:\WINDOWS\System32\WS2_32.dll
0x00007ffcf31d0000 - 0x00007ffcf321d000 	C:\WINDOWS\SYSTEM32\POWRPROF.dll
0x00007ffced6c0000 - 0x00007ffced6f4000 	C:\WINDOWS\SYSTEM32\WINMM.dll
0x00007ffcf2c90000 - 0x00007ffcf2ca3000 	C:\WINDOWS\SYSTEM32\UMPDC.dll
0x00007ffcf2240000 - 0x00007ffcf2258000 	C:\WINDOWS\SYSTEM32\kernel.appcore.dll
0x00007ffcdf7b0000 - 0x00007ffcdf7ba000 	C:\Program Files\Java\jdk-21\bin\jimage.dll
0x00007ffcf3220000 - 0x00007ffcf3453000 	C:\WINDOWS\SYSTEM32\DBGHELP.DLL
0x00007ffcf5ce0000 - 0x00007ffcf6073000 	C:\WINDOWS\System32\combase.dll
0x00007ffcf4eb0000 - 0x00007ffcf4f87000 	C:\WINDOWS\System32\OLEAUT32.dll
0x00007ffcf2700000 - 0x00007ffcf2732000 	C:\WINDOWS\SYSTEM32\dbgcore.DLL
0x00007ffcf4150000 - 0x00007ffcf41cb000 	C:\WINDOWS\System32\bcryptPrimitives.dll
0x00007ffcdeea0000 - 0x00007ffcdeebf000 	C:\Program Files\Java\jdk-21\bin\java.dll
0x00007ffcf5270000 - 0x00007ffcf5b12000 	C:\WINDOWS\System32\SHELL32.dll
0x00007ffcf41d0000 - 0x00007ffcf430f000 	C:\WINDOWS\System32\wintypes.dll
0x00007ffcf1100000 - 0x00007ffcf1a1d000 	C:\WINDOWS\SYSTEM32\windows.storage.dll
0x00007ffcf5b70000 - 0x00007ffcf5c7c000 	C:\WINDOWS\System32\SHCORE.dll
0x00007ffcf6710000 - 0x00007ffcf6779000 	C:\WINDOWS\System32\shlwapi.dll
0x00007ffcf37f0000 - 0x00007ffcf381b000 	C:\WINDOWS\SYSTEM32\profapi.dll
0x00007ffcaccc0000 - 0x00007ffcacd97000 	C:\Program Files\Java\jdk-21\bin\jsvml.dll
0x00007ffcdee90000 - 0x00007ffcdeea0000 	C:\Program Files\Java\jdk-21\bin\net.dll
0x00007ffced210000 - 0x00007ffced33c000 	C:\WINDOWS\SYSTEM32\WINHTTP.dll
0x00007ffcf29d0000 - 0x00007ffcf2a39000 	C:\WINDOWS\system32\mswsock.dll
0x00007ffcdee30000 - 0x00007ffcdee46000 	C:\Program Files\Java\jdk-21\bin\nio.dll
0x00007ffcdee10000 - 0x00007ffcdee28000 	C:\Program Files\Java\jdk-21\bin\zip.dll
0x00007ffcdeec0000 - 0x00007ffcdeec9000 	C:\Program Files\Java\jdk-21\bin\extnet.dll
0x00007ffcf1d50000 - 0x00007ffcf1e48000 	C:\WINDOWS\SYSTEM32\DNSAPI.dll
0x00007ffcf1d20000 - 0x00007ffcf1d4d000 	C:\WINDOWS\SYSTEM32\IPHLPAPI.DLL
0x00007ffcf51f0000 - 0x00007ffcf51f9000 	C:\WINDOWS\System32\NSI.dll
0x00007ffce8d70000 - 0x00007ffce8d7a000 	C:\Windows\System32\rasadhlp.dll
0x00007ffcead30000 - 0x00007ffceadb4000 	C:\WINDOWS\System32\fwpuclnt.dll
0x00007ffcdee80000 - 0x00007ffcdee8a000 	C:\Program Files\Java\jdk-21\bin\management.dll
0x00007ffcdee00000 - 0x00007ffcdee0b000 	C:\Program Files\Java\jdk-21\bin\management_ext.dll
0x00007ffcf46e0000 - 0x00007ffcf46e8000 	C:\WINDOWS\System32\PSAPI.DLL
0x00007ffcf3560000 - 0x00007ffcf357b000 	C:\WINDOWS\SYSTEM32\CRYPTSP.dll
0x00007ffcf21a0000 - 0x00007ffcf21d7000 	C:\WINDOWS\system32\rsaenh.dll
0x00007ffcf2ac0000 - 0x00007ffcf2ae8000 	C:\WINDOWS\SYSTEM32\USERENV.dll
0x00007ffcf2c30000 - 0x00007ffcf2c3c000 	C:\WINDOWS\SYSTEM32\CRYPTBASE.dll
0x00007ffcdeed0000 - 0x00007ffcdeede000 	C:\Program Files\Java\jdk-21\bin\sunmscapi.dll
0x00007ffcf3fb0000 - 0x00007ffcf4117000 	C:\WINDOWS\System32\CRYPT32.dll
0x00007ffcf2e80000 - 0x00007ffcf2ead000 	C:\WINDOWS\SYSTEM32\ncrypt.dll
0x00007ffcf2e40000 - 0x00007ffcf2e77000 	C:\WINDOWS\SYSTEM32\NTASN1.dll
0x00007ffce26f0000 - 0x00007ffce26f8000 	C:\WINDOWS\system32\wshunix.dll

dbghelp: loaded successfully - version: 4.0.5 - missing functions: none
symbol engine: initialized successfully - sym options: 0x614 - pdb path: .;C:\Program Files\Java\jdk-21\bin;C:\WINDOWS\SYSTEM32;C:\WINDOWS\WinSxS\amd64_microsoft.windows.common-controls_6595b64144ccf1df_6.0.22621.5547_none_27104afb73855772;C:\Program Files\Java\jdk-21\bin\server

VM Arguments:
jvm_args: -Dfile.encoding=UTF-8 -Dstdout.encoding=UTF-8 -Dstderr.encoding=UTF-8 -XX:+ShowCodeDetailsInExceptionMessages 
java_command: OrangeHRM.LoginTest
java_class_path (initial): C:\Users\shend\eclipse-workspace\BASIC-Selenium\target\test-classes;C:\Users\shend\eclipse-workspace\BASIC-Selenium\target\classes;C:\Users\shend\.p2\pool\plugins\org.testng_7.11.0.r202503091654.jar;C:\Users\shend\.p2\pool\plugins\com.beust.jcommander_1.83.0.jar;C:\Users\shend\.p2\pool\plugins\slf4j.api_2.0.16.jar;C:\Users\shend\.p2\pool\plugins\org.yaml.snakeyaml_2.2.0.jar;C:\Users\shend\.p2\pool\plugins\org.webjars.jquery_3.7.1.jar;C:\Users\shend\.m2\repository\org\seleniumhq\selenium\selenium-java\4.32.0\selenium-java-4.32.0.jar;C:\Users\shend\.m2\repository\org\seleniumhq\selenium\selenium-api\4.32.0\selenium-api-4.32.0.jar;C:\Users\shend\.m2\repository\org\jspecify\jspecify\1.0.0\jspecify-1.0.0.jar;C:\Users\shend\.m2\repository\org\seleniumhq\selenium\selenium-chrome-driver\4.32.0\selenium-chrome-driver-4.32.0.jar;C:\Users\shend\.m2\repository\com\google\auto\service\auto-service-annotations\1.1.1\auto-service-annotations-1.1.1.jar;C:\Users\shend\.m2\repository\org\seleniumhq\selenium\selenium-chromium-driver\4.32.0\selenium-chromium-driver-4.32.0.jar;C:\Users\shend\.m2\repository\org\seleniumhq\selenium\selenium-json\4.32.0\selenium-json-4.32.0.jar;C:\Users\shend\.m2\repository\org\seleniumhq\selenium\selenium-manager\4.32.0\selenium-manager-4.32.0.jar;C:\Users\shend\.m2\repository\org\seleniumhq\selenium\selenium-devtools-v134\4.32.0\selenium-devtools-v134-4.32.0.jar;C:\Users\shend\.m2\repository\org\seleniumhq\selenium\selenium-devtools-v135\4.32.0\selenium-devtools-v135-4.32.0.jar;C:\Users\shend\.m2\repository\org\seleniumhq\selenium\selenium-devtools-v136\4.32.0\selenium-devtools-v136-4.32.0.jar;C:\Users\shend\.m2\repository\org\seleniumhq\selenium\selenium-edge-driver\4.32.0\selenium-edge-driver-4.32.0.jar;C:\Users\shend\.m2\repository\org\seleniumhq\selenium\selenium-firefox-driver\4.32.0\selenium-firefox-driver-4.32.0.jar;C:\Users\shend\.m2\repository\org\seleniumhq\selenium\selenium-http\4.32.0\selenium-http-4.32.0.jar;C:\Users\shend\.m2\repository\org\seleniumhq\selenium\selenium-ie-driver\4.32.0\selenium-ie-driver-4.32.0.jar;C:\Users\shend\.m2\repository\org\seleniumhq\selenium\selenium-remote-driver\4.32.0\selenium-remote-driver-4.32.0.jar;C:\Users\shend\.m2\repository\com\google\guava\guava\33.4.8-jre\guava-33.4.8-jre.jar;C:\Users\shend\.m2\repository\com\google\guava\failureaccess\1.0.3\failureaccess-1.0.3.jar;C:\Users\shend\.m2\repository\com\google\guava\listenablefuture\9999.0-empty-to-avoid-conflict-with-guava\listenablefuture-9999.0-empty-to-avoid-conflict-with-guava.jar;C:\Users\shend\.m2\repository\com\google\j2objc\j2objc-annotations\3.0.0\j2objc-annotations-3.0.0.jar;C:\Users\shend\.m2\repository\io\opentelemetry\opentelemetry-api\1.49.0\opentelemetry-api-1.49.0.jar;C:\Users\shend\.m2\repository\io\opentelemetry\opentelemetry-context\1.49.0\opentelemetry-context-1.49.0.jar;C:\Users\shend\.m2\repository\io\opentelemetry\opentelemetry-exporter-logging\1.49.0\opentelemetry-exporter-logging-1.49.0.jar;C:\Users\shend\.m2\repository\io\opentelemetry\opentelemetry-sdk-common\1.49.0\opentelemetry-sdk-common-1.49.0.jar;C:\Users\shend\.m2\repository\io\opentelemetry\opentelemetry-sdk-extension-autoconfigure-spi\1.49.0\opentelemetry-sdk-extension-autoconfigure-spi-1.49.0.jar;C:\Users\shend\.m2\repository\io\opentelemetry\opentelemetry-sdk-extension-autoconfigure\1.49.0\opentelemetry-sdk-extension-autoconfigure-1.49.0.jar;C:\Users\shend\.m2\repository\io\opentelemetry\opentelemetry-sdk-trace\1.49.0\opentelemetry-sdk-trace-1.49.0.jar;C:\Users\shend\.m2\repository\io\opentelemetry\opentelemetry-sdk\1.49.0\opentelemetry-sdk-1.49.0.jar;C:\Users\shend\.m2\repository\io\opentelemetry\opentelemetry-sdk-metrics\1.49.0\opentelemetry-sdk-metrics-1.49.0.jar;C:\Users\shend\.m2\repository\io\opentelemetry\opentelemetry-sdk-logs\1.49.0\opentelemetry-sdk-logs-1.49.0.jar;C:\Users\shend\.m2\repository\net\bytebuddy\byte-buddy\1.17.5\byte-buddy-1.17.5.jar;C:\Users\shend\.m2\repository\org\seleniumhq\selenium\selenium-os\4.32.0\selenium-os-4.32.0.jar;C:\Users\shend\.m2\repository\org\apache\commons\commons-exec\1.4.0\commons-exec-1.4.0.jar;C:\Users\shend\.m2\repository\org\seleniumhq\selenium\selenium-safari-driver\4.32.0\selenium-safari-driver-4.32.0.jar;C:\Users\shend\.m2\repository\org\seleniumhq\selenium\selenium-support\4.32.0\selenium-support-4.32.0.jar;C:\Users\shend\.m2\repository\org\apache\poi\poi\4.1.2\poi-4.1.2.jar;C:\Users\shend\.m2\repository\commons-codec\commons-codec\1.13\commons-codec-1.13.jar;C:\Users\shend\.m2\repository\org\apache\commons\commons-collections4\4.4\commons-collections4-4.4.jar;C:\Users\shend\.m2\repository\org\apache\commons\commons-math3\3.6.1\commons-math3-3.6.1.jar;C:\Users\shend\.m2\repository\com\zaxxer\SparseBitSet\1.2\SparseBitSet-1.2.jar;C:\Users\shend\.m2\repository\org\apache\poi\poi-ooxml\4.1.2\poi-ooxml-4.1.2.jar;C:\Users\shend\.m2\repository\org\apache\poi\poi-ooxml-schemas\4.1.2\poi-ooxml-schemas-4.1.2.jar;C:\Users\shend\.m2\repository\org\apache\xmlbeans\xmlbeans\3.1.0\xmlbeans-3.1.0.jar;C:\Users\shend\.m2\repository\org\apache\commons\commons-compress\1.19\commons-compress-1.19.jar;C:\Users\shend\.m2\repository\com\github\virtuald\curvesapi\1.06\curvesapi-1.06.jar;C:\Users\shend\.m2\repository\io\github\bonigarcia\webdrivermanager\5.9.2\webdrivermanager-5.9.2.jar;C:\Users\shend\.m2\repository\org\slf4j\slf4j-api\2.0.13\slf4j-api-2.0.13.jar;C:\Users\shend\.m2\repository\com\google\code\gson\gson\2.11.0\gson-2.11.0.jar;C:\Users\shend\.m2\repository\com\google\errorprone\error_prone_annotations\2.27.0\error_prone_annotations-2.27.0.jar;C:\Users\shend\.m2\repository\com\github\docker-java\docker-java\3.4.0\docker-java-3.4.0.jar;C:\Users\shend\.m2\repository\com\github\docker-java\docker-java-core\3.4.0\docker-java-core-3.4.0.jar;C:\Users\shend\.m2\repository\com\github\docker-java\docker-java-api\3.4.0\docker-java-api-3.4.0.jar;C:\Users\shend\.m2\repository\com\fasterxml\jackson\core\jackson-annotations\2.10.3\jackson-annotations-2.10.3.jar;C:\Users\shend\.m2\repository\commons-io\commons-io\2.13.0\commons-io-2.13.0.jar;C:\Users\shend\.m2\repository\com\fasterxml\jackson\core\jackson-databind\2.10.3\jackson-databind-2.10.3.jar;C:\Users\shend\.m2\repository\com\fasterxml\jackson\core\jackson-core\2.10.3\jackson-core-2.10.3.jar;C:\Users\shend\.m2\repository\org\slf4j\jcl-over-slf4j\1.7.30\jcl-over-slf4j-1.7.30.jar;C:\Users\shend\.m2\repository\com\github\docker-java\docker-java-transport-httpclient5\3.4.0\docker-java-transport-httpclient5-3.4.0.jar;C:\Users\shend\.m2\repository\com\github\docker-java\docker-java-transport\3.4.0\docker-java-transport-3.4.0.jar;C:\Users\shend\.m2\repository\net\java\dev\jna\jna\5.13.0\jna-5.13.0.jar;C:\Users\shend\.m2\repository\org\brotli\dec\0.1.2\dec-0.1.2.jar;C:\Users\shend\.m2\repository\org\apache\commons\commons-lang3\3.15.0\commons-lang3-3.15.0.jar;C:\Users\shend\.m2\repository\org\apache\httpcomponents\client5\httpclient5\5.2.1\httpclient5-5.2.1.jar;C:\Users\shend\.m2\repository\org\apache\httpcomponents\core5\httpcore5\5.2\httpcore5-5.2.jar;C:\Users\shend\.m2\repository\org\apache\httpcomponents\core5\httpcore5-h2\5.2\httpcore5-h2-5.2.jar;C:\Users\shend\.m2\repository\org\testng\testng\7.10.2\testng-7.10.2.jar;C:\Users\shend\.m2\repository\com\beust\jcommander\1.82\jcommander-1.82.jar;C:\Users\shend\.m2\repository\org\webjars\jquery\3.7.1\jquery-3.7.1.jar;C:\Users\shend\eclipse-workspace\ SeleniumProject\target\classes
Launcher Type: SUN_STANDARD

[Global flags]
     intx CICompilerCount                          = 4                                         {product} {ergonomic}
     uint ConcGCThreads                            = 2                                         {product} {ergonomic}
     uint G1ConcRefinementThreads                  = 8                                         {product} {ergonomic}
   size_t G1HeapRegionSize                         = 1048576                                   {product} {ergonomic}
    uintx GCDrainStackTargetSize                   = 64                                        {product} {ergonomic}
   size_t InitialHeapSize                          = 132120576                                 {product} {ergonomic}
   size_t MarkStackSize                            = 4194304                                   {product} {ergonomic}
   size_t MaxHeapSize                              = 2113929216                                {product} {ergonomic}
   size_t MaxNewSize                               = 1267728384                                {product} {ergonomic}
   size_t MinHeapDeltaBytes                        = 1048576                                   {product} {ergonomic}
   size_t MinHeapSize                              = 8388608                                   {product} {ergonomic}
    uintx NonNMethodCodeHeapSize                   = 5839372                                {pd product} {ergonomic}
    uintx NonProfiledCodeHeapSize                  = 122909434                              {pd product} {ergonomic}
    uintx ProfiledCodeHeapSize                     = 122909434                              {pd product} {ergonomic}
    uintx ReservedCodeCacheSize                    = 251658240                              {pd product} {ergonomic}
     bool SegmentedCodeCache                       = true                                      {product} {ergonomic}
     bool ShowCodeDetailsInExceptionMessages       = true                                   {manageable} {command line}
   size_t SoftMaxHeapSize                          = 2113929216                             {manageable} {ergonomic}
     bool UseCompressedOops                        = true                           {product lp64_product} {ergonomic}
     bool UseG1GC                                  = true                                      {product} {ergonomic}
     bool UseLargePagesIndividualAllocation        = false                                  {pd product} {ergonomic}

Logging:
Log output configuration:
 #0: stdout all=warning uptime,level,tags foldmultilines=false
 #1: stderr all=off uptime,level,tags foldmultilines=false

Environment Variables:
JAVA_HOME=C:\Program Files\Java\jdk-21
PATH=C:\app\shend\product\21c\dbhomeXE\bin;F:\oracle\product\10.2.0\db_2\bin;F:\oracle\product\10.2.0\db_7\bin;C:\Program Files (x86)\VMware\VMware Workstation\bin\;F:\oracle\product\10.2.0\db_6\bin;F:\oracle\product\10.2.0\db_1\bin;C:\Program Files\Common Files\Oracle\Java\javapath;C:\Program Files\Java\jdk-21\bin;F:\oracle\product\10.2.0\db_1\BIN;C:\Users\shend\anaconda3;C:\Users\shend\anaconda3\Library\mingw-w64\bin;C:\Users\shend\anaconda3\Library\usr\bin;C:\Users\shend\anaconda3\Library\bin;C:\Users\shend\anaconda3\Scripts;C:\Users\shend\AppData\Local\Programs\Python\Python312\Scripts\;C:\Users\shend\AppData\Local\Programs\Python\Python312\;C:\Users\shend\AppData\Local\Programs\Python\Launcher\;C:\Users\shend\AppData\Local\Microsoft\WindowsApps;C:\Users\shend\AppData\Local\Programs\Microsoft VS Code\bin;C:\Users\shend\AppData\Local\Kingsoft\WPS Office\12.1.0.27458\clitool
USERNAME=shend
OS=Windows_NT
PROCESSOR_IDENTIFIER=Intel64 Family 6 Model 158 Stepping 10, GenuineIntel
TMP=C:\Users\shend\AppData\Local\Temp
TEMP=C:\Users\shend\AppData\Local\Temp




Periodic native trim disabled

---------------  S Y S T E M  ---------------

OS:
 Windows 11 , 64 bit Build 22621 (10.0.22621.5415)
OS uptime: 23 days 2:09 hours

CPU: total 8 (initial active 8) (4 cores per cpu, 2 threads per core) family 6 model 158 stepping 10 microcode 0xec, cx8, cmov, fxsr, ht, mmx, 3dnowpref, sse, sse2, sse3, ssse3, sse4.1, sse4.2, popcnt, lzcnt, tsc, tscinvbit, avx, avx2, aes, erms, clmul, bmi1, bmi2, adx, fma, vzeroupper, clflush, clflushopt, rdtscp, f16c
Processor Information for all 8 processors :
  Max Mhz: 2400, Current Mhz: 2400, Mhz Limit: 2400

Memory: 4k page, system-wide physical 8063M (402M free)
TotalPageFile size 12142M (AvailPageFile size 20M)
current process WorkingSet (physical memory assigned to process): 94M, peak: 94M
current process commit charge ("private bytes"): 231M, peak: 231M

vm_info: Java HotSpot(TM) 64-Bit Server VM (21.0.4+8-LTS-274) for windows-amd64 JRE (21.0.4+8-LTS-274), built on 2024-06-05T05:23:33Z by "mach5one" with MS VC++ 17.6 (VS2022)

END.
