#
# There is insufficient memory for the Java Runtime Environment to continue.
# Native memory allocation (malloc) failed to allocate 32744 bytes for Chunk::new
# Possible reasons:
#   The system is out of physical RAM or swap space
#   The process is running with CompressedOops enabled, and the Java Heap may be blocking the growth of the native heap
# Possible solutions:
#   Reduce memory load on the system
#   Increase physical memory or swap space
#   Check if swap backing store is full
#   Decrease Java heap size (-Xmx/-Xms)
#   Decrease number of Java threads
#   Decrease Java thread stack sizes (-Xss)
#   Set larger code cache with -XX:ReservedCodeCacheSize=
#   JVM is running with Unscaled Compressed Oops mode in which the Java heap is
#     placed in the first 4GB address space. The Java Heap base address is the
#     maximum limit for the native heap growth. Please use -XX:HeapBaseMinAddress
#     to set the Java Heap base and to place the Java Heap above 4GB virtual address.
# This output file may be truncated or incomplete.
#
#  Out of Memory Error (arena.cpp:168), pid=7084, tid=8252
#
# JRE version: Java(TM) SE Runtime Environment (21.0.4+8) (build 21.0.4+8-LTS-274)
# Java VM: Java HotSpot(TM) 64-Bit Server VM (21.0.4+8-LTS-274, mixed mode, sharing, tiered, compressed oops, compressed class ptrs, g1 gc, windows-amd64)
# No core dump will be written. Minidumps are not enabled by default on client versions of Windows
#

---------------  S U M M A R Y ------------

Command Line: -Dfile.encoding=UTF-8 -Dstdout.encoding=UTF-8 -Dstderr.encoding=UTF-8 -XX:+ShowCodeDetailsInExceptionMessages Handling_AutoSuggestions.AutoSuggestions

Host: Intel(R) Core(TM) i5-9300H CPU @ 2.40GHz, 8 cores, 7G,  Windows 11 , 64 bit Build 22621 (10.0.22621.5415)
Time: Wed Mar 18 23:18:06 2026 India Standard Time elapsed time: 5.651459 seconds (0d 0h 0m 5s)

---------------  T H R E A D  ---------------

Current thread (0x0000017249dcd4a0):  JavaThread "C1 CompilerThread0" daemon [_thread_in_native, id=8252, stack(0x0000006f27b00000,0x0000006f27c00000) (1024K)]


Current CompileTask:
C1:   5651 1589       3       java.lang.invoke.AbstractValidatingLambdaMetafactory::validateMetafactoryArgs (607 bytes)

Stack: [0x0000006f27b00000,0x0000006f27c00000]
Native frames: (J=compiled Java code, j=interpreted, Vv=VM code, C=native code)
V  [jvm.dll+0x6c8e59]
V  [jvm.dll+0x853181]
V  [jvm.dll+0x8556ae]
V  [jvm.dll+0x855d83]
V  [jvm.dll+0x27d526]
V  [jvm.dll+0xc4aad]
V  [jvm.dll+0xc4fe3]
V  [jvm.dll+0x13e00e]
V  [jvm.dll+0x13d3a7]
V  [jvm.dll+0x197c5d]
V  [jvm.dll+0x198526]
V  [jvm.dll+0x153363]
V  [jvm.dll+0x152ba8]
V  [jvm.dll+0x152df4]
V  [jvm.dll+0x152226]
V  [jvm.dll+0x153ffd]
V  [jvm.dll+0x254d49]
V  [jvm.dll+0x2532da]
V  [jvm.dll+0x3ed426]
V  [jvm.dll+0x7fd65b]
V  [jvm.dll+0x6c753d]
C  [ucrtbase.dll+0x29333]
C  [KERNEL32.DLL+0x1259d]
C  [ntdll.dll+0x5af78]


---------------  P R O C E S S  ---------------

Threads class SMR info:
_java_thread_list=0x000001728fff8c00, length=20, elements={
0x0000017249dba8a0, 0x0000017249dbe120, 0x0000017249dc3a20, 0x0000017249dc40b0,
0x0000017249dc4dd0, 0x0000017249dc6ea0, 0x0000017249dd0170, 0x0000017249dcd4a0,
0x0000017249dc6810, 0x0000017249dc4740, 0x0000017249dc5460, 0x0000017249dc5af0,
0x000001728fbc3540, 0x000001728fbc0de0, 0x000001728fbc1470, 0x000001728fbc1b00,
0x000001728fbc4f80, 0x000001728fbc3bd0, 0x000001728fbc00c0, 0x000001728fbc2820
}

Java Threads: ( => current thread )
  0x0000017249dba8a0 JavaThread "Reference Handler"          daemon [_thread_blocked, id=24324, stack(0x0000006f27400000,0x0000006f27500000) (1024K)]
  0x0000017249dbe120 JavaThread "Finalizer"                  daemon [_thread_blocked, id=19044, stack(0x0000006f27500000,0x0000006f27600000) (1024K)]
  0x0000017249dc3a20 JavaThread "Signal Dispatcher"          daemon [_thread_blocked, id=16572, stack(0x0000006f27600000,0x0000006f27700000) (1024K)]
  0x0000017249dc40b0 JavaThread "Attach Listener"            daemon [_thread_blocked, id=25788, stack(0x0000006f27700000,0x0000006f27800000) (1024K)]
  0x0000017249dc4dd0 JavaThread "Service Thread"             daemon [_thread_blocked, id=14900, stack(0x0000006f27800000,0x0000006f27900000) (1024K)]
  0x0000017249dc6ea0 JavaThread "Monitor Deflation Thread"   daemon [_thread_blocked, id=29976, stack(0x0000006f27900000,0x0000006f27a00000) (1024K)]
  0x0000017249dd0170 JavaThread "C2 CompilerThread0"         daemon [_thread_in_native, id=14872, stack(0x0000006f27a00000,0x0000006f27b00000) (1024K)]
=>0x0000017249dcd4a0 JavaThread "C1 CompilerThread0"         daemon [_thread_in_native, id=8252, stack(0x0000006f27b00000,0x0000006f27c00000) (1024K)]
  0x0000017249dc6810 JavaThread "Notification Thread"        daemon [_thread_blocked, id=25284, stack(0x0000006f27c00000,0x0000006f27d00000) (1024K)]
  0x0000017249dc4740 JavaThread "Common-Cleaner"             daemon [_thread_blocked, id=12448, stack(0x0000006f27d00000,0x0000006f27e00000) (1024K)]
  0x0000017249dc5460 JavaThread "ForkJoinPool.commonPool-worker-1" daemon [_thread_blocked, id=6884, stack(0x0000006f27e00000,0x0000006f27f00000) (1024K)]
  0x0000017249dc5af0 JavaThread "HttpClient-1-SelectorManager" daemon [_thread_in_native, id=16344, stack(0x0000006f28000000,0x0000006f28100000) (1024K)]
  0x000001728fbc3540 JavaThread "UrlChecker-2"               daemon [_thread_blocked, id=19276, stack(0x0000006f28400000,0x0000006f28500000) (1024K)]
  0x000001728fbc0de0 JavaThread "Keep-Alive-Timer"           daemon [_thread_blocked, id=19360, stack(0x0000006f27f00000,0x0000006f28000000) (1024K)]
  0x000001728fbc1470 JavaThread "JdkHttpClient-0-0"          daemon [_thread_blocked, id=8396, stack(0x0000006f28d00000,0x0000006f28e00000) (1024K)]
  0x000001728fbc1b00 JavaThread "CompletableFutureDelayScheduler" daemon [_thread_blocked, id=2492, stack(0x0000006f28e00000,0x0000006f28f00000) (1024K)]
  0x000001728fbc4f80 JavaThread "JdkHttpClient-0-1"          daemon [_thread_blocked, id=15056, stack(0x0000006f28f00000,0x0000006f29000000) (1024K)]
  0x000001728fbc3bd0 JavaThread "JdkHttpClient-0-2"          daemon [_thread_blocked, id=13620, stack(0x0000006f29000000,0x0000006f29100000) (1024K)]
  0x000001728fbc00c0 JavaThread "JdkHttpClient-0-3"          daemon [_thread_blocked, id=32856, stack(0x0000006f29100000,0x0000006f29200000) (1024K)]
  0x000001728fbc2820 JavaThread "DestroyJavaVM"                     [_thread_blocked, id=31280, stack(0x0000006f26c00000,0x0000006f26d00000) (1024K)]
Total: 20

Other Threads:
  0x0000017249da0090 VMThread "VM Thread"                           [id=31228, stack(0x0000006f27300000,0x0000006f27400000) (1024K)]
  0x0000017249d894b0 WatcherThread "VM Periodic Task Thread"        [id=28604, stack(0x0000006f27200000,0x0000006f27300000) (1024K)]
  0x000001722d4da380 WorkerThread "GC Thread#0"                     [id=29792, stack(0x0000006f26d00000,0x0000006f26e00000) (1024K)]
  0x000001728fb92600 WorkerThread "GC Thread#1"                     [id=6908, stack(0x0000006f28600000,0x0000006f28700000) (1024K)]
  0x000001728fbcecf0 WorkerThread "GC Thread#2"                     [id=29916, stack(0x0000006f28700000,0x0000006f28800000) (1024K)]
  0x000001728fbd93a0 WorkerThread "GC Thread#3"                     [id=33696, stack(0x0000006f28800000,0x0000006f28900000) (1024K)]
  0x000001728ff7a5f0 WorkerThread "GC Thread#4"                     [id=1976, stack(0x0000006f28900000,0x0000006f28a00000) (1024K)]
  0x000001728ff7e9a0 WorkerThread "GC Thread#5"                     [id=28960, stack(0x0000006f28a00000,0x0000006f28b00000) (1024K)]
  0x000001728ff87150 WorkerThread "GC Thread#6"                     [id=30784, stack(0x0000006f28b00000,0x0000006f28c00000) (1024K)]
  0x000001728ff87700 WorkerThread "GC Thread#7"                     [id=30104, stack(0x0000006f28c00000,0x0000006f28d00000) (1024K)]
  0x000001722d4eb930 ConcurrentGCThread "G1 Main Marker"            [id=26420, stack(0x0000006f26e00000,0x0000006f26f00000) (1024K)]
  0x000001722d4ec430 WorkerThread "G1 Conc#0"                       [id=16268, stack(0x0000006f26f00000,0x0000006f27000000) (1024K)]
  0x000001722d53eaa0 ConcurrentGCThread "G1 Refine#0"               [id=7048, stack(0x0000006f27000000,0x0000006f27100000) (1024K)]
  0x0000017249c59780 ConcurrentGCThread "G1 Service"                [id=15416, stack(0x0000006f27100000,0x0000006f27200000) (1024K)]
Total: 14

Threads with active compile tasks:
C2 CompilerThread0     5939 1595       4       sun.net.www.ParseUtil::firstEncodeIndex (86 bytes)
C1 CompilerThread0     5939 1589       3       java.lang.invoke.AbstractValidatingLambdaMetafactory::validateMetafactoryArgs (607 bytes)
Total: 2

VM state: not at safepoint (normal execution)

VM Mutex/Monitor currently owned by a thread: None

Heap address: 0x0000000082000000, size: 2016 MB, Compressed Oops mode: 32-bit

CDS archive(s) mapped at: [0x000001724a000000-0x000001724ac90000-0x000001724ac90000), size 13172736, SharedBaseAddress: 0x000001724a000000, ArchiveRelocationMode: 1.
Compressed class space mapped at: 0x000001724b000000-0x000001728b000000, reserved size: 1073741824
Narrow klass base: 0x000001724a000000, Narrow klass shift: 0, Narrow klass range: 0x100000000

GC Precious Log:
 CardTable entry size: 512
 Card Set container configuration: InlinePtr #cards 5 size 8 Array Of Cards #cards 12 size 40 Howl #buckets 4 coarsen threshold 1843 Howl Bitmap #cards 512 size 80 coarsen threshold 460 Card regions per heap region 1 cards per card region 2048
 CPUs: 8 total, 8 available
 Memory: 8063M
 Large Page Support: Disabled
 NUMA Support: Disabled
 Compressed Oops: Enabled (32-bit)
 Heap Region Size: 1M
 Heap Min Capacity: 8M
 Heap Initial Capacity: 126M
 Heap Max Capacity: 2016M
 Pre-touch: Disabled
 Parallel Workers: 8
 Concurrent Workers: 2
 Concurrent Refinement Workers: 8
 Periodic GC: Disabled

Heap:
 garbage-first heap   total 129024K, used 13823K [0x0000000082000000, 0x0000000100000000)
  region size 1024K, 9 young (9216K), 3 survivors (3072K)
 Metaspace       used 11154K, committed 11456K, reserved 1114112K
  class space    used 1333K, committed 1472K, reserved 1048576K

Heap Regions: E=young(eden), S=young(survivor), O=old, HS=humongous(starts), HC=humongous(continues), CS=collection set, F=free, TAMS=top-at-mark-start, PB=parsable bottom
|   0|0x0000000082000000, 0x0000000082100000, 0x0000000082100000|100%|HS|  |TAMS 0x0000000082000000| PB 0x0000000082000000| Complete 
|   1|0x0000000082100000, 0x0000000082200000, 0x0000000082200000|100%|HS|  |TAMS 0x0000000082100000| PB 0x0000000082100000| Complete 
|   2|0x0000000082200000, 0x0000000082300000, 0x0000000082300000|100%| O|  |TAMS 0x0000000082200000| PB 0x0000000082200000| Untracked 
|   3|0x0000000082300000, 0x0000000082400000, 0x0000000082400000|100%| O|  |TAMS 0x0000000082300000| PB 0x0000000082300000| Untracked 
|   4|0x0000000082400000, 0x0000000082500000, 0x0000000082500000|100%| O|  |TAMS 0x0000000082400000| PB 0x0000000082400000| Untracked 
|   5|0x0000000082500000, 0x000000008257ff80, 0x0000000082600000| 49%| O|  |TAMS 0x0000000082500000| PB 0x0000000082500000| Untracked 
|   6|0x0000000082600000, 0x0000000082600000, 0x0000000082700000|  0%| F|  |TAMS 0x0000000082600000| PB 0x0000000082600000| Untracked 
|   7|0x0000000082700000, 0x0000000082700000, 0x0000000082800000|  0%| F|  |TAMS 0x0000000082700000| PB 0x0000000082700000| Untracked 
|   8|0x0000000082800000, 0x0000000082800000, 0x0000000082900000|  0%| F|  |TAMS 0x0000000082800000| PB 0x0000000082800000| Untracked 
|   9|0x0000000082900000, 0x0000000082900000, 0x0000000082a00000|  0%| F|  |TAMS 0x0000000082900000| PB 0x0000000082900000| Untracked 
|  10|0x0000000082a00000, 0x0000000082a00000, 0x0000000082b00000|  0%| F|  |TAMS 0x0000000082a00000| PB 0x0000000082a00000| Untracked 
|  11|0x0000000082b00000, 0x0000000082b00000, 0x0000000082c00000|  0%| F|  |TAMS 0x0000000082b00000| PB 0x0000000082b00000| Untracked 
|  12|0x0000000082c00000, 0x0000000082c00000, 0x0000000082d00000|  0%| F|  |TAMS 0x0000000082c00000| PB 0x0000000082c00000| Untracked 
|  13|0x0000000082d00000, 0x0000000082d00000, 0x0000000082e00000|  0%| F|  |TAMS 0x0000000082d00000| PB 0x0000000082d00000| Untracked 
|  14|0x0000000082e00000, 0x0000000082e00000, 0x0000000082f00000|  0%| F|  |TAMS 0x0000000082e00000| PB 0x0000000082e00000| Untracked 
|  15|0x0000000082f00000, 0x0000000082f00000, 0x0000000083000000|  0%| F|  |TAMS 0x0000000082f00000| PB 0x0000000082f00000| Untracked 
|  16|0x0000000083000000, 0x0000000083000000, 0x0000000083100000|  0%| F|  |TAMS 0x0000000083000000| PB 0x0000000083000000| Untracked 
|  17|0x0000000083100000, 0x0000000083100000, 0x0000000083200000|  0%| F|  |TAMS 0x0000000083100000| PB 0x0000000083100000| Untracked 
|  18|0x0000000083200000, 0x0000000083200000, 0x0000000083300000|  0%| F|  |TAMS 0x0000000083200000| PB 0x0000000083200000| Untracked 
|  19|0x0000000083300000, 0x0000000083300000, 0x0000000083400000|  0%| F|  |TAMS 0x0000000083300000| PB 0x0000000083300000| Untracked 
|  20|0x0000000083400000, 0x0000000083400000, 0x0000000083500000|  0%| F|  |TAMS 0x0000000083400000| PB 0x0000000083400000| Untracked 
|  21|0x0000000083500000, 0x0000000083500000, 0x0000000083600000|  0%| F|  |TAMS 0x0000000083500000| PB 0x0000000083500000| Untracked 
|  22|0x0000000083600000, 0x0000000083600000, 0x0000000083700000|  0%| F|  |TAMS 0x0000000083600000| PB 0x0000000083600000| Untracked 
|  23|0x0000000083700000, 0x0000000083700000, 0x0000000083800000|  0%| F|  |TAMS 0x0000000083700000| PB 0x0000000083700000| Untracked 
|  24|0x0000000083800000, 0x0000000083800000, 0x0000000083900000|  0%| F|  |TAMS 0x0000000083800000| PB 0x0000000083800000| Untracked 
|  25|0x0000000083900000, 0x0000000083900000, 0x0000000083a00000|  0%| F|  |TAMS 0x0000000083900000| PB 0x0000000083900000| Untracked 
|  26|0x0000000083a00000, 0x0000000083a00000, 0x0000000083b00000|  0%| F|  |TAMS 0x0000000083a00000| PB 0x0000000083a00000| Untracked 
|  27|0x0000000083b00000, 0x0000000083b00000, 0x0000000083c00000|  0%| F|  |TAMS 0x0000000083b00000| PB 0x0000000083b00000| Untracked 
|  28|0x0000000083c00000, 0x0000000083c00000, 0x0000000083d00000|  0%| F|  |TAMS 0x0000000083c00000| PB 0x0000000083c00000| Untracked 
|  29|0x0000000083d00000, 0x0000000083d00000, 0x0000000083e00000|  0%| F|  |TAMS 0x0000000083d00000| PB 0x0000000083d00000| Untracked 
|  30|0x0000000083e00000, 0x0000000083e00000, 0x0000000083f00000|  0%| F|  |TAMS 0x0000000083e00000| PB 0x0000000083e00000| Untracked 
|  31|0x0000000083f00000, 0x0000000083f00000, 0x0000000084000000|  0%| F|  |TAMS 0x0000000083f00000| PB 0x0000000083f00000| Untracked 
|  32|0x0000000084000000, 0x0000000084000000, 0x0000000084100000|  0%| F|  |TAMS 0x0000000084000000| PB 0x0000000084000000| Untracked 
|  33|0x0000000084100000, 0x0000000084100000, 0x0000000084200000|  0%| F|  |TAMS 0x0000000084100000| PB 0x0000000084100000| Untracked 
|  34|0x0000000084200000, 0x0000000084200000, 0x0000000084300000|  0%| F|  |TAMS 0x0000000084200000| PB 0x0000000084200000| Untracked 
|  35|0x0000000084300000, 0x0000000084300000, 0x0000000084400000|  0%| F|  |TAMS 0x0000000084300000| PB 0x0000000084300000| Untracked 
|  36|0x0000000084400000, 0x0000000084400000, 0x0000000084500000|  0%| F|  |TAMS 0x0000000084400000| PB 0x0000000084400000| Untracked 
|  37|0x0000000084500000, 0x0000000084500000, 0x0000000084600000|  0%| F|  |TAMS 0x0000000084500000| PB 0x0000000084500000| Untracked 
|  38|0x0000000084600000, 0x0000000084600000, 0x0000000084700000|  0%| F|  |TAMS 0x0000000084600000| PB 0x0000000084600000| Untracked 
|  39|0x0000000084700000, 0x0000000084700000, 0x0000000084800000|  0%| F|  |TAMS 0x0000000084700000| PB 0x0000000084700000| Untracked 
|  40|0x0000000084800000, 0x0000000084800000, 0x0000000084900000|  0%| F|  |TAMS 0x0000000084800000| PB 0x0000000084800000| Untracked 
|  41|0x0000000084900000, 0x0000000084900000, 0x0000000084a00000|  0%| F|  |TAMS 0x0000000084900000| PB 0x0000000084900000| Untracked 
|  42|0x0000000084a00000, 0x0000000084a00000, 0x0000000084b00000|  0%| F|  |TAMS 0x0000000084a00000| PB 0x0000000084a00000| Untracked 
|  43|0x0000000084b00000, 0x0000000084b00000, 0x0000000084c00000|  0%| F|  |TAMS 0x0000000084b00000| PB 0x0000000084b00000| Untracked 
|  44|0x0000000084c00000, 0x0000000084c00000, 0x0000000084d00000|  0%| F|  |TAMS 0x0000000084c00000| PB 0x0000000084c00000| Untracked 
|  45|0x0000000084d00000, 0x0000000084d00000, 0x0000000084e00000|  0%| F|  |TAMS 0x0000000084d00000| PB 0x0000000084d00000| Untracked 
|  46|0x0000000084e00000, 0x0000000084e00000, 0x0000000084f00000|  0%| F|  |TAMS 0x0000000084e00000| PB 0x0000000084e00000| Untracked 
|  47|0x0000000084f00000, 0x0000000084f00000, 0x0000000085000000|  0%| F|  |TAMS 0x0000000084f00000| PB 0x0000000084f00000| Untracked 
|  48|0x0000000085000000, 0x0000000085000000, 0x0000000085100000|  0%| F|  |TAMS 0x0000000085000000| PB 0x0000000085000000| Untracked 
|  49|0x0000000085100000, 0x0000000085100000, 0x0000000085200000|  0%| F|  |TAMS 0x0000000085100000| PB 0x0000000085100000| Untracked 
|  50|0x0000000085200000, 0x0000000085200000, 0x0000000085300000|  0%| F|  |TAMS 0x0000000085200000| PB 0x0000000085200000| Untracked 
|  51|0x0000000085300000, 0x0000000085300000, 0x0000000085400000|  0%| F|  |TAMS 0x0000000085300000| PB 0x0000000085300000| Untracked 
|  52|0x0000000085400000, 0x0000000085400000, 0x0000000085500000|  0%| F|  |TAMS 0x0000000085400000| PB 0x0000000085400000| Untracked 
|  53|0x0000000085500000, 0x0000000085500000, 0x0000000085600000|  0%| F|  |TAMS 0x0000000085500000| PB 0x0000000085500000| Untracked 
|  54|0x0000000085600000, 0x0000000085600000, 0x0000000085700000|  0%| F|  |TAMS 0x0000000085600000| PB 0x0000000085600000| Untracked 
|  55|0x0000000085700000, 0x0000000085700000, 0x0000000085800000|  0%| F|  |TAMS 0x0000000085700000| PB 0x0000000085700000| Untracked 
|  56|0x0000000085800000, 0x0000000085800000, 0x0000000085900000|  0%| F|  |TAMS 0x0000000085800000| PB 0x0000000085800000| Untracked 
|  57|0x0000000085900000, 0x0000000085900000, 0x0000000085a00000|  0%| F|  |TAMS 0x0000000085900000| PB 0x0000000085900000| Untracked 
|  58|0x0000000085a00000, 0x0000000085a00000, 0x0000000085b00000|  0%| F|  |TAMS 0x0000000085a00000| PB 0x0000000085a00000| Untracked 
|  59|0x0000000085b00000, 0x0000000085b00000, 0x0000000085c00000|  0%| F|  |TAMS 0x0000000085b00000| PB 0x0000000085b00000| Untracked 
|  60|0x0000000085c00000, 0x0000000085c00000, 0x0000000085d00000|  0%| F|  |TAMS 0x0000000085c00000| PB 0x0000000085c00000| Untracked 
|  61|0x0000000085d00000, 0x0000000085d00000, 0x0000000085e00000|  0%| F|  |TAMS 0x0000000085d00000| PB 0x0000000085d00000| Untracked 
|  62|0x0000000085e00000, 0x0000000085e00000, 0x0000000085f00000|  0%| F|  |TAMS 0x0000000085e00000| PB 0x0000000085e00000| Untracked 
|  63|0x0000000085f00000, 0x0000000085f00000, 0x0000000086000000|  0%| F|  |TAMS 0x0000000085f00000| PB 0x0000000085f00000| Untracked 
|  64|0x0000000086000000, 0x0000000086000000, 0x0000000086100000|  0%| F|  |TAMS 0x0000000086000000| PB 0x0000000086000000| Untracked 
|  65|0x0000000086100000, 0x0000000086100000, 0x0000000086200000|  0%| F|  |TAMS 0x0000000086100000| PB 0x0000000086100000| Untracked 
|  66|0x0000000086200000, 0x0000000086200000, 0x0000000086300000|  0%| F|  |TAMS 0x0000000086200000| PB 0x0000000086200000| Untracked 
|  67|0x0000000086300000, 0x0000000086300000, 0x0000000086400000|  0%| F|  |TAMS 0x0000000086300000| PB 0x0000000086300000| Untracked 
|  68|0x0000000086400000, 0x0000000086400000, 0x0000000086500000|  0%| F|  |TAMS 0x0000000086400000| PB 0x0000000086400000| Untracked 
|  69|0x0000000086500000, 0x0000000086500000, 0x0000000086600000|  0%| F|  |TAMS 0x0000000086500000| PB 0x0000000086500000| Untracked 
|  70|0x0000000086600000, 0x0000000086600000, 0x0000000086700000|  0%| F|  |TAMS 0x0000000086600000| PB 0x0000000086600000| Untracked 
|  71|0x0000000086700000, 0x0000000086700000, 0x0000000086800000|  0%| F|  |TAMS 0x0000000086700000| PB 0x0000000086700000| Untracked 
|  72|0x0000000086800000, 0x0000000086800000, 0x0000000086900000|  0%| F|  |TAMS 0x0000000086800000| PB 0x0000000086800000| Untracked 
|  73|0x0000000086900000, 0x0000000086900000, 0x0000000086a00000|  0%| F|  |TAMS 0x0000000086900000| PB 0x0000000086900000| Untracked 
|  74|0x0000000086a00000, 0x0000000086a00000, 0x0000000086b00000|  0%| F|  |TAMS 0x0000000086a00000| PB 0x0000000086a00000| Untracked 
|  75|0x0000000086b00000, 0x0000000086b00000, 0x0000000086c00000|  0%| F|  |TAMS 0x0000000086b00000| PB 0x0000000086b00000| Untracked 
|  76|0x0000000086c00000, 0x0000000086c00000, 0x0000000086d00000|  0%| F|  |TAMS 0x0000000086c00000| PB 0x0000000086c00000| Untracked 
|  77|0x0000000086d00000, 0x0000000086d00000, 0x0000000086e00000|  0%| F|  |TAMS 0x0000000086d00000| PB 0x0000000086d00000| Untracked 
|  78|0x0000000086e00000, 0x0000000086e00000, 0x0000000086f00000|  0%| F|  |TAMS 0x0000000086e00000| PB 0x0000000086e00000| Untracked 
|  79|0x0000000086f00000, 0x0000000086f00000, 0x0000000087000000|  0%| F|  |TAMS 0x0000000086f00000| PB 0x0000000086f00000| Untracked 
|  80|0x0000000087000000, 0x0000000087000000, 0x0000000087100000|  0%| F|  |TAMS 0x0000000087000000| PB 0x0000000087000000| Untracked 
|  81|0x0000000087100000, 0x0000000087100000, 0x0000000087200000|  0%| F|  |TAMS 0x0000000087100000| PB 0x0000000087100000| Untracked 
|  82|0x0000000087200000, 0x0000000087200000, 0x0000000087300000|  0%| F|  |TAMS 0x0000000087200000| PB 0x0000000087200000| Untracked 
|  83|0x0000000087300000, 0x0000000087300000, 0x0000000087400000|  0%| F|  |TAMS 0x0000000087300000| PB 0x0000000087300000| Untracked 
|  84|0x0000000087400000, 0x0000000087400000, 0x0000000087500000|  0%| F|  |TAMS 0x0000000087400000| PB 0x0000000087400000| Untracked 
|  85|0x0000000087500000, 0x0000000087500000, 0x0000000087600000|  0%| F|  |TAMS 0x0000000087500000| PB 0x0000000087500000| Untracked 
|  86|0x0000000087600000, 0x0000000087600000, 0x0000000087700000|  0%| F|  |TAMS 0x0000000087600000| PB 0x0000000087600000| Untracked 
|  87|0x0000000087700000, 0x0000000087700000, 0x0000000087800000|  0%| F|  |TAMS 0x0000000087700000| PB 0x0000000087700000| Untracked 
|  88|0x0000000087800000, 0x0000000087800000, 0x0000000087900000|  0%| F|  |TAMS 0x0000000087800000| PB 0x0000000087800000| Untracked 
|  89|0x0000000087900000, 0x0000000087900000, 0x0000000087a00000|  0%| F|  |TAMS 0x0000000087900000| PB 0x0000000087900000| Untracked 
|  90|0x0000000087a00000, 0x0000000087a00000, 0x0000000087b00000|  0%| F|  |TAMS 0x0000000087a00000| PB 0x0000000087a00000| Untracked 
|  91|0x0000000087b00000, 0x0000000087b00000, 0x0000000087c00000|  0%| F|  |TAMS 0x0000000087b00000| PB 0x0000000087b00000| Untracked 
|  92|0x0000000087c00000, 0x0000000087c00000, 0x0000000087d00000|  0%| F|  |TAMS 0x0000000087c00000| PB 0x0000000087c00000| Untracked 
|  93|0x0000000087d00000, 0x0000000087d00000, 0x0000000087e00000|  0%| F|  |TAMS 0x0000000087d00000| PB 0x0000000087d00000| Untracked 
|  94|0x0000000087e00000, 0x0000000087e00000, 0x0000000087f00000|  0%| F|  |TAMS 0x0000000087e00000| PB 0x0000000087e00000| Untracked 
|  95|0x0000000087f00000, 0x0000000087f00000, 0x0000000088000000|  0%| F|  |TAMS 0x0000000087f00000| PB 0x0000000087f00000| Untracked 
|  96|0x0000000088000000, 0x0000000088000000, 0x0000000088100000|  0%| F|  |TAMS 0x0000000088000000| PB 0x0000000088000000| Untracked 
|  97|0x0000000088100000, 0x0000000088100000, 0x0000000088200000|  0%| F|  |TAMS 0x0000000088100000| PB 0x0000000088100000| Untracked 
|  98|0x0000000088200000, 0x0000000088200000, 0x0000000088300000|  0%| F|  |TAMS 0x0000000088200000| PB 0x0000000088200000| Untracked 
|  99|0x0000000088300000, 0x0000000088300000, 0x0000000088400000|  0%| F|  |TAMS 0x0000000088300000| PB 0x0000000088300000| Untracked 
| 100|0x0000000088400000, 0x0000000088500000, 0x0000000088500000|100%| S|CS|TAMS 0x0000000088400000| PB 0x0000000088400000| Complete 
| 101|0x0000000088500000, 0x0000000088600000, 0x0000000088600000|100%| S|CS|TAMS 0x0000000088500000| PB 0x0000000088500000| Complete 
| 102|0x0000000088600000, 0x0000000088700000, 0x0000000088700000|100%| S|CS|TAMS 0x0000000088600000| PB 0x0000000088600000| Complete 
| 103|0x0000000088700000, 0x0000000088700000, 0x0000000088800000|  0%| F|  |TAMS 0x0000000088700000| PB 0x0000000088700000| Untracked 
| 104|0x0000000088800000, 0x0000000088800000, 0x0000000088900000|  0%| F|  |TAMS 0x0000000088800000| PB 0x0000000088800000| Untracked 
| 105|0x0000000088900000, 0x0000000088900000, 0x0000000088a00000|  0%| F|  |TAMS 0x0000000088900000| PB 0x0000000088900000| Untracked 
| 106|0x0000000088a00000, 0x0000000088a00000, 0x0000000088b00000|  0%| F|  |TAMS 0x0000000088a00000| PB 0x0000000088a00000| Untracked 
| 107|0x0000000088b00000, 0x0000000088b00000, 0x0000000088c00000|  0%| F|  |TAMS 0x0000000088b00000| PB 0x0000000088b00000| Untracked 
| 108|0x0000000088c00000, 0x0000000088c00000, 0x0000000088d00000|  0%| F|  |TAMS 0x0000000088c00000| PB 0x0000000088c00000| Untracked 
| 109|0x0000000088d00000, 0x0000000088d00000, 0x0000000088e00000|  0%| F|  |TAMS 0x0000000088d00000| PB 0x0000000088d00000| Untracked 
| 110|0x0000000088e00000, 0x0000000088e00000, 0x0000000088f00000|  0%| F|  |TAMS 0x0000000088e00000| PB 0x0000000088e00000| Untracked 
| 111|0x0000000088f00000, 0x0000000088f00000, 0x0000000089000000|  0%| F|  |TAMS 0x0000000088f00000| PB 0x0000000088f00000| Untracked 
| 112|0x0000000089000000, 0x0000000089000000, 0x0000000089100000|  0%| F|  |TAMS 0x0000000089000000| PB 0x0000000089000000| Untracked 
| 113|0x0000000089100000, 0x0000000089100000, 0x0000000089200000|  0%| F|  |TAMS 0x0000000089100000| PB 0x0000000089100000| Untracked 
| 114|0x0000000089200000, 0x0000000089200000, 0x0000000089300000|  0%| F|  |TAMS 0x0000000089200000| PB 0x0000000089200000| Untracked 
| 115|0x0000000089300000, 0x0000000089300000, 0x0000000089400000|  0%| F|  |TAMS 0x0000000089300000| PB 0x0000000089300000| Untracked 
| 116|0x0000000089400000, 0x0000000089400000, 0x0000000089500000|  0%| F|  |TAMS 0x0000000089400000| PB 0x0000000089400000| Untracked 
| 117|0x0000000089500000, 0x0000000089500000, 0x0000000089600000|  0%| F|  |TAMS 0x0000000089500000| PB 0x0000000089500000| Untracked 
| 118|0x0000000089600000, 0x0000000089600000, 0x0000000089700000|  0%| F|  |TAMS 0x0000000089600000| PB 0x0000000089600000| Untracked 
| 119|0x0000000089700000, 0x0000000089700000, 0x0000000089800000|  0%| F|  |TAMS 0x0000000089700000| PB 0x0000000089700000| Untracked 
| 120|0x0000000089800000, 0x00000000898c3408, 0x0000000089900000| 76%| E|  |TAMS 0x0000000089800000| PB 0x0000000089800000| Complete 
| 121|0x0000000089900000, 0x0000000089a00000, 0x0000000089a00000|100%| E|CS|TAMS 0x0000000089900000| PB 0x0000000089900000| Complete 
| 122|0x0000000089a00000, 0x0000000089b00000, 0x0000000089b00000|100%| E|CS|TAMS 0x0000000089a00000| PB 0x0000000089a00000| Complete 
| 123|0x0000000089b00000, 0x0000000089c00000, 0x0000000089c00000|100%| E|CS|TAMS 0x0000000089b00000| PB 0x0000000089b00000| Complete 
| 124|0x0000000089c00000, 0x0000000089d00000, 0x0000000089d00000|100%| E|CS|TAMS 0x0000000089c00000| PB 0x0000000089c00000| Complete 
| 125|0x0000000089d00000, 0x0000000089e00000, 0x0000000089e00000|100%| E|CS|TAMS 0x0000000089d00000| PB 0x0000000089d00000| Complete 

Card table byte_map: [0x0000017245010000,0x0000017245400000] _byte_map_base: 0x0000017244c00000

Marking Bits: (CMBitMap*) 0x000001722d4daa80
 Bits: [0x0000017245400000, 0x0000017247380000)

Polling page: 0x000001722cc40000

Metaspace:

Usage:
  Non-class:      9.59 MB used.
      Class:      1.30 MB used.
       Both:     10.89 MB used.

Virtual space:
  Non-class space:       64.00 MB reserved,       9.75 MB ( 15%) committed,  1 nodes.
      Class space:        1.00 GB reserved,       1.44 MB ( <1%) committed,  1 nodes.
             Both:        1.06 GB reserved,      11.19 MB (  1%) committed. 

Chunk freelists:
   Non-Class:  5.89 MB
       Class:  14.46 MB
        Both:  20.35 MB

MaxMetaspaceSize: unlimited
CompressedClassSpaceSize: 1.00 GB
Initial GC threshold: 21.00 MB
Current GC threshold: 21.00 MB
CDS: on
 - commit_granule_bytes: 65536.
 - commit_granule_words: 8192.
 - virtual_space_node_default_size: 8388608.
 - enlarge_chunks_in_place: 1.
 - use_allocation_guard: 0.


Internal statistics:

num_allocs_failed_limit: 0.
num_arena_births: 334.
num_arena_deaths: 0.
num_vsnodes_births: 2.
num_vsnodes_deaths: 0.
num_space_committed: 179.
num_space_uncommitted: 0.
num_chunks_returned_to_freelist: 0.
num_chunks_taken_from_freelist: 584.
num_chunk_merges: 0.
num_chunk_splits: 337.
num_chunks_enlarged: 173.
num_inconsistent_stats: 0.

CodeHeap 'non-profiled nmethods': size=120000Kb used=494Kb max_used=494Kb free=119505Kb
 bounds [0x000001723d3c0000, 0x000001723d630000, 0x00000172448f0000]
CodeHeap 'profiled nmethods': size=120000Kb used=2939Kb max_used=2939Kb free=117060Kb
 bounds [0x00000172358f0000, 0x0000017235bd0000, 0x000001723ce20000]
CodeHeap 'non-nmethods': size=5760Kb used=1443Kb max_used=1454Kb free=4316Kb
 bounds [0x000001723ce20000, 0x000001723d090000, 0x000001723d3c0000]
 total_blobs=2120 nmethods=1589 adapters=436
 compilation: enabled
              stopped_count=0, restarted_count=0
 full_count=0

Compilation events (20 events):
Event: 4.950 Thread 0x0000017249dcd4a0 nmethod 1570 0x0000017235bc9890 code [0x0000017235bc9a60, 0x0000017235bc9da8]
Event: 5.276 Thread 0x0000017249dcd4a0 1571       3       jdk.internal.org.objectweb.asm.MethodVisitor::visitTypeInsn (17 bytes)
Event: 5.276 Thread 0x0000017249dcd4a0 nmethod 1571 0x0000017235bc9f10 code [0x0000017235bca0c0, 0x0000017235bca2d0]
Event: 5.553 Thread 0x0000017249dd0170 1574       4       java.lang.invoke.MethodTypeForm::canonicalize (74 bytes)
Event: 5.554 Thread 0x0000017249dd0170 nmethod 1574 0x000001723d439f90 code [0x000001723d43a120, 0x000001723d43a1f8]
Event: 5.554 Thread 0x0000017249dd0170 1575       4       jdk.internal.org.objectweb.asm.ByteVector::put12 (64 bytes)
Event: 5.556 Thread 0x0000017249dd0170 nmethod 1575 0x000001723d43a310 code [0x000001723d43a4a0, 0x000001723d43a698]
Event: 5.570 Thread 0x0000017249dcd4a0 1580       3       java.lang.invoke.LambdaFormEditor::getInCache (165 bytes)
Event: 5.571 Thread 0x0000017249dcd4a0 nmethod 1580 0x0000017235bca390 code [0x0000017235bca600, 0x0000017235bcb4b0]
Event: 5.571 Thread 0x0000017249dcd4a0 1578       3       java.lang.invoke.LambdaFormEditor$TransformKey::inRange (36 bytes)
Event: 5.571 Thread 0x0000017249dcd4a0 nmethod 1578 0x0000017235bcb890 code [0x0000017235bcba20, 0x0000017235bcbb78]
Event: 5.571 Thread 0x0000017249dcd4a0 1579       3       java.lang.invoke.LambdaFormEditor$TransformKey::<init> (15 bytes)
Event: 5.571 Thread 0x0000017249dcd4a0 nmethod 1579 0x0000017235bcbc10 code [0x0000017235bcbda0, 0x0000017235bcbf38]
Event: 5.572 Thread 0x0000017249dcd4a0 1581       3       java.lang.reflect.Array::newInstance (6 bytes)
Event: 5.572 Thread 0x0000017249dcd4a0 nmethod 1581 0x0000017235bcc010 code [0x0000017235bcc1c0, 0x0000017235bcc2d8]
Event: 5.573 Thread 0x0000017249dcd4a0 1583   !   3       java.lang.invoke.MethodHandleNatives::linkMethodHandleConstant (50 bytes)
Event: 5.573 Thread 0x0000017249dcd4a0 nmethod 1583 0x0000017235bcc390 code [0x0000017235bcc560, 0x0000017235bcc768]
Event: 5.573 Thread 0x0000017249dcd4a0 1584       3       java.lang.invoke.MethodHandles$Lookup::linkMethodHandleConstant (223 bytes)
Event: 5.574 Thread 0x0000017249dcd4a0 nmethod 1584 0x0000017235bcc910 code [0x0000017235bccd00, 0x0000017235bce560]
Event: 5.574 Thread 0x0000017249dcd4a0 1589       3       java.lang.invoke.AbstractValidatingLambdaMetafactory::validateMetafactoryArgs (607 bytes)

GC Heap History (2 events):
Event: 1.397 GC heap before
{Heap before GC invocations=0 (full 0):
 garbage-first heap   total 129024K, used 24576K [0x0000000082000000, 0x0000000100000000)
  region size 1024K, 23 young (23552K), 0 survivors (0K)
 Metaspace       used 9208K, committed 9472K, reserved 1114112K
  class space    used 1049K, committed 1152K, reserved 1048576K
}
Event: 1.406 GC heap after
{Heap after GC invocations=1 (full 0):
 garbage-first heap   total 129024K, used 8703K [0x0000000082000000, 0x0000000100000000)
  region size 1024K, 3 young (3072K), 3 survivors (3072K)
 Metaspace       used 9208K, committed 9472K, reserved 1114112K
  class space    used 1049K, committed 1152K, reserved 1048576K
}

Dll operation events (10 events):
Event: 0.013 Loaded shared library C:\Program Files\Java\jdk-21\bin\java.dll
Event: 0.073 Loaded shared library C:\Program Files\Java\jdk-21\bin\jsvml.dll
Event: 0.182 Loaded shared library C:\Program Files\Java\jdk-21\bin\net.dll
Event: 0.184 Loaded shared library C:\Program Files\Java\jdk-21\bin\nio.dll
Event: 0.188 Loaded shared library C:\Program Files\Java\jdk-21\bin\zip.dll
Event: 0.254 Loaded shared library C:\Program Files\Java\jdk-21\bin\jimage.dll
Event: 0.350 Loaded shared library C:\Program Files\Java\jdk-21\bin\extnet.dll
Event: 0.414 Loaded shared library C:\Program Files\Java\jdk-21\bin\management.dll
Event: 0.418 Loaded shared library C:\Program Files\Java\jdk-21\bin\management_ext.dll
Event: 1.201 Loaded shared library C:\Program Files\Java\jdk-21\bin\sunmscapi.dll

Deoptimization events (20 events):
Event: 1.287 Thread 0x000001728fbc3540 Uncommon trap: trap_request=0xffffff45 fr.pc=0x000001723d4268e8 relative=0x00000000000001a8
Event: 1.287 Thread 0x000001728fbc3540 Uncommon trap: reason=unstable_if action=reinterpret pc=0x000001723d4268e8 method=java.lang.invoke.VarHandle.checkAccessModeThenIsDirect(Ljava/lang/invoke/VarHandle$AccessDescriptor;)Z @ 4 c2
Event: 1.287 Thread 0x000001728fbc3540 DEOPT PACKING pc=0x000001723d4268e8 sp=0x0000006f284fe8c0
Event: 1.287 Thread 0x000001728fbc3540 DEOPT UNPACKING pc=0x000001723ce746a2 sp=0x0000006f284fe7f8 mode 2
Event: 1.502 Thread 0x000001728fbc1470 Uncommon trap: trap_request=0xffffffde fr.pc=0x000001723d437adc relative=0x000000000000013c
Event: 1.502 Thread 0x000001728fbc1470 Uncommon trap: reason=class_check action=maybe_recompile pc=0x000001723d437adc method=jdk.internal.misc.Unsafe.allocateUninitializedArray(Ljava/lang/Class;I)Ljava/lang/Object; @ 51 c2
Event: 1.502 Thread 0x000001728fbc1470 DEOPT PACKING pc=0x000001723d437adc sp=0x0000006f28dfc8e0
Event: 1.502 Thread 0x000001728fbc1470 DEOPT UNPACKING pc=0x000001723ce746a2 sp=0x0000006f28dfc858 mode 2
Event: 1.502 Thread 0x000001728fbc1470 Uncommon trap: trap_request=0xffffffde fr.pc=0x000001723d437adc relative=0x000000000000013c
Event: 1.502 Thread 0x000001728fbc1470 Uncommon trap: reason=class_check action=maybe_recompile pc=0x000001723d437adc method=jdk.internal.misc.Unsafe.allocateUninitializedArray(Ljava/lang/Class;I)Ljava/lang/Object; @ 51 c2
Event: 1.502 Thread 0x000001728fbc1470 DEOPT PACKING pc=0x000001723d437adc sp=0x0000006f28dfca30
Event: 1.502 Thread 0x000001728fbc1470 DEOPT UNPACKING pc=0x000001723ce746a2 sp=0x0000006f28dfc9a8 mode 2
Event: 1.503 Thread 0x000001728fbc1470 Uncommon trap: trap_request=0xffffffde fr.pc=0x000001723d437adc relative=0x000000000000013c
Event: 1.503 Thread 0x000001728fbc1470 Uncommon trap: reason=class_check action=maybe_recompile pc=0x000001723d437adc method=jdk.internal.misc.Unsafe.allocateUninitializedArray(Ljava/lang/Class;I)Ljava/lang/Object; @ 51 c2
Event: 1.503 Thread 0x000001728fbc1470 DEOPT PACKING pc=0x000001723d437adc sp=0x0000006f28dfd580
Event: 1.503 Thread 0x000001728fbc1470 DEOPT UNPACKING pc=0x000001723ce746a2 sp=0x0000006f28dfd4f8 mode 2
Event: 1.503 Thread 0x000001728fbc1470 Uncommon trap: trap_request=0xffffffde fr.pc=0x000001723d437adc relative=0x000000000000013c
Event: 1.503 Thread 0x000001728fbc1470 Uncommon trap: reason=class_check action=maybe_recompile pc=0x000001723d437adc method=jdk.internal.misc.Unsafe.allocateUninitializedArray(Ljava/lang/Class;I)Ljava/lang/Object; @ 51 c2
Event: 1.503 Thread 0x000001728fbc1470 DEOPT PACKING pc=0x000001723d437adc sp=0x0000006f28dfd3b0
Event: 1.503 Thread 0x000001728fbc1470 DEOPT UNPACKING pc=0x000001723ce746a2 sp=0x0000006f28dfd328 mode 2

Classes loaded (20 events):
Event: 5.135 Loading class java/util/stream/ReferencePipeline$5
Event: 5.135 Loading class java/util/stream/LongPipeline$StatelessOp
Event: 5.135 Loading class java/util/stream/LongPipeline
Event: 5.135 Loading class java/util/stream/LongStream
Event: 5.135 Loading class java/util/stream/LongStream done
Event: 5.136 Loading class java/util/stream/LongPipeline done
Event: 5.136 Loading class java/util/stream/LongPipeline$StatelessOp done
Event: 5.136 Loading class java/util/stream/ReferencePipeline$5 done
Event: 5.136 Loading class java/util/stream/FindOps$FindSink$OfLong
Event: 5.190 Loading class java/util/stream/Sink$OfLong
Event: 5.190 Loading class java/util/stream/Sink$OfLong done
Event: 5.190 Loading class java/util/stream/FindOps$FindSink$OfLong done
Event: 5.190 Loading class java/util/OptionalLong
Event: 5.275 Loading class java/util/OptionalLong done
Event: 5.276 Loading class java/util/stream/ReferencePipeline$5$1
Event: 5.276 Loading class java/util/stream/ReferencePipeline$5$1 done
Event: 5.276 Loading class java/lang/invoke/VarHandleBytes$FieldInstanceReadWrite
Event: 5.505 Loading class java/lang/invoke/VarHandleBytes$FieldInstanceReadOnly
Event: 5.550 Loading class java/lang/invoke/VarHandleBytes$FieldInstanceReadOnly done
Event: 5.550 Loading class java/lang/invoke/VarHandleBytes$FieldInstanceReadWrite done

Classes unloaded (0 events):
No events

Classes redefined (0 events):
No events

Internal exceptions (20 events):
Event: 0.953 Thread 0x000001722b226270 Exception <a 'java/lang/NoSuchMethodError'{0x0000000089144320}: 'java.lang.Object java.lang.invoke.Invokers$Holder.invokeExact_MT(java.lang.Object, java.lang.Object, java.lang.Object, java.lang.Object, java.lang.Object, java.lang.Object)'> (0x0000000089144320) 
thrown [s\open\src\hotspot\share\interpreter\linkResolver.cpp, line 773]
Event: 1.030 Thread 0x000001722b226270 Exception <a 'sun/nio/fs/WindowsException'{0x000000008907a4e0}> (0x000000008907a4e0) 
thrown [s\open\src\hotspot\share\prims\jni.cpp, line 520]
Event: 1.090 Thread 0x000001722b226270 Exception <a 'java/lang/NoSuchMethodError'{0x0000000088ea9928}: 'void java.lang.invoke.DirectMethodHandle$Holder.invokeVirtual(java.lang.Object, java.lang.Object)'> (0x0000000088ea9928) 
thrown [s\open\src\hotspot\share\interpreter\linkResolver.cpp, line 773]
Event: 1.146 Thread 0x000001722b226270 Exception <a 'java/lang/NoSuchMethodError'{0x0000000088aaf4c8}: 'java.lang.Object java.lang.invoke.DirectMethodHandle$Holder.invokeStaticInit(java.lang.Object, int, int, int, int)'> (0x0000000088aaf4c8) 
thrown [s\open\src\hotspot\share\interpreter\linkResolver.cpp, line 773]
Event: 1.178 Thread 0x000001722b226270 Exception <a 'java/lang/NoSuchMethodError'{0x0000000088972fd8}: 'java.lang.Object java.lang.invoke.DirectMethodHandle$Holder.invokeStaticInit(java.lang.Object, java.lang.Object, int, int, int, int)'> (0x0000000088972fd8) 
thrown [s\open\src\hotspot\share\interpreter\linkResolver.cpp, line 773]
Event: 1.253 Thread 0x000001722b226270 Exception <a 'java/lang/NoSuchMethodError'{0x0000000088895210}: 'java.lang.Object java.lang.invoke.DirectMethodHandle$Holder.invokeInterface(java.lang.Object, java.lang.Object, java.lang.Object)'> (0x0000000088895210) 
thrown [s\open\src\hotspot\share\interpreter\linkResolver.cpp, line 773]
Event: 1.254 Thread 0x000001722b226270 Exception <a 'java/lang/IncompatibleClassChangeError'{0x00000000888985f8}: Found class java.lang.Object, but interface was expected> (0x00000000888985f8) 
thrown [s\open\src\hotspot\share\interpreter\linkResolver.cpp, line 840]
Event: 1.254 Thread 0x000001722b226270 Exception <a 'java/lang/NoSuchMethodError'{0x000000008889f7b0}: 'int java.lang.invoke.DirectMethodHandle$Holder.invokeSpecialIFC(java.lang.Object, java.lang.Object, java.lang.Object, java.lang.Object)'> (0x000000008889f7b0) 
thrown [s\open\src\hotspot\share\interpreter\linkResolver.cpp, line 773]
Event: 1.258 Thread 0x000001722b226270 Exception <a 'java/lang/NoSuchMethodError'{0x00000000888c2910}: 'java.lang.Object java.lang.invoke.DirectMethodHandle$Holder.invokeVirtual(java.lang.Object, java.lang.Object, java.lang.Object, java.lang.Object)'> (0x00000000888c2910) 
thrown [s\open\src\hotspot\share\interpreter\linkResolver.cpp, line 773]
Event: 1.288 Thread 0x000001728fbc3540 Exception <a 'java/net/ConnectException'{0x0000000088780ee8}: Connection refused: getsockopt> (0x0000000088780ee8) 
thrown [s\open\src\hotspot\share\prims\jni.cpp, line 539]
Event: 1.312 Thread 0x000001728fbc3540 Exception <a 'java/net/ConnectException'{0x0000000088781fd8}: Connection refused: getsockopt> (0x0000000088781fd8) 
thrown [s\open\src\hotspot\share\prims\jni.cpp, line 539]
Event: 1.343 Thread 0x000001728fbc3540 Exception <a 'java/net/ConnectException'{0x0000000088782ef0}: Connection refused: getsockopt> (0x0000000088782ef0) 
thrown [s\open\src\hotspot\share\prims\jni.cpp, line 539]
Event: 1.424 Thread 0x000001722b226270 Exception <a 'java/lang/NoSuchMethodError'{0x0000000089c3fe88}: 'java.lang.Object java.lang.invoke.DirectMethodHandle$Holder.newInvokeSpecial(java.lang.Object, java.lang.Object, int, int)'> (0x0000000089c3fe88) 
thrown [s\open\src\hotspot\share\interpreter\linkResolver.cpp, line 773]
Event: 1.425 Thread 0x000001722b226270 Exception <a 'java/lang/NoSuchMethodError'{0x0000000089c4a138}: 'void java.lang.invoke.DirectMethodHandle$Holder.invokeStatic(java.lang.Object, java.lang.Object, int)'> (0x0000000089c4a138) 
thrown [s\open\src\hotspot\share\interpreter\linkResolver.cpp, line 773]
Event: 1.439 Thread 0x000001722b226270 Exception <a 'java/lang/NoSuchMethodError'{0x0000000089cc4148}: 'java.lang.Object java.lang.invoke.DirectMethodHandle$Holder.newInvokeSpecial(java.lang.Object, java.lang.Object, java.lang.Object, java.lang.Object, java.lang.Object)'> (0x0000000089cc4148) 
thrown [s\open\src\hotspot\share\interpreter\linkResolver.cpp, line 773]
Event: 1.480 Thread 0x000001728fbc1470 Exception <a 'java/lang/NoSuchMethodError'{0x0000000089a2fcd0}: 'java.lang.Object java.lang.invoke.DirectMethodHandle$Holder.invokeSpecial(java.lang.Object, java.lang.Object, java.lang.Object, java.lang.Object, int)'> (0x0000000089a2fcd0) 
thrown [s\open\src\hotspot\share\interpreter\linkResolver.cpp, line 773]
Event: 1.481 Thread 0x000001728fbc1470 Exception <a 'java/lang/NoSuchMethodError'{0x0000000089a33618}: 'java.lang.Object java.lang.invoke.Invokers$Holder.linkToTargetMethod(java.lang.Object, java.lang.Object, int, java.lang.Object)'> (0x0000000089a33618) 
thrown [s\open\src\hotspot\share\interpreter\linkResolver.cpp, line 773]
Event: 1.487 Thread 0x000001728fbc1470 Exception <a 'java/lang/NoSuchMethodError'{0x0000000089a4b170}: 'void java.lang.invoke.DirectMethodHandle$Holder.invokeSpecial(java.lang.Object, java.lang.Object, java.lang.Object)'> (0x0000000089a4b170) 
thrown [s\open\src\hotspot\share\interpreter\linkResolver.cpp, line 773]
Event: 1.502 Thread 0x000001728fbc1470 Exception <a 'java/lang/NoSuchMethodError'{0x0000000089a77008}: 'void java.lang.invoke.DirectMethodHandle$Holder.invokeSpecial(java.lang.Object, java.lang.Object, java.lang.Object, java.lang.Object, java.lang.Object)'> (0x0000000089a77008) 
thrown [s\open\src\hotspot\share\interpreter\linkResolver.cpp, line 773]
Event: 5.572 Thread 0x000001728fbc4f80 Exception <a 'java/lang/NoSuchMethodError'{0x0000000089955658}: 'void java.lang.invoke.DirectMethodHandle$Holder.invokeSpecial(java.lang.Object, java.lang.Object, java.lang.Object, java.lang.Object, java.lang.Object, java.lang.Object, java.lang.Object)'> (0x0000000089955658) 
thrown [s\open\src\hotspot\share\interpreter\linkResolver.cpp, line 773]

ZGC Phase Switch (0 events):
No events

VM Operations (20 events):
Event: 0.959 Executing VM operation: HandshakeAllThreads (Deoptimize)
Event: 0.959 Executing VM operation: HandshakeAllThreads (Deoptimize) done
Event: 1.190 Executing VM operation: HandshakeAllThreads (Deoptimize)
Event: 1.190 Executing VM operation: HandshakeAllThreads (Deoptimize) done
Event: 1.190 Executing VM operation: Cleanup
Event: 1.191 Executing VM operation: Cleanup done
Event: 1.265 Executing VM operation: HandshakeAllThreads (Deoptimize)
Event: 1.265 Executing VM operation: HandshakeAllThreads (Deoptimize) done
Event: 1.394 Executing VM operation: HandshakeAllThreads (Deoptimize)
Event: 1.394 Executing VM operation: HandshakeAllThreads (Deoptimize) done
Event: 1.397 Executing VM operation: G1CollectForAllocation (G1 Evacuation Pause)
Event: 1.406 Executing VM operation: G1CollectForAllocation (G1 Evacuation Pause) done
Event: 2.416 Executing VM operation: Cleanup
Event: 2.417 Executing VM operation: Cleanup done
Event: 4.949 Executing VM operation: HandshakeAllThreads (Deoptimize)
Event: 4.950 Executing VM operation: HandshakeAllThreads (Deoptimize) done
Event: 4.950 Executing VM operation: Cleanup
Event: 4.950 Executing VM operation: Cleanup done
Event: 4.951 Executing VM operation: HandshakeAllThreads (Deoptimize)
Event: 4.951 Executing VM operation: HandshakeAllThreads (Deoptimize) done

Events (20 events):
Event: 0.174 Thread 0x0000017249dc6810 Thread added: 0x0000017249dc6810
Event: 0.178 Thread 0x0000017249dc4740 Thread added: 0x0000017249dc4740
Event: 0.268 Thread 0x000001728f37a130 Thread added: 0x000001728f37a130
Event: 0.471 Thread 0x0000017249dc5af0 Thread added: 0x0000017249dc5af0
Event: 0.809 Thread 0x000001728f37a130 Thread exited: 0x000001728f37a130
Event: 0.812 Thread 0x0000017249dc5af0 Thread exited: 0x0000017249dc5af0
Event: 0.891 Thread 0x0000017249dc5460 Thread added: 0x0000017249dc5460
Event: 1.066 Thread 0x000001728fb92600 Thread added: 0x000001728fb92600
Event: 1.233 Thread 0x0000017249dc5af0 Thread added: 0x0000017249dc5af0
Event: 1.264 Thread 0x000001728fbc2820 Thread added: 0x000001728fbc2820
Event: 1.265 Thread 0x000001728fbc2eb0 Thread added: 0x000001728fbc2eb0
Event: 1.266 Thread 0x000001728fbc48f0 Thread added: 0x000001728fbc48f0
Event: 1.271 Thread 0x000001728fbc3540 Thread added: 0x000001728fbc3540
Event: 1.392 Thread 0x000001728fb92600 Thread exited: 0x000001728fb92600
Event: 1.393 Thread 0x000001728fbc0de0 Thread added: 0x000001728fbc0de0
Event: 1.451 Thread 0x000001728fbc1470 Thread added: 0x000001728fbc1470
Event: 1.454 Thread 0x000001728fbc1b00 Thread added: 0x000001728fbc1b00
Event: 1.517 Thread 0x000001728fbc4f80 Thread added: 0x000001728fbc4f80
Event: 1.522 Thread 0x000001728fbc3bd0 Thread added: 0x000001728fbc3bd0
Event: 1.523 Thread 0x000001728fbc00c0 Thread added: 0x000001728fbc00c0


Dynamic libraries:
0x00007ff671f30000 - 0x00007ff671f40000 	C:\Program Files\Java\jdk-21\bin\javaw.exe
0x00007fff4b530000 - 0x00007fff4b747000 	C:\WINDOWS\SYSTEM32\ntdll.dll
0x00007fff49d80000 - 0x00007fff49e44000 	C:\WINDOWS\System32\KERNEL32.DLL
0x00007fff48650000 - 0x00007fff48a22000 	C:\WINDOWS\System32\KERNELBASE.dll
0x00007fff48e00000 - 0x00007fff48f11000 	C:\WINDOWS\System32\ucrtbase.dll
0x00007fff2a820000 - 0x00007fff2a839000 	C:\Program Files\Java\jdk-21\bin\jli.dll
0x00007fff492f0000 - 0x00007fff493a1000 	C:\WINDOWS\System32\ADVAPI32.dll
0x00007fff49240000 - 0x00007fff492e7000 	C:\WINDOWS\System32\msvcrt.dll
0x00007fff4b270000 - 0x00007fff4b318000 	C:\WINDOWS\System32\sechost.dll
0x00007fff49050000 - 0x00007fff49078000 	C:\WINDOWS\System32\bcrypt.dll
0x00007fff4a410000 - 0x00007fff4a524000 	C:\WINDOWS\System32\RPCRT4.dll
0x00007fff499d0000 - 0x00007fff49b81000 	C:\WINDOWS\System32\USER32.dll
0x00007fff48620000 - 0x00007fff48646000 	C:\WINDOWS\System32\win32u.dll
0x00007fff49cc0000 - 0x00007fff49ce9000 	C:\WINDOWS\System32\GDI32.dll
0x00007fff48f20000 - 0x00007fff49043000 	C:\WINDOWS\System32\gdi32full.dll
0x00007fff48d60000 - 0x00007fff48dfa000 	C:\WINDOWS\System32\msvcp_win.dll
0x00007fff2b000000 - 0x00007fff2b01b000 	C:\Program Files\Java\jdk-21\bin\VCRUNTIME140.dll
0x00007fff47760000 - 0x00007fff479fb000 	C:\WINDOWS\WinSxS\amd64_microsoft.windows.common-controls_6595b64144ccf1df_6.0.22621.5547_none_27104afb73855772\COMCTL32.dll
0x00007fff41df0000 - 0x00007fff41dfa000 	C:\WINDOWS\SYSTEM32\VERSION.dll
0x00007fff4b230000 - 0x00007fff4b261000 	C:\WINDOWS\System32\IMM32.DLL
0x00007fff43420000 - 0x00007fff4342c000 	C:\Program Files\Java\jdk-21\bin\vcruntime140_1.dll
0x00007fff15040000 - 0x00007fff150ce000 	C:\Program Files\Java\jdk-21\bin\msvcp140.dll
0x00007ffee6bc0000 - 0x00007ffee78d3000 	C:\Program Files\Java\jdk-21\bin\server\jvm.dll
0x00007fff4a870000 - 0x00007fff4a8e1000 	C:\WINDOWS\System32\WS2_32.dll
0x00007fff484f0000 - 0x00007fff4853d000 	C:\WINDOWS\SYSTEM32\POWRPROF.dll
0x00007fff3ee40000 - 0x00007fff3ee74000 	C:\WINDOWS\SYSTEM32\WINMM.dll
0x00007fff484d0000 - 0x00007fff484e3000 	C:\WINDOWS\SYSTEM32\UMPDC.dll
0x00007fff46f60000 - 0x00007fff46f78000 	C:\WINDOWS\SYSTEM32\kernel.appcore.dll
0x00007fff425e0000 - 0x00007fff425ea000 	C:\Program Files\Java\jdk-21\bin\jimage.dll
0x00007fff47e90000 - 0x00007fff480c3000 	C:\WINDOWS\SYSTEM32\DBGHELP.DLL
0x00007fff49e50000 - 0x00007fff4a1e3000 	C:\WINDOWS\System32\combase.dll
0x00007fff4a700000 - 0x00007fff4a7d7000 	C:\WINDOWS\System32\OLEAUT32.dll
0x00007fff47bd0000 - 0x00007fff47c02000 	C:\WINDOWS\SYSTEM32\dbgcore.DLL
0x00007fff48a30000 - 0x00007fff48aab000 	C:\WINDOWS\System32\bcryptPrimitives.dll
0x00007fff2a500000 - 0x00007fff2a51f000 	C:\Program Files\Java\jdk-21\bin\java.dll
0x00007fff4a980000 - 0x00007fff4b222000 	C:\WINDOWS\System32\SHELL32.dll
0x00007fff48c20000 - 0x00007fff48d5f000 	C:\WINDOWS\System32\wintypes.dll
0x00007fff45760000 - 0x00007fff4607d000 	C:\WINDOWS\SYSTEM32\windows.storage.dll
0x00007fff4a1f0000 - 0x00007fff4a2fc000 	C:\WINDOWS\System32\SHCORE.dll
0x00007fff491c0000 - 0x00007fff49229000 	C:\WINDOWS\System32\shlwapi.dll
0x00007fff48550000 - 0x00007fff4857b000 	C:\WINDOWS\SYSTEM32\profapi.dll
0x00007fff10f00000 - 0x00007fff10fd7000 	C:\Program Files\Java\jdk-21\bin\jsvml.dll
0x00007fff40c00000 - 0x00007fff40c10000 	C:\Program Files\Java\jdk-21\bin\net.dll
0x00007fff3fde0000 - 0x00007fff3ff0c000 	C:\WINDOWS\SYSTEM32\WINHTTP.dll
0x00007fff47380000 - 0x00007fff473e9000 	C:\WINDOWS\system32\mswsock.dll
0x00007fff2a230000 - 0x00007fff2a246000 	C:\Program Files\Java\jdk-21\bin\nio.dll
0x00007fff2a210000 - 0x00007fff2a228000 	C:\Program Files\Java\jdk-21\bin\zip.dll
0x00007fff38c50000 - 0x00007fff38c59000 	C:\Program Files\Java\jdk-21\bin\extnet.dll
0x00007fff46310000 - 0x00007fff46408000 	C:\WINDOWS\SYSTEM32\DNSAPI.dll
0x00007fff462e0000 - 0x00007fff4630d000 	C:\WINDOWS\SYSTEM32\IPHLPAPI.DLL
0x00007fff4a590000 - 0x00007fff4a599000 	C:\WINDOWS\System32\NSI.dll
0x00007fff3c850000 - 0x00007fff3c85a000 	C:\Windows\System32\rasadhlp.dll
0x00007fff3d500000 - 0x00007fff3d584000 	C:\WINDOWS\System32\fwpuclnt.dll
0x00007fff38aa0000 - 0x00007fff38aaa000 	C:\Program Files\Java\jdk-21\bin\management.dll
0x00007fff385f0000 - 0x00007fff385fb000 	C:\Program Files\Java\jdk-21\bin\management_ext.dll
0x00007fff49230000 - 0x00007fff49238000 	C:\WINDOWS\System32\PSAPI.DLL
0x00007fff481d0000 - 0x00007fff481eb000 	C:\WINDOWS\SYSTEM32\CRYPTSP.dll
0x00007fff46ec0000 - 0x00007fff46ef7000 	C:\WINDOWS\system32\rsaenh.dll
0x00007fff47630000 - 0x00007fff47658000 	C:\WINDOWS\SYSTEM32\USERENV.dll
0x00007fff47660000 - 0x00007fff4766c000 	C:\WINDOWS\SYSTEM32\CRYPTBASE.dll
0x00007fff39d20000 - 0x00007fff39d2e000 	C:\Program Files\Java\jdk-21\bin\sunmscapi.dll
0x00007fff48ab0000 - 0x00007fff48c17000 	C:\WINDOWS\System32\CRYPT32.dll
0x00007fff47a70000 - 0x00007fff47a9d000 	C:\WINDOWS\SYSTEM32\ncrypt.dll
0x00007fff47a30000 - 0x00007fff47a67000 	C:\WINDOWS\SYSTEM32\NTASN1.dll
0x00007fff2a810000 - 0x00007fff2a818000 	C:\WINDOWS\system32\wshunix.dll
0x00007fff2d650000 - 0x00007fff2d667000 	C:\WINDOWS\system32\napinsp.dll
0x00007fff2d630000 - 0x00007fff2d64b000 	C:\WINDOWS\system32\pnrpnsp.dll
0x00007fff2d610000 - 0x00007fff2d621000 	C:\WINDOWS\System32\winrnr.dll
0x00007fff3e4b0000 - 0x00007fff3e4cf000 	C:\WINDOWS\system32\wshbth.dll
0x00007fff2d5e0000 - 0x00007fff2d601000 	C:\WINDOWS\system32\nlansp_c.dll

dbghelp: loaded successfully - version: 4.0.5 - missing functions: none
symbol engine: initialized successfully - sym options: 0x614 - pdb path: .;C:\Program Files\Java\jdk-21\bin;C:\WINDOWS\SYSTEM32;C:\WINDOWS\WinSxS\amd64_microsoft.windows.common-controls_6595b64144ccf1df_6.0.22621.5547_none_27104afb73855772;C:\Program Files\Java\jdk-21\bin\server

VM Arguments:
jvm_args: -Dfile.encoding=UTF-8 -Dstdout.encoding=UTF-8 -Dstderr.encoding=UTF-8 -XX:+ShowCodeDetailsInExceptionMessages 
java_command: Handling_AutoSuggestions.AutoSuggestions
java_class_path (initial): C:\Users\shend\eclipse-workspace\BASIC-Selenium\target\test-classes;C:\Users\shend\eclipse-workspace\BASIC-Selenium\target\classes;C:\Users\shend\.p2\pool\plugins\org.testng_7.11.0.r202503091654.jar;C:\Users\shend\.p2\pool\plugins\com.beust.jcommander_1.83.0.jar;C:\Users\shend\.p2\pool\plugins\slf4j.api_2.0.16.jar;C:\Users\shend\.p2\pool\plugins\org.yaml.snakeyaml_2.2.0.jar;C:\Users\shend\.p2\pool\plugins\org.webjars.jquery_3.7.1.jar;C:\Users\shend\.m2\repository\org\seleniumhq\selenium\selenium-java\4.32.0\selenium-java-4.32.0.jar;C:\Users\shend\.m2\repository\org\seleniumhq\selenium\selenium-api\4.32.0\selenium-api-4.32.0.jar;C:\Users\shend\.m2\repository\org\jspecify\jspecify\1.0.0\jspecify-1.0.0.jar;C:\Users\shend\.m2\repository\org\seleniumhq\selenium\selenium-chrome-driver\4.32.0\selenium-chrome-driver-4.32.0.jar;C:\Users\shend\.m2\repository\com\google\auto\service\auto-service-annotations\1.1.1\auto-service-annotations-1.1.1.jar;C:\Users\shend\.m2\repository\org\seleniumhq\selenium\selenium-chromium-driver\4.32.0\selenium-chromium-driver-4.32.0.jar;C:\Users\shend\.m2\repository\org\seleniumhq\selenium\selenium-json\4.32.0\selenium-json-4.32.0.jar;C:\Users\shend\.m2\repository\org\seleniumhq\selenium\selenium-manager\4.32.0\selenium-manager-4.32.0.jar;C:\Users\shend\.m2\repository\org\seleniumhq\selenium\selenium-devtools-v134\4.32.0\selenium-devtools-v134-4.32.0.jar;C:\Users\shend\.m2\repository\org\seleniumhq\selenium\selenium-devtools-v135\4.32.0\selenium-devtools-v135-4.32.0.jar;C:\Users\shend\.m2\repository\org\seleniumhq\selenium\selenium-devtools-v136\4.32.0\selenium-devtools-v136-4.32.0.jar;C:\Users\shend\.m2\repository\org\seleniumhq\selenium\selenium-edge-driver\4.32.0\selenium-edge-driver-4.32.0.jar;C:\Users\shend\.m2\repository\org\seleniumhq\selenium\selenium-firefox-driver\4.32.0\selenium-firefox-driver-4.32.0.jar;C:\Users\shend\.m2\repository\org\seleniumhq\selenium\selenium-http\4.32.0\selenium-http-4.32.0.jar;C:\Users\shend\.m2\repository\org\seleniumhq\selenium\selenium-ie-driver\4.32.0\selenium-ie-driver-4.32.0.jar;C:\Users\shend\.m2\repository\org\seleniumhq\selenium\selenium-remote-driver\4.32.0\selenium-remote-driver-4.32.0.jar;C:\Users\shend\.m2\repository\com\google\guava\guava\33.4.8-jre\guava-33.4.8-jre.jar;C:\Users\shend\.m2\repository\com\google\guava\failureaccess\1.0.3\failureaccess-1.0.3.jar;C:\Users\shend\.m2\repository\com\google\guava\listenablefuture\9999.0-empty-to-avoid-conflict-with-guava\listenablefuture-9999.0-empty-to-avoid-conflict-with-guava.jar;C:\Users\shend\.m2\repository\com\google\j2objc\j2objc-annotations\3.0.0\j2objc-annotations-3.0.0.jar;C:\Users\shend\.m2\repository\io\opentelemetry\opentelemetry-api\1.49.0\opentelemetry-api-1.49.0.jar;C:\Users\shend\.m2\repository\io\opentelemetry\opentelemetry-context\1.49.0\opentelemetry-context-1.49.0.jar;C:\Users\shend\.m2\repository\io\opentelemetry\opentelemetry-exporter-logging\1.49.0\opentelemetry-exporter-logging-1.49.0.jar;C:\Users\shend\.m2\repository\io\opentelemetry\opentelemetry-sdk-common\1.49.0\opentelemetry-sdk-common-1.49.0.jar;C:\Users\shend\.m2\repository\io\opentelemetry\opentelemetry-sdk-extension-autoconfigure-spi\1.49.0\opentelemetry-sdk-extension-autoconfigure-spi-1.49.0.jar;C:\Users\shend\.m2\repository\io\opentelemetry\opentelemetry-sdk-extension-autoconfigure\1.49.0\opentelemetry-sdk-extension-autoconfigure-1.49.0.jar;C:\Users\shend\.m2\repository\io\opentelemetry\opentelemetry-sdk-trace\1.49.0\opentelemetry-sdk-trace-1.49.0.jar;C:\Users\shend\.m2\repository\io\opentelemetry\opentelemetry-sdk\1.49.0\opentelemetry-sdk-1.49.0.jar;C:\Users\shend\.m2\repository\io\opentelemetry\opentelemetry-sdk-metrics\1.49.0\opentelemetry-sdk-metrics-1.49.0.jar;C:\Users\shend\.m2\repository\io\opentelemetry\opentelemetry-sdk-logs\1.49.0\opentelemetry-sdk-logs-1.49.0.jar;C:\Users\shend\.m2\repository\net\bytebuddy\byte-buddy\1.17.5\byte-buddy-1.17.5.jar;C:\Users\shend\.m2\repository\org\seleniumhq\selenium\selenium-os\4.32.0\selenium-os-4.32.0.jar;C:\Users\shend\.m2\repository\org\apache\commons\commons-exec\1.4.0\commons-exec-1.4.0.jar;C:\Users\shend\.m2\repository\org\seleniumhq\selenium\selenium-safari-driver\4.32.0\selenium-safari-driver-4.32.0.jar;C:\Users\shend\.m2\repository\org\seleniumhq\selenium\selenium-support\4.32.0\selenium-support-4.32.0.jar;C:\Users\shend\.m2\repository\org\apache\poi\poi\4.1.2\poi-4.1.2.jar;C:\Users\shend\.m2\repository\commons-codec\commons-codec\1.13\commons-codec-1.13.jar;C:\Users\shend\.m2\repository\org\apache\commons\commons-collections4\4.4\commons-collections4-4.4.jar;C:\Users\shend\.m2\repository\org\apache\commons\commons-math3\3.6.1\commons-math3-3.6.1.jar;C:\Users\shend\.m2\repository\com\zaxxer\SparseBitSet\1.2\SparseBitSet-1.2.jar;C:\Users\shend\.m2\repository\org\apache\poi\poi-ooxml\4.1.2\poi-ooxml-4.1.2.jar;C:\Users\shend\.m2\repository\org\apache\poi\poi-ooxml-schemas\4.1.2\poi-ooxml-schemas-4.1.2.jar;C:\Users\shend\.m2\repository\org\apache\xmlbeans\xmlbeans\3.1.0\xmlbeans-3.1.0.jar;C:\Users\shend\.m2\repository\org\apache\commons\commons-compress\1.19\commons-compress-1.19.jar;C:\Users\shend\.m2\repository\com\github\virtuald\curvesapi\1.06\curvesapi-1.06.jar;C:\Users\shend\.m2\repository\io\github\bonigarcia\webdrivermanager\5.9.2\webdrivermanager-5.9.2.jar;C:\Users\shend\.m2\repository\org\slf4j\slf4j-api\2.0.13\slf4j-api-2.0.13.jar;C:\Users\shend\.m2\repository\com\google\code\gson\gson\2.11.0\gson-2.11.0.jar;C:\Users\shend\.m2\repository\com\google\errorprone\error_prone_annotations\2.27.0\error_prone_annotations-2.27.0.jar;C:\Users\shend\.m2\repository\com\github\docker-java\docker-java\3.4.0\docker-java-3.4.0.jar;C:\Users\shend\.m2\repository\com\github\docker-java\docker-java-core\3.4.0\docker-java-core-3.4.0.jar;C:\Users\shend\.m2\repository\com\github\docker-java\docker-java-api\3.4.0\docker-java-api-3.4.0.jar;C:\Users\shend\.m2\repository\com\fasterxml\jackson\core\jackson-annotations\2.10.3\jackson-annotations-2.10.3.jar;C:\Users\shend\.m2\repository\commons-io\commons-io\2.13.0\commons-io-2.13.0.jar;C:\Users\shend\.m2\repository\com\fasterxml\jackson\core\jackson-databind\2.10.3\jackson-databind-2.10.3.jar;C:\Users\shend\.m2\repository\com\fasterxml\jackson\core\jackson-core\2.10.3\jackson-core-2.10.3.jar;C:\Users\shend\.m2\repository\org\slf4j\jcl-over-slf4j\1.7.30\jcl-over-slf4j-1.7.30.jar;C:\Users\shend\.m2\repository\com\github\docker-java\docker-java-transport-httpclient5\3.4.0\docker-java-transport-httpclient5-3.4.0.jar;C:\Users\shend\.m2\repository\com\github\docker-java\docker-java-transport\3.4.0\docker-java-transport-3.4.0.jar;C:\Users\shend\.m2\repository\net\java\dev\jna\jna\5.13.0\jna-5.13.0.jar;C:\Users\shend\.m2\repository\org\brotli\dec\0.1.2\dec-0.1.2.jar;C:\Users\shend\.m2\repository\org\apache\commons\commons-lang3\3.15.0\commons-lang3-3.15.0.jar;C:\Users\shend\.m2\repository\org\apache\httpcomponents\client5\httpclient5\5.2.1\httpclient5-5.2.1.jar;C:\Users\shend\.m2\repository\org\apache\httpcomponents\core5\httpcore5\5.2\httpcore5-5.2.jar;C:\Users\shend\.m2\repository\org\apache\httpcomponents\core5\httpcore5-h2\5.2\httpcore5-h2-5.2.jar;C:\Users\shend\.m2\repository\org\testng\testng\7.10.2\testng-7.10.2.jar;C:\Users\shend\.m2\repository\com\beust\jcommander\1.82\jcommander-1.82.jar;C:\Users\shend\.m2\repository\org\webjars\jquery\3.7.1\jquery-3.7.1.jar;C:\Users\shend\eclipse-workspace\ SeleniumProject\target\classes
Launcher Type: SUN_STANDARD

[Global flags]
     intx CICompilerCount                          = 4                                         {product} {ergonomic}
     uint ConcGCThreads                            = 2                                         {product} {ergonomic}
     uint G1ConcRefinementThreads                  = 8                                         {product} {ergonomic}
   size_t G1HeapRegionSize                         = 1048576                                   {product} {ergonomic}
    uintx GCDrainStackTargetSize                   = 64                                        {product} {ergonomic}
   size_t InitialHeapSize                          = 132120576                                 {product} {ergonomic}
   size_t MarkStackSize                            = 4194304                                   {product} {ergonomic}
   size_t MaxHeapSize                              = 2113929216                                {product} {ergonomic}
   size_t MaxNewSize                               = 1267728384                                {product} {ergonomic}
   size_t MinHeapDeltaBytes                        = 1048576                                   {product} {ergonomic}
   size_t MinHeapSize                              = 8388608                                   {product} {ergonomic}
    uintx NonNMethodCodeHeapSize                   = 5839372                                {pd product} {ergonomic}
    uintx NonProfiledCodeHeapSize                  = 122909434                              {pd product} {ergonomic}
    uintx ProfiledCodeHeapSize                     = 122909434                              {pd product} {ergonomic}
    uintx ReservedCodeCacheSize                    = 251658240                              {pd product} {ergonomic}
     bool SegmentedCodeCache                       = true                                      {product} {ergonomic}
     bool ShowCodeDetailsInExceptionMessages       = true                                   {manageable} {command line}
   size_t SoftMaxHeapSize                          = 2113929216                             {manageable} {ergonomic}
     bool UseCompressedOops                        = true                           {product lp64_product} {ergonomic}
     bool UseG1GC                                  = true                                      {product} {ergonomic}
     bool UseLargePagesIndividualAllocation        = false                                  {pd product} {ergonomic}

Logging:
Log output configuration:
 #0: stdout all=warning uptime,level,tags foldmultilines=false
 #1: stderr all=off uptime,level,tags foldmultilines=false

Environment Variables:
JAVA_HOME=C:\Program Files\Java\jdk-21
PATH=F:\oracle\product\10.2.0\db_2\bin;F:\oracle\product\10.2.0\db_7\bin;C:\app\shend\product\21c\dbhomeXE\bin;C:\Program Files (x86)\VMware\VMware Workstation\bin\;F:\oracle\product\10.2.0\db_6\bin;F:\oracle\product\10.2.0\db_1\bin;C:\Program Files\Common Files\Oracle\Java\javapath;C:\Program Files\Java\jdk-21\bin;F:\oracle\product\10.2.0\db_1\BIN;C:\Users\shend\anaconda3;C:\Users\shend\anaconda3\Library\mingw-w64\bin;C:\Users\shend\anaconda3\Library\usr\bin;C:\Users\shend\anaconda3\Library\bin;C:\Users\shend\anaconda3\Scripts;C:\Users\shend\AppData\Local\Programs\Python\Python312\Scripts\;C:\Users\shend\AppData\Local\Programs\Python\Python312\;C:\Users\shend\AppData\Local\Programs\Python\Launcher\;C:\Users\shend\AppData\Local\Microsoft\WindowsApps;C:\Users\shend\AppData\Local\Programs\Microsoft VS Code\bin
USERNAME=shend
OS=Windows_NT
PROCESSOR_IDENTIFIER=Intel64 Family 6 Model 158 Stepping 10, GenuineIntel
TMP=C:\Users\shend\AppData\Local\Temp
TEMP=C:\Users\shend\AppData\Local\Temp




Periodic native trim disabled

---------------  S Y S T E M  ---------------

OS:
 Windows 11 , 64 bit Build 22621 (10.0.22621.5415)
OS uptime: 3 days 12:36 hours

CPU: total 8 (initial active 8) (4 cores per cpu, 2 threads per core) family 6 model 158 stepping 10 microcode 0xec, cx8, cmov, fxsr, ht, mmx, 3dnowpref, sse, sse2, sse3, ssse3, sse4.1, sse4.2, popcnt, lzcnt, tsc, tscinvbit, avx, avx2, aes, erms, clmul, bmi1, bmi2, adx, fma, vzeroupper, clflush, clflushopt, rdtscp, f16c
Processor Information for all 8 processors :
  Max Mhz: 2400, Current Mhz: 2400, Mhz Limit: 2400

Memory: 4k page, system-wide physical 8063M (622M free)
TotalPageFile size 12142M (AvailPageFile size 6M)
current process WorkingSet (physical memory assigned to process): 92M, peak: 94M
current process commit charge ("private bytes"): 228M, peak: 230M

vm_info: Java HotSpot(TM) 64-Bit Server VM (21.0.4+8-LTS-274) for windows-amd64 JRE (21.0.4+8-LTS-274), built on 2024-06-05T05:23:33Z by "mach5one" with MS VC++ 17.6 (VS2022)

END.
