#
# There is insufficient memory for the Java Runtime Environment to continue.
# Native memory allocation (malloc) failed to allocate 554016 bytes for Chunk::new
# Possible reasons:
#   The system is out of physical RAM or swap space
#   The process is running with CompressedOops enabled, and the Java Heap may be blocking the growth of the native heap
# Possible solutions:
#   Reduce memory load on the system
#   Increase physical memory or swap space
#   Check if swap backing store is full
#   Decrease Java heap size (-Xmx/-Xms)
#   Decrease number of Java threads
#   Decrease Java thread stack sizes (-Xss)
#   Set larger code cache with -XX:ReservedCodeCacheSize=
#   JVM is running with Unscaled Compressed Oops mode in which the Java heap is
#     placed in the first 4GB address space. The Java Heap base address is the
#     maximum limit for the native heap growth. Please use -XX:HeapBaseMinAddress
#     to set the Java Heap base and to place the Java Heap above 4GB virtual address.
# This output file may be truncated or incomplete.
#
#  Out of Memory Error (arena.cpp:168), pid=17176, tid=18960
#
# JRE version: Java(TM) SE Runtime Environment (21.0.4+8) (build 21.0.4+8-LTS-274)
# Java VM: Java HotSpot(TM) 64-Bit Server VM (21.0.4+8-LTS-274, mixed mode, sharing, tiered, compressed oops, compressed class ptrs, g1 gc, windows-amd64)
# No core dump will be written. Minidumps are not enabled by default on client versions of Windows
#

---------------  S U M M A R Y ------------

Command Line: -Dfile.encoding=UTF-8 -Dstdout.encoding=UTF-8 -Dstderr.encoding=UTF-8 -XX:+ShowCodeDetailsInExceptionMessages Action_Method.Move_To_Element_Method

Host: Intel(R) Core(TM) i5-9300H CPU @ 2.40GHz, 8 cores, 7G,  Windows 11 , 64 bit Build 22621 (10.0.22621.5415)
Time: Fri Oct 17 22:01:47 2025 India Standard Time elapsed time: 27.161201 seconds (0d 0h 0m 27s)

---------------  T H R E A D  ---------------

Current thread (0x000001bc43c81030):  JavaThread "C2 CompilerThread0" daemon [_thread_in_native, id=18960, stack(0x0000005741600000,0x0000005741700000) (1024K)]


Current CompileTask:
C2:  27161 1663       4       java.lang.invoke.MethodType::makeImpl (109 bytes)

Stack: [0x0000005741600000,0x0000005741700000]
Native frames: (J=compiled Java code, j=interpreted, Vv=VM code, C=native code)
V  [jvm.dll+0x6c8e59]
V  [jvm.dll+0x853181]
V  [jvm.dll+0x8556ae]
V  [jvm.dll+0x855d83]
V  [jvm.dll+0x27d526]
V  [jvm.dll+0xc4aad]
V  [jvm.dll+0xc4fe3]
V  [jvm.dll+0x2f038f]
V  [jvm.dll+0x5f406a]
V  [jvm.dll+0x24f102]
V  [jvm.dll+0x247c0c]
V  [jvm.dll+0x245754]
V  [jvm.dll+0x1c69de]
V  [jvm.dll+0x254d49]
V  [jvm.dll+0x2532da]
V  [jvm.dll+0x3ed426]
V  [jvm.dll+0x7fd65b]
V  [jvm.dll+0x6c753d]
C  [ucrtbase.dll+0x29333]
C  [KERNEL32.DLL+0x1259d]
C  [ntdll.dll+0x5af78]


---------------  P R O C E S S  ---------------

Threads class SMR info:
_java_thread_list=0x000001bc896db480, length=23, elements={
0x000001bc43c6bd70, 0x000001bc43c6d430, 0x000001bc43c72960, 0x000001bc43c733c0,
0x000001bc43c73e20, 0x000001bc43c755c0, 0x000001bc43c81030, 0x000001bc43c81ad0,
0x000001bc89106720, 0x000001bc89110f30, 0x000001bc896e0060, 0x000001bc8986d610,
0x000001bc895d47d0, 0x000001bc895d4e40, 0x000001bc895d54b0, 0x000001bc895d61d0,
0x000001bc895c4640, 0x000001bc895c2c00, 0x000001bc895c3290, 0x000001bc895c3920,
0x000001bc895c2570, 0x000001bc895c3fb0, 0x000001bc895c1ee0
}

Java Threads: ( => current thread )
  0x000001bc43c6bd70 JavaThread "Reference Handler"          daemon [_thread_blocked, id=560, stack(0x0000005741000000,0x0000005741100000) (1024K)]
  0x000001bc43c6d430 JavaThread "Finalizer"                  daemon [_thread_blocked, id=19824, stack(0x0000005741100000,0x0000005741200000) (1024K)]
  0x000001bc43c72960 JavaThread "Signal Dispatcher"          daemon [_thread_blocked, id=19160, stack(0x0000005741200000,0x0000005741300000) (1024K)]
  0x000001bc43c733c0 JavaThread "Attach Listener"            daemon [_thread_blocked, id=13548, stack(0x0000005741300000,0x0000005741400000) (1024K)]
  0x000001bc43c73e20 JavaThread "Service Thread"             daemon [_thread_blocked, id=16464, stack(0x0000005741400000,0x0000005741500000) (1024K)]
  0x000001bc43c755c0 JavaThread "Monitor Deflation Thread"   daemon [_thread_blocked, id=16784, stack(0x0000005741500000,0x0000005741600000) (1024K)]
=>0x000001bc43c81030 JavaThread "C2 CompilerThread0"         daemon [_thread_in_native, id=18960, stack(0x0000005741600000,0x0000005741700000) (1024K)]
  0x000001bc43c81ad0 JavaThread "C1 CompilerThread0"         daemon [_thread_in_native, id=18744, stack(0x0000005741700000,0x0000005741800000) (1024K)]
  0x000001bc89106720 JavaThread "Notification Thread"        daemon [_thread_blocked, id=13668, stack(0x0000005741800000,0x0000005741900000) (1024K)]
  0x000001bc89110f30 JavaThread "Common-Cleaner"             daemon [_thread_blocked, id=14540, stack(0x0000005741900000,0x0000005741a00000) (1024K)]
  0x000001bc896e0060 JavaThread "ForkJoinPool.commonPool-worker-1" daemon [_thread_blocked, id=20412, stack(0x0000005741b00000,0x0000005741c00000) (1024K)]
  0x000001bc8986d610 JavaThread "HttpClient-1-SelectorManager" daemon [_thread_in_native, id=9388, stack(0x0000005741a00000,0x0000005741b00000) (1024K)]
  0x000001bc895d47d0 JavaThread "External Process Output Forwarder - C:\Users\shend\.cache\selenium\chromedriver\win64\141.0.7390.78\chromedriver.exe" daemon [_thread_in_native, id=13400, stack(0x0000005741c00000,0x0000005741d00000) (1024K)]
  0x000001bc895d4e40 JavaThread "Driver Service Executor"    daemon [_thread_blocked, id=6460, stack(0x0000005741d00000,0x0000005741e00000) (1024K)]
  0x000001bc895d54b0 JavaThread "Driver Service Executor"    daemon [_thread_in_native, id=19424, stack(0x0000005741e00000,0x0000005741f00000) (1024K)]
  0x000001bc895d61d0 JavaThread "UrlChecker-2"               daemon [_thread_blocked, id=9584, stack(0x0000005742000000,0x0000005742100000) (1024K)]
  0x000001bc895c4640 JavaThread "JdkHttpClient-0-0"          daemon [_thread_blocked, id=3920, stack(0x0000005742900000,0x0000005742a00000) (1024K)]
  0x000001bc895c2c00 JavaThread "CompletableFutureDelayScheduler" daemon [_thread_blocked, id=18720, stack(0x0000005742a00000,0x0000005742b00000) (1024K)]
  0x000001bc895c3290 JavaThread "JdkHttpClient-0-1"          daemon [_thread_blocked, id=4920, stack(0x0000005742b00000,0x0000005742c00000) (1024K)]
  0x000001bc895c3920 JavaThread "JdkHttpClient-0-2"          daemon [_thread_blocked, id=13664, stack(0x0000005742c00000,0x0000005742d00000) (1024K)]
  0x000001bc895c2570 JavaThread "JdkHttpClient-0-3"          daemon [_thread_blocked, id=14084, stack(0x0000005742d00000,0x0000005742e00000) (1024K)]
  0x000001bc895c3fb0 JavaThread "DestroyJavaVM"                     [_thread_blocked, id=13576, stack(0x0000005740800000,0x0000005740900000) (1024K)]
  0x000001bc895c1ee0 JavaThread "Logging-Cleaner"                   [_thread_new, id=17236, stack(0x0000005742e00000,0x0000005742f00000) (1024K)]
Total: 23

Other Threads:
  0x000001bc43c4dfa0 VMThread "VM Thread"                           [id=15448, stack(0x0000005740f00000,0x0000005741000000) (1024K)] _threads_hazard_ptr=0x000001bc896db480
  0x000001bc43c344e0 WatcherThread "VM Periodic Task Thread"        [id=17876, stack(0x0000005740e00000,0x0000005740f00000) (1024K)]
  0x000001bc27368640 WorkerThread "GC Thread#0"                     [id=17376, stack(0x0000005740900000,0x0000005740a00000) (1024K)]
  0x000001bc89af4ce0 WorkerThread "GC Thread#1"                     [id=7272, stack(0x0000005742200000,0x0000005742300000) (1024K)]
  0x000001bc89879bc0 WorkerThread "GC Thread#2"                     [id=16500, stack(0x0000005742300000,0x0000005742400000) (1024K)]
  0x000001bc8970e9f0 WorkerThread "GC Thread#3"                     [id=14876, stack(0x0000005742400000,0x0000005742500000) (1024K)]
  0x000001bc895b7330 WorkerThread "GC Thread#4"                     [id=11916, stack(0x0000005742500000,0x0000005742600000) (1024K)]
  0x000001bc895b76d0 WorkerThread "GC Thread#5"                     [id=17092, stack(0x0000005742600000,0x0000005742700000) (1024K)]
  0x000001bc895b7a70 WorkerThread "GC Thread#6"                     [id=7792, stack(0x0000005742700000,0x0000005742800000) (1024K)]
  0x000001bc895b7e10 WorkerThread "GC Thread#7"                     [id=18552, stack(0x0000005742800000,0x0000005742900000) (1024K)]
  0x000001bc27379220 ConcurrentGCThread "G1 Main Marker"            [id=16112, stack(0x0000005740a00000,0x0000005740b00000) (1024K)]
  0x000001bc2737a670 WorkerThread "G1 Conc#0"                       [id=15296, stack(0x0000005740b00000,0x0000005740c00000) (1024K)]
  0x000001bc43b065a0 ConcurrentGCThread "G1 Refine#0"               [id=17944, stack(0x0000005740c00000,0x0000005740d00000) (1024K)]
  0x000001bc43b06f20 ConcurrentGCThread "G1 Service"                [id=14068, stack(0x0000005740d00000,0x0000005740e00000) (1024K)]
Total: 14

Threads with active compile tasks:
C2 CompilerThread0    27963 1663       4       java.lang.invoke.MethodType::makeImpl (109 bytes)
C1 CompilerThread0    27963 1679       3       java.util.TreeMap::fixAfterInsertion (267 bytes)
Total: 2

VM state: synchronizing (normal execution)

VM Mutex/Monitor currently owned by a thread:  ([mutex/lock_event])
[0x00007fff0c937e98] Threads_lock - owner thread: 0x000001bc43c4dfa0

OutOfMemory and StackOverflow Exception counts:
OutOfMemoryError java_heap_errors=1
LinkageErrors=53

Heap address: 0x0000000082000000, size: 2016 MB, Compressed Oops mode: 32-bit

CDS archive(s) mapped at: [0x000001bc44000000-0x000001bc44c90000-0x000001bc44c90000), size 13172736, SharedBaseAddress: 0x000001bc44000000, ArchiveRelocationMode: 1.
Compressed class space mapped at: 0x000001bc45000000-0x000001bc85000000, reserved size: 1073741824
Narrow klass base: 0x000001bc44000000, Narrow klass shift: 0, Narrow klass range: 0x100000000

GC Precious Log:
 CardTable entry size: 512
 Card Set container configuration: InlinePtr #cards 5 size 8 Array Of Cards #cards 12 size 40 Howl #buckets 4 coarsen threshold 1843 Howl Bitmap #cards 512 size 80 coarsen threshold 460 Card regions per heap region 1 cards per card region 2048
 CPUs: 8 total, 8 available
 Memory: 8063M
 Large Page Support: Disabled
 NUMA Support: Disabled
 Compressed Oops: Enabled (32-bit)
 Heap Region Size: 1M
 Heap Min Capacity: 8M
 Heap Initial Capacity: 126M
 Heap Max Capacity: 2016M
 Pre-touch: Disabled
 Parallel Workers: 8
 Concurrent Workers: 2
 Concurrent Refinement Workers: 8
 Periodic GC: Disabled

Heap:
 garbage-first heap   total 129024K, used 12288K [0x0000000082000000, 0x0000000100000000)
  region size 1024K, 9 young (9216K), 3 survivors (3072K)
 Metaspace       used 11568K, committed 11904K, reserved 1114112K
  class space    used 1388K, committed 1536K, reserved 1048576K

Heap Regions: E=young(eden), S=young(survivor), O=old, HS=humongous(starts), HC=humongous(continues), CS=collection set, F=free, TAMS=top-at-mark-start, PB=parsable bottom
|   0|0x0000000082000000, 0x0000000082100000, 0x0000000082100000|100%|HS|  |TAMS 0x0000000082000000| PB 0x0000000082000000| Complete 
|   1|0x0000000082100000, 0x0000000082200000, 0x0000000082200000|100%| O|  |TAMS 0x0000000082100000| PB 0x0000000082100000| Untracked 
|   2|0x0000000082200000, 0x0000000082300000, 0x0000000082300000|100%| O|  |TAMS 0x0000000082200000| PB 0x0000000082200000| Untracked 
|   3|0x0000000082300000, 0x0000000082400000, 0x0000000082400000|100%| O|  |TAMS 0x0000000082300000| PB 0x0000000082300000| Untracked 
|   4|0x0000000082400000, 0x0000000082400000, 0x0000000082500000|  0%| F|  |TAMS 0x0000000082400000| PB 0x0000000082400000| Untracked 
|   5|0x0000000082500000, 0x0000000082500000, 0x0000000082600000|  0%| F|  |TAMS 0x0000000082500000| PB 0x0000000082500000| Untracked 
|   6|0x0000000082600000, 0x0000000082600000, 0x0000000082700000|  0%| F|  |TAMS 0x0000000082600000| PB 0x0000000082600000| Untracked 
|   7|0x0000000082700000, 0x0000000082700000, 0x0000000082800000|  0%| F|  |TAMS 0x0000000082700000| PB 0x0000000082700000| Untracked 
|   8|0x0000000082800000, 0x0000000082800000, 0x0000000082900000|  0%| F|  |TAMS 0x0000000082800000| PB 0x0000000082800000| Untracked 
|   9|0x0000000082900000, 0x0000000082900000, 0x0000000082a00000|  0%| F|  |TAMS 0x0000000082900000| PB 0x0000000082900000| Untracked 
|  10|0x0000000082a00000, 0x0000000082a00000, 0x0000000082b00000|  0%| F|  |TAMS 0x0000000082a00000| PB 0x0000000082a00000| Untracked 
|  11|0x0000000082b00000, 0x0000000082b00000, 0x0000000082c00000|  0%| F|  |TAMS 0x0000000082b00000| PB 0x0000000082b00000| Untracked 
|  12|0x0000000082c00000, 0x0000000082c00000, 0x0000000082d00000|  0%| F|  |TAMS 0x0000000082c00000| PB 0x0000000082c00000| Untracked 
|  13|0x0000000082d00000, 0x0000000082d00000, 0x0000000082e00000|  0%| F|  |TAMS 0x0000000082d00000| PB 0x0000000082d00000| Untracked 
|  14|0x0000000082e00000, 0x0000000082e00000, 0x0000000082f00000|  0%| F|  |TAMS 0x0000000082e00000| PB 0x0000000082e00000| Untracked 
|  15|0x0000000082f00000, 0x0000000082f00000, 0x0000000083000000|  0%| F|  |TAMS 0x0000000082f00000| PB 0x0000000082f00000| Untracked 
|  16|0x0000000083000000, 0x0000000083000000, 0x0000000083100000|  0%| F|  |TAMS 0x0000000083000000| PB 0x0000000083000000| Untracked 
|  17|0x0000000083100000, 0x0000000083100000, 0x0000000083200000|  0%| F|  |TAMS 0x0000000083100000| PB 0x0000000083100000| Untracked 
|  18|0x0000000083200000, 0x0000000083200000, 0x0000000083300000|  0%| F|  |TAMS 0x0000000083200000| PB 0x0000000083200000| Untracked 
|  19|0x0000000083300000, 0x0000000083300000, 0x0000000083400000|  0%| F|  |TAMS 0x0000000083300000| PB 0x0000000083300000| Untracked 
|  20|0x0000000083400000, 0x0000000083400000, 0x0000000083500000|  0%| F|  |TAMS 0x0000000083400000| PB 0x0000000083400000| Untracked 
|  21|0x0000000083500000, 0x0000000083500000, 0x0000000083600000|  0%| F|  |TAMS 0x0000000083500000| PB 0x0000000083500000| Untracked 
|  22|0x0000000083600000, 0x0000000083600000, 0x0000000083700000|  0%| F|  |TAMS 0x0000000083600000| PB 0x0000000083600000| Untracked 
|  23|0x0000000083700000, 0x0000000083700000, 0x0000000083800000|  0%| F|  |TAMS 0x0000000083700000| PB 0x0000000083700000| Untracked 
|  24|0x0000000083800000, 0x0000000083800000, 0x0000000083900000|  0%| F|  |TAMS 0x0000000083800000| PB 0x0000000083800000| Untracked 
|  25|0x0000000083900000, 0x0000000083900000, 0x0000000083a00000|  0%| F|  |TAMS 0x0000000083900000| PB 0x0000000083900000| Untracked 
|  26|0x0000000083a00000, 0x0000000083a00000, 0x0000000083b00000|  0%| F|  |TAMS 0x0000000083a00000| PB 0x0000000083a00000| Untracked 
|  27|0x0000000083b00000, 0x0000000083b00000, 0x0000000083c00000|  0%| F|  |TAMS 0x0000000083b00000| PB 0x0000000083b00000| Untracked 
|  28|0x0000000083c00000, 0x0000000083c00000, 0x0000000083d00000|  0%| F|  |TAMS 0x0000000083c00000| PB 0x0000000083c00000| Untracked 
|  29|0x0000000083d00000, 0x0000000083d00000, 0x0000000083e00000|  0%| F|  |TAMS 0x0000000083d00000| PB 0x0000000083d00000| Untracked 
|  30|0x0000000083e00000, 0x0000000083e00000, 0x0000000083f00000|  0%| F|  |TAMS 0x0000000083e00000| PB 0x0000000083e00000| Untracked 
|  31|0x0000000083f00000, 0x0000000083f00000, 0x0000000084000000|  0%| F|  |TAMS 0x0000000083f00000| PB 0x0000000083f00000| Untracked 
|  32|0x0000000084000000, 0x0000000084000000, 0x0000000084100000|  0%| F|  |TAMS 0x0000000084000000| PB 0x0000000084000000| Untracked 
|  33|0x0000000084100000, 0x0000000084100000, 0x0000000084200000|  0%| F|  |TAMS 0x0000000084100000| PB 0x0000000084100000| Untracked 
|  34|0x0000000084200000, 0x0000000084200000, 0x0000000084300000|  0%| F|  |TAMS 0x0000000084200000| PB 0x0000000084200000| Untracked 
|  35|0x0000000084300000, 0x0000000084300000, 0x0000000084400000|  0%| F|  |TAMS 0x0000000084300000| PB 0x0000000084300000| Untracked 
|  36|0x0000000084400000, 0x0000000084400000, 0x0000000084500000|  0%| F|  |TAMS 0x0000000084400000| PB 0x0000000084400000| Untracked 
|  37|0x0000000084500000, 0x0000000084500000, 0x0000000084600000|  0%| F|  |TAMS 0x0000000084500000| PB 0x0000000084500000| Untracked 
|  38|0x0000000084600000, 0x0000000084600000, 0x0000000084700000|  0%| F|  |TAMS 0x0000000084600000| PB 0x0000000084600000| Untracked 
|  39|0x0000000084700000, 0x0000000084700000, 0x0000000084800000|  0%| F|  |TAMS 0x0000000084700000| PB 0x0000000084700000| Untracked 
|  40|0x0000000084800000, 0x0000000084800000, 0x0000000084900000|  0%| F|  |TAMS 0x0000000084800000| PB 0x0000000084800000| Untracked 
|  41|0x0000000084900000, 0x0000000084900000, 0x0000000084a00000|  0%| F|  |TAMS 0x0000000084900000| PB 0x0000000084900000| Untracked 
|  42|0x0000000084a00000, 0x0000000084a00000, 0x0000000084b00000|  0%| F|  |TAMS 0x0000000084a00000| PB 0x0000000084a00000| Untracked 
|  43|0x0000000084b00000, 0x0000000084b00000, 0x0000000084c00000|  0%| F|  |TAMS 0x0000000084b00000| PB 0x0000000084b00000| Untracked 
|  44|0x0000000084c00000, 0x0000000084c00000, 0x0000000084d00000|  0%| F|  |TAMS 0x0000000084c00000| PB 0x0000000084c00000| Untracked 
|  45|0x0000000084d00000, 0x0000000084d00000, 0x0000000084e00000|  0%| F|  |TAMS 0x0000000084d00000| PB 0x0000000084d00000| Untracked 
|  46|0x0000000084e00000, 0x0000000084e00000, 0x0000000084f00000|  0%| F|  |TAMS 0x0000000084e00000| PB 0x0000000084e00000| Untracked 
|  47|0x0000000084f00000, 0x0000000084f00000, 0x0000000085000000|  0%| F|  |TAMS 0x0000000084f00000| PB 0x0000000084f00000| Untracked 
|  48|0x0000000085000000, 0x0000000085000000, 0x0000000085100000|  0%| F|  |TAMS 0x0000000085000000| PB 0x0000000085000000| Untracked 
|  49|0x0000000085100000, 0x0000000085100000, 0x0000000085200000|  0%| F|  |TAMS 0x0000000085100000| PB 0x0000000085100000| Untracked 
|  50|0x0000000085200000, 0x0000000085200000, 0x0000000085300000|  0%| F|  |TAMS 0x0000000085200000| PB 0x0000000085200000| Untracked 
|  51|0x0000000085300000, 0x0000000085300000, 0x0000000085400000|  0%| F|  |TAMS 0x0000000085300000| PB 0x0000000085300000| Untracked 
|  52|0x0000000085400000, 0x0000000085400000, 0x0000000085500000|  0%| F|  |TAMS 0x0000000085400000| PB 0x0000000085400000| Untracked 
|  53|0x0000000085500000, 0x0000000085500000, 0x0000000085600000|  0%| F|  |TAMS 0x0000000085500000| PB 0x0000000085500000| Untracked 
|  54|0x0000000085600000, 0x0000000085600000, 0x0000000085700000|  0%| F|  |TAMS 0x0000000085600000| PB 0x0000000085600000| Untracked 
|  55|0x0000000085700000, 0x0000000085700000, 0x0000000085800000|  0%| F|  |TAMS 0x0000000085700000| PB 0x0000000085700000| Untracked 
|  56|0x0000000085800000, 0x0000000085800000, 0x0000000085900000|  0%| F|  |TAMS 0x0000000085800000| PB 0x0000000085800000| Untracked 
|  57|0x0000000085900000, 0x0000000085900000, 0x0000000085a00000|  0%| F|  |TAMS 0x0000000085900000| PB 0x0000000085900000| Untracked 
|  58|0x0000000085a00000, 0x0000000085a00000, 0x0000000085b00000|  0%| F|  |TAMS 0x0000000085a00000| PB 0x0000000085a00000| Untracked 
|  59|0x0000000085b00000, 0x0000000085b00000, 0x0000000085c00000|  0%| F|  |TAMS 0x0000000085b00000| PB 0x0000000085b00000| Untracked 
|  60|0x0000000085c00000, 0x0000000085c00000, 0x0000000085d00000|  0%| F|  |TAMS 0x0000000085c00000| PB 0x0000000085c00000| Untracked 
|  61|0x0000000085d00000, 0x0000000085d00000, 0x0000000085e00000|  0%| F|  |TAMS 0x0000000085d00000| PB 0x0000000085d00000| Untracked 
|  62|0x0000000085e00000, 0x0000000085e00000, 0x0000000085f00000|  0%| F|  |TAMS 0x0000000085e00000| PB 0x0000000085e00000| Untracked 
|  63|0x0000000085f00000, 0x0000000085f00000, 0x0000000086000000|  0%| F|  |TAMS 0x0000000085f00000| PB 0x0000000085f00000| Untracked 
|  64|0x0000000086000000, 0x0000000086000000, 0x0000000086100000|  0%| F|  |TAMS 0x0000000086000000| PB 0x0000000086000000| Untracked 
|  65|0x0000000086100000, 0x0000000086100000, 0x0000000086200000|  0%| F|  |TAMS 0x0000000086100000| PB 0x0000000086100000| Untracked 
|  66|0x0000000086200000, 0x0000000086200000, 0x0000000086300000|  0%| F|  |TAMS 0x0000000086200000| PB 0x0000000086200000| Untracked 
|  67|0x0000000086300000, 0x0000000086300000, 0x0000000086400000|  0%| F|  |TAMS 0x0000000086300000| PB 0x0000000086300000| Untracked 
|  68|0x0000000086400000, 0x0000000086400000, 0x0000000086500000|  0%| F|  |TAMS 0x0000000086400000| PB 0x0000000086400000| Untracked 
|  69|0x0000000086500000, 0x0000000086500000, 0x0000000086600000|  0%| F|  |TAMS 0x0000000086500000| PB 0x0000000086500000| Untracked 
|  70|0x0000000086600000, 0x0000000086600000, 0x0000000086700000|  0%| F|  |TAMS 0x0000000086600000| PB 0x0000000086600000| Untracked 
|  71|0x0000000086700000, 0x0000000086700000, 0x0000000086800000|  0%| F|  |TAMS 0x0000000086700000| PB 0x0000000086700000| Untracked 
|  72|0x0000000086800000, 0x0000000086800000, 0x0000000086900000|  0%| F|  |TAMS 0x0000000086800000| PB 0x0000000086800000| Untracked 
|  73|0x0000000086900000, 0x0000000086900000, 0x0000000086a00000|  0%| F|  |TAMS 0x0000000086900000| PB 0x0000000086900000| Untracked 
|  74|0x0000000086a00000, 0x0000000086a00000, 0x0000000086b00000|  0%| F|  |TAMS 0x0000000086a00000| PB 0x0000000086a00000| Untracked 
|  75|0x0000000086b00000, 0x0000000086b00000, 0x0000000086c00000|  0%| F|  |TAMS 0x0000000086b00000| PB 0x0000000086b00000| Untracked 
|  76|0x0000000086c00000, 0x0000000086c00000, 0x0000000086d00000|  0%| F|  |TAMS 0x0000000086c00000| PB 0x0000000086c00000| Untracked 
|  77|0x0000000086d00000, 0x0000000086d00000, 0x0000000086e00000|  0%| F|  |TAMS 0x0000000086d00000| PB 0x0000000086d00000| Untracked 
|  78|0x0000000086e00000, 0x0000000086e00000, 0x0000000086f00000|  0%| F|  |TAMS 0x0000000086e00000| PB 0x0000000086e00000| Untracked 
|  79|0x0000000086f00000, 0x0000000086f00000, 0x0000000087000000|  0%| F|  |TAMS 0x0000000086f00000| PB 0x0000000086f00000| Untracked 
|  80|0x0000000087000000, 0x0000000087000000, 0x0000000087100000|  0%| F|  |TAMS 0x0000000087000000| PB 0x0000000087000000| Untracked 
|  81|0x0000000087100000, 0x0000000087100000, 0x0000000087200000|  0%| F|  |TAMS 0x0000000087100000| PB 0x0000000087100000| Untracked 
|  82|0x0000000087200000, 0x0000000087200000, 0x0000000087300000|  0%| F|  |TAMS 0x0000000087200000| PB 0x0000000087200000| Untracked 
|  83|0x0000000087300000, 0x0000000087300000, 0x0000000087400000|  0%| F|  |TAMS 0x0000000087300000| PB 0x0000000087300000| Untracked 
|  84|0x0000000087400000, 0x0000000087400000, 0x0000000087500000|  0%| F|  |TAMS 0x0000000087400000| PB 0x0000000087400000| Untracked 
|  85|0x0000000087500000, 0x0000000087500000, 0x0000000087600000|  0%| F|  |TAMS 0x0000000087500000| PB 0x0000000087500000| Untracked 
|  86|0x0000000087600000, 0x0000000087600000, 0x0000000087700000|  0%| F|  |TAMS 0x0000000087600000| PB 0x0000000087600000| Untracked 
|  87|0x0000000087700000, 0x0000000087700000, 0x0000000087800000|  0%| F|  |TAMS 0x0000000087700000| PB 0x0000000087700000| Untracked 
|  88|0x0000000087800000, 0x0000000087800000, 0x0000000087900000|  0%| F|  |TAMS 0x0000000087800000| PB 0x0000000087800000| Untracked 
|  89|0x0000000087900000, 0x0000000087900000, 0x0000000087a00000|  0%| F|  |TAMS 0x0000000087900000| PB 0x0000000087900000| Untracked 
|  90|0x0000000087a00000, 0x0000000087a00000, 0x0000000087b00000|  0%| F|  |TAMS 0x0000000087a00000| PB 0x0000000087a00000| Untracked 
|  91|0x0000000087b00000, 0x0000000087b00000, 0x0000000087c00000|  0%| F|  |TAMS 0x0000000087b00000| PB 0x0000000087b00000| Untracked 
|  92|0x0000000087c00000, 0x0000000087c00000, 0x0000000087d00000|  0%| F|  |TAMS 0x0000000087c00000| PB 0x0000000087c00000| Untracked 
|  93|0x0000000087d00000, 0x0000000087d00000, 0x0000000087e00000|  0%| F|  |TAMS 0x0000000087d00000| PB 0x0000000087d00000| Untracked 
|  94|0x0000000087e00000, 0x0000000087e00000, 0x0000000087f00000|  0%| F|  |TAMS 0x0000000087e00000| PB 0x0000000087e00000| Untracked 
|  95|0x0000000087f00000, 0x0000000087f00000, 0x0000000088000000|  0%| F|  |TAMS 0x0000000087f00000| PB 0x0000000087f00000| Untracked 
|  96|0x0000000088000000, 0x0000000088000000, 0x0000000088100000|  0%| F|  |TAMS 0x0000000088000000| PB 0x0000000088000000| Untracked 
|  97|0x0000000088100000, 0x0000000088100000, 0x0000000088200000|  0%| F|  |TAMS 0x0000000088100000| PB 0x0000000088100000| Untracked 
|  98|0x0000000088200000, 0x0000000088200000, 0x0000000088300000|  0%| F|  |TAMS 0x0000000088200000| PB 0x0000000088200000| Untracked 
|  99|0x0000000088300000, 0x0000000088300000, 0x0000000088400000|  0%| F|  |TAMS 0x0000000088300000| PB 0x0000000088300000| Untracked 
| 100|0x0000000088400000, 0x0000000088500000, 0x0000000088500000|100%| S|CS|TAMS 0x0000000088400000| PB 0x0000000088400000| Complete 
| 101|0x0000000088500000, 0x0000000088600000, 0x0000000088600000|100%| S|CS|TAMS 0x0000000088500000| PB 0x0000000088500000| Complete 
| 102|0x0000000088600000, 0x0000000088700000, 0x0000000088700000|100%| S|CS|TAMS 0x0000000088600000| PB 0x0000000088600000| Complete 
| 103|0x0000000088700000, 0x0000000088700000, 0x0000000088800000|  0%| F|  |TAMS 0x0000000088700000| PB 0x0000000088700000| Untracked 
| 104|0x0000000088800000, 0x0000000088800000, 0x0000000088900000|  0%| F|  |TAMS 0x0000000088800000| PB 0x0000000088800000| Untracked 
| 105|0x0000000088900000, 0x0000000088900000, 0x0000000088a00000|  0%| F|  |TAMS 0x0000000088900000| PB 0x0000000088900000| Untracked 
| 106|0x0000000088a00000, 0x0000000088a00000, 0x0000000088b00000|  0%| F|  |TAMS 0x0000000088a00000| PB 0x0000000088a00000| Untracked 
| 107|0x0000000088b00000, 0x0000000088b00000, 0x0000000088c00000|  0%| F|  |TAMS 0x0000000088b00000| PB 0x0000000088b00000| Untracked 
| 108|0x0000000088c00000, 0x0000000088c00000, 0x0000000088d00000|  0%| F|  |TAMS 0x0000000088c00000| PB 0x0000000088c00000| Untracked 
| 109|0x0000000088d00000, 0x0000000088d00000, 0x0000000088e00000|  0%| F|  |TAMS 0x0000000088d00000| PB 0x0000000088d00000| Untracked 
| 110|0x0000000088e00000, 0x0000000088e00000, 0x0000000088f00000|  0%| F|  |TAMS 0x0000000088e00000| PB 0x0000000088e00000| Untracked 
| 111|0x0000000088f00000, 0x0000000088f00000, 0x0000000089000000|  0%| F|  |TAMS 0x0000000088f00000| PB 0x0000000088f00000| Untracked 
| 112|0x0000000089000000, 0x0000000089000000, 0x0000000089100000|  0%| F|  |TAMS 0x0000000089000000| PB 0x0000000089000000| Untracked 
| 113|0x0000000089100000, 0x0000000089100000, 0x0000000089200000|  0%| F|  |TAMS 0x0000000089100000| PB 0x0000000089100000| Untracked 
| 114|0x0000000089200000, 0x0000000089200000, 0x0000000089300000|  0%| F|  |TAMS 0x0000000089200000| PB 0x0000000089200000| Untracked 
| 115|0x0000000089300000, 0x0000000089300000, 0x0000000089400000|  0%| F|  |TAMS 0x0000000089300000| PB 0x0000000089300000| Untracked 
| 116|0x0000000089400000, 0x0000000089400000, 0x0000000089500000|  0%| F|  |TAMS 0x0000000089400000| PB 0x0000000089400000| Untracked 
| 117|0x0000000089500000, 0x0000000089500000, 0x0000000089600000|  0%| F|  |TAMS 0x0000000089500000| PB 0x0000000089500000| Untracked 
| 118|0x0000000089600000, 0x0000000089600000, 0x0000000089700000|  0%| F|  |TAMS 0x0000000089600000| PB 0x0000000089600000| Untracked 
| 119|0x0000000089700000, 0x0000000089700000, 0x0000000089800000|  0%| F|  |TAMS 0x0000000089700000| PB 0x0000000089700000| Untracked 
| 120|0x0000000089800000, 0x00000000898dda80, 0x0000000089900000| 86%| E|  |TAMS 0x0000000089800000| PB 0x0000000089800000| Complete 
| 121|0x0000000089900000, 0x0000000089a00000, 0x0000000089a00000|100%| E|CS|TAMS 0x0000000089900000| PB 0x0000000089900000| Complete 
| 122|0x0000000089a00000, 0x0000000089b00000, 0x0000000089b00000|100%| E|CS|TAMS 0x0000000089a00000| PB 0x0000000089a00000| Complete 
| 123|0x0000000089b00000, 0x0000000089c00000, 0x0000000089c00000|100%| E|CS|TAMS 0x0000000089b00000| PB 0x0000000089b00000| Complete 
| 124|0x0000000089c00000, 0x0000000089d00000, 0x0000000089d00000|100%| E|CS|TAMS 0x0000000089c00000| PB 0x0000000089c00000| Complete 
| 125|0x0000000089d00000, 0x0000000089e00000, 0x0000000089e00000|100%| E|CS|TAMS 0x0000000089d00000| PB 0x0000000089d00000| Complete 

Card table byte_map: [0x000001bc3eea0000,0x000001bc3f290000] _byte_map_base: 0x000001bc3ea90000

Marking Bits: (CMBitMap*) 0x000001bc27368d40
 Bits: [0x000001bc3f290000, 0x000001bc41210000)

Polling page: 0x000001bc252e0000

Metaspace:

Usage:
  Non-class:      9.94 MB used.
      Class:      1.36 MB used.
       Both:     11.30 MB used.

Virtual space:
  Non-class space:       64.00 MB reserved,      10.12 MB ( 16%) committed,  1 nodes.
      Class space:        1.00 GB reserved,       1.50 MB ( <1%) committed,  1 nodes.
             Both:        1.06 GB reserved,      11.62 MB (  1%) committed. 

Chunk freelists:
   Non-Class:  5.70 MB
       Class:  14.44 MB
        Both:  20.14 MB

MaxMetaspaceSize: unlimited
CompressedClassSpaceSize: 1.00 GB
Initial GC threshold: 21.00 MB
Current GC threshold: 21.00 MB
CDS: on
 - commit_granule_bytes: 65536.
 - commit_granule_words: 8192.
 - virtual_space_node_default_size: 8388608.
 - enlarge_chunks_in_place: 1.
 - use_allocation_guard: 0.


Internal statistics:

num_allocs_failed_limit: 0.
num_arena_births: 314.
num_arena_deaths: 0.
num_vsnodes_births: 2.
num_vsnodes_deaths: 0.
num_space_committed: 186.
num_space_uncommitted: 0.
num_chunks_returned_to_freelist: 0.
num_chunks_taken_from_freelist: 566.
num_chunk_merges: 0.
num_chunk_splits: 330.
num_chunks_enlarged: 176.
num_inconsistent_stats: 0.

CodeHeap 'non-profiled nmethods': size=120000Kb used=525Kb max_used=525Kb free=119474Kb
 bounds [0x000001bc37250000, 0x000001bc374c0000, 0x000001bc3e780000]
CodeHeap 'profiled nmethods': size=120000Kb used=3144Kb max_used=3144Kb free=116856Kb
 bounds [0x000001bc2f780000, 0x000001bc2faa0000, 0x000001bc36cb0000]
CodeHeap 'non-nmethods': size=5760Kb used=1445Kb max_used=1469Kb free=4314Kb
 bounds [0x000001bc36cb0000, 0x000001bc36f20000, 0x000001bc37250000]
 total_blobs=2208 nmethods=1675 adapters=438
 compilation: enabled
              stopped_count=0, restarted_count=0
 full_count=0

Compilation events (20 events):
Event: 26.585 Thread 0x000001bc43c81ad0 nmethod 1655 0x000001bc372d2790 code [0x000001bc372d2920, 0x000001bc372d29e8]
Event: 26.585 Thread 0x000001bc43c81ad0 1656       1       java.util.stream.Collectors$CollectorImpl::combiner (5 bytes)
Event: 26.585 Thread 0x000001bc43c81ad0 nmethod 1656 0x000001bc372d2a90 code [0x000001bc372d2c20, 0x000001bc372d2ce8]
Event: 26.585 Thread 0x000001bc43c81ad0 1657       1       java.lang.invoke.MethodHandleImpl$AsVarargsCollector::getTarget (5 bytes)
Event: 26.586 Thread 0x000001bc43c81ad0 nmethod 1657 0x000001bc372d2d90 code [0x000001bc372d2f20, 0x000001bc372d2fe8]
Event: 26.588 Thread 0x000001bc43c81ad0 1658       3       java.io.File::<init> (47 bytes)
Event: 26.588 Thread 0x000001bc43c81ad0 nmethod 1658 0x000001bc2fa87390 code [0x000001bc2fa87560, 0x000001bc2fa878f0]
Event: 26.589 Thread 0x000001bc43c81ad0 1659       1       java.util.stream.ReduceOps$Box::get (5 bytes)
Event: 26.589 Thread 0x000001bc43c81ad0 nmethod 1659 0x000001bc372d3090 code [0x000001bc372d3220, 0x000001bc372d32e8]
Event: 26.590 Thread 0x000001bc43c81ad0 1660       3       java.lang.Character::isJavaIdentifierPart (9 bytes)
Event: 26.590 Thread 0x000001bc43c81ad0 nmethod 1660 0x000001bc2fa87a10 code [0x000001bc2fa87bc0, 0x000001bc2fa87db8]
Event: 26.590 Thread 0x000001bc43c81ad0 1661       3       java.lang.CharacterDataLatin1::isJavaIdentifierPart (20 bytes)
Event: 26.590 Thread 0x000001bc43c81030 1663       4       java.lang.invoke.MethodType::makeImpl (109 bytes)
Event: 26.590 Thread 0x000001bc43c81ad0 nmethod 1661 0x000001bc2fa87e90 code [0x000001bc2fa88040, 0x000001bc2fa88250]
Event: 26.590 Thread 0x000001bc43c81ad0 1662       3       java.util.stream.Collectors$$Lambda/0x000001bc4515fac8::accept (14 bytes)
Event: 26.591 Thread 0x000001bc43c81ad0 nmethod 1662 0x000001bc2fa88390 code [0x000001bc2fa88580, 0x000001bc2fa88b20]
Event: 26.591 Thread 0x000001bc43c81ad0 1664       3       java.util.HashMap::containsKey (14 bytes)
Event: 26.591 Thread 0x000001bc43c81ad0 nmethod 1664 0x000001bc2fa88d90 code [0x000001bc2fa88f40, 0x000001bc2fa890d0]
Event: 26.593 Thread 0x000001bc43c81ad0 1666       3       java.util.jar.JarFile::getVersionedEntry (133 bytes)
Event: 26.594 Thread 0x000001bc43c81ad0 nmethod 1666 0x000001bc2fa89190 code [0x000001bc2fa89460, 0x000001bc2fa8a1f0]

GC Heap History (2 events):
Event: 16.567 GC heap before
{Heap before GC invocations=0 (full 0):
 garbage-first heap   total 129024K, used 23552K [0x0000000082000000, 0x0000000100000000)
  region size 1024K, 23 young (23552K), 0 survivors (0K)
 Metaspace       used 9545K, committed 9856K, reserved 1114112K
  class space    used 1090K, committed 1216K, reserved 1048576K
}
Event: 16.576 GC heap after
{Heap after GC invocations=1 (full 0):
 garbage-first heap   total 129024K, used 7168K [0x0000000082000000, 0x0000000100000000)
  region size 1024K, 3 young (3072K), 3 survivors (3072K)
 Metaspace       used 9545K, committed 9856K, reserved 1114112K
  class space    used 1090K, committed 1216K, reserved 1048576K
}

Dll operation events (10 events):
Event: 0.007 Loaded shared library C:\Program Files\Java\jdk-21\bin\java.dll
Event: 0.036 Loaded shared library C:\Program Files\Java\jdk-21\bin\jsvml.dll
Event: 0.165 Loaded shared library C:\Program Files\Java\jdk-21\bin\net.dll
Event: 0.167 Loaded shared library C:\Program Files\Java\jdk-21\bin\nio.dll
Event: 0.169 Loaded shared library C:\Program Files\Java\jdk-21\bin\zip.dll
Event: 0.230 Loaded shared library C:\Program Files\Java\jdk-21\bin\jimage.dll
Event: 0.309 Loaded shared library C:\Program Files\Java\jdk-21\bin\extnet.dll
Event: 0.359 Loaded shared library C:\Program Files\Java\jdk-21\bin\management.dll
Event: 0.362 Loaded shared library C:\Program Files\Java\jdk-21\bin\management_ext.dll
Event: 16.139 Loaded shared library C:\Program Files\Java\jdk-21\bin\sunmscapi.dll

Deoptimization events (20 events):
Event: 16.577 Thread 0x000001bc43c6bd70 Uncommon trap: trap_request=0xffffff45 fr.pc=0x000001bc3728a3c8 relative=0x0000000000000048
Event: 16.577 Thread 0x000001bc43c6bd70 Uncommon trap: reason=unstable_if action=reinterpret pc=0x000001bc3728a3c8 method=java.util.concurrent.locks.AbstractQueuedSynchronizer.signalNext(Ljava/util/concurrent/locks/AbstractQueuedSynchronizer$Node;)V @ 1 c2
Event: 16.577 Thread 0x000001bc43c6bd70 DEOPT PACKING pc=0x000001bc3728a3c8 sp=0x00000057410feec0
Event: 16.577 Thread 0x000001bc43c6bd70 DEOPT UNPACKING pc=0x000001bc36d046a2 sp=0x00000057410fee50 mode 2
Event: 16.798 Thread 0x000001bc895c4640 Uncommon trap: trap_request=0xffffffde fr.pc=0x000001bc372ca25c relative=0x000000000000013c
Event: 16.798 Thread 0x000001bc895c4640 Uncommon trap: reason=class_check action=maybe_recompile pc=0x000001bc372ca25c method=jdk.internal.misc.Unsafe.allocateUninitializedArray(Ljava/lang/Class;I)Ljava/lang/Object; @ 51 c2
Event: 16.798 Thread 0x000001bc895c4640 DEOPT PACKING pc=0x000001bc372ca25c sp=0x00000057429f9b10
Event: 16.798 Thread 0x000001bc895c4640 DEOPT UNPACKING pc=0x000001bc36d046a2 sp=0x00000057429f9a88 mode 2
Event: 16.798 Thread 0x000001bc895c4640 Uncommon trap: trap_request=0xffffffde fr.pc=0x000001bc372ca25c relative=0x000000000000013c
Event: 16.798 Thread 0x000001bc895c4640 Uncommon trap: reason=class_check action=maybe_recompile pc=0x000001bc372ca25c method=jdk.internal.misc.Unsafe.allocateUninitializedArray(Ljava/lang/Class;I)Ljava/lang/Object; @ 51 c2
Event: 16.798 Thread 0x000001bc895c4640 DEOPT PACKING pc=0x000001bc372ca25c sp=0x00000057429f9ac0
Event: 16.798 Thread 0x000001bc895c4640 DEOPT UNPACKING pc=0x000001bc36d046a2 sp=0x00000057429f9a38 mode 2
Event: 16.798 Thread 0x000001bc895c4640 Uncommon trap: trap_request=0xffffffde fr.pc=0x000001bc372ca25c relative=0x000000000000013c
Event: 16.798 Thread 0x000001bc895c4640 Uncommon trap: reason=class_check action=maybe_recompile pc=0x000001bc372ca25c method=jdk.internal.misc.Unsafe.allocateUninitializedArray(Ljava/lang/Class;I)Ljava/lang/Object; @ 51 c2
Event: 16.798 Thread 0x000001bc895c4640 DEOPT PACKING pc=0x000001bc372ca25c sp=0x00000057429fd100
Event: 16.798 Thread 0x000001bc895c4640 DEOPT UNPACKING pc=0x000001bc36d046a2 sp=0x00000057429fd078 mode 2
Event: 16.798 Thread 0x000001bc895c4640 Uncommon trap: trap_request=0xffffffde fr.pc=0x000001bc372ca25c relative=0x000000000000013c
Event: 16.798 Thread 0x000001bc895c4640 Uncommon trap: reason=class_check action=maybe_recompile pc=0x000001bc372ca25c method=jdk.internal.misc.Unsafe.allocateUninitializedArray(Ljava/lang/Class;I)Ljava/lang/Object; @ 51 c2
Event: 16.798 Thread 0x000001bc895c4640 DEOPT PACKING pc=0x000001bc372ca25c sp=0x00000057429fd0b0
Event: 16.798 Thread 0x000001bc895c4640 DEOPT UNPACKING pc=0x000001bc36d046a2 sp=0x00000057429fd028 mode 2

Classes loaded (20 events):
Event: 25.872 Loading class java/util/stream/LongPipeline$StatelessOp done
Event: 25.872 Loading class java/util/stream/ReferencePipeline$5 done
Event: 25.872 Loading class java/util/stream/FindOps$FindSink$OfLong
Event: 25.951 Loading class java/util/stream/Sink$OfLong
Event: 25.968 Loading class java/util/stream/Sink$OfLong done
Event: 25.968 Loading class java/util/stream/FindOps$FindSink$OfLong done
Event: 25.968 Loading class java/util/OptionalLong
Event: 26.029 Loading class java/util/OptionalLong done
Event: 26.030 Loading class java/util/stream/ReferencePipeline$5$1
Event: 26.030 Loading class java/util/stream/ReferencePipeline$5$1 done
Event: 26.030 Loading class java/lang/invoke/VarHandleBytes$FieldInstanceReadWrite
Event: 26.161 Loading class java/lang/invoke/VarHandleBytes$FieldInstanceReadOnly
Event: 26.250 Loading class java/lang/invoke/VarHandleBytes$FieldInstanceReadOnly done
Event: 26.250 Loading class java/lang/invoke/VarHandleBytes$FieldInstanceReadWrite done
Event: 26.480 Loading class java/util/ImmutableCollections$Access
Event: 26.511 Loading class java/util/ImmutableCollections$Access done
Event: 26.511 Loading class java/util/ImmutableCollections$Access$1
Event: 26.580 Loading class jdk/internal/access/JavaUtilCollectionAccess
Event: 26.580 Loading class jdk/internal/access/JavaUtilCollectionAccess done
Event: 26.580 Loading class java/util/ImmutableCollections$Access$1 done

Classes unloaded (0 events):
No events

Classes redefined (0 events):
No events

Internal exceptions (20 events):
Event: 14.675 Thread 0x000001bc27315620 Exception <a 'java/lang/NoSuchMethodError'{0x0000000089147ba0}: 'int java.lang.invoke.DirectMethodHandle$Holder.invokeStatic(java.lang.Object, java.lang.Object, java.lang.Object, java.lang.Object)'> (0x0000000089147ba0) 
thrown [s\open\src\hotspot\share\interpreter\linkResolver.cpp, line 773]
Event: 14.676 Thread 0x000001bc27315620 Exception <a 'java/lang/NoSuchMethodError'{0x000000008914b220}: 'java.lang.Object java.lang.invoke.Invokers$Holder.invokeExact_MT(java.lang.Object, java.lang.Object, java.lang.Object, java.lang.Object, java.lang.Object, java.lang.Object)'> (0x000000008914b220) 
thrown [s\open\src\hotspot\share\interpreter\linkResolver.cpp, line 773]
Event: 14.802 Thread 0x000001bc27315620 Exception <a 'sun/nio/fs/WindowsException'{0x000000008905b3d8}> (0x000000008905b3d8) 
thrown [s\open\src\hotspot\share\prims\jni.cpp, line 520]
Event: 15.074 Thread 0x000001bc27315620 Exception <a 'java/lang/NoSuchMethodError'{0x0000000088e897b8}: 'void java.lang.invoke.DirectMethodHandle$Holder.invokeVirtual(java.lang.Object, java.lang.Object)'> (0x0000000088e897b8) 
thrown [s\open\src\hotspot\share\interpreter\linkResolver.cpp, line 773]
Event: 15.128 Thread 0x000001bc27315620 Exception <a 'java/lang/NoSuchMethodError'{0x0000000088a8fb18}: 'java.lang.Object java.lang.invoke.DirectMethodHandle$Holder.invokeStaticInit(java.lang.Object, int, int, int, int)'> (0x0000000088a8fb18) 
thrown [s\open\src\hotspot\share\interpreter\linkResolver.cpp, line 773]
Event: 16.073 Thread 0x000001bc27315620 Exception <a 'java/lang/NoSuchMethodError'{0x00000000889386f0}: 'java.lang.Object java.lang.invoke.DirectMethodHandle$Holder.invokeStaticInit(java.lang.Object, java.lang.Object, int, int, int, int)'> (0x00000000889386f0) 
thrown [s\open\src\hotspot\share\interpreter\linkResolver.cpp, line 773]
Event: 16.252 Thread 0x000001bc27315620 Exception <a 'java/lang/NoSuchMethodError'{0x0000000088871ab0}: 'java.lang.Object java.lang.invoke.DirectMethodHandle$Holder.invokeInterface(java.lang.Object, java.lang.Object, java.lang.Object)'> (0x0000000088871ab0) 
thrown [s\open\src\hotspot\share\interpreter\linkResolver.cpp, line 773]
Event: 16.253 Thread 0x000001bc27315620 Exception <a 'java/lang/IncompatibleClassChangeError'{0x0000000088874e98}: Found class java.lang.Object, but interface was expected> (0x0000000088874e98) 
thrown [s\open\src\hotspot\share\interpreter\linkResolver.cpp, line 840]
Event: 16.257 Thread 0x000001bc27315620 Exception <a 'java/lang/NoSuchMethodError'{0x000000008887c318}: 'int java.lang.invoke.DirectMethodHandle$Holder.invokeSpecialIFC(java.lang.Object, java.lang.Object, java.lang.Object, java.lang.Object)'> (0x000000008887c318) 
thrown [s\open\src\hotspot\share\interpreter\linkResolver.cpp, line 773]
Event: 16.260 Thread 0x000001bc27315620 Exception <a 'java/lang/NoSuchMethodError'{0x000000008889eaa0}: 'java.lang.Object java.lang.invoke.DirectMethodHandle$Holder.invokeVirtual(java.lang.Object, java.lang.Object, java.lang.Object, java.lang.Object)'> (0x000000008889eaa0) 
thrown [s\open\src\hotspot\share\interpreter\linkResolver.cpp, line 773]
Event: 16.359 Thread 0x000001bc895d61d0 Exception <a 'java/net/ConnectException'{0x0000000088780a90}: Connection refused: getsockopt> (0x0000000088780a90) 
thrown [s\open\src\hotspot\share\prims\jni.cpp, line 539]
Event: 16.385 Thread 0x000001bc895d61d0 Exception <a 'java/net/ConnectException'{0x0000000088781b00}: Connection refused: getsockopt> (0x0000000088781b00) 
thrown [s\open\src\hotspot\share\prims\jni.cpp, line 539]
Event: 16.735 Thread 0x000001bc27315620 Exception <a 'java/lang/NoSuchMethodError'{0x0000000089c1b568}: 'java.lang.Object java.lang.invoke.DirectMethodHandle$Holder.newInvokeSpecial(java.lang.Object, java.lang.Object, int, int)'> (0x0000000089c1b568) 
thrown [s\open\src\hotspot\share\interpreter\linkResolver.cpp, line 773]
Event: 16.735 Thread 0x000001bc27315620 Exception <a 'java/lang/NoSuchMethodError'{0x0000000089c25818}: 'void java.lang.invoke.DirectMethodHandle$Holder.invokeStatic(java.lang.Object, java.lang.Object, int)'> (0x0000000089c25818) 
thrown [s\open\src\hotspot\share\interpreter\linkResolver.cpp, line 773]
Event: 16.742 Thread 0x000001bc27315620 Exception <a 'java/lang/NoSuchMethodError'{0x0000000089c70cc0}: 'java.lang.Object java.lang.invoke.DirectMethodHandle$Holder.newInvokeSpecial(java.lang.Object, java.lang.Object, java.lang.Object, java.lang.Object, java.lang.Object)'> (0x0000000089c70cc0) 
thrown [s\open\src\hotspot\share\interpreter\linkResolver.cpp, line 773]
Event: 16.784 Thread 0x000001bc895c4640 Exception <a 'java/lang/NoSuchMethodError'{0x0000000089b95428}: 'java.lang.Object java.lang.invoke.DirectMethodHandle$Holder.invokeSpecial(java.lang.Object, java.lang.Object, java.lang.Object, java.lang.Object, int)'> (0x0000000089b95428) 
thrown [s\open\src\hotspot\share\interpreter\linkResolver.cpp, line 773]
Event: 16.785 Thread 0x000001bc895c4640 Exception <a 'java/lang/NoSuchMethodError'{0x0000000089b98d70}: 'java.lang.Object java.lang.invoke.Invokers$Holder.linkToTargetMethod(java.lang.Object, java.lang.Object, int, java.lang.Object)'> (0x0000000089b98d70) 
thrown [s\open\src\hotspot\share\interpreter\linkResolver.cpp, line 773]
Event: 16.804 Thread 0x000001bc895c4640 Exception <a 'java/lang/NoSuchMethodError'{0x0000000089bd9288}: 'void java.lang.invoke.DirectMethodHandle$Holder.invokeSpecial(java.lang.Object, java.lang.Object, java.lang.Object, java.lang.Object, java.lang.Object)'> (0x0000000089bd9288) 
thrown [s\open\src\hotspot\share\interpreter\linkResolver.cpp, line 773]
Event: 26.309 Thread 0x000001bc895c3290 Exception <a 'java/lang/NoSuchMethodError'{0x00000000899221d8}: 'void java.lang.invoke.DirectMethodHandle$Holder.invokeSpecial(java.lang.Object, java.lang.Object, java.lang.Object, java.lang.Object, java.lang.Object, java.lang.Object, java.lang.Object)'> (0x00000000899221d8) 
thrown [s\open\src\hotspot\share\interpreter\linkResolver.cpp, line 773]
Event: 26.471 Thread 0x000001bc27315620 Exception <a 'java/lang/NoSuchMethodError'{0x0000000089969268}: 'java.lang.Object java.lang.invoke.DirectMethodHandle$Holder.invokeSpecialIFC(java.lang.Object, java.lang.Object, java.lang.Object)'> (0x0000000089969268) 
thrown [s\open\src\hotspot\share\interpreter\linkResolver.cpp, line 773]

ZGC Phase Switch (0 events):
No events

VM Operations (20 events):
Event: 16.267 Executing VM operation: HandshakeAllThreads (Deoptimize)
Event: 16.267 Executing VM operation: HandshakeAllThreads (Deoptimize) done
Event: 16.267 Executing VM operation: HandshakeAllThreads (Deoptimize)
Event: 16.267 Executing VM operation: HandshakeAllThreads (Deoptimize) done
Event: 16.561 Executing VM operation: HandshakeAllThreads (Deoptimize)
Event: 16.561 Executing VM operation: HandshakeAllThreads (Deoptimize) done
Event: 16.567 Executing VM operation: G1CollectForAllocation (G1 Evacuation Pause)
Event: 16.576 Executing VM operation: G1CollectForAllocation (G1 Evacuation Pause) done
Event: 17.582 Executing VM operation: Cleanup
Event: 17.582 Executing VM operation: Cleanup done
Event: 21.619 Executing VM operation: Cleanup
Event: 21.619 Executing VM operation: Cleanup done
Event: 24.945 Executing VM operation: HandshakeAllThreads (Deoptimize)
Event: 24.945 Executing VM operation: HandshakeAllThreads (Deoptimize) done
Event: 24.945 Executing VM operation: Cleanup
Event: 24.945 Executing VM operation: Cleanup done
Event: 25.024 Executing VM operation: HandshakeAllThreads (Deoptimize)
Event: 25.024 Executing VM operation: HandshakeAllThreads (Deoptimize) done
Event: 26.035 Executing VM operation: Cleanup
Event: 26.253 Executing VM operation: Cleanup done

Events (20 events):
Event: 0.420 Thread 0x000001bc895e8200 Thread added: 0x000001bc895e8200
Event: 5.426 Thread 0x000001bc89273ee0 Thread exited: 0x000001bc89273ee0
Event: 14.191 Thread 0x000001bc895e8200 Thread exited: 0x000001bc895e8200
Event: 14.356 Thread 0x000001bc89275210 Thread added: 0x000001bc89275210
Event: 14.460 Thread 0x000001bc896e0060 Thread added: 0x000001bc896e0060
Event: 14.463 Thread 0x000001bc89275210 Thread exited: 0x000001bc89275210
Event: 16.231 Thread 0x000001bc8986d610 Thread added: 0x000001bc8986d610
Event: 16.265 Thread 0x000001bc895d47d0 Thread added: 0x000001bc895d47d0
Event: 16.267 Thread 0x000001bc895d4e40 Thread added: 0x000001bc895d4e40
Event: 16.268 Thread 0x000001bc895d54b0 Thread added: 0x000001bc895d54b0
Event: 16.269 Thread 0x000001bc895d5b20 Thread added: 0x000001bc895d5b20
Event: 16.271 Thread 0x000001bc895d61d0 Thread added: 0x000001bc895d61d0
Event: 16.416 Thread 0x000001bc895d5b20 Thread exited: 0x000001bc895d5b20
Event: 16.561 Thread 0x000001bc895d6840 Thread added: 0x000001bc895d6840
Event: 16.750 Thread 0x000001bc895c4640 Thread added: 0x000001bc895c4640
Event: 16.753 Thread 0x000001bc895c2c00 Thread added: 0x000001bc895c2c00
Event: 16.838 Thread 0x000001bc895c3290 Thread added: 0x000001bc895c3290
Event: 16.840 Thread 0x000001bc895c3920 Thread added: 0x000001bc895c3920
Event: 16.840 Thread 0x000001bc895c2570 Thread added: 0x000001bc895c2570
Event: 26.580 Thread 0x000001bc895d6840 Thread exited: 0x000001bc895d6840


Dynamic libraries:
0x00007ff664200000 - 0x00007ff664210000 	C:\Program Files\Java\jdk-21\bin\javaw.exe
0x00007fff6a150000 - 0x00007fff6a367000 	C:\WINDOWS\SYSTEM32\ntdll.dll
0x00007fff687a0000 - 0x00007fff68864000 	C:\WINDOWS\System32\KERNEL32.DLL
0x00007fff67a00000 - 0x00007fff67dd2000 	C:\WINDOWS\System32\KERNELBASE.dll
0x00007fff67560000 - 0x00007fff67671000 	C:\WINDOWS\System32\ucrtbase.dll
0x00007fff63c90000 - 0x00007fff63cab000 	C:\Program Files\Java\jdk-21\bin\VCRUNTIME140.dll
0x00007fff63c10000 - 0x00007fff63c29000 	C:\Program Files\Java\jdk-21\bin\jli.dll
0x00007fff688e0000 - 0x00007fff68991000 	C:\WINDOWS\System32\ADVAPI32.dll
0x00007fff68340000 - 0x00007fff683e7000 	C:\WINDOWS\System32\msvcrt.dll
0x00007fff686f0000 - 0x00007fff68798000 	C:\WINDOWS\System32\sechost.dll
0x00007fff67900000 - 0x00007fff67928000 	C:\WINDOWS\System32\bcrypt.dll
0x00007fff68d00000 - 0x00007fff68e14000 	C:\WINDOWS\System32\RPCRT4.dll
0x00007fff68ab0000 - 0x00007fff68c61000 	C:\WINDOWS\System32\USER32.dll
0x00007fff679d0000 - 0x00007fff679f6000 	C:\WINDOWS\System32\win32u.dll
0x00007fff664a0000 - 0x00007fff6673b000 	C:\WINDOWS\WinSxS\amd64_microsoft.windows.common-controls_6595b64144ccf1df_6.0.22621.5547_none_27104afb73855772\COMCTL32.dll
0x00007fff67de0000 - 0x00007fff67e09000 	C:\WINDOWS\System32\GDI32.dll
0x00007fff67430000 - 0x00007fff67553000 	C:\WINDOWS\System32\gdi32full.dll
0x00007fff67930000 - 0x00007fff679ca000 	C:\WINDOWS\System32\msvcp_win.dll
0x00007fff60620000 - 0x00007fff6062a000 	C:\WINDOWS\SYSTEM32\VERSION.dll
0x00007fff69c50000 - 0x00007fff69c81000 	C:\WINDOWS\System32\IMM32.DLL
0x00007fff63c80000 - 0x00007fff63c8c000 	C:\Program Files\Java\jdk-21\bin\vcruntime140_1.dll
0x00007fff63ae0000 - 0x00007fff63b6e000 	C:\Program Files\Java\jdk-21\bin\msvcp140.dll
0x00007fff0bd00000 - 0x00007fff0ca13000 	C:\Program Files\Java\jdk-21\bin\server\jvm.dll
0x00007fff68c80000 - 0x00007fff68cf1000 	C:\WINDOWS\System32\WS2_32.dll
0x00007fff66b50000 - 0x00007fff66b9d000 	C:\WINDOWS\SYSTEM32\POWRPROF.dll
0x00007fff611f0000 - 0x00007fff61224000 	C:\WINDOWS\SYSTEM32\WINMM.dll
0x00007fff66830000 - 0x00007fff66843000 	C:\WINDOWS\SYSTEM32\UMPDC.dll
0x00007fff65c00000 - 0x00007fff65c18000 	C:\WINDOWS\SYSTEM32\kernel.appcore.dll
0x00007fff63bb0000 - 0x00007fff63bba000 	C:\Program Files\Java\jdk-21\bin\jimage.dll
0x00007fff66ba0000 - 0x00007fff66dd3000 	C:\WINDOWS\SYSTEM32\DBGHELP.DLL
0x00007fff67e90000 - 0x00007fff68223000 	C:\WINDOWS\System32\combase.dll
0x00007fff68450000 - 0x00007fff68527000 	C:\WINDOWS\System32\OLEAUT32.dll
0x00007fff66a40000 - 0x00007fff66a72000 	C:\WINDOWS\SYSTEM32\dbgcore.DLL
0x00007fff67740000 - 0x00007fff677bb000 	C:\WINDOWS\System32\bcryptPrimitives.dll
0x00007fff63ac0000 - 0x00007fff63adf000 	C:\Program Files\Java\jdk-21\bin\java.dll
0x00007fff68ed0000 - 0x00007fff69772000 	C:\WINDOWS\System32\SHELL32.dll
0x00007fff677c0000 - 0x00007fff678ff000 	C:\WINDOWS\System32\wintypes.dll
0x00007fff64a80000 - 0x00007fff6539d000 	C:\WINDOWS\SYSTEM32\windows.storage.dll
0x00007fff68230000 - 0x00007fff6833c000 	C:\WINDOWS\System32\SHCORE.dll
0x00007fff68680000 - 0x00007fff686e9000 	C:\WINDOWS\System32\shlwapi.dll
0x00007fff67170000 - 0x00007fff6719b000 	C:\WINDOWS\SYSTEM32\profapi.dll
0x00007fff63620000 - 0x00007fff636f7000 	C:\Program Files\Java\jdk-21\bin\jsvml.dll
0x00007fff63ab0000 - 0x00007fff63ac0000 	C:\Program Files\Java\jdk-21\bin\net.dll
0x00007fff60a60000 - 0x00007fff60b8c000 	C:\WINDOWS\SYSTEM32\WINHTTP.dll
0x00007fff66040000 - 0x00007fff660a9000 	C:\WINDOWS\system32\mswsock.dll
0x00007fff63600000 - 0x00007fff63616000 	C:\Program Files\Java\jdk-21\bin\nio.dll
0x00007fff635d0000 - 0x00007fff635e8000 	C:\Program Files\Java\jdk-21\bin\zip.dll
0x00007fff63df0000 - 0x00007fff63df9000 	C:\Program Files\Java\jdk-21\bin\extnet.dll
0x00007fff65620000 - 0x00007fff65718000 	C:\WINDOWS\SYSTEM32\DNSAPI.dll
0x00007fff655f0000 - 0x00007fff6561d000 	C:\WINDOWS\SYSTEM32\IPHLPAPI.DLL
0x00007fff68c70000 - 0x00007fff68c79000 	C:\WINDOWS\System32\NSI.dll
0x00007fff5afd0000 - 0x00007fff5afda000 	C:\Windows\System32\rasadhlp.dll
0x00007fff5bec0000 - 0x00007fff5bf44000 	C:\WINDOWS\System32\fwpuclnt.dll
0x00007fff66ab0000 - 0x00007fff66aba000 	C:\Program Files\Java\jdk-21\bin\management.dll
0x00007fff635a0000 - 0x00007fff635ab000 	C:\Program Files\Java\jdk-21\bin\management_ext.dll
0x00007fff67e80000 - 0x00007fff67e88000 	C:\WINDOWS\System32\PSAPI.DLL
0x00007fff66ee0000 - 0x00007fff66efb000 	C:\WINDOWS\SYSTEM32\CRYPTSP.dll
0x00007fff65b50000 - 0x00007fff65b87000 	C:\WINDOWS\system32\rsaenh.dll
0x00007fff662b0000 - 0x00007fff662d8000 	C:\WINDOWS\SYSTEM32\USERENV.dll
0x00007fff662e0000 - 0x00007fff662ec000 	C:\WINDOWS\SYSTEM32\CRYPTBASE.dll
0x00007fff66ac0000 - 0x00007fff66ace000 	C:\Program Files\Java\jdk-21\bin\sunmscapi.dll
0x00007fff67240000 - 0x00007fff673a7000 	C:\WINDOWS\System32\CRYPT32.dll
0x00007fff66470000 - 0x00007fff6649d000 	C:\WINDOWS\SYSTEM32\ncrypt.dll
0x00007fff66430000 - 0x00007fff66467000 	C:\WINDOWS\SYSTEM32\NTASN1.dll
0x00007fff57de0000 - 0x00007fff57de8000 	C:\WINDOWS\system32\wshunix.dll

dbghelp: loaded successfully - version: 4.0.5 - missing functions: none
symbol engine: initialized successfully - sym options: 0x614 - pdb path: .;C:\Program Files\Java\jdk-21\bin;C:\WINDOWS\SYSTEM32;C:\WINDOWS\WinSxS\amd64_microsoft.windows.common-controls_6595b64144ccf1df_6.0.22621.5547_none_27104afb73855772;C:\Program Files\Java\jdk-21\bin\server

VM Arguments:
jvm_args: -Dfile.encoding=UTF-8 -Dstdout.encoding=UTF-8 -Dstderr.encoding=UTF-8 -XX:+ShowCodeDetailsInExceptionMessages 
java_command: Action_Method.Move_To_Element_Method
java_class_path (initial): C:\Users\shend\eclipse-workspace\BASIC-Selenium\target\test-classes;C:\Users\shend\eclipse-workspace\BASIC-Selenium\target\classes;C:\Users\shend\.m2\repository\org\seleniumhq\selenium\selenium-java\4.32.0\selenium-java-4.32.0.jar;C:\Users\shend\.m2\repository\org\seleniumhq\selenium\selenium-api\4.32.0\selenium-api-4.32.0.jar;C:\Users\shend\.m2\repository\org\jspecify\jspecify\1.0.0\jspecify-1.0.0.jar;C:\Users\shend\.m2\repository\org\seleniumhq\selenium\selenium-chrome-driver\4.32.0\selenium-chrome-driver-4.32.0.jar;C:\Users\shend\.m2\repository\com\google\auto\service\auto-service-annotations\1.1.1\auto-service-annotations-1.1.1.jar;C:\Users\shend\.m2\repository\org\seleniumhq\selenium\selenium-chromium-driver\4.32.0\selenium-chromium-driver-4.32.0.jar;C:\Users\shend\.m2\repository\org\seleniumhq\selenium\selenium-json\4.32.0\selenium-json-4.32.0.jar;C:\Users\shend\.m2\repository\org\seleniumhq\selenium\selenium-manager\4.32.0\selenium-manager-4.32.0.jar;C:\Users\shend\.m2\repository\org\seleniumhq\selenium\selenium-devtools-v134\4.32.0\selenium-devtools-v134-4.32.0.jar;C:\Users\shend\.m2\repository\org\seleniumhq\selenium\selenium-devtools-v135\4.32.0\selenium-devtools-v135-4.32.0.jar;C:\Users\shend\.m2\repository\org\seleniumhq\selenium\selenium-devtools-v136\4.32.0\selenium-devtools-v136-4.32.0.jar;C:\Users\shend\.m2\repository\org\seleniumhq\selenium\selenium-edge-driver\4.32.0\selenium-edge-driver-4.32.0.jar;C:\Users\shend\.m2\repository\org\seleniumhq\selenium\selenium-firefox-driver\4.32.0\selenium-firefox-driver-4.32.0.jar;C:\Users\shend\.m2\repository\org\seleniumhq\selenium\selenium-http\4.32.0\selenium-http-4.32.0.jar;C:\Users\shend\.m2\repository\org\seleniumhq\selenium\selenium-ie-driver\4.32.0\selenium-ie-driver-4.32.0.jar;C:\Users\shend\.m2\repository\org\seleniumhq\selenium\selenium-remote-driver\4.32.0\selenium-remote-driver-4.32.0.jar;C:\Users\shend\.m2\repository\com\google\guava\guava\33.4.8-jre\guava-33.4.8-jre.jar;C:\Users\shend\.m2\repository\com\google\guava\failureaccess\1.0.3\failureaccess-1.0.3.jar;C:\Users\shend\.m2\repository\com\google\guava\listenablefuture\9999.0-empty-to-avoid-conflict-with-guava\listenablefuture-9999.0-empty-to-avoid-conflict-with-guava.jar;C:\Users\shend\.m2\repository\com\google\j2objc\j2objc-annotations\3.0.0\j2objc-annotations-3.0.0.jar;C:\Users\shend\.m2\repository\io\opentelemetry\opentelemetry-api\1.49.0\opentelemetry-api-1.49.0.jar;C:\Users\shend\.m2\repository\io\opentelemetry\opentelemetry-context\1.49.0\opentelemetry-context-1.49.0.jar;C:\Users\shend\.m2\repository\io\opentelemetry\opentelemetry-exporter-logging\1.49.0\opentelemetry-exporter-logging-1.49.0.jar;C:\Users\shend\.m2\repository\io\opentelemetry\opentelemetry-sdk-common\1.49.0\opentelemetry-sdk-common-1.49.0.jar;C:\Users\shend\.m2\repository\io\opentelemetry\opentelemetry-sdk-extension-autoconfigure-spi\1.49.0\opentelemetry-sdk-extension-autoconfigure-spi-1.49.0.jar;C:\Users\shend\.m2\repository\io\opentelemetry\opentelemetry-sdk-extension-autoconfigure\1.49.0\opentelemetry-sdk-extension-autoconfigure-1.49.0.jar;C:\Users\shend\.m2\repository\io\opentelemetry\opentelemetry-sdk-trace\1.49.0\opentelemetry-sdk-trace-1.49.0.jar;C:\Users\shend\.m2\repository\io\opentelemetry\opentelemetry-sdk\1.49.0\opentelemetry-sdk-1.49.0.jar;C:\Users\shend\.m2\repository\io\opentelemetry\opentelemetry-sdk-metrics\1.49.0\opentelemetry-sdk-metrics-1.49.0.jar;C:\Users\shend\.m2\repository\io\opentelemetry\opentelemetry-sdk-logs\1.49.0\opentelemetry-sdk-logs-1.49.0.jar;C:\Users\shend\.m2\repository\net\bytebuddy\byte-buddy\1.17.5\byte-buddy-1.17.5.jar;C:\Users\shend\.m2\repository\org\seleniumhq\selenium\selenium-os\4.32.0\selenium-os-4.32.0.jar;C:\Users\shend\.m2\repository\org\apache\commons\commons-exec\1.4.0\commons-exec-1.4.0.jar;C:\Users\shend\.m2\repository\org\seleniumhq\selenium\selenium-safari-driver\4.32.0\selenium-safari-driver-4.32.0.jar;C:\Users\shend\.m2\repository\org\seleniumhq\selenium\selenium-support\4.32.0\selenium-support-4.32.0.jar;C:\Users\shend\.m2\repository\io\github\bonigarcia\webdrivermanager\5.9.2\webdrivermanager-5.9.2.jar;C:\Users\shend\.m2\repository\org\slf4j\slf4j-api\2.0.13\slf4j-api-2.0.13.jar;C:\Users\shend\.m2\repository\com\google\code\gson\gson\2.11.0\gson-2.11.0.jar;C:\Users\shend\.m2\repository\com\google\errorprone\error_prone_annotations\2.27.0\error_prone_annotations-2.27.0.jar;C:\Users\shend\.m2\repository\com\github\docker-java\docker-java\3.4.0\docker-java-3.4.0.jar;C:\Users\shend\.m2\repository\com\github\docker-java\docker-java-core\3.4.0\docker-java-core-3.4.0.jar;C:\Users\shend\.m2\repository\com\github\docker-java\docker-java-api\3.4.0\docker-java-api-3.4.0.jar;C:\Users\shend\.m2\repository\com\fasterxml\jackson\core\jackson-annotations\2.10.3\jackson-annotations-2.10.3.jar;C:\Users\shend\.m2\repository\com\fasterxml\jackson\core\jackson-databind\2.10.3\jackson-databind-2.10.3.jar;C:\Users\shend\.m2\repository\com\fasterxml\jackson\core\jackson-core\2.10.3\jackson-core-2.10.3.jar;C:\Users\shend\.m2\repository\org\slf4j\jcl-over-slf4j\1.7.30\jcl-over-slf4j-1.7.30.jar;C:\Users\shend\.m2\repository\com\github\docker-java\docker-java-transport-httpclient5\3.4.0\docker-java-transport-httpclient5-3.4.0.jar;C:\Users\shend\.m2\repository\com\github\docker-java\docker-java-transport\3.4.0\docker-java-transport-3.4.0.jar;C:\Users\shend\.m2\repository\net\java\dev\jna\jna\5.13.0\jna-5.13.0.jar;C:\Users\shend\.m2\repository\org\brotli\dec\0.1.2\dec-0.1.2.jar;C:\Users\shend\.m2\repository\org\apache\commons\commons-lang3\3.15.0\commons-lang3-3.15.0.jar;C:\Users\shend\.m2\repository\org\apache\commons\commons-compress\1.26.2\commons-compress-1.26.2.jar;C:\Users\shend\.m2\repository\commons-codec\commons-codec\1.17.0\commons-codec-1.17.0.jar;C:\Users\shend\.m2\repository\commons-io\commons-io\2.16.1\commons-io-2.16.1.jar;C:\Users\shend\.m2\repository\org\apache\httpcomponents\client5\httpclient5\5.2.1\httpclient5-5.2.1.jar;C:\Users\shend\.m2\repository\org\apache\httpcomponents\core5\httpcore5\5.2\httpcore5-5.2.jar;C:\Users\shend\.m2\repository\org\apache\httpcomponents\core5\httpcore5-h2\5.2\httpcore5-h2-5.2.jar;C:\Users\shend\eclipse-workspace\ SeleniumProject\target\classes
Launcher Type: SUN_STANDARD

[Global flags]
     intx CICompilerCount                          = 4                                         {product} {ergonomic}
     uint ConcGCThreads                            = 2                                         {product} {ergonomic}
     uint G1ConcRefinementThreads                  = 8                                         {product} {ergonomic}
   size_t G1HeapRegionSize                         = 1048576                                   {product} {ergonomic}
    uintx GCDrainStackTargetSize                   = 64                                        {product} {ergonomic}
   size_t InitialHeapSize                          = 132120576                                 {product} {ergonomic}
   size_t MarkStackSize                            = 4194304                                   {product} {ergonomic}
   size_t MaxHeapSize                              = 2113929216                                {product} {ergonomic}
   size_t MaxNewSize                               = 1267728384                                {product} {ergonomic}
   size_t MinHeapDeltaBytes                        = 1048576                                   {product} {ergonomic}
   size_t MinHeapSize                              = 8388608                                   {product} {ergonomic}
    uintx NonNMethodCodeHeapSize                   = 5839372                                {pd product} {ergonomic}
    uintx NonProfiledCodeHeapSize                  = 122909434                              {pd product} {ergonomic}
    uintx ProfiledCodeHeapSize                     = 122909434                              {pd product} {ergonomic}
    uintx ReservedCodeCacheSize                    = 251658240                              {pd product} {ergonomic}
     bool SegmentedCodeCache                       = true                                      {product} {ergonomic}
     bool ShowCodeDetailsInExceptionMessages       = true                                   {manageable} {command line}
   size_t SoftMaxHeapSize                          = 2113929216                             {manageable} {ergonomic}
     bool UseCompressedOops                        = true                           {product lp64_product} {ergonomic}
     bool UseG1GC                                  = true                                      {product} {ergonomic}
     bool UseLargePagesIndividualAllocation        = false                                  {pd product} {ergonomic}

Logging:
Log output configuration:
 #0: stdout all=warning uptime,level,tags foldmultilines=false
 #1: stderr all=off uptime,level,tags foldmultilines=false

Environment Variables:
JAVA_HOME=C:\Program Files\Java\jdk-21
PATH=F:\oracle\product\10.2.0\db_6\bin;F:\oracle\product\10.2.0\db_1\bin;C:\Program Files\Common Files\Oracle\Java\javapath;C:\Program Files\Java\jdk-21\bin;C:\Users\shend\anaconda3;C:\Users\shend\anaconda3\Library\mingw-w64\bin;C:\Users\shend\anaconda3\Library\usr\bin;C:\Users\shend\anaconda3\Library\bin;C:\Users\shend\anaconda3\Scripts;C:\Users\shend\AppData\Local\Programs\Python\Python312\Scripts\;C:\Users\shend\AppData\Local\Programs\Python\Python312\;C:\Users\shend\AppData\Local\Programs\Python\Launcher\;C:\Users\shend\AppData\Local\Microsoft\WindowsApps;C:\Users\shend\AppData\Local\Programs\Microsoft VS Code\bin
USERNAME=shend
OS=Windows_NT
PROCESSOR_IDENTIFIER=Intel64 Family 6 Model 158 Stepping 10, GenuineIntel
TMP=C:\Users\shend\AppData\Local\Temp
TEMP=C:\Users\shend\AppData\Local\Temp




Periodic native trim disabled

---------------  S Y S T E M  ---------------

OS:
 Windows 11 , 64 bit Build 22621 (10.0.22621.5415)
OS uptime: 0 days 21:51 hours

CPU: total 8 (initial active 8) (4 cores per cpu, 2 threads per core) family 6 model 158 stepping 10 microcode 0xec, cx8, cmov, fxsr, ht, mmx, 3dnowpref, sse, sse2, sse3, ssse3, sse4.1, sse4.2, popcnt, lzcnt, tsc, tscinvbit, avx, avx2, aes, erms, clmul, bmi1, bmi2, adx, fma, vzeroupper, clflush, clflushopt, rdtscp, f16c
Processor Information for all 8 processors :
  Max Mhz: 2400, Current Mhz: 2400, Mhz Limit: 2400

Memory: 4k page, system-wide physical 8063M (1277M free)
TotalPageFile size 12142M (AvailPageFile size 7M)
current process WorkingSet (physical memory assigned to process): 95M, peak: 95M
current process commit charge ("private bytes"): 233M, peak: 233M

vm_info: Java HotSpot(TM) 64-Bit Server VM (21.0.4+8-LTS-274) for windows-amd64 JRE (21.0.4+8-LTS-274), built on 2024-06-05T05:23:33Z by "mach5one" with MS VC++ 17.6 (VS2022)

END.
