#
# There is insufficient memory for the Java Runtime Environment to continue.
# Native memory allocation (malloc) failed to allocate 1548288 bytes for Chunk::new
# Possible reasons:
#   The system is out of physical RAM or swap space
#   The process is running with CompressedOops enabled, and the Java Heap may be blocking the growth of the native heap
# Possible solutions:
#   Reduce memory load on the system
#   Increase physical memory or swap space
#   Check if swap backing store is full
#   Decrease Java heap size (-Xmx/-Xms)
#   Decrease number of Java threads
#   Decrease Java thread stack sizes (-Xss)
#   Set larger code cache with -XX:ReservedCodeCacheSize=
#   JVM is running with Unscaled Compressed Oops mode in which the Java heap is
#     placed in the first 4GB address space. The Java Heap base address is the
#     maximum limit for the native heap growth. Please use -XX:HeapBaseMinAddress
#     to set the Java Heap base and to place the Java Heap above 4GB virtual address.
# This output file may be truncated or incomplete.
#
#  Out of Memory Error (arena.cpp:168), pid=18320, tid=10648
#
# JRE version: Java(TM) SE Runtime Environment (21.0.4+8) (build 21.0.4+8-LTS-274)
# Java VM: Java HotSpot(TM) 64-Bit Server VM (21.0.4+8-LTS-274, mixed mode, sharing, tiered, compressed oops, compressed class ptrs, g1 gc, windows-amd64)
# No core dump will be written. Minidumps are not enabled by default on client versions of Windows
#

---------------  S U M M A R Y ------------

Command Line: -Dfile.encoding=UTF-8 -Dstdout.encoding=UTF-8 -Dstderr.encoding=UTF-8 -XX:+ShowCodeDetailsInExceptionMessages Learning_Switching_Window.Switchung_To_Multiple_Tabs

Host: Intel(R) Core(TM) i5-9300H CPU @ 2.40GHz, 8 cores, 7G,  Windows 11 , 64 bit Build 22621 (10.0.22621.5415)
Time: Fri Oct 17 00:07:20 2025 India Standard Time elapsed time: 65.974838 seconds (0d 0h 1m 5s)

---------------  T H R E A D  ---------------

Current thread (0x000001be61b247c0):  JavaThread "C2 CompilerThread0" daemon [_thread_in_native, id=10648, stack(0x0000005b75f00000,0x0000005b76000000) (1024K)]


Current CompileTask:
C2:  65974 1670       4       java.lang.invoke.MethodType::makeImpl (109 bytes)

Stack: [0x0000005b75f00000,0x0000005b76000000]
Native frames: (J=compiled Java code, j=interpreted, Vv=VM code, C=native code)
V  [jvm.dll+0x6c8e59]
V  [jvm.dll+0x853181]
V  [jvm.dll+0x8556ae]
V  [jvm.dll+0x855d83]
V  [jvm.dll+0x27d526]
V  [jvm.dll+0xc4aad]
V  [jvm.dll+0xc4fe3]
V  [jvm.dll+0x3b400c]
V  [jvm.dll+0x3809a5]
V  [jvm.dll+0x37fe1a]
V  [jvm.dll+0x246280]
V  [jvm.dll+0x24585f]
V  [jvm.dll+0x1c69de]
V  [jvm.dll+0x254d49]
V  [jvm.dll+0x2532da]
V  [jvm.dll+0x3ed426]
V  [jvm.dll+0x7fd65b]
V  [jvm.dll+0x6c753d]
C  [ucrtbase.dll+0x29333]
C  [KERNEL32.DLL+0x1259d]
C  [ntdll.dll+0x5af78]


---------------  P R O C E S S  ---------------

Threads class SMR info:
_java_thread_list=0x000001be66818570, length=27, elements={
0x000001be43070b60, 0x000001be61b09c10, 0x000001be61b0ab30, 0x000001be61b0f510,
0x000001be61b18470, 0x000001be61b18ed0, 0x000001be61b21e80, 0x000001be61b247c0,
0x000001be61b26e80, 0x000001be6616db50, 0x000001be6616ef00, 0x000001be6616e1e0,
0x000001be6616f590, 0x000001be6616fc20, 0x000001be6616ce30, 0x000001be661702b0,
0x000001be6616d4c0, 0x000001be6601be30, 0x000001be6601c4c0, 0x000001be6601ec20,
0x000001be6601cb50, 0x000001be6601f2b0, 0x000001be6601b7a0, 0x000001be660189b0,
0x000001be6601d1e0, 0x000001be6601aa80, 0x000001be66d01be0
}

Java Threads: ( => current thread )
  0x000001be43070b60 JavaThread "main"                              [_thread_in_vm, id=3660, stack(0x0000005b75100000,0x0000005b75200000) (1024K)]
  0x000001be61b09c10 JavaThread "Reference Handler"          daemon [_thread_blocked, id=17584, stack(0x0000005b75900000,0x0000005b75a00000) (1024K)]
  0x000001be61b0ab30 JavaThread "Finalizer"                  daemon [_thread_blocked, id=19636, stack(0x0000005b75a00000,0x0000005b75b00000) (1024K)]
  0x000001be61b0f510 JavaThread "Signal Dispatcher"          daemon [_thread_blocked, id=22208, stack(0x0000005b75b00000,0x0000005b75c00000) (1024K)]
  0x000001be61b18470 JavaThread "Attach Listener"            daemon [_thread_blocked, id=21748, stack(0x0000005b75c00000,0x0000005b75d00000) (1024K)]
  0x000001be61b18ed0 JavaThread "Service Thread"             daemon [_thread_blocked, id=16000, stack(0x0000005b75d00000,0x0000005b75e00000) (1024K)]
  0x000001be61b21e80 JavaThread "Monitor Deflation Thread"   daemon [_thread_blocked, id=2916, stack(0x0000005b75e00000,0x0000005b75f00000) (1024K)]
=>0x000001be61b247c0 JavaThread "C2 CompilerThread0"         daemon [_thread_in_native, id=10648, stack(0x0000005b75f00000,0x0000005b76000000) (1024K)]
  0x000001be61b26e80 JavaThread "C1 CompilerThread0"         daemon [_thread_blocked, id=17976, stack(0x0000005b76000000,0x0000005b76100000) (1024K)]
  0x000001be6616db50 JavaThread "Notification Thread"        daemon [_thread_blocked, id=23252, stack(0x0000005b76100000,0x0000005b76200000) (1024K)]
  0x000001be6616ef00 JavaThread "Common-Cleaner"             daemon [_thread_blocked, id=10272, stack(0x0000005b76200000,0x0000005b76300000) (1024K)]
  0x000001be6616e1e0 JavaThread "ForkJoinPool.commonPool-worker-1" daemon [_thread_blocked, id=8676, stack(0x0000005b76300000,0x0000005b76400000) (1024K)]
  0x000001be6616f590 JavaThread "HttpClient-1-SelectorManager" daemon [_thread_in_native, id=10952, stack(0x0000005b76600000,0x0000005b76700000) (1024K)]
  0x000001be6616fc20 JavaThread "External Process Output Forwarder - C:\Users\shend\.cache\selenium\chromedriver\win64\141.0.7390.78\chromedriver.exe" daemon [_thread_in_native, id=3420, stack(0x0000005b76700000,0x0000005b76800000) (1024K)]
  0x000001be6616ce30 JavaThread "Driver Service Executor"    daemon [_thread_blocked, id=18036, stack(0x0000005b76800000,0x0000005b76900000) (1024K)]
  0x000001be661702b0 JavaThread "Driver Service Executor"    daemon [_thread_in_native, id=17448, stack(0x0000005b76900000,0x0000005b76a00000) (1024K)]
  0x000001be6616d4c0 JavaThread "UrlChecker-2"               daemon [_thread_blocked, id=21076, stack(0x0000005b76a00000,0x0000005b76b00000) (1024K)]
  0x000001be6601be30 JavaThread "JdkHttpClient-0-0"          daemon [_thread_blocked, id=22548, stack(0x0000005b77400000,0x0000005b77500000) (1024K)]
  0x000001be6601c4c0 JavaThread "CompletableFutureDelayScheduler" daemon [_thread_blocked, id=2552, stack(0x0000005b77500000,0x0000005b77600000) (1024K)]
  0x000001be6601ec20 JavaThread "JdkHttpClient-0-1"          daemon [_thread_blocked, id=15552, stack(0x0000005b77600000,0x0000005b77700000) (1024K)]
  0x000001be6601cb50 JavaThread "JdkHttpClient-0-2"          daemon [_thread_blocked, id=14056, stack(0x0000005b77700000,0x0000005b77800000) (1024K)]
  0x000001be6601f2b0 JavaThread "JdkHttpClient-0-3"          daemon [_thread_blocked, id=14412, stack(0x0000005b77800000,0x0000005b77900000) (1024K)]
  0x000001be6601b7a0 JavaThread "HttpClient-2-SelectorManager" daemon [_thread_in_native, id=7612, stack(0x0000005b74e00000,0x0000005b74f00000) (1024K)]
  0x000001be660189b0 JavaThread "JdkHttpClient-1-0"          daemon [_thread_blocked, id=21456, stack(0x0000005b75000000,0x0000005b75100000) (1024K)]
  0x000001be6601d1e0 JavaThread "JdkHttpClient-1-1"          daemon [_thread_blocked, id=11724, stack(0x0000005b77900000,0x0000005b77a00000) (1024K)]
  0x000001be6601aa80 JavaThread "JdkHttpClient-1-2"          daemon [_thread_blocked, id=20068, stack(0x0000005b77a00000,0x0000005b77b00000) (1024K)]
  0x000001be66d01be0 JavaThread "C2 CompilerThread1"         daemon [_thread_in_native, id=18388, stack(0x0000005b76c00000,0x0000005b76d00000) (1024K)]
Total: 27

Other Threads:
  0x000001be61aee060 VMThread "VM Thread"                           [id=15368, stack(0x0000005b75800000,0x0000005b75900000) (1024K)]
  0x000001be61ad89e0 WatcherThread "VM Periodic Task Thread"        [id=18992, stack(0x0000005b75700000,0x0000005b75800000) (1024K)]
  0x000001be45235e60 WorkerThread "GC Thread#0"                     [id=16616, stack(0x0000005b75200000,0x0000005b75300000) (1024K)]
  0x000001be660272c0 WorkerThread "GC Thread#1"                     [id=9964, stack(0x0000005b76d00000,0x0000005b76e00000) (1024K)]
  0x000001be66027660 WorkerThread "GC Thread#2"                     [id=20088, stack(0x0000005b76e00000,0x0000005b76f00000) (1024K)]
  0x000001be66a329f0 WorkerThread "GC Thread#3"                     [id=21156, stack(0x0000005b76f00000,0x0000005b77000000) (1024K)]
  0x000001be66a02700 WorkerThread "GC Thread#4"                     [id=18060, stack(0x0000005b77000000,0x0000005b77100000) (1024K)]
  0x000001be66a02aa0 WorkerThread "GC Thread#5"                     [id=23420, stack(0x0000005b77100000,0x0000005b77200000) (1024K)]
  0x000001be66a03240 WorkerThread "GC Thread#6"                     [id=20652, stack(0x0000005b77200000,0x0000005b77300000) (1024K)]
  0x000001be66a035e0 WorkerThread "GC Thread#7"                     [id=15228, stack(0x0000005b77300000,0x0000005b77400000) (1024K)]
  0x000001be45246a40 ConcurrentGCThread "G1 Main Marker"            [id=8396, stack(0x0000005b75300000,0x0000005b75400000) (1024K)]
  0x000001be45247e90 WorkerThread "G1 Conc#0"                       [id=11508, stack(0x0000005b75400000,0x0000005b75500000) (1024K)]
  0x000001be619a89b0 ConcurrentGCThread "G1 Refine#0"               [id=12848, stack(0x0000005b75500000,0x0000005b75600000) (1024K)]
  0x000001be619a9430 ConcurrentGCThread "G1 Service"                [id=23108, stack(0x0000005b75600000,0x0000005b75700000) (1024K)]
Total: 14

Threads with active compile tasks:
C2 CompilerThread0    69112 1670       4       java.lang.invoke.MethodType::makeImpl (109 bytes)
C2 CompilerThread1    69112 1684 % !   4       java.util.concurrent.ConcurrentHashMap::transfer @ 96 (849 bytes)
Total: 2

VM state: not at safepoint (normal execution)

VM Mutex/Monitor currently owned by a thread: None

Heap address: 0x0000000082000000, size: 2016 MB, Compressed Oops mode: 32-bit

CDS archive(s) mapped at: [0x000001be00000000-0x000001be00c90000-0x000001be00c90000), size 13172736, SharedBaseAddress: 0x000001be00000000, ArchiveRelocationMode: 1.
Compressed class space mapped at: 0x000001be01000000-0x000001be41000000, reserved size: 1073741824
Narrow klass base: 0x000001be00000000, Narrow klass shift: 0, Narrow klass range: 0x100000000

GC Precious Log:
 CardTable entry size: 512
 Card Set container configuration: InlinePtr #cards 5 size 8 Array Of Cards #cards 12 size 40 Howl #buckets 4 coarsen threshold 1843 Howl Bitmap #cards 512 size 80 coarsen threshold 460 Card regions per heap region 1 cards per card region 2048
 CPUs: 8 total, 8 available
 Memory: 8063M
 Large Page Support: Disabled
 NUMA Support: Disabled
 Compressed Oops: Enabled (32-bit)
 Heap Region Size: 1M
 Heap Min Capacity: 8M
 Heap Initial Capacity: 126M
 Heap Max Capacity: 2016M
 Pre-touch: Disabled
 Parallel Workers: 8
 Concurrent Workers: 2
 Concurrent Refinement Workers: 8
 Periodic GC: Disabled

Heap:
 garbage-first heap   total 129024K, used 13781K [0x0000000082000000, 0x0000000100000000)
  region size 1024K, 11 young (11264K), 3 survivors (3072K)
 Metaspace       used 12018K, committed 12288K, reserved 1114112K
  class space    used 1437K, committed 1536K, reserved 1048576K

Heap Regions: E=young(eden), S=young(survivor), O=old, HS=humongous(starts), HC=humongous(continues), CS=collection set, F=free, TAMS=top-at-mark-start, PB=parsable bottom
|   0|0x0000000082000000, 0x0000000082100000, 0x0000000082100000|100%|HS|  |TAMS 0x0000000082000000| PB 0x0000000082000000| Complete 
|   1|0x0000000082100000, 0x0000000082200000, 0x0000000082200000|100%| O|  |TAMS 0x0000000082100000| PB 0x0000000082100000| Untracked 
|   2|0x0000000082200000, 0x0000000082300000, 0x0000000082300000|100%| O|  |TAMS 0x0000000082200000| PB 0x0000000082200000| Untracked 
|   3|0x0000000082300000, 0x00000000823754e0, 0x0000000082400000| 45%| O|  |TAMS 0x0000000082300000| PB 0x0000000082300000| Untracked 
|   4|0x0000000082400000, 0x0000000082400000, 0x0000000082500000|  0%| F|  |TAMS 0x0000000082400000| PB 0x0000000082400000| Untracked 
|   5|0x0000000082500000, 0x0000000082500000, 0x0000000082600000|  0%| F|  |TAMS 0x0000000082500000| PB 0x0000000082500000| Untracked 
|   6|0x0000000082600000, 0x0000000082600000, 0x0000000082700000|  0%| F|  |TAMS 0x0000000082600000| PB 0x0000000082600000| Untracked 
|   7|0x0000000082700000, 0x0000000082700000, 0x0000000082800000|  0%| F|  |TAMS 0x0000000082700000| PB 0x0000000082700000| Untracked 
|   8|0x0000000082800000, 0x0000000082800000, 0x0000000082900000|  0%| F|  |TAMS 0x0000000082800000| PB 0x0000000082800000| Untracked 
|   9|0x0000000082900000, 0x0000000082900000, 0x0000000082a00000|  0%| F|  |TAMS 0x0000000082900000| PB 0x0000000082900000| Untracked 
|  10|0x0000000082a00000, 0x0000000082a00000, 0x0000000082b00000|  0%| F|  |TAMS 0x0000000082a00000| PB 0x0000000082a00000| Untracked 
|  11|0x0000000082b00000, 0x0000000082b00000, 0x0000000082c00000|  0%| F|  |TAMS 0x0000000082b00000| PB 0x0000000082b00000| Untracked 
|  12|0x0000000082c00000, 0x0000000082c00000, 0x0000000082d00000|  0%| F|  |TAMS 0x0000000082c00000| PB 0x0000000082c00000| Untracked 
|  13|0x0000000082d00000, 0x0000000082d00000, 0x0000000082e00000|  0%| F|  |TAMS 0x0000000082d00000| PB 0x0000000082d00000| Untracked 
|  14|0x0000000082e00000, 0x0000000082e00000, 0x0000000082f00000|  0%| F|  |TAMS 0x0000000082e00000| PB 0x0000000082e00000| Untracked 
|  15|0x0000000082f00000, 0x0000000082f00000, 0x0000000083000000|  0%| F|  |TAMS 0x0000000082f00000| PB 0x0000000082f00000| Untracked 
|  16|0x0000000083000000, 0x0000000083000000, 0x0000000083100000|  0%| F|  |TAMS 0x0000000083000000| PB 0x0000000083000000| Untracked 
|  17|0x0000000083100000, 0x0000000083100000, 0x0000000083200000|  0%| F|  |TAMS 0x0000000083100000| PB 0x0000000083100000| Untracked 
|  18|0x0000000083200000, 0x0000000083200000, 0x0000000083300000|  0%| F|  |TAMS 0x0000000083200000| PB 0x0000000083200000| Untracked 
|  19|0x0000000083300000, 0x0000000083300000, 0x0000000083400000|  0%| F|  |TAMS 0x0000000083300000| PB 0x0000000083300000| Untracked 
|  20|0x0000000083400000, 0x0000000083400000, 0x0000000083500000|  0%| F|  |TAMS 0x0000000083400000| PB 0x0000000083400000| Untracked 
|  21|0x0000000083500000, 0x0000000083500000, 0x0000000083600000|  0%| F|  |TAMS 0x0000000083500000| PB 0x0000000083500000| Untracked 
|  22|0x0000000083600000, 0x0000000083600000, 0x0000000083700000|  0%| F|  |TAMS 0x0000000083600000| PB 0x0000000083600000| Untracked 
|  23|0x0000000083700000, 0x0000000083700000, 0x0000000083800000|  0%| F|  |TAMS 0x0000000083700000| PB 0x0000000083700000| Untracked 
|  24|0x0000000083800000, 0x0000000083800000, 0x0000000083900000|  0%| F|  |TAMS 0x0000000083800000| PB 0x0000000083800000| Untracked 
|  25|0x0000000083900000, 0x0000000083900000, 0x0000000083a00000|  0%| F|  |TAMS 0x0000000083900000| PB 0x0000000083900000| Untracked 
|  26|0x0000000083a00000, 0x0000000083a00000, 0x0000000083b00000|  0%| F|  |TAMS 0x0000000083a00000| PB 0x0000000083a00000| Untracked 
|  27|0x0000000083b00000, 0x0000000083b00000, 0x0000000083c00000|  0%| F|  |TAMS 0x0000000083b00000| PB 0x0000000083b00000| Untracked 
|  28|0x0000000083c00000, 0x0000000083c00000, 0x0000000083d00000|  0%| F|  |TAMS 0x0000000083c00000| PB 0x0000000083c00000| Untracked 
|  29|0x0000000083d00000, 0x0000000083d00000, 0x0000000083e00000|  0%| F|  |TAMS 0x0000000083d00000| PB 0x0000000083d00000| Untracked 
|  30|0x0000000083e00000, 0x0000000083e00000, 0x0000000083f00000|  0%| F|  |TAMS 0x0000000083e00000| PB 0x0000000083e00000| Untracked 
|  31|0x0000000083f00000, 0x0000000083f00000, 0x0000000084000000|  0%| F|  |TAMS 0x0000000083f00000| PB 0x0000000083f00000| Untracked 
|  32|0x0000000084000000, 0x0000000084000000, 0x0000000084100000|  0%| F|  |TAMS 0x0000000084000000| PB 0x0000000084000000| Untracked 
|  33|0x0000000084100000, 0x0000000084100000, 0x0000000084200000|  0%| F|  |TAMS 0x0000000084100000| PB 0x0000000084100000| Untracked 
|  34|0x0000000084200000, 0x0000000084200000, 0x0000000084300000|  0%| F|  |TAMS 0x0000000084200000| PB 0x0000000084200000| Untracked 
|  35|0x0000000084300000, 0x0000000084300000, 0x0000000084400000|  0%| F|  |TAMS 0x0000000084300000| PB 0x0000000084300000| Untracked 
|  36|0x0000000084400000, 0x0000000084400000, 0x0000000084500000|  0%| F|  |TAMS 0x0000000084400000| PB 0x0000000084400000| Untracked 
|  37|0x0000000084500000, 0x0000000084500000, 0x0000000084600000|  0%| F|  |TAMS 0x0000000084500000| PB 0x0000000084500000| Untracked 
|  38|0x0000000084600000, 0x0000000084600000, 0x0000000084700000|  0%| F|  |TAMS 0x0000000084600000| PB 0x0000000084600000| Untracked 
|  39|0x0000000084700000, 0x0000000084700000, 0x0000000084800000|  0%| F|  |TAMS 0x0000000084700000| PB 0x0000000084700000| Untracked 
|  40|0x0000000084800000, 0x0000000084800000, 0x0000000084900000|  0%| F|  |TAMS 0x0000000084800000| PB 0x0000000084800000| Untracked 
|  41|0x0000000084900000, 0x0000000084900000, 0x0000000084a00000|  0%| F|  |TAMS 0x0000000084900000| PB 0x0000000084900000| Untracked 
|  42|0x0000000084a00000, 0x0000000084a00000, 0x0000000084b00000|  0%| F|  |TAMS 0x0000000084a00000| PB 0x0000000084a00000| Untracked 
|  43|0x0000000084b00000, 0x0000000084b00000, 0x0000000084c00000|  0%| F|  |TAMS 0x0000000084b00000| PB 0x0000000084b00000| Untracked 
|  44|0x0000000084c00000, 0x0000000084c00000, 0x0000000084d00000|  0%| F|  |TAMS 0x0000000084c00000| PB 0x0000000084c00000| Untracked 
|  45|0x0000000084d00000, 0x0000000084d00000, 0x0000000084e00000|  0%| F|  |TAMS 0x0000000084d00000| PB 0x0000000084d00000| Untracked 
|  46|0x0000000084e00000, 0x0000000084e00000, 0x0000000084f00000|  0%| F|  |TAMS 0x0000000084e00000| PB 0x0000000084e00000| Untracked 
|  47|0x0000000084f00000, 0x0000000084f00000, 0x0000000085000000|  0%| F|  |TAMS 0x0000000084f00000| PB 0x0000000084f00000| Untracked 
|  48|0x0000000085000000, 0x0000000085000000, 0x0000000085100000|  0%| F|  |TAMS 0x0000000085000000| PB 0x0000000085000000| Untracked 
|  49|0x0000000085100000, 0x0000000085100000, 0x0000000085200000|  0%| F|  |TAMS 0x0000000085100000| PB 0x0000000085100000| Untracked 
|  50|0x0000000085200000, 0x0000000085200000, 0x0000000085300000|  0%| F|  |TAMS 0x0000000085200000| PB 0x0000000085200000| Untracked 
|  51|0x0000000085300000, 0x0000000085300000, 0x0000000085400000|  0%| F|  |TAMS 0x0000000085300000| PB 0x0000000085300000| Untracked 
|  52|0x0000000085400000, 0x0000000085400000, 0x0000000085500000|  0%| F|  |TAMS 0x0000000085400000| PB 0x0000000085400000| Untracked 
|  53|0x0000000085500000, 0x0000000085500000, 0x0000000085600000|  0%| F|  |TAMS 0x0000000085500000| PB 0x0000000085500000| Untracked 
|  54|0x0000000085600000, 0x0000000085600000, 0x0000000085700000|  0%| F|  |TAMS 0x0000000085600000| PB 0x0000000085600000| Untracked 
|  55|0x0000000085700000, 0x0000000085700000, 0x0000000085800000|  0%| F|  |TAMS 0x0000000085700000| PB 0x0000000085700000| Untracked 
|  56|0x0000000085800000, 0x0000000085800000, 0x0000000085900000|  0%| F|  |TAMS 0x0000000085800000| PB 0x0000000085800000| Untracked 
|  57|0x0000000085900000, 0x0000000085900000, 0x0000000085a00000|  0%| F|  |TAMS 0x0000000085900000| PB 0x0000000085900000| Untracked 
|  58|0x0000000085a00000, 0x0000000085a00000, 0x0000000085b00000|  0%| F|  |TAMS 0x0000000085a00000| PB 0x0000000085a00000| Untracked 
|  59|0x0000000085b00000, 0x0000000085b00000, 0x0000000085c00000|  0%| F|  |TAMS 0x0000000085b00000| PB 0x0000000085b00000| Untracked 
|  60|0x0000000085c00000, 0x0000000085c00000, 0x0000000085d00000|  0%| F|  |TAMS 0x0000000085c00000| PB 0x0000000085c00000| Untracked 
|  61|0x0000000085d00000, 0x0000000085d00000, 0x0000000085e00000|  0%| F|  |TAMS 0x0000000085d00000| PB 0x0000000085d00000| Untracked 
|  62|0x0000000085e00000, 0x0000000085e00000, 0x0000000085f00000|  0%| F|  |TAMS 0x0000000085e00000| PB 0x0000000085e00000| Untracked 
|  63|0x0000000085f00000, 0x0000000085f00000, 0x0000000086000000|  0%| F|  |TAMS 0x0000000085f00000| PB 0x0000000085f00000| Untracked 
|  64|0x0000000086000000, 0x0000000086000000, 0x0000000086100000|  0%| F|  |TAMS 0x0000000086000000| PB 0x0000000086000000| Untracked 
|  65|0x0000000086100000, 0x0000000086100000, 0x0000000086200000|  0%| F|  |TAMS 0x0000000086100000| PB 0x0000000086100000| Untracked 
|  66|0x0000000086200000, 0x0000000086200000, 0x0000000086300000|  0%| F|  |TAMS 0x0000000086200000| PB 0x0000000086200000| Untracked 
|  67|0x0000000086300000, 0x0000000086300000, 0x0000000086400000|  0%| F|  |TAMS 0x0000000086300000| PB 0x0000000086300000| Untracked 
|  68|0x0000000086400000, 0x0000000086400000, 0x0000000086500000|  0%| F|  |TAMS 0x0000000086400000| PB 0x0000000086400000| Untracked 
|  69|0x0000000086500000, 0x0000000086500000, 0x0000000086600000|  0%| F|  |TAMS 0x0000000086500000| PB 0x0000000086500000| Untracked 
|  70|0x0000000086600000, 0x0000000086600000, 0x0000000086700000|  0%| F|  |TAMS 0x0000000086600000| PB 0x0000000086600000| Untracked 
|  71|0x0000000086700000, 0x0000000086700000, 0x0000000086800000|  0%| F|  |TAMS 0x0000000086700000| PB 0x0000000086700000| Untracked 
|  72|0x0000000086800000, 0x0000000086800000, 0x0000000086900000|  0%| F|  |TAMS 0x0000000086800000| PB 0x0000000086800000| Untracked 
|  73|0x0000000086900000, 0x0000000086900000, 0x0000000086a00000|  0%| F|  |TAMS 0x0000000086900000| PB 0x0000000086900000| Untracked 
|  74|0x0000000086a00000, 0x0000000086a00000, 0x0000000086b00000|  0%| F|  |TAMS 0x0000000086a00000| PB 0x0000000086a00000| Untracked 
|  75|0x0000000086b00000, 0x0000000086b00000, 0x0000000086c00000|  0%| F|  |TAMS 0x0000000086b00000| PB 0x0000000086b00000| Untracked 
|  76|0x0000000086c00000, 0x0000000086c00000, 0x0000000086d00000|  0%| F|  |TAMS 0x0000000086c00000| PB 0x0000000086c00000| Untracked 
|  77|0x0000000086d00000, 0x0000000086d00000, 0x0000000086e00000|  0%| F|  |TAMS 0x0000000086d00000| PB 0x0000000086d00000| Untracked 
|  78|0x0000000086e00000, 0x0000000086e00000, 0x0000000086f00000|  0%| F|  |TAMS 0x0000000086e00000| PB 0x0000000086e00000| Untracked 
|  79|0x0000000086f00000, 0x0000000086f00000, 0x0000000087000000|  0%| F|  |TAMS 0x0000000086f00000| PB 0x0000000086f00000| Untracked 
|  80|0x0000000087000000, 0x0000000087000000, 0x0000000087100000|  0%| F|  |TAMS 0x0000000087000000| PB 0x0000000087000000| Untracked 
|  81|0x0000000087100000, 0x0000000087100000, 0x0000000087200000|  0%| F|  |TAMS 0x0000000087100000| PB 0x0000000087100000| Untracked 
|  82|0x0000000087200000, 0x0000000087200000, 0x0000000087300000|  0%| F|  |TAMS 0x0000000087200000| PB 0x0000000087200000| Untracked 
|  83|0x0000000087300000, 0x0000000087300000, 0x0000000087400000|  0%| F|  |TAMS 0x0000000087300000| PB 0x0000000087300000| Untracked 
|  84|0x0000000087400000, 0x0000000087400000, 0x0000000087500000|  0%| F|  |TAMS 0x0000000087400000| PB 0x0000000087400000| Untracked 
|  85|0x0000000087500000, 0x0000000087500000, 0x0000000087600000|  0%| F|  |TAMS 0x0000000087500000| PB 0x0000000087500000| Untracked 
|  86|0x0000000087600000, 0x0000000087600000, 0x0000000087700000|  0%| F|  |TAMS 0x0000000087600000| PB 0x0000000087600000| Untracked 
|  87|0x0000000087700000, 0x0000000087700000, 0x0000000087800000|  0%| F|  |TAMS 0x0000000087700000| PB 0x0000000087700000| Untracked 
|  88|0x0000000087800000, 0x0000000087800000, 0x0000000087900000|  0%| F|  |TAMS 0x0000000087800000| PB 0x0000000087800000| Untracked 
|  89|0x0000000087900000, 0x0000000087900000, 0x0000000087a00000|  0%| F|  |TAMS 0x0000000087900000| PB 0x0000000087900000| Untracked 
|  90|0x0000000087a00000, 0x0000000087a00000, 0x0000000087b00000|  0%| F|  |TAMS 0x0000000087a00000| PB 0x0000000087a00000| Untracked 
|  91|0x0000000087b00000, 0x0000000087b00000, 0x0000000087c00000|  0%| F|  |TAMS 0x0000000087b00000| PB 0x0000000087b00000| Untracked 
|  92|0x0000000087c00000, 0x0000000087c00000, 0x0000000087d00000|  0%| F|  |TAMS 0x0000000087c00000| PB 0x0000000087c00000| Untracked 
|  93|0x0000000087d00000, 0x0000000087d00000, 0x0000000087e00000|  0%| F|  |TAMS 0x0000000087d00000| PB 0x0000000087d00000| Untracked 
|  94|0x0000000087e00000, 0x0000000087e00000, 0x0000000087f00000|  0%| F|  |TAMS 0x0000000087e00000| PB 0x0000000087e00000| Untracked 
|  95|0x0000000087f00000, 0x0000000087f00000, 0x0000000088000000|  0%| F|  |TAMS 0x0000000087f00000| PB 0x0000000087f00000| Untracked 
|  96|0x0000000088000000, 0x0000000088000000, 0x0000000088100000|  0%| F|  |TAMS 0x0000000088000000| PB 0x0000000088000000| Untracked 
|  97|0x0000000088100000, 0x0000000088100000, 0x0000000088200000|  0%| F|  |TAMS 0x0000000088100000| PB 0x0000000088100000| Untracked 
|  98|0x0000000088200000, 0x0000000088200000, 0x0000000088300000|  0%| F|  |TAMS 0x0000000088200000| PB 0x0000000088200000| Untracked 
|  99|0x0000000088300000, 0x0000000088300000, 0x0000000088400000|  0%| F|  |TAMS 0x0000000088300000| PB 0x0000000088300000| Untracked 
| 100|0x0000000088400000, 0x0000000088500000, 0x0000000088500000|100%| S|CS|TAMS 0x0000000088400000| PB 0x0000000088400000| Complete 
| 101|0x0000000088500000, 0x0000000088600000, 0x0000000088600000|100%| S|CS|TAMS 0x0000000088500000| PB 0x0000000088500000| Complete 
| 102|0x0000000088600000, 0x0000000088700000, 0x0000000088700000|100%| S|CS|TAMS 0x0000000088600000| PB 0x0000000088600000| Complete 
| 103|0x0000000088700000, 0x0000000088700000, 0x0000000088800000|  0%| F|  |TAMS 0x0000000088700000| PB 0x0000000088700000| Untracked 
| 104|0x0000000088800000, 0x0000000088800000, 0x0000000088900000|  0%| F|  |TAMS 0x0000000088800000| PB 0x0000000088800000| Untracked 
| 105|0x0000000088900000, 0x0000000088900000, 0x0000000088a00000|  0%| F|  |TAMS 0x0000000088900000| PB 0x0000000088900000| Untracked 
| 106|0x0000000088a00000, 0x0000000088a00000, 0x0000000088b00000|  0%| F|  |TAMS 0x0000000088a00000| PB 0x0000000088a00000| Untracked 
| 107|0x0000000088b00000, 0x0000000088b00000, 0x0000000088c00000|  0%| F|  |TAMS 0x0000000088b00000| PB 0x0000000088b00000| Untracked 
| 108|0x0000000088c00000, 0x0000000088c00000, 0x0000000088d00000|  0%| F|  |TAMS 0x0000000088c00000| PB 0x0000000088c00000| Untracked 
| 109|0x0000000088d00000, 0x0000000088d00000, 0x0000000088e00000|  0%| F|  |TAMS 0x0000000088d00000| PB 0x0000000088d00000| Untracked 
| 110|0x0000000088e00000, 0x0000000088e00000, 0x0000000088f00000|  0%| F|  |TAMS 0x0000000088e00000| PB 0x0000000088e00000| Untracked 
| 111|0x0000000088f00000, 0x0000000088f00000, 0x0000000089000000|  0%| F|  |TAMS 0x0000000088f00000| PB 0x0000000088f00000| Untracked 
| 112|0x0000000089000000, 0x0000000089000000, 0x0000000089100000|  0%| F|  |TAMS 0x0000000089000000| PB 0x0000000089000000| Untracked 
| 113|0x0000000089100000, 0x0000000089100000, 0x0000000089200000|  0%| F|  |TAMS 0x0000000089100000| PB 0x0000000089100000| Untracked 
| 114|0x0000000089200000, 0x0000000089200000, 0x0000000089300000|  0%| F|  |TAMS 0x0000000089200000| PB 0x0000000089200000| Untracked 
| 115|0x0000000089300000, 0x0000000089300000, 0x0000000089400000|  0%| F|  |TAMS 0x0000000089300000| PB 0x0000000089300000| Untracked 
| 116|0x0000000089400000, 0x0000000089400000, 0x0000000089500000|  0%| F|  |TAMS 0x0000000089400000| PB 0x0000000089400000| Untracked 
| 117|0x0000000089500000, 0x0000000089500000, 0x0000000089600000|  0%| F|  |TAMS 0x0000000089500000| PB 0x0000000089500000| Untracked 
| 118|0x0000000089600000, 0x0000000089700000, 0x0000000089700000|100%| E|  |TAMS 0x0000000089600000| PB 0x0000000089600000| Complete 
| 119|0x0000000089700000, 0x0000000089800000, 0x0000000089800000|100%| E|CS|TAMS 0x0000000089700000| PB 0x0000000089700000| Complete 
| 120|0x0000000089800000, 0x0000000089900000, 0x0000000089900000|100%| E|CS|TAMS 0x0000000089800000| PB 0x0000000089800000| Complete 
| 121|0x0000000089900000, 0x0000000089a00000, 0x0000000089a00000|100%| E|CS|TAMS 0x0000000089900000| PB 0x0000000089900000| Complete 
| 122|0x0000000089a00000, 0x0000000089b00000, 0x0000000089b00000|100%| E|CS|TAMS 0x0000000089a00000| PB 0x0000000089a00000| Complete 
| 123|0x0000000089b00000, 0x0000000089c00000, 0x0000000089c00000|100%| E|CS|TAMS 0x0000000089b00000| PB 0x0000000089b00000| Complete 
| 124|0x0000000089c00000, 0x0000000089d00000, 0x0000000089d00000|100%| E|CS|TAMS 0x0000000089c00000| PB 0x0000000089c00000| Complete 
| 125|0x0000000089d00000, 0x0000000089e00000, 0x0000000089e00000|100%| E|CS|TAMS 0x0000000089d00000| PB 0x0000000089d00000| Complete 

Card table byte_map: [0x000001be5cd70000,0x000001be5d160000] _byte_map_base: 0x000001be5c960000

Marking Bits: (CMBitMap*) 0x000001be45236560
 Bits: [0x000001be5d160000, 0x000001be5f0e0000)

Polling page: 0x000001be431e0000

Metaspace:

Usage:
  Non-class:     10.33 MB used.
      Class:      1.40 MB used.
       Both:     11.74 MB used.

Virtual space:
  Non-class space:       64.00 MB reserved,      10.50 MB ( 16%) committed,  1 nodes.
      Class space:        1.00 GB reserved,       1.50 MB ( <1%) committed,  1 nodes.
             Both:        1.06 GB reserved,      12.00 MB (  1%) committed. 

Chunk freelists:
   Non-Class:  5.38 MB
       Class:  14.38 MB
        Both:  19.75 MB

MaxMetaspaceSize: unlimited
CompressedClassSpaceSize: 1.00 GB
Initial GC threshold: 21.00 MB
Current GC threshold: 21.00 MB
CDS: on
 - commit_granule_bytes: 65536.
 - commit_granule_words: 8192.
 - virtual_space_node_default_size: 8388608.
 - enlarge_chunks_in_place: 1.
 - use_allocation_guard: 0.


Internal statistics:

num_allocs_failed_limit: 0.
num_arena_births: 332.
num_arena_deaths: 0.
num_vsnodes_births: 2.
num_vsnodes_deaths: 0.
num_space_committed: 192.
num_space_uncommitted: 0.
num_chunks_returned_to_freelist: 0.
num_chunks_taken_from_freelist: 607.
num_chunk_merges: 0.
num_chunk_splits: 353.
num_chunks_enlarged: 196.
num_inconsistent_stats: 0.

CodeHeap 'non-profiled nmethods': size=120000Kb used=515Kb max_used=515Kb free=119485Kb
 bounds [0x000001be55120000, 0x000001be55390000, 0x000001be5c650000]
CodeHeap 'profiled nmethods': size=120000Kb used=3361Kb max_used=3361Kb free=116638Kb
 bounds [0x000001be4d650000, 0x000001be4d9a0000, 0x000001be54b80000]
CodeHeap 'non-nmethods': size=5760Kb used=1451Kb max_used=1454Kb free=4308Kb
 bounds [0x000001be54b80000, 0x000001be54df0000, 0x000001be55120000]
 total_blobs=2264 nmethods=1730 adapters=438
 compilation: enabled
              stopped_count=0, restarted_count=0
 full_count=0

Compilation events (20 events):
Event: 65.201 Thread 0x000001be61b26e80 nmethod 1663 0x000001be4d971310 code [0x000001be4d9714c0, 0x000001be4d9716d0]
Event: 65.201 Thread 0x000001be61b26e80 1664       3       java.lang.invoke.BoundMethodHandle::bindArgumentL (11 bytes)
Event: 65.201 Thread 0x000001be61b26e80 nmethod 1664 0x000001be4d971810 code [0x000001be4d971a00, 0x000001be4d971ee0]
Event: 65.201 Thread 0x000001be61b26e80 1665       3       java.lang.invoke.LambdaFormEditor::bindArgumentL (59 bytes)
Event: 65.201 Thread 0x000001be61b26e80 nmethod 1665 0x000001be4d972110 code [0x000001be4d9722e0, 0x000001be4d972590]
Event: 65.201 Thread 0x000001be61b26e80 1667       3       jdk.internal.misc.Unsafe::putIntUnaligned (14 bytes)
Event: 65.201 Thread 0x000001be61b26e80 nmethod 1667 0x000001be4d972710 code [0x000001be4d9728c0, 0x000001be4d972b08]
Event: 65.201 Thread 0x000001be61b26e80 1666       3       jdk.internal.misc.Unsafe::putIntUnaligned (79 bytes)
Event: 65.202 Thread 0x000001be61b26e80 nmethod 1666 0x000001be4d972c10 code [0x000001be4d972de0, 0x000001be4d973188]
Event: 65.202 Thread 0x000001be61b26e80 1668       3       java.util.stream.AbstractPipeline::sourceSpliterator (265 bytes)
Event: 65.202 Thread 0x000001be61b247c0 1670       4       java.lang.invoke.MethodType::makeImpl (109 bytes)
Event: 65.203 Thread 0x000001be61b26e80 nmethod 1668 0x000001be4d973290 code [0x000001be4d973540, 0x000001be4d974530]
Event: 65.203 Thread 0x000001be61b26e80 1669       3       java.util.stream.Sink::end (1 bytes)
Event: 65.203 Thread 0x000001be61b26e80 nmethod 1669 0x000001be4d974a90 code [0x000001be4d974c20, 0x000001be4d974d28]
Event: 65.203 Thread 0x000001be61b26e80 1672       3       java.lang.invoke.VarHandleGuards::guard_LLL_Z (86 bytes)
Event: 65.204 Thread 0x000001be61b26e80 nmethod 1672 0x000001be4d974d90 code [0x000001be4d9750c0, 0x000001be4d976a70]
Event: 65.204 Thread 0x000001be61b26e80 1673       3       jdk.internal.net.http.Http1HeaderParser::get (10 bytes)
Event: 65.204 Thread 0x000001be61b26e80 nmethod 1673 0x000001be4d977210 code [0x000001be4d9773c0, 0x000001be4d9775a0]
Event: 65.204 Thread 0x000001be61b26e80 1671       3       java.util.concurrent.locks.ReentrantLock::<init> (16 bytes)
Event: 65.204 Thread 0x000001be61b26e80 nmethod 1671 0x000001be4d977690 code [0x000001be4d977860, 0x000001be4d977c58]

GC Heap History (2 events):
Event: 57.799 GC heap before
{Heap before GC invocations=0 (full 0):
 garbage-first heap   total 129024K, used 23552K [0x0000000082000000, 0x0000000100000000)
  region size 1024K, 23 young (23552K), 0 survivors (0K)
 Metaspace       used 9398K, committed 9728K, reserved 1114112K
  class space    used 1084K, committed 1216K, reserved 1048576K
}
Event: 57.834 GC heap after
{Heap after GC invocations=1 (full 0):
 garbage-first heap   total 129024K, used 6613K [0x0000000082000000, 0x0000000100000000)
  region size 1024K, 3 young (3072K), 3 survivors (3072K)
 Metaspace       used 9398K, committed 9728K, reserved 1114112K
  class space    used 1084K, committed 1216K, reserved 1048576K
}

Dll operation events (10 events):
Event: 0.630 Loaded shared library C:\Program Files\Java\jdk-21\bin\java.dll
Event: 0.656 Loaded shared library C:\Program Files\Java\jdk-21\bin\jsvml.dll
Event: 1.813 Loaded shared library C:\Program Files\Java\jdk-21\bin\net.dll
Event: 1.814 Loaded shared library C:\Program Files\Java\jdk-21\bin\nio.dll
Event: 1.817 Loaded shared library C:\Program Files\Java\jdk-21\bin\zip.dll
Event: 1.865 Loaded shared library C:\Program Files\Java\jdk-21\bin\jimage.dll
Event: 2.176 Loaded shared library C:\Program Files\Java\jdk-21\bin\extnet.dll
Event: 2.210 Loaded shared library C:\Program Files\Java\jdk-21\bin\management.dll
Event: 2.212 Loaded shared library C:\Program Files\Java\jdk-21\bin\management_ext.dll
Event: 15.790 Loaded shared library C:\Program Files\Java\jdk-21\bin\sunmscapi.dll

Deoptimization events (20 events):
Event: 58.349 Thread 0x000001be6601be30 Uncommon trap: trap_request=0xffffffde fr.pc=0x000001be5519655c relative=0x000000000000013c
Event: 58.349 Thread 0x000001be6601be30 Uncommon trap: reason=class_check action=maybe_recompile pc=0x000001be5519655c method=jdk.internal.misc.Unsafe.allocateUninitializedArray(Ljava/lang/Class;I)Ljava/lang/Object; @ 51 c2
Event: 58.349 Thread 0x000001be6601be30 DEOPT PACKING pc=0x000001be5519655c sp=0x0000005b774fa1b0
Event: 58.349 Thread 0x000001be6601be30 DEOPT UNPACKING pc=0x000001be54bd46a2 sp=0x0000005b774fa128 mode 2
Event: 58.349 Thread 0x000001be6601be30 Uncommon trap: trap_request=0xffffffde fr.pc=0x000001be5519655c relative=0x000000000000013c
Event: 58.349 Thread 0x000001be6601be30 Uncommon trap: reason=class_check action=maybe_recompile pc=0x000001be5519655c method=jdk.internal.misc.Unsafe.allocateUninitializedArray(Ljava/lang/Class;I)Ljava/lang/Object; @ 51 c2
Event: 58.349 Thread 0x000001be6601be30 DEOPT PACKING pc=0x000001be5519655c sp=0x0000005b774fa160
Event: 58.349 Thread 0x000001be6601be30 DEOPT UNPACKING pc=0x000001be54bd46a2 sp=0x0000005b774fa0d8 mode 2
Event: 58.349 Thread 0x000001be6601be30 Uncommon trap: trap_request=0xffffffde fr.pc=0x000001be5519655c relative=0x000000000000013c
Event: 58.349 Thread 0x000001be6601be30 Uncommon trap: reason=class_check action=maybe_recompile pc=0x000001be5519655c method=jdk.internal.misc.Unsafe.allocateUninitializedArray(Ljava/lang/Class;I)Ljava/lang/Object; @ 51 c2
Event: 58.349 Thread 0x000001be6601be30 DEOPT PACKING pc=0x000001be5519655c sp=0x0000005b774fa120
Event: 58.349 Thread 0x000001be6601be30 DEOPT UNPACKING pc=0x000001be54bd46a2 sp=0x0000005b774fa098 mode 2
Event: 58.349 Thread 0x000001be6601be30 Uncommon trap: trap_request=0xffffffde fr.pc=0x000001be5519655c relative=0x000000000000013c
Event: 58.349 Thread 0x000001be6601be30 Uncommon trap: reason=class_check action=maybe_recompile pc=0x000001be5519655c method=jdk.internal.misc.Unsafe.allocateUninitializedArray(Ljava/lang/Class;I)Ljava/lang/Object; @ 51 c2
Event: 58.349 Thread 0x000001be6601be30 DEOPT PACKING pc=0x000001be5519655c sp=0x0000005b774fa0d0
Event: 58.349 Thread 0x000001be6601be30 DEOPT UNPACKING pc=0x000001be54bd46a2 sp=0x0000005b774fa048 mode 2
Event: 63.640 Thread 0x000001be43070b60 Uncommon trap: trap_request=0xffffffde fr.pc=0x000001be551725fc relative=0x000000000000053c
Event: 63.640 Thread 0x000001be43070b60 Uncommon trap: reason=class_check action=maybe_recompile pc=0x000001be551725fc method=java.util.HashMap.putVal(ILjava/lang/Object;Ljava/lang/Object;ZZ)Ljava/lang/Object; @ 253 c2
Event: 63.640 Thread 0x000001be43070b60 DEOPT PACKING pc=0x000001be551725fc sp=0x0000005b751fe780
Event: 63.640 Thread 0x000001be43070b60 DEOPT UNPACKING pc=0x000001be54bd46a2 sp=0x0000005b751fe710 mode 2

Classes loaded (20 events):
Event: 63.861 Loading class jdk/internal/access/JavaUtilCollectionAccess
Event: 63.861 Loading class jdk/internal/access/JavaUtilCollectionAccess done
Event: 63.861 Loading class java/util/ImmutableCollections$Access$1 done
Event: 64.573 Loading class java/util/LinkedList$DescendingIterator
Event: 64.671 Loading class java/util/LinkedList$DescendingIterator done
Event: 64.672 Loading class java/util/concurrent/locks/ReadWriteLock
Event: 64.737 Loading class java/util/concurrent/locks/ReadWriteLock done
Event: 64.799 Loading class java/util/concurrent/locks/ReentrantReadWriteLock
Event: 64.870 Loading class java/util/concurrent/locks/ReentrantReadWriteLock done
Event: 64.870 Loading class java/util/concurrent/locks/ReentrantReadWriteLock$FairSync
Event: 64.903 Loading class java/util/concurrent/locks/ReentrantReadWriteLock$Sync
Event: 64.912 Loading class java/util/concurrent/locks/ReentrantReadWriteLock$Sync done
Event: 64.912 Loading class java/util/concurrent/locks/ReentrantReadWriteLock$FairSync done
Event: 64.912 Loading class java/util/concurrent/locks/ReentrantReadWriteLock$Sync$ThreadLocalHoldCounter
Event: 64.912 Loading class java/util/concurrent/locks/ReentrantReadWriteLock$Sync$ThreadLocalHoldCounter done
Event: 64.913 Loading class java/util/concurrent/locks/ReentrantReadWriteLock$ReadLock
Event: 64.913 Loading class java/util/concurrent/locks/ReentrantReadWriteLock$ReadLock done
Event: 64.913 Loading class java/util/concurrent/locks/ReentrantReadWriteLock$WriteLock
Event: 64.913 Loading class java/util/concurrent/locks/ReentrantReadWriteLock$WriteLock done
Event: 65.203 Loading class sun/net/www/HeaderParser

Classes unloaded (0 events):
No events

Classes redefined (0 events):
No events

Internal exceptions (20 events):
Event: 30.286 Thread 0x000001be43070b60 Exception <a 'java/lang/NoSuchMethodError'{0x0000000088bdc730}: 'java.lang.Object java.lang.invoke.DirectMethodHandle$Holder.invokeStaticInit(java.lang.Object, int, int, int, int)'> (0x0000000088bdc730) 
thrown [s\open\src\hotspot\share\interpreter\linkResolver.cpp, line 773]
Event: 51.469 Thread 0x000001be43070b60 Exception <a 'java/lang/NoSuchMethodError'{0x0000000088a78fa0}: 'java.lang.Object java.lang.invoke.DirectMethodHandle$Holder.invokeStaticInit(java.lang.Object, java.lang.Object, int, int, int, int)'> (0x0000000088a78fa0) 
thrown [s\open\src\hotspot\share\interpreter\linkResolver.cpp, line 773]
Event: 56.442 Thread 0x000001be43070b60 Exception <a 'java/lang/NoSuchMethodError'{0x00000000889fd310}: 'java.lang.Object java.lang.invoke.DirectMethodHandle$Holder.invokeInterface(java.lang.Object, java.lang.Object, java.lang.Object)'> (0x00000000889fd310) 
thrown [s\open\src\hotspot\share\interpreter\linkResolver.cpp, line 773]
Event: 56.442 Thread 0x000001be43070b60 Exception <a 'java/lang/IncompatibleClassChangeError'{0x0000000088800e58}: Found class java.lang.Object, but interface was expected> (0x0000000088800e58) 
thrown [s\open\src\hotspot\share\interpreter\linkResolver.cpp, line 840]
Event: 56.453 Thread 0x000001be43070b60 Exception <a 'java/lang/NoSuchMethodError'{0x0000000088808010}: 'int java.lang.invoke.DirectMethodHandle$Holder.invokeSpecialIFC(java.lang.Object, java.lang.Object, java.lang.Object, java.lang.Object)'> (0x0000000088808010) 
thrown [s\open\src\hotspot\share\interpreter\linkResolver.cpp, line 773]
Event: 56.455 Thread 0x000001be43070b60 Exception <a 'java/lang/NoSuchMethodError'{0x000000008882a798}: 'java.lang.Object java.lang.invoke.DirectMethodHandle$Holder.invokeVirtual(java.lang.Object, java.lang.Object, java.lang.Object, java.lang.Object)'> (0x000000008882a798) 
thrown [s\open\src\hotspot\share\interpreter\linkResolver.cpp, line 773]
Event: 57.175 Thread 0x000001be6616d4c0 Exception <a 'java/net/ConnectException'{0x000000008870b410}: Connection refused: getsockopt> (0x000000008870b410) 
thrown [s\open\src\hotspot\share\prims\jni.cpp, line 539]
Event: 57.207 Thread 0x000001be6616d4c0 Exception <a 'java/net/ConnectException'{0x000000008870c500}: Connection refused: getsockopt> (0x000000008870c500) 
thrown [s\open\src\hotspot\share\prims\jni.cpp, line 539]
Event: 57.239 Thread 0x000001be6616d4c0 Exception <a 'java/net/ConnectException'{0x000000008870d418}: Connection refused: getsockopt> (0x000000008870d418) 
thrown [s\open\src\hotspot\share\prims\jni.cpp, line 539]
Event: 57.286 Thread 0x000001be6616d4c0 Exception <a 'java/net/ConnectException'{0x000000008870e330}: Connection refused: getsockopt> (0x000000008870e330) 
thrown [s\open\src\hotspot\share\prims\jni.cpp, line 539]
Event: 57.393 Thread 0x000001be6616d4c0 Exception <a 'java/net/ConnectException'{0x000000008870f248}: Connection refused: getsockopt> (0x000000008870f248) 
thrown [s\open\src\hotspot\share\prims\jni.cpp, line 539]
Event: 57.837 Thread 0x000001be43070b60 Exception <a 'java/lang/NoSuchMethodError'{0x0000000089d0b4c0}: 'java.lang.Object java.lang.invoke.DirectMethodHandle$Holder.newInvokeSpecial(java.lang.Object, java.lang.Object, int, int)'> (0x0000000089d0b4c0) 
thrown [s\open\src\hotspot\share\interpreter\linkResolver.cpp, line 773]
Event: 57.838 Thread 0x000001be43070b60 Exception <a 'java/lang/NoSuchMethodError'{0x0000000089d15770}: 'void java.lang.invoke.DirectMethodHandle$Holder.invokeStatic(java.lang.Object, java.lang.Object, int)'> (0x0000000089d15770) 
thrown [s\open\src\hotspot\share\interpreter\linkResolver.cpp, line 773]
Event: 57.871 Thread 0x000001be43070b60 Exception <a 'java/lang/NoSuchMethodError'{0x0000000089c28e90}: 'java.lang.Object java.lang.invoke.DirectMethodHandle$Holder.newInvokeSpecial(java.lang.Object, java.lang.Object, java.lang.Object, java.lang.Object, java.lang.Object)'> (0x0000000089c28e90) 
thrown [s\open\src\hotspot\share\interpreter\linkResolver.cpp, line 773]
Event: 58.272 Thread 0x000001be6601be30 Exception <a 'java/lang/NoSuchMethodError'{0x0000000089b8ba58}: 'java.lang.Object java.lang.invoke.DirectMethodHandle$Holder.invokeSpecial(java.lang.Object, java.lang.Object, java.lang.Object, java.lang.Object, int)'> (0x0000000089b8ba58) 
thrown [s\open\src\hotspot\share\interpreter\linkResolver.cpp, line 773]
Event: 58.272 Thread 0x000001be6601be30 Exception <a 'java/lang/NoSuchMethodError'{0x0000000089b8f3a0}: 'java.lang.Object java.lang.invoke.Invokers$Holder.linkToTargetMethod(java.lang.Object, java.lang.Object, int, java.lang.Object)'> (0x0000000089b8f3a0) 
thrown [s\open\src\hotspot\share\interpreter\linkResolver.cpp, line 773]
Event: 58.313 Thread 0x000001be6601be30 Exception <a 'java/lang/NoSuchMethodError'{0x0000000089ba6f10}: 'void java.lang.invoke.DirectMethodHandle$Holder.invokeSpecial(java.lang.Object, java.lang.Object, java.lang.Object)'> (0x0000000089ba6f10) 
thrown [s\open\src\hotspot\share\interpreter\linkResolver.cpp, line 773]
Event: 58.340 Thread 0x000001be6601be30 Exception <a 'java/lang/NoSuchMethodError'{0x0000000089bd3018}: 'void java.lang.invoke.DirectMethodHandle$Holder.invokeSpecial(java.lang.Object, java.lang.Object, java.lang.Object, java.lang.Object, java.lang.Object)'> (0x0000000089bd3018) 
thrown [s\open\src\hotspot\share\interpreter\linkResolver.cpp, line 773]
Event: 63.067 Thread 0x000001be6601ec20 Exception <a 'java/lang/NoSuchMethodError'{0x000000008991a528}: 'void java.lang.invoke.DirectMethodHandle$Holder.invokeSpecial(java.lang.Object, java.lang.Object, java.lang.Object, java.lang.Object, java.lang.Object, java.lang.Object, java.lang.Object)'> (0x000000008991a528) 
thrown [s\open\src\hotspot\share\interpreter\linkResolver.cpp, line 773]
Event: 63.637 Thread 0x000001be43070b60 Exception <a 'java/lang/NoSuchMethodError'{0x0000000089c9e728}: 'java.lang.Object java.lang.invoke.DirectMethodHandle$Holder.invokeSpecialIFC(java.lang.Object, java.lang.Object, java.lang.Object)'> (0x0000000089c9e728) 
thrown [s\open\src\hotspot\share\interpreter\linkResolver.cpp, line 773]

ZGC Phase Switch (0 events):
No events

VM Operations (20 events):
Event: 57.634 Executing VM operation: Cleanup
Event: 57.634 Executing VM operation: Cleanup done
Event: 57.799 Executing VM operation: G1CollectForAllocation (G1 Evacuation Pause)
Event: 57.834 Executing VM operation: G1CollectForAllocation (G1 Evacuation Pause) done
Event: 58.840 Executing VM operation: Cleanup
Event: 58.840 Executing VM operation: Cleanup done
Event: 60.833 Executing VM operation: HandshakeAllThreads (HandshakeForDeflation)
Event: 60.833 Executing VM operation: HandshakeAllThreads (HandshakeForDeflation) done
Event: 60.833 Executing VM operation: RendezvousGCThreads
Event: 60.833 Executing VM operation: RendezvousGCThreads done
Event: 61.466 Executing VM operation: HandshakeAllThreads (Deoptimize)
Event: 61.466 Executing VM operation: HandshakeAllThreads (Deoptimize) done
Event: 61.946 Executing VM operation: HandshakeAllThreads (Deoptimize)
Event: 61.946 Executing VM operation: HandshakeAllThreads (Deoptimize) done
Event: 62.955 Executing VM operation: Cleanup
Event: 63.065 Executing VM operation: Cleanup done
Event: 64.080 Executing VM operation: Cleanup
Event: 64.080 Executing VM operation: Cleanup done
Event: 65.094 Executing VM operation: Cleanup
Event: 65.125 Executing VM operation: Cleanup done

Events (20 events):
Event: 7.250 Thread 0x000001be662f4d30 Thread exited: 0x000001be662f4d30
Event: 7.326 Thread 0x000001be6616fc20 Thread exited: 0x000001be6616fc20
Event: 9.850 Thread 0x000001be6616e1e0 Thread added: 0x000001be6616e1e0
Event: 16.329 Thread 0x000001be662c6490 Thread added: 0x000001be662c6490
Event: 16.545 Thread 0x000001be662c6490 Thread exited: 0x000001be662c6490
Event: 55.918 Thread 0x000001be6616f590 Thread added: 0x000001be6616f590
Event: 56.523 Thread 0x000001be6616fc20 Thread added: 0x000001be6616fc20
Event: 56.705 Thread 0x000001be6616ce30 Thread added: 0x000001be6616ce30
Event: 56.706 Thread 0x000001be661702b0 Thread added: 0x000001be661702b0
Event: 56.728 Thread 0x000001be6616d4c0 Thread added: 0x000001be6616d4c0
Event: 57.634 Thread 0x000001be6601b110 Thread added: 0x000001be6601b110
Event: 57.936 Thread 0x000001be6601be30 Thread added: 0x000001be6601be30
Event: 58.024 Thread 0x000001be6601c4c0 Thread added: 0x000001be6601c4c0
Event: 58.384 Thread 0x000001be6601ec20 Thread added: 0x000001be6601ec20
Event: 58.385 Thread 0x000001be6601cb50 Thread added: 0x000001be6601cb50
Event: 58.385 Thread 0x000001be6601f2b0 Thread added: 0x000001be6601f2b0
Event: 64.570 Thread 0x000001be6601b7a0 Thread added: 0x000001be6601b7a0
Event: 64.570 Thread 0x000001be660189b0 Thread added: 0x000001be660189b0
Event: 64.572 Thread 0x000001be6601d1e0 Thread added: 0x000001be6601d1e0
Event: 64.572 Thread 0x000001be6601aa80 Thread added: 0x000001be6601aa80


Dynamic libraries:
0x00007ff667860000 - 0x00007ff667870000 	C:\Program Files\Java\jdk-21\bin\javaw.exe
0x00007ff9d65d0000 - 0x00007ff9d67e7000 	C:\WINDOWS\SYSTEM32\ntdll.dll
0x00007ff9d54a0000 - 0x00007ff9d5564000 	C:\WINDOWS\System32\KERNEL32.DLL
0x00007ff9d3c40000 - 0x00007ff9d4012000 	C:\WINDOWS\System32\KERNELBASE.dll
0x00007ff9d38f0000 - 0x00007ff9d3a01000 	C:\WINDOWS\System32\ucrtbase.dll
0x00007ff98ab40000 - 0x00007ff98ab5b000 	C:\Program Files\Java\jdk-21\bin\VCRUNTIME140.dll
0x00007ff98b550000 - 0x00007ff98b569000 	C:\Program Files\Java\jdk-21\bin\jli.dll
0x00007ff9d6260000 - 0x00007ff9d6311000 	C:\WINDOWS\System32\ADVAPI32.dll
0x00007ff9d4950000 - 0x00007ff9d49f7000 	C:\WINDOWS\System32\msvcrt.dll
0x00007ff9d42f0000 - 0x00007ff9d4398000 	C:\WINDOWS\System32\sechost.dll
0x00007ff9d3760000 - 0x00007ff9d3788000 	C:\WINDOWS\System32\bcrypt.dll
0x00007ff9d4db0000 - 0x00007ff9d4ec4000 	C:\WINDOWS\System32\RPCRT4.dll
0x00007ff9d6350000 - 0x00007ff9d6501000 	C:\WINDOWS\System32\USER32.dll
0x00007ff9d3790000 - 0x00007ff9d37b6000 	C:\WINDOWS\System32\win32u.dll
0x00007ff9d2840000 - 0x00007ff9d2adb000 	C:\WINDOWS\WinSxS\amd64_microsoft.windows.common-controls_6595b64144ccf1df_6.0.22621.5547_none_27104afb73855772\COMCTL32.dll
0x00007ff9d4ed0000 - 0x00007ff9d4ef9000 	C:\WINDOWS\System32\GDI32.dll
0x00007ff9d37c0000 - 0x00007ff9d38e3000 	C:\WINDOWS\System32\gdi32full.dll
0x00007ff9d36c0000 - 0x00007ff9d375a000 	C:\WINDOWS\System32\msvcp_win.dll
0x00007ff9cdb40000 - 0x00007ff9cdb4a000 	C:\WINDOWS\SYSTEM32\VERSION.dll
0x00007ff9d4a00000 - 0x00007ff9d4a31000 	C:\WINDOWS\System32\IMM32.DLL
0x00007ff98ea80000 - 0x00007ff98ea8c000 	C:\Program Files\Java\jdk-21\bin\vcruntime140_1.dll
0x00007ff96d980000 - 0x00007ff96da0e000 	C:\Program Files\Java\jdk-21\bin\msvcp140.dll
0x00007ff96cbb0000 - 0x00007ff96d8c3000 	C:\Program Files\Java\jdk-21\bin\server\jvm.dll
0x00007ff9d48d0000 - 0x00007ff9d4941000 	C:\WINDOWS\System32\WS2_32.dll
0x00007ff9d2fd0000 - 0x00007ff9d301d000 	C:\WINDOWS\SYSTEM32\POWRPROF.dll
0x00007ff9cdd00000 - 0x00007ff9cdd34000 	C:\WINDOWS\SYSTEM32\WINMM.dll
0x00007ff9d2b50000 - 0x00007ff9d2b63000 	C:\WINDOWS\SYSTEM32\UMPDC.dll
0x00007ff9d1e80000 - 0x00007ff9d1e98000 	C:\WINDOWS\SYSTEM32\kernel.appcore.dll
0x00007ff98b730000 - 0x00007ff98b73a000 	C:\Program Files\Java\jdk-21\bin\jimage.dll
0x00007ff9d3020000 - 0x00007ff9d3253000 	C:\WINDOWS\SYSTEM32\DBGHELP.DLL
0x00007ff9d4530000 - 0x00007ff9d48c3000 	C:\WINDOWS\System32\combase.dll
0x00007ff9d4450000 - 0x00007ff9d4527000 	C:\WINDOWS\System32\OLEAUT32.dll
0x00007ff9d2cd0000 - 0x00007ff9d2d02000 	C:\WINDOWS\SYSTEM32\dbgcore.DLL
0x00007ff9d40a0000 - 0x00007ff9d411b000 	C:\WINDOWS\System32\bcryptPrimitives.dll
0x00007ff975380000 - 0x00007ff97539f000 	C:\Program Files\Java\jdk-21\bin\java.dll
0x00007ff9d5590000 - 0x00007ff9d5e32000 	C:\WINDOWS\System32\SHELL32.dll
0x00007ff9d4120000 - 0x00007ff9d425f000 	C:\WINDOWS\System32\wintypes.dll
0x00007ff9d0e60000 - 0x00007ff9d177d000 	C:\WINDOWS\SYSTEM32\windows.storage.dll
0x00007ff9d4f00000 - 0x00007ff9d500c000 	C:\WINDOWS\System32\SHCORE.dll
0x00007ff9d6510000 - 0x00007ff9d6579000 	C:\WINDOWS\System32\shlwapi.dll
0x00007ff9d35f0000 - 0x00007ff9d361b000 	C:\WINDOWS\SYSTEM32\profapi.dll
0x00007ff96cad0000 - 0x00007ff96cba7000 	C:\Program Files\Java\jdk-21\bin\jsvml.dll
0x00007ff989ed0000 - 0x00007ff989ee0000 	C:\Program Files\Java\jdk-21\bin\net.dll
0x00007ff9cb5b0000 - 0x00007ff9cb6dc000 	C:\WINDOWS\SYSTEM32\WINHTTP.dll
0x00007ff9d2420000 - 0x00007ff9d2489000 	C:\WINDOWS\system32\mswsock.dll
0x00007ff975360000 - 0x00007ff975376000 	C:\Program Files\Java\jdk-21\bin\nio.dll
0x00007ff975340000 - 0x00007ff975358000 	C:\Program Files\Java\jdk-21\bin\zip.dll
0x00007ff9cdc80000 - 0x00007ff9cdc89000 	C:\Program Files\Java\jdk-21\bin\extnet.dll
0x00007ff9d1900000 - 0x00007ff9d19f8000 	C:\WINDOWS\SYSTEM32\DNSAPI.dll
0x00007ff9d18d0000 - 0x00007ff9d18fd000 	C:\WINDOWS\SYSTEM32\IPHLPAPI.DLL
0x00007ff9d5490000 - 0x00007ff9d5499000 	C:\WINDOWS\System32\NSI.dll
0x00007ff9ca200000 - 0x00007ff9ca20a000 	C:\Windows\System32\rasadhlp.dll
0x00007ff9ca7a0000 - 0x00007ff9ca824000 	C:\WINDOWS\System32\fwpuclnt.dll
0x00007ff9c47b0000 - 0x00007ff9c47ba000 	C:\Program Files\Java\jdk-21\bin\management.dll
0x00007ff9c4450000 - 0x00007ff9c445b000 	C:\Program Files\Java\jdk-21\bin\management_ext.dll
0x00007ff9d6320000 - 0x00007ff9d6328000 	C:\WINDOWS\System32\PSAPI.DLL
0x00007ff9d2d60000 - 0x00007ff9d2d6e000 	C:\Program Files\Java\jdk-21\bin\sunmscapi.dll
0x00007ff9d3ad0000 - 0x00007ff9d3c37000 	C:\WINDOWS\System32\CRYPT32.dll
0x00007ff9d2bb0000 - 0x00007ff9d2bdd000 	C:\WINDOWS\SYSTEM32\ncrypt.dll
0x00007ff9d2b70000 - 0x00007ff9d2ba7000 	C:\WINDOWS\SYSTEM32\NTASN1.dll
0x00007ff9d3360000 - 0x00007ff9d337b000 	C:\WINDOWS\SYSTEM32\CRYPTSP.dll
0x00007ff9d1dc0000 - 0x00007ff9d1df7000 	C:\WINDOWS\system32\rsaenh.dll
0x00007ff9d26d0000 - 0x00007ff9d26f8000 	C:\WINDOWS\SYSTEM32\USERENV.dll
0x00007ff9d2700000 - 0x00007ff9d270c000 	C:\WINDOWS\SYSTEM32\CRYPTBASE.dll
0x00007ff95a050000 - 0x00007ff95a058000 	C:\WINDOWS\system32\wshunix.dll

dbghelp: loaded successfully - version: 4.0.5 - missing functions: none
symbol engine: initialized successfully - sym options: 0x614 - pdb path: .;C:\Program Files\Java\jdk-21\bin;C:\WINDOWS\SYSTEM32;C:\WINDOWS\WinSxS\amd64_microsoft.windows.common-controls_6595b64144ccf1df_6.0.22621.5547_none_27104afb73855772;C:\Program Files\Java\jdk-21\bin\server

VM Arguments:
jvm_args: -Dfile.encoding=UTF-8 -Dstdout.encoding=UTF-8 -Dstderr.encoding=UTF-8 -XX:+ShowCodeDetailsInExceptionMessages 
java_command: Learning_Switching_Window.Switchung_To_Multiple_Tabs
java_class_path (initial): C:\Users\shend\eclipse-workspace\BASIC-Selenium\target\test-classes;C:\Users\shend\eclipse-workspace\BASIC-Selenium\target\classes;C:\Users\shend\.m2\repository\org\seleniumhq\selenium\selenium-java\4.32.0\selenium-java-4.32.0.jar;C:\Users\shend\.m2\repository\org\seleniumhq\selenium\selenium-api\4.32.0\selenium-api-4.32.0.jar;C:\Users\shend\.m2\repository\org\jspecify\jspecify\1.0.0\jspecify-1.0.0.jar;C:\Users\shend\.m2\repository\org\seleniumhq\selenium\selenium-chrome-driver\4.32.0\selenium-chrome-driver-4.32.0.jar;C:\Users\shend\.m2\repository\com\google\auto\service\auto-service-annotations\1.1.1\auto-service-annotations-1.1.1.jar;C:\Users\shend\.m2\repository\org\seleniumhq\selenium\selenium-chromium-driver\4.32.0\selenium-chromium-driver-4.32.0.jar;C:\Users\shend\.m2\repository\org\seleniumhq\selenium\selenium-json\4.32.0\selenium-json-4.32.0.jar;C:\Users\shend\.m2\repository\org\seleniumhq\selenium\selenium-manager\4.32.0\selenium-manager-4.32.0.jar;C:\Users\shend\.m2\repository\org\seleniumhq\selenium\selenium-devtools-v134\4.32.0\selenium-devtools-v134-4.32.0.jar;C:\Users\shend\.m2\repository\org\seleniumhq\selenium\selenium-devtools-v135\4.32.0\selenium-devtools-v135-4.32.0.jar;C:\Users\shend\.m2\repository\org\seleniumhq\selenium\selenium-devtools-v136\4.32.0\selenium-devtools-v136-4.32.0.jar;C:\Users\shend\.m2\repository\org\seleniumhq\selenium\selenium-edge-driver\4.32.0\selenium-edge-driver-4.32.0.jar;C:\Users\shend\.m2\repository\org\seleniumhq\selenium\selenium-firefox-driver\4.32.0\selenium-firefox-driver-4.32.0.jar;C:\Users\shend\.m2\repository\org\seleniumhq\selenium\selenium-http\4.32.0\selenium-http-4.32.0.jar;C:\Users\shend\.m2\repository\org\seleniumhq\selenium\selenium-ie-driver\4.32.0\selenium-ie-driver-4.32.0.jar;C:\Users\shend\.m2\repository\org\seleniumhq\selenium\selenium-remote-driver\4.32.0\selenium-remote-driver-4.32.0.jar;C:\Users\shend\.m2\repository\com\google\guava\guava\33.4.8-jre\guava-33.4.8-jre.jar;C:\Users\shend\.m2\repository\com\google\guava\failureaccess\1.0.3\failureaccess-1.0.3.jar;C:\Users\shend\.m2\repository\com\google\guava\listenablefuture\9999.0-empty-to-avoid-conflict-with-guava\listenablefuture-9999.0-empty-to-avoid-conflict-with-guava.jar;C:\Users\shend\.m2\repository\com\google\j2objc\j2objc-annotations\3.0.0\j2objc-annotations-3.0.0.jar;C:\Users\shend\.m2\repository\io\opentelemetry\opentelemetry-api\1.49.0\opentelemetry-api-1.49.0.jar;C:\Users\shend\.m2\repository\io\opentelemetry\opentelemetry-context\1.49.0\opentelemetry-context-1.49.0.jar;C:\Users\shend\.m2\repository\io\opentelemetry\opentelemetry-exporter-logging\1.49.0\opentelemetry-exporter-logging-1.49.0.jar;C:\Users\shend\.m2\repository\io\opentelemetry\opentelemetry-sdk-common\1.49.0\opentelemetry-sdk-common-1.49.0.jar;C:\Users\shend\.m2\repository\io\opentelemetry\opentelemetry-sdk-extension-autoconfigure-spi\1.49.0\opentelemetry-sdk-extension-autoconfigure-spi-1.49.0.jar;C:\Users\shend\.m2\repository\io\opentelemetry\opentelemetry-sdk-extension-autoconfigure\1.49.0\opentelemetry-sdk-extension-autoconfigure-1.49.0.jar;C:\Users\shend\.m2\repository\io\opentelemetry\opentelemetry-sdk-trace\1.49.0\opentelemetry-sdk-trace-1.49.0.jar;C:\Users\shend\.m2\repository\io\opentelemetry\opentelemetry-sdk\1.49.0\opentelemetry-sdk-1.49.0.jar;C:\Users\shend\.m2\repository\io\opentelemetry\opentelemetry-sdk-metrics\1.49.0\opentelemetry-sdk-metrics-1.49.0.jar;C:\Users\shend\.m2\repository\io\opentelemetry\opentelemetry-sdk-logs\1.49.0\opentelemetry-sdk-logs-1.49.0.jar;C:\Users\shend\.m2\repository\net\bytebuddy\byte-buddy\1.17.5\byte-buddy-1.17.5.jar;C:\Users\shend\.m2\repository\org\seleniumhq\selenium\selenium-os\4.32.0\selenium-os-4.32.0.jar;C:\Users\shend\.m2\repository\org\apache\commons\commons-exec\1.4.0\commons-exec-1.4.0.jar;C:\Users\shend\.m2\repository\org\seleniumhq\selenium\selenium-safari-driver\4.32.0\selenium-safari-driver-4.32.0.jar;C:\Users\shend\.m2\repository\org\seleniumhq\selenium\selenium-support\4.32.0\selenium-support-4.32.0.jar;C:\Users\shend\.m2\repository\io\github\bonigarcia\webdrivermanager\5.9.2\webdrivermanager-5.9.2.jar;C:\Users\shend\.m2\repository\org\slf4j\slf4j-api\2.0.13\slf4j-api-2.0.13.jar;C:\Users\shend\.m2\repository\com\google\code\gson\gson\2.11.0\gson-2.11.0.jar;C:\Users\shend\.m2\repository\com\google\errorprone\error_prone_annotations\2.27.0\error_prone_annotations-2.27.0.jar;C:\Users\shend\.m2\repository\com\github\docker-java\docker-java\3.4.0\docker-java-3.4.0.jar;C:\Users\shend\.m2\repository\com\github\docker-java\docker-java-core\3.4.0\docker-java-core-3.4.0.jar;C:\Users\shend\.m2\repository\com\github\docker-java\docker-java-api\3.4.0\docker-java-api-3.4.0.jar;C:\Users\shend\.m2\repository\com\fasterxml\jackson\core\jackson-annotations\2.10.3\jackson-annotations-2.10.3.jar;C:\Users\shend\.m2\repository\com\fasterxml\jackson\core\jackson-databind\2.10.3\jackson-databind-2.10.3.jar;C:\Users\shend\.m2\repository\com\fasterxml\jackson\core\jackson-core\2.10.3\jackson-core-2.10.3.jar;C:\Users\shend\.m2\repository\org\slf4j\jcl-over-slf4j\1.7.30\jcl-over-slf4j-1.7.30.jar;C:\Users\shend\.m2\repository\com\github\docker-java\docker-java-transport-httpclient5\3.4.0\docker-java-transport-httpclient5-3.4.0.jar;C:\Users\shend\.m2\repository\com\github\docker-java\docker-java-transport\3.4.0\docker-java-transport-3.4.0.jar;C:\Users\shend\.m2\repository\net\java\dev\jna\jna\5.13.0\jna-5.13.0.jar;C:\Users\shend\.m2\repository\org\brotli\dec\0.1.2\dec-0.1.2.jar;C:\Users\shend\.m2\repository\org\apache\commons\commons-lang3\3.15.0\commons-lang3-3.15.0.jar;C:\Users\shend\.m2\repository\org\apache\commons\commons-compress\1.26.2\commons-compress-1.26.2.jar;C:\Users\shend\.m2\repository\commons-codec\commons-codec\1.17.0\commons-codec-1.17.0.jar;C:\Users\shend\.m2\repository\commons-io\commons-io\2.16.1\commons-io-2.16.1.jar;C:\Users\shend\.m2\repository\org\apache\httpcomponents\client5\httpclient5\5.2.1\httpclient5-5.2.1.jar;C:\Users\shend\.m2\repository\org\apache\httpcomponents\core5\httpcore5\5.2\httpcore5-5.2.jar;C:\Users\shend\.m2\repository\org\apache\httpcomponents\core5\httpcore5-h2\5.2\httpcore5-h2-5.2.jar
Launcher Type: SUN_STANDARD

[Global flags]
     intx CICompilerCount                          = 4                                         {product} {ergonomic}
     uint ConcGCThreads                            = 2                                         {product} {ergonomic}
     uint G1ConcRefinementThreads                  = 8                                         {product} {ergonomic}
   size_t G1HeapRegionSize                         = 1048576                                   {product} {ergonomic}
    uintx GCDrainStackTargetSize                   = 64                                        {product} {ergonomic}
   size_t InitialHeapSize                          = 132120576                                 {product} {ergonomic}
   size_t MarkStackSize                            = 4194304                                   {product} {ergonomic}
   size_t MaxHeapSize                              = 2113929216                                {product} {ergonomic}
   size_t MaxNewSize                               = 1267728384                                {product} {ergonomic}
   size_t MinHeapDeltaBytes                        = 1048576                                   {product} {ergonomic}
   size_t MinHeapSize                              = 8388608                                   {product} {ergonomic}
    uintx NonNMethodCodeHeapSize                   = 5839372                                {pd product} {ergonomic}
    uintx NonProfiledCodeHeapSize                  = 122909434                              {pd product} {ergonomic}
    uintx ProfiledCodeHeapSize                     = 122909434                              {pd product} {ergonomic}
    uintx ReservedCodeCacheSize                    = 251658240                              {pd product} {ergonomic}
     bool SegmentedCodeCache                       = true                                      {product} {ergonomic}
     bool ShowCodeDetailsInExceptionMessages       = true                                   {manageable} {command line}
   size_t SoftMaxHeapSize                          = 2113929216                             {manageable} {ergonomic}
     bool UseCompressedOops                        = true                           {product lp64_product} {ergonomic}
     bool UseG1GC                                  = true                                      {product} {ergonomic}
     bool UseLargePagesIndividualAllocation        = false                                  {pd product} {ergonomic}

Logging:
Log output configuration:
 #0: stdout all=warning uptime,level,tags foldmultilines=false
 #1: stderr all=off uptime,level,tags foldmultilines=false

Environment Variables:
JAVA_HOME=C:\Program Files\Java\jdk-21
PATH=F:\oracle\product\10.2.0\db_6\bin;F:\oracle\product\10.2.0\db_1\bin;C:\Program Files\Common Files\Oracle\Java\javapath;C:\Program Files\Java\jdk-21\bin;C:\Users\shend\anaconda3;C:\Users\shend\anaconda3\Library\mingw-w64\bin;C:\Users\shend\anaconda3\Library\usr\bin;C:\Users\shend\anaconda3\Library\bin;C:\Users\shend\anaconda3\Scripts;C:\Users\shend\AppData\Local\Programs\Python\Python312\Scripts\;C:\Users\shend\AppData\Local\Programs\Python\Python312\;C:\Users\shend\AppData\Local\Programs\Python\Launcher\;C:\Users\shend\AppData\Local\Microsoft\WindowsApps;C:\Users\shend\AppData\Local\Programs\Microsoft VS Code\bin
USERNAME=shend
OS=Windows_NT
PROCESSOR_IDENTIFIER=Intel64 Family 6 Model 158 Stepping 10, GenuineIntel
TMP=C:\Users\shend\AppData\Local\Temp
TEMP=C:\Users\shend\AppData\Local\Temp




Periodic native trim disabled

---------------  S Y S T E M  ---------------

OS:
 Windows 11 , 64 bit Build 22621 (10.0.22621.5415)
OS uptime: 0 days 4:43 hours

CPU: total 8 (initial active 8) (4 cores per cpu, 2 threads per core) family 6 model 158 stepping 10 microcode 0xec, cx8, cmov, fxsr, ht, mmx, 3dnowpref, sse, sse2, sse3, ssse3, sse4.1, sse4.2, popcnt, lzcnt, tsc, tscinvbit, avx, avx2, aes, erms, clmul, bmi1, bmi2, adx, fma, vzeroupper, clflush, clflushopt, rdtscp, f16c
Processor Information for all 8 processors :
  Max Mhz: 2400, Current Mhz: 2400, Mhz Limit: 2400

Memory: 4k page, system-wide physical 8063M (1307M free)
TotalPageFile size 12142M (AvailPageFile size 4M)
current process WorkingSet (physical memory assigned to process): 100M, peak: 100M
current process commit charge ("private bytes"): 240M, peak: 240M

vm_info: Java HotSpot(TM) 64-Bit Server VM (21.0.4+8-LTS-274) for windows-amd64 JRE (21.0.4+8-LTS-274), built on 2024-06-05T05:23:33Z by "mach5one" with MS VC++ 17.6 (VS2022)

END.
