#
# There is insufficient memory for the Java Runtime Environment to continue.
# Native memory allocation (malloc) failed to allocate 32744 bytes for Chunk::new
# Possible reasons:
#   The system is out of physical RAM or swap space
#   The process is running with CompressedOops enabled, and the Java Heap may be blocking the growth of the native heap
# Possible solutions:
#   Reduce memory load on the system
#   Increase physical memory or swap space
#   Check if swap backing store is full
#   Decrease Java heap size (-Xmx/-Xms)
#   Decrease number of Java threads
#   Decrease Java thread stack sizes (-Xss)
#   Set larger code cache with -XX:ReservedCodeCacheSize=
#   JVM is running with Unscaled Compressed Oops mode in which the Java heap is
#     placed in the first 4GB address space. The Java Heap base address is the
#     maximum limit for the native heap growth. Please use -XX:HeapBaseMinAddress
#     to set the Java Heap base and to place the Java Heap above 4GB virtual address.
# This output file may be truncated or incomplete.
#
#  Out of Memory Error (arena.cpp:168), pid=12548, tid=5528
#
# JRE version: Java(TM) SE Runtime Environment (21.0.4+8) (build 21.0.4+8-LTS-274)
# Java VM: Java HotSpot(TM) 64-Bit Server VM (21.0.4+8-LTS-274, mixed mode, sharing, tiered, compressed oops, compressed class ptrs, g1 gc, windows-amd64)
# No core dump will be written. Minidumps are not enabled by default on client versions of Windows
#

---------------  S U M M A R Y ------------

Command Line: -Dfile.encoding=UTF-8 -Dstdout.encoding=UTF-8 -Dstderr.encoding=UTF-8 -XX:+ShowCodeDetailsInExceptionMessages Action_Method.Click_Action

Host: Intel(R) Core(TM) i5-9300H CPU @ 2.40GHz, 8 cores, 7G,  Windows 11 , 64 bit Build 22621 (10.0.22621.5415)
Time: Fri Oct 17 20:28:59 2025 India Standard Time elapsed time: 44.503135 seconds (0d 0h 0m 44s)

---------------  T H R E A D  ---------------

Current thread (0x000001f8798cb300):  JavaThread "C2 CompilerThread0" daemon [_thread_in_native, id=5528, stack(0x0000005014f00000,0x0000005015000000) (1024K)]


Current CompileTask:
C2:  44503 1697       4       java.lang.invoke.MethodType::makeImpl (109 bytes)

Stack: [0x0000005014f00000,0x0000005015000000]
Native frames: (J=compiled Java code, j=interpreted, Vv=VM code, C=native code)
V  [jvm.dll+0x6c8e59]
V  [jvm.dll+0x853181]
V  [jvm.dll+0x8556ae]
V  [jvm.dll+0x855d83]
V  [jvm.dll+0x27d526]
V  [jvm.dll+0xc4aad]
V  [jvm.dll+0xc4fe3]
V  [jvm.dll+0xc4bd5]
V  [jvm.dll+0x6a6f3a]
V  [jvm.dll+0x1dc823]
V  [jvm.dll+0x39228f]
V  [jvm.dll+0x6daaff]
V  [jvm.dll+0x6db299]
V  [jvm.dll+0x6da8ce]
V  [jvm.dll+0x6d8af4]
V  [jvm.dll+0x1c9d0c]
V  [jvm.dll+0x1ca88c]
V  [jvm.dll+0x2ef59f]
V  [jvm.dll+0x6e3058]
V  [jvm.dll+0x6db285]
V  [jvm.dll+0x6da8ce]
V  [jvm.dll+0x6d8af4]
V  [jvm.dll+0x1c9d0c]
V  [jvm.dll+0x1ca88c]
V  [jvm.dll+0x2ef59f]
V  [jvm.dll+0x6e3058]
V  [jvm.dll+0x6db285]
V  [jvm.dll+0x6da8ce]
V  [jvm.dll+0x6d8af4]
V  [jvm.dll+0x1c9d0c]
V  [jvm.dll+0x2453ce]
V  [jvm.dll+0x1c69de]
V  [jvm.dll+0x254d49]
V  [jvm.dll+0x2532da]
V  [jvm.dll+0x3ed426]
V  [jvm.dll+0x7fd65b]
V  [jvm.dll+0x6c753d]
C  [ucrtbase.dll+0x29333]
C  [KERNEL32.DLL+0x1259d]
C  [ntdll.dll+0x5af78]


---------------  P R O C E S S  ---------------

Threads class SMR info:
_java_thread_list=0x000001f87eba3680, length=27, elements={
0x000001f869d10110, 0x000001f8798b6660, 0x000001f8798b9d30, 0x000001f8798bcd20,
0x000001f8798be120, 0x000001f8798c1460, 0x000001f8798c54f0, 0x000001f8798cb300,
0x000001f8798f91b0, 0x000001f879b9ef80, 0x000001f879b73140, 0x000001f87e3bf260,
0x000001f87e6e4e50, 0x000001f87e7073b0, 0x000001f87e741a40, 0x000001f87e7420b0,
0x000001f87e6c1a90, 0x000001f87e77d460, 0x000001f87e77daf0, 0x000001f87e77a670,
0x000001f87e77ad00, 0x000001f87e77b390, 0x000001f87e77ba20, 0x000001f87e77c0b0,
0x000001f87e77c740, 0x000001f87e77cdd0, 0x000001f87e5c5880
}

Java Threads: ( => current thread )
  0x000001f869d10110 JavaThread "main"                              [_thread_blocked, id=8540, stack(0x0000005014100000,0x0000005014200000) (1024K)]
  0x000001f8798b6660 JavaThread "Reference Handler"          daemon [_thread_blocked, id=16680, stack(0x0000005014900000,0x0000005014a00000) (1024K)]
  0x000001f8798b9d30 JavaThread "Finalizer"                  daemon [_thread_blocked, id=14988, stack(0x0000005014a00000,0x0000005014b00000) (1024K)]
  0x000001f8798bcd20 JavaThread "Signal Dispatcher"          daemon [_thread_blocked, id=13956, stack(0x0000005014b00000,0x0000005014c00000) (1024K)]
  0x000001f8798be120 JavaThread "Attach Listener"            daemon [_thread_blocked, id=12652, stack(0x0000005014c00000,0x0000005014d00000) (1024K)]
  0x000001f8798c1460 JavaThread "Service Thread"             daemon [_thread_blocked, id=8976, stack(0x0000005014d00000,0x0000005014e00000) (1024K)]
  0x000001f8798c54f0 JavaThread "Monitor Deflation Thread"   daemon [_thread_blocked, id=16188, stack(0x0000005014e00000,0x0000005014f00000) (1024K)]
=>0x000001f8798cb300 JavaThread "C2 CompilerThread0"         daemon [_thread_in_native, id=5528, stack(0x0000005014f00000,0x0000005015000000) (1024K)]
  0x000001f8798f91b0 JavaThread "C1 CompilerThread0"         daemon [_thread_blocked, id=16708, stack(0x0000005015000000,0x0000005015100000) (1024K)]
  0x000001f879b9ef80 JavaThread "Notification Thread"        daemon [_thread_blocked, id=16664, stack(0x0000005015100000,0x0000005015200000) (1024K)]
  0x000001f879b73140 JavaThread "Common-Cleaner"             daemon [_thread_blocked, id=7544, stack(0x0000005015200000,0x0000005015300000) (1024K)]
  0x000001f87e3bf260 JavaThread "ForkJoinPool.commonPool-worker-1" daemon [_thread_in_vm, id=1924, stack(0x0000005015300000,0x0000005015400000) (1024K)]
  0x000001f87e6e4e50 JavaThread "HttpClient-1-SelectorManager" daemon [_thread_blocked, id=6876, stack(0x0000005015600000,0x0000005015700000) (1024K)]
  0x000001f87e7073b0 JavaThread "External Process Output Forwarder - C:\Users\shend\.cache\selenium\chromedriver\win64\141.0.7390.78\chromedriver.exe" daemon [_thread_in_native, id=16332, stack(0x0000005015500000,0x0000005015600000) (1024K)]
  0x000001f87e741a40 JavaThread "Driver Service Executor"    daemon [_thread_blocked, id=13076, stack(0x0000005015700000,0x0000005015800000) (1024K)]
  0x000001f87e7420b0 JavaThread "Driver Service Executor"    daemon [_thread_blocked, id=16228, stack(0x0000005015800000,0x0000005015900000) (1024K)]
  0x000001f87e6c1a90 JavaThread "UrlChecker-2"               daemon [_thread_blocked, id=11864, stack(0x0000005015900000,0x0000005015a00000) (1024K)]
  0x000001f87e77d460 JavaThread "JdkHttpClient-0-0"          daemon [_thread_blocked, id=13108, stack(0x0000005016200000,0x0000005016300000) (1024K)]
  0x000001f87e77daf0 JavaThread "CompletableFutureDelayScheduler" daemon [_thread_blocked, id=7264, stack(0x0000005016300000,0x0000005016400000) (1024K)]
  0x000001f87e77a670 JavaThread "JdkHttpClient-0-1"          daemon [_thread_blocked, id=2632, stack(0x0000005016400000,0x0000005016500000) (1024K)]
  0x000001f87e77ad00 JavaThread "JdkHttpClient-0-2"          daemon [_thread_blocked, id=11284, stack(0x0000005016500000,0x0000005016600000) (1024K)]
  0x000001f87e77b390 JavaThread "JdkHttpClient-0-3"          daemon [_thread_blocked, id=9340, stack(0x0000005016600000,0x0000005016700000) (1024K)]
  0x000001f87e77ba20 JavaThread "HttpClient-2-SelectorManager" daemon [_thread_blocked, id=9960, stack(0x0000005016800000,0x0000005016900000) (1024K)]
  0x000001f87e77c0b0 JavaThread "JdkHttpClient-1-0"          daemon [_thread_blocked, id=11132, stack(0x0000005016900000,0x0000005016a00000) (1024K)]
  0x000001f87e77c740 JavaThread "JdkHttpClient-1-1"          daemon [_thread_blocked, id=13604, stack(0x0000005016a00000,0x0000005016b00000) (1024K)]
  0x000001f87e77cdd0 JavaThread "JdkHttpClient-1-2"          daemon [_thread_blocked, id=15064, stack(0x0000005016b00000,0x0000005016c00000) (1024K)]
  0x000001f87e5c5880 JavaThread "JdkHttpClient-1-3"          daemon [_thread_blocked, id=9628, stack(0x0000005016c00000,0x0000005016d00000) (1024K)]
Total: 27

Other Threads:
  0x000001f87989e3e0 VMThread "VM Thread"                           [id=15680, stack(0x0000005014800000,0x0000005014900000) (1024K)] _threads_hazard_ptr=0x000001f87eba3680
  0x000001f8798851f0 WatcherThread "VM Periodic Task Thread"        [id=452, stack(0x0000005014700000,0x0000005014800000) (1024K)]
  0x000001f86bfe6a20 WorkerThread "GC Thread#0"                     [id=13844, stack(0x0000005014200000,0x0000005014300000) (1024K)]
  0x000001f87e794840 WorkerThread "GC Thread#1"                     [id=14004, stack(0x0000005015b00000,0x0000005015c00000) (1024K)]
  0x000001f87e7a4320 WorkerThread "GC Thread#2"                     [id=14812, stack(0x0000005015c00000,0x0000005015d00000) (1024K)]
  0x000001f87e7d12f0 WorkerThread "GC Thread#3"                     [id=5160, stack(0x0000005015d00000,0x0000005015e00000) (1024K)]
  0x000001f87e7d1aa0 WorkerThread "GC Thread#4"                     [id=14304, stack(0x0000005015e00000,0x0000005015f00000) (1024K)]
  0x000001f87e7d6a70 WorkerThread "GC Thread#5"                     [id=10092, stack(0x0000005015f00000,0x0000005016000000) (1024K)]
  0x000001f87e7d6e10 WorkerThread "GC Thread#6"                     [id=14888, stack(0x0000005016000000,0x0000005016100000) (1024K)]
  0x000001f87e7d75c0 WorkerThread "GC Thread#7"                     [id=2452, stack(0x0000005016100000,0x0000005016200000) (1024K)]
  0x000001f86bff7f50 ConcurrentGCThread "G1 Main Marker"            [id=14028, stack(0x0000005014300000,0x0000005014400000) (1024K)]
  0x000001f86bff9260 WorkerThread "G1 Conc#0"                       [id=15888, stack(0x0000005014400000,0x0000005014500000) (1024K)]
  0x000001f879755190 ConcurrentGCThread "G1 Refine#0"               [id=16344, stack(0x0000005014500000,0x0000005014600000) (1024K)]
  0x000001f879755b10 ConcurrentGCThread "G1 Service"                [id=7364, stack(0x0000005014600000,0x0000005014700000) (1024K)]
Total: 14

Threads with active compile tasks:
C2 CompilerThread0    49341 1697       4       java.lang.invoke.MethodType::makeImpl (109 bytes)
Total: 1

VM state: synchronizing (normal execution)

VM Mutex/Monitor currently owned by a thread:  ([mutex/lock_event])
[0x00007ffecdb77e98] Threads_lock - owner thread: 0x000001f87989e3e0

Heap address: 0x0000000082000000, size: 2016 MB, Compressed Oops mode: 32-bit

CDS archive(s) mapped at: [0x000001f80f000000-0x000001f80fc90000-0x000001f80fc90000), size 13172736, SharedBaseAddress: 0x000001f80f000000, ArchiveRelocationMode: 1.
Compressed class space mapped at: 0x000001f810000000-0x000001f850000000, reserved size: 1073741824
Narrow klass base: 0x000001f80f000000, Narrow klass shift: 0, Narrow klass range: 0x100000000

GC Precious Log:
 CardTable entry size: 512
 Card Set container configuration: InlinePtr #cards 5 size 8 Array Of Cards #cards 12 size 40 Howl #buckets 4 coarsen threshold 1843 Howl Bitmap #cards 512 size 80 coarsen threshold 460 Card regions per heap region 1 cards per card region 2048
 CPUs: 8 total, 8 available
 Memory: 8063M
 Large Page Support: Disabled
 NUMA Support: Disabled
 Compressed Oops: Enabled (32-bit)
 Heap Region Size: 1M
 Heap Min Capacity: 8M
 Heap Initial Capacity: 126M
 Heap Max Capacity: 2016M
 Pre-touch: Disabled
 Parallel Workers: 8
 Concurrent Workers: 2
 Concurrent Refinement Workers: 8
 Periodic GC: Disabled

Heap:
 garbage-first heap   total 129024K, used 12714K [0x0000000082000000, 0x0000000100000000)
  region size 1024K, 10 young (10240K), 3 survivors (3072K)
 Metaspace       used 11550K, committed 11968K, reserved 1114112K
  class space    used 1379K, committed 1536K, reserved 1048576K

Heap Regions: E=young(eden), S=young(survivor), O=old, HS=humongous(starts), HC=humongous(continues), CS=collection set, F=free, TAMS=top-at-mark-start, PB=parsable bottom
|   0|0x0000000082000000, 0x0000000082100000, 0x0000000082100000|100%|HS|  |TAMS 0x0000000082000000| PB 0x0000000082000000| Complete 
|   1|0x0000000082100000, 0x0000000082200000, 0x0000000082200000|100%| O|  |TAMS 0x0000000082100000| PB 0x0000000082100000| Untracked 
|   2|0x0000000082200000, 0x0000000082300000, 0x0000000082300000|100%| O|  |TAMS 0x0000000082200000| PB 0x0000000082200000| Untracked 
|   3|0x0000000082300000, 0x000000008236aa40, 0x0000000082400000| 41%| O|  |TAMS 0x0000000082300000| PB 0x0000000082300000| Untracked 
|   4|0x0000000082400000, 0x0000000082400000, 0x0000000082500000|  0%| F|  |TAMS 0x0000000082400000| PB 0x0000000082400000| Untracked 
|   5|0x0000000082500000, 0x0000000082500000, 0x0000000082600000|  0%| F|  |TAMS 0x0000000082500000| PB 0x0000000082500000| Untracked 
|   6|0x0000000082600000, 0x0000000082600000, 0x0000000082700000|  0%| F|  |TAMS 0x0000000082600000| PB 0x0000000082600000| Untracked 
|   7|0x0000000082700000, 0x0000000082700000, 0x0000000082800000|  0%| F|  |TAMS 0x0000000082700000| PB 0x0000000082700000| Untracked 
|   8|0x0000000082800000, 0x0000000082800000, 0x0000000082900000|  0%| F|  |TAMS 0x0000000082800000| PB 0x0000000082800000| Untracked 
|   9|0x0000000082900000, 0x0000000082900000, 0x0000000082a00000|  0%| F|  |TAMS 0x0000000082900000| PB 0x0000000082900000| Untracked 
|  10|0x0000000082a00000, 0x0000000082a00000, 0x0000000082b00000|  0%| F|  |TAMS 0x0000000082a00000| PB 0x0000000082a00000| Untracked 
|  11|0x0000000082b00000, 0x0000000082b00000, 0x0000000082c00000|  0%| F|  |TAMS 0x0000000082b00000| PB 0x0000000082b00000| Untracked 
|  12|0x0000000082c00000, 0x0000000082c00000, 0x0000000082d00000|  0%| F|  |TAMS 0x0000000082c00000| PB 0x0000000082c00000| Untracked 
|  13|0x0000000082d00000, 0x0000000082d00000, 0x0000000082e00000|  0%| F|  |TAMS 0x0000000082d00000| PB 0x0000000082d00000| Untracked 
|  14|0x0000000082e00000, 0x0000000082e00000, 0x0000000082f00000|  0%| F|  |TAMS 0x0000000082e00000| PB 0x0000000082e00000| Untracked 
|  15|0x0000000082f00000, 0x0000000082f00000, 0x0000000083000000|  0%| F|  |TAMS 0x0000000082f00000| PB 0x0000000082f00000| Untracked 
|  16|0x0000000083000000, 0x0000000083000000, 0x0000000083100000|  0%| F|  |TAMS 0x0000000083000000| PB 0x0000000083000000| Untracked 
|  17|0x0000000083100000, 0x0000000083100000, 0x0000000083200000|  0%| F|  |TAMS 0x0000000083100000| PB 0x0000000083100000| Untracked 
|  18|0x0000000083200000, 0x0000000083200000, 0x0000000083300000|  0%| F|  |TAMS 0x0000000083200000| PB 0x0000000083200000| Untracked 
|  19|0x0000000083300000, 0x0000000083300000, 0x0000000083400000|  0%| F|  |TAMS 0x0000000083300000| PB 0x0000000083300000| Untracked 
|  20|0x0000000083400000, 0x0000000083400000, 0x0000000083500000|  0%| F|  |TAMS 0x0000000083400000| PB 0x0000000083400000| Untracked 
|  21|0x0000000083500000, 0x0000000083500000, 0x0000000083600000|  0%| F|  |TAMS 0x0000000083500000| PB 0x0000000083500000| Untracked 
|  22|0x0000000083600000, 0x0000000083600000, 0x0000000083700000|  0%| F|  |TAMS 0x0000000083600000| PB 0x0000000083600000| Untracked 
|  23|0x0000000083700000, 0x0000000083700000, 0x0000000083800000|  0%| F|  |TAMS 0x0000000083700000| PB 0x0000000083700000| Untracked 
|  24|0x0000000083800000, 0x0000000083800000, 0x0000000083900000|  0%| F|  |TAMS 0x0000000083800000| PB 0x0000000083800000| Untracked 
|  25|0x0000000083900000, 0x0000000083900000, 0x0000000083a00000|  0%| F|  |TAMS 0x0000000083900000| PB 0x0000000083900000| Untracked 
|  26|0x0000000083a00000, 0x0000000083a00000, 0x0000000083b00000|  0%| F|  |TAMS 0x0000000083a00000| PB 0x0000000083a00000| Untracked 
|  27|0x0000000083b00000, 0x0000000083b00000, 0x0000000083c00000|  0%| F|  |TAMS 0x0000000083b00000| PB 0x0000000083b00000| Untracked 
|  28|0x0000000083c00000, 0x0000000083c00000, 0x0000000083d00000|  0%| F|  |TAMS 0x0000000083c00000| PB 0x0000000083c00000| Untracked 
|  29|0x0000000083d00000, 0x0000000083d00000, 0x0000000083e00000|  0%| F|  |TAMS 0x0000000083d00000| PB 0x0000000083d00000| Untracked 
|  30|0x0000000083e00000, 0x0000000083e00000, 0x0000000083f00000|  0%| F|  |TAMS 0x0000000083e00000| PB 0x0000000083e00000| Untracked 
|  31|0x0000000083f00000, 0x0000000083f00000, 0x0000000084000000|  0%| F|  |TAMS 0x0000000083f00000| PB 0x0000000083f00000| Untracked 
|  32|0x0000000084000000, 0x0000000084000000, 0x0000000084100000|  0%| F|  |TAMS 0x0000000084000000| PB 0x0000000084000000| Untracked 
|  33|0x0000000084100000, 0x0000000084100000, 0x0000000084200000|  0%| F|  |TAMS 0x0000000084100000| PB 0x0000000084100000| Untracked 
|  34|0x0000000084200000, 0x0000000084200000, 0x0000000084300000|  0%| F|  |TAMS 0x0000000084200000| PB 0x0000000084200000| Untracked 
|  35|0x0000000084300000, 0x0000000084300000, 0x0000000084400000|  0%| F|  |TAMS 0x0000000084300000| PB 0x0000000084300000| Untracked 
|  36|0x0000000084400000, 0x0000000084400000, 0x0000000084500000|  0%| F|  |TAMS 0x0000000084400000| PB 0x0000000084400000| Untracked 
|  37|0x0000000084500000, 0x0000000084500000, 0x0000000084600000|  0%| F|  |TAMS 0x0000000084500000| PB 0x0000000084500000| Untracked 
|  38|0x0000000084600000, 0x0000000084600000, 0x0000000084700000|  0%| F|  |TAMS 0x0000000084600000| PB 0x0000000084600000| Untracked 
|  39|0x0000000084700000, 0x0000000084700000, 0x0000000084800000|  0%| F|  |TAMS 0x0000000084700000| PB 0x0000000084700000| Untracked 
|  40|0x0000000084800000, 0x0000000084800000, 0x0000000084900000|  0%| F|  |TAMS 0x0000000084800000| PB 0x0000000084800000| Untracked 
|  41|0x0000000084900000, 0x0000000084900000, 0x0000000084a00000|  0%| F|  |TAMS 0x0000000084900000| PB 0x0000000084900000| Untracked 
|  42|0x0000000084a00000, 0x0000000084a00000, 0x0000000084b00000|  0%| F|  |TAMS 0x0000000084a00000| PB 0x0000000084a00000| Untracked 
|  43|0x0000000084b00000, 0x0000000084b00000, 0x0000000084c00000|  0%| F|  |TAMS 0x0000000084b00000| PB 0x0000000084b00000| Untracked 
|  44|0x0000000084c00000, 0x0000000084c00000, 0x0000000084d00000|  0%| F|  |TAMS 0x0000000084c00000| PB 0x0000000084c00000| Untracked 
|  45|0x0000000084d00000, 0x0000000084d00000, 0x0000000084e00000|  0%| F|  |TAMS 0x0000000084d00000| PB 0x0000000084d00000| Untracked 
|  46|0x0000000084e00000, 0x0000000084e00000, 0x0000000084f00000|  0%| F|  |TAMS 0x0000000084e00000| PB 0x0000000084e00000| Untracked 
|  47|0x0000000084f00000, 0x0000000084f00000, 0x0000000085000000|  0%| F|  |TAMS 0x0000000084f00000| PB 0x0000000084f00000| Untracked 
|  48|0x0000000085000000, 0x0000000085000000, 0x0000000085100000|  0%| F|  |TAMS 0x0000000085000000| PB 0x0000000085000000| Untracked 
|  49|0x0000000085100000, 0x0000000085100000, 0x0000000085200000|  0%| F|  |TAMS 0x0000000085100000| PB 0x0000000085100000| Untracked 
|  50|0x0000000085200000, 0x0000000085200000, 0x0000000085300000|  0%| F|  |TAMS 0x0000000085200000| PB 0x0000000085200000| Untracked 
|  51|0x0000000085300000, 0x0000000085300000, 0x0000000085400000|  0%| F|  |TAMS 0x0000000085300000| PB 0x0000000085300000| Untracked 
|  52|0x0000000085400000, 0x0000000085400000, 0x0000000085500000|  0%| F|  |TAMS 0x0000000085400000| PB 0x0000000085400000| Untracked 
|  53|0x0000000085500000, 0x0000000085500000, 0x0000000085600000|  0%| F|  |TAMS 0x0000000085500000| PB 0x0000000085500000| Untracked 
|  54|0x0000000085600000, 0x0000000085600000, 0x0000000085700000|  0%| F|  |TAMS 0x0000000085600000| PB 0x0000000085600000| Untracked 
|  55|0x0000000085700000, 0x0000000085700000, 0x0000000085800000|  0%| F|  |TAMS 0x0000000085700000| PB 0x0000000085700000| Untracked 
|  56|0x0000000085800000, 0x0000000085800000, 0x0000000085900000|  0%| F|  |TAMS 0x0000000085800000| PB 0x0000000085800000| Untracked 
|  57|0x0000000085900000, 0x0000000085900000, 0x0000000085a00000|  0%| F|  |TAMS 0x0000000085900000| PB 0x0000000085900000| Untracked 
|  58|0x0000000085a00000, 0x0000000085a00000, 0x0000000085b00000|  0%| F|  |TAMS 0x0000000085a00000| PB 0x0000000085a00000| Untracked 
|  59|0x0000000085b00000, 0x0000000085b00000, 0x0000000085c00000|  0%| F|  |TAMS 0x0000000085b00000| PB 0x0000000085b00000| Untracked 
|  60|0x0000000085c00000, 0x0000000085c00000, 0x0000000085d00000|  0%| F|  |TAMS 0x0000000085c00000| PB 0x0000000085c00000| Untracked 
|  61|0x0000000085d00000, 0x0000000085d00000, 0x0000000085e00000|  0%| F|  |TAMS 0x0000000085d00000| PB 0x0000000085d00000| Untracked 
|  62|0x0000000085e00000, 0x0000000085e00000, 0x0000000085f00000|  0%| F|  |TAMS 0x0000000085e00000| PB 0x0000000085e00000| Untracked 
|  63|0x0000000085f00000, 0x0000000085f00000, 0x0000000086000000|  0%| F|  |TAMS 0x0000000085f00000| PB 0x0000000085f00000| Untracked 
|  64|0x0000000086000000, 0x0000000086000000, 0x0000000086100000|  0%| F|  |TAMS 0x0000000086000000| PB 0x0000000086000000| Untracked 
|  65|0x0000000086100000, 0x0000000086100000, 0x0000000086200000|  0%| F|  |TAMS 0x0000000086100000| PB 0x0000000086100000| Untracked 
|  66|0x0000000086200000, 0x0000000086200000, 0x0000000086300000|  0%| F|  |TAMS 0x0000000086200000| PB 0x0000000086200000| Untracked 
|  67|0x0000000086300000, 0x0000000086300000, 0x0000000086400000|  0%| F|  |TAMS 0x0000000086300000| PB 0x0000000086300000| Untracked 
|  68|0x0000000086400000, 0x0000000086400000, 0x0000000086500000|  0%| F|  |TAMS 0x0000000086400000| PB 0x0000000086400000| Untracked 
|  69|0x0000000086500000, 0x0000000086500000, 0x0000000086600000|  0%| F|  |TAMS 0x0000000086500000| PB 0x0000000086500000| Untracked 
|  70|0x0000000086600000, 0x0000000086600000, 0x0000000086700000|  0%| F|  |TAMS 0x0000000086600000| PB 0x0000000086600000| Untracked 
|  71|0x0000000086700000, 0x0000000086700000, 0x0000000086800000|  0%| F|  |TAMS 0x0000000086700000| PB 0x0000000086700000| Untracked 
|  72|0x0000000086800000, 0x0000000086800000, 0x0000000086900000|  0%| F|  |TAMS 0x0000000086800000| PB 0x0000000086800000| Untracked 
|  73|0x0000000086900000, 0x0000000086900000, 0x0000000086a00000|  0%| F|  |TAMS 0x0000000086900000| PB 0x0000000086900000| Untracked 
|  74|0x0000000086a00000, 0x0000000086a00000, 0x0000000086b00000|  0%| F|  |TAMS 0x0000000086a00000| PB 0x0000000086a00000| Untracked 
|  75|0x0000000086b00000, 0x0000000086b00000, 0x0000000086c00000|  0%| F|  |TAMS 0x0000000086b00000| PB 0x0000000086b00000| Untracked 
|  76|0x0000000086c00000, 0x0000000086c00000, 0x0000000086d00000|  0%| F|  |TAMS 0x0000000086c00000| PB 0x0000000086c00000| Untracked 
|  77|0x0000000086d00000, 0x0000000086d00000, 0x0000000086e00000|  0%| F|  |TAMS 0x0000000086d00000| PB 0x0000000086d00000| Untracked 
|  78|0x0000000086e00000, 0x0000000086e00000, 0x0000000086f00000|  0%| F|  |TAMS 0x0000000086e00000| PB 0x0000000086e00000| Untracked 
|  79|0x0000000086f00000, 0x0000000086f00000, 0x0000000087000000|  0%| F|  |TAMS 0x0000000086f00000| PB 0x0000000086f00000| Untracked 
|  80|0x0000000087000000, 0x0000000087000000, 0x0000000087100000|  0%| F|  |TAMS 0x0000000087000000| PB 0x0000000087000000| Untracked 
|  81|0x0000000087100000, 0x0000000087100000, 0x0000000087200000|  0%| F|  |TAMS 0x0000000087100000| PB 0x0000000087100000| Untracked 
|  82|0x0000000087200000, 0x0000000087200000, 0x0000000087300000|  0%| F|  |TAMS 0x0000000087200000| PB 0x0000000087200000| Untracked 
|  83|0x0000000087300000, 0x0000000087300000, 0x0000000087400000|  0%| F|  |TAMS 0x0000000087300000| PB 0x0000000087300000| Untracked 
|  84|0x0000000087400000, 0x0000000087400000, 0x0000000087500000|  0%| F|  |TAMS 0x0000000087400000| PB 0x0000000087400000| Untracked 
|  85|0x0000000087500000, 0x0000000087500000, 0x0000000087600000|  0%| F|  |TAMS 0x0000000087500000| PB 0x0000000087500000| Untracked 
|  86|0x0000000087600000, 0x0000000087600000, 0x0000000087700000|  0%| F|  |TAMS 0x0000000087600000| PB 0x0000000087600000| Untracked 
|  87|0x0000000087700000, 0x0000000087700000, 0x0000000087800000|  0%| F|  |TAMS 0x0000000087700000| PB 0x0000000087700000| Untracked 
|  88|0x0000000087800000, 0x0000000087800000, 0x0000000087900000|  0%| F|  |TAMS 0x0000000087800000| PB 0x0000000087800000| Untracked 
|  89|0x0000000087900000, 0x0000000087900000, 0x0000000087a00000|  0%| F|  |TAMS 0x0000000087900000| PB 0x0000000087900000| Untracked 
|  90|0x0000000087a00000, 0x0000000087a00000, 0x0000000087b00000|  0%| F|  |TAMS 0x0000000087a00000| PB 0x0000000087a00000| Untracked 
|  91|0x0000000087b00000, 0x0000000087b00000, 0x0000000087c00000|  0%| F|  |TAMS 0x0000000087b00000| PB 0x0000000087b00000| Untracked 
|  92|0x0000000087c00000, 0x0000000087c00000, 0x0000000087d00000|  0%| F|  |TAMS 0x0000000087c00000| PB 0x0000000087c00000| Untracked 
|  93|0x0000000087d00000, 0x0000000087d00000, 0x0000000087e00000|  0%| F|  |TAMS 0x0000000087d00000| PB 0x0000000087d00000| Untracked 
|  94|0x0000000087e00000, 0x0000000087e00000, 0x0000000087f00000|  0%| F|  |TAMS 0x0000000087e00000| PB 0x0000000087e00000| Untracked 
|  95|0x0000000087f00000, 0x0000000087f00000, 0x0000000088000000|  0%| F|  |TAMS 0x0000000087f00000| PB 0x0000000087f00000| Untracked 
|  96|0x0000000088000000, 0x0000000088000000, 0x0000000088100000|  0%| F|  |TAMS 0x0000000088000000| PB 0x0000000088000000| Untracked 
|  97|0x0000000088100000, 0x0000000088100000, 0x0000000088200000|  0%| F|  |TAMS 0x0000000088100000| PB 0x0000000088100000| Untracked 
|  98|0x0000000088200000, 0x0000000088200000, 0x0000000088300000|  0%| F|  |TAMS 0x0000000088200000| PB 0x0000000088200000| Untracked 
|  99|0x0000000088300000, 0x0000000088300000, 0x0000000088400000|  0%| F|  |TAMS 0x0000000088300000| PB 0x0000000088300000| Untracked 
| 100|0x0000000088400000, 0x0000000088500000, 0x0000000088500000|100%| S|CS|TAMS 0x0000000088400000| PB 0x0000000088400000| Complete 
| 101|0x0000000088500000, 0x0000000088600000, 0x0000000088600000|100%| S|CS|TAMS 0x0000000088500000| PB 0x0000000088500000| Complete 
| 102|0x0000000088600000, 0x0000000088700000, 0x0000000088700000|100%| S|CS|TAMS 0x0000000088600000| PB 0x0000000088600000| Complete 
| 103|0x0000000088700000, 0x0000000088700000, 0x0000000088800000|  0%| F|  |TAMS 0x0000000088700000| PB 0x0000000088700000| Untracked 
| 104|0x0000000088800000, 0x0000000088800000, 0x0000000088900000|  0%| F|  |TAMS 0x0000000088800000| PB 0x0000000088800000| Untracked 
| 105|0x0000000088900000, 0x0000000088900000, 0x0000000088a00000|  0%| F|  |TAMS 0x0000000088900000| PB 0x0000000088900000| Untracked 
| 106|0x0000000088a00000, 0x0000000088a00000, 0x0000000088b00000|  0%| F|  |TAMS 0x0000000088a00000| PB 0x0000000088a00000| Untracked 
| 107|0x0000000088b00000, 0x0000000088b00000, 0x0000000088c00000|  0%| F|  |TAMS 0x0000000088b00000| PB 0x0000000088b00000| Untracked 
| 108|0x0000000088c00000, 0x0000000088c00000, 0x0000000088d00000|  0%| F|  |TAMS 0x0000000088c00000| PB 0x0000000088c00000| Untracked 
| 109|0x0000000088d00000, 0x0000000088d00000, 0x0000000088e00000|  0%| F|  |TAMS 0x0000000088d00000| PB 0x0000000088d00000| Untracked 
| 110|0x0000000088e00000, 0x0000000088e00000, 0x0000000088f00000|  0%| F|  |TAMS 0x0000000088e00000| PB 0x0000000088e00000| Untracked 
| 111|0x0000000088f00000, 0x0000000088f00000, 0x0000000089000000|  0%| F|  |TAMS 0x0000000088f00000| PB 0x0000000088f00000| Untracked 
| 112|0x0000000089000000, 0x0000000089000000, 0x0000000089100000|  0%| F|  |TAMS 0x0000000089000000| PB 0x0000000089000000| Untracked 
| 113|0x0000000089100000, 0x0000000089100000, 0x0000000089200000|  0%| F|  |TAMS 0x0000000089100000| PB 0x0000000089100000| Untracked 
| 114|0x0000000089200000, 0x0000000089200000, 0x0000000089300000|  0%| F|  |TAMS 0x0000000089200000| PB 0x0000000089200000| Untracked 
| 115|0x0000000089300000, 0x0000000089300000, 0x0000000089400000|  0%| F|  |TAMS 0x0000000089300000| PB 0x0000000089300000| Untracked 
| 116|0x0000000089400000, 0x0000000089400000, 0x0000000089500000|  0%| F|  |TAMS 0x0000000089400000| PB 0x0000000089400000| Untracked 
| 117|0x0000000089500000, 0x0000000089500000, 0x0000000089600000|  0%| F|  |TAMS 0x0000000089500000| PB 0x0000000089500000| Untracked 
| 118|0x0000000089600000, 0x0000000089600000, 0x0000000089700000|  0%| F|  |TAMS 0x0000000089600000| PB 0x0000000089600000| Untracked 
| 119|0x0000000089700000, 0x0000000089763810, 0x0000000089800000| 38%| E|  |TAMS 0x0000000089700000| PB 0x0000000089700000| Complete 
| 120|0x0000000089800000, 0x0000000089900000, 0x0000000089900000|100%| E|CS|TAMS 0x0000000089800000| PB 0x0000000089800000| Complete 
| 121|0x0000000089900000, 0x0000000089a00000, 0x0000000089a00000|100%| E|CS|TAMS 0x0000000089900000| PB 0x0000000089900000| Complete 
| 122|0x0000000089a00000, 0x0000000089b00000, 0x0000000089b00000|100%| E|CS|TAMS 0x0000000089a00000| PB 0x0000000089a00000| Complete 
| 123|0x0000000089b00000, 0x0000000089c00000, 0x0000000089c00000|100%| E|CS|TAMS 0x0000000089b00000| PB 0x0000000089b00000| Complete 
| 124|0x0000000089c00000, 0x0000000089d00000, 0x0000000089d00000|100%| E|CS|TAMS 0x0000000089c00000| PB 0x0000000089c00000| Complete 
| 125|0x0000000089d00000, 0x0000000089e00000, 0x0000000089e00000|100%| E|CS|TAMS 0x0000000089d00000| PB 0x0000000089d00000| Complete 

Card table byte_map: [0x000001f874b20000,0x000001f874f10000] _byte_map_base: 0x000001f874710000

Marking Bits: (CMBitMap*) 0x000001f86bfe7120
 Bits: [0x000001f874f10000, 0x000001f876e90000)

Polling page: 0x000001f869ee0000

Metaspace:

Usage:
  Non-class:      9.93 MB used.
      Class:      1.35 MB used.
       Both:     11.28 MB used.

Virtual space:
  Non-class space:       64.00 MB reserved,      10.19 MB ( 16%) committed,  1 nodes.
      Class space:        1.00 GB reserved,       1.50 MB ( <1%) committed,  1 nodes.
             Both:        1.06 GB reserved,      11.69 MB (  1%) committed. 

Chunk freelists:
   Non-Class:  5.62 MB
       Class:  14.42 MB
        Both:  20.03 MB

MaxMetaspaceSize: unlimited
CompressedClassSpaceSize: 1.00 GB
Initial GC threshold: 21.00 MB
Current GC threshold: 21.00 MB
CDS: on
 - commit_granule_bytes: 65536.
 - commit_granule_words: 8192.
 - virtual_space_node_default_size: 8388608.
 - enlarge_chunks_in_place: 1.
 - use_allocation_guard: 0.


Internal statistics:

num_allocs_failed_limit: 0.
num_arena_births: 324.
num_arena_deaths: 0.
num_vsnodes_births: 2.
num_vsnodes_deaths: 0.
num_space_committed: 187.
num_space_uncommitted: 0.
num_chunks_returned_to_freelist: 0.
num_chunks_taken_from_freelist: 585.
num_chunk_merges: 0.
num_chunk_splits: 343.
num_chunks_enlarged: 184.
num_inconsistent_stats: 0.

CodeHeap 'non-profiled nmethods': size=120000Kb used=513Kb max_used=513Kb free=119487Kb
 bounds [0x000001f807ad0000, 0x000001f807d40000, 0x000001f80f000000]
CodeHeap 'profiled nmethods': size=120000Kb used=3247Kb max_used=3247Kb free=116752Kb
 bounds [0x000001f800000000, 0x000001f800330000, 0x000001f807530000]
CodeHeap 'non-nmethods': size=5760Kb used=1439Kb max_used=1456Kb free=4321Kb
 bounds [0x000001f807530000, 0x000001f8077a0000, 0x000001f807ad0000]
 total_blobs=2234 nmethods=1706 adapters=433
 compilation: enabled
              stopped_count=0, restarted_count=0
 full_count=0

Compilation events (20 events):
Event: 40.491 Thread 0x000001f8798f91b0 nmethod 1690 0x000001f800323590 code [0x000001f800323760, 0x000001f800323a10]
Event: 40.491 Thread 0x000001f8798f91b0 1691       3       jdk.internal.misc.Unsafe::putIntUnaligned (79 bytes)
Event: 40.491 Thread 0x000001f8798f91b0 nmethod 1691 0x000001f800323b90 code [0x000001f800323d60, 0x000001f800324108]
Event: 40.491 Thread 0x000001f8798f91b0 1692       3       jdk.internal.misc.Unsafe::putIntUnaligned (14 bytes)
Event: 40.491 Thread 0x000001f8798f91b0 nmethod 1692 0x000001f800324210 code [0x000001f8003243c0, 0x000001f800324608]
Event: 40.492 Thread 0x000001f8798f91b0 1693       3       java.util.stream.AbstractPipeline::sourceSpliterator (265 bytes)
Event: 40.492 Thread 0x000001f8798cb300 1696       4       java.lang.String::replace (42 bytes)
Event: 40.493 Thread 0x000001f8798f91b0 nmethod 1693 0x000001f800324710 code [0x000001f8003249c0, 0x000001f8003259b0]
Event: 40.493 Thread 0x000001f8798f91b0 1695       3       jdk.internal.misc.Unsafe::weakCompareAndSetLong (11 bytes)
Event: 40.493 Thread 0x000001f8798f91b0 nmethod 1695 0x000001f800325f10 code [0x000001f8003260a0, 0x000001f8003261c8]
Event: 40.493 Thread 0x000001f8798f91b0 1694       3       java.util.stream.Sink::end (1 bytes)
Event: 40.493 Thread 0x000001f8798f91b0 nmethod 1694 0x000001f800326290 code [0x000001f800326420, 0x000001f800326528]
Event: 40.493 Thread 0x000001f8798f91b0 1698       3       java.nio.ByteBuffer::<init> (14 bytes)
Event: 40.493 Thread 0x000001f8798f91b0 nmethod 1698 0x000001f800326590 code [0x000001f800326740, 0x000001f800326890]
Event: 40.493 Thread 0x000001f8798f91b0 1699       3       java.nio.MappedByteBuffer::limit (6 bytes)
Event: 40.493 Thread 0x000001f8798f91b0 nmethod 1699 0x000001f800326990 code [0x000001f800326b40, 0x000001f800326d50]
Event: 40.495 Thread 0x000001f8798f91b0 1700       3       jdk.internal.net.http.Http1HeaderParser::get (10 bytes)
Event: 40.495 Thread 0x000001f8798f91b0 nmethod 1700 0x000001f800326e90 code [0x000001f800327040, 0x000001f800327220]
Event: 40.507 Thread 0x000001f8798cb300 nmethod 1696 0x000001f807b4f190 code [0x000001f807b4f340, 0x000001f807b4faa0]
Event: 40.508 Thread 0x000001f8798cb300 1697       4       java.lang.invoke.MethodType::makeImpl (109 bytes)

GC Heap History (2 events):
Event: 3.143 GC heap before
{Heap before GC invocations=0 (full 0):
 garbage-first heap   total 129024K, used 23552K [0x0000000082000000, 0x0000000100000000)
  region size 1024K, 23 young (23552K), 0 survivors (0K)
 Metaspace       used 9401K, committed 9664K, reserved 1114112K
  class space    used 1083K, committed 1216K, reserved 1048576K
}
Event: 3.151 GC heap after
{Heap after GC invocations=1 (full 0):
 garbage-first heap   total 129024K, used 6570K [0x0000000082000000, 0x0000000100000000)
  region size 1024K, 3 young (3072K), 3 survivors (3072K)
 Metaspace       used 9401K, committed 9664K, reserved 1114112K
  class space    used 1083K, committed 1216K, reserved 1048576K
}

Dll operation events (10 events):
Event: 0.038 Loaded shared library C:\Program Files\Java\jdk-21\bin\java.dll
Event: 0.228 Loaded shared library C:\Program Files\Java\jdk-21\bin\jsvml.dll
Event: 0.341 Loaded shared library C:\Program Files\Java\jdk-21\bin\net.dll
Event: 0.343 Loaded shared library C:\Program Files\Java\jdk-21\bin\nio.dll
Event: 0.345 Loaded shared library C:\Program Files\Java\jdk-21\bin\zip.dll
Event: 0.453 Loaded shared library C:\Program Files\Java\jdk-21\bin\jimage.dll
Event: 0.554 Loaded shared library C:\Program Files\Java\jdk-21\bin\extnet.dll
Event: 0.601 Loaded shared library C:\Program Files\Java\jdk-21\bin\management.dll
Event: 0.602 Loaded shared library C:\Program Files\Java\jdk-21\bin\management_ext.dll
Event: 1.945 Loaded shared library C:\Program Files\Java\jdk-21\bin\sunmscapi.dll

Deoptimization events (20 events):
Event: 3.249 Thread 0x000001f87e77d460 Uncommon trap: trap_request=0xffffffde fr.pc=0x000001f807b46d5c relative=0x000000000000013c
Event: 3.249 Thread 0x000001f87e77d460 Uncommon trap: reason=class_check action=maybe_recompile pc=0x000001f807b46d5c method=jdk.internal.misc.Unsafe.allocateUninitializedArray(Ljava/lang/Class;I)Ljava/lang/Object; @ 51 c2
Event: 3.249 Thread 0x000001f87e77d460 DEOPT PACKING pc=0x000001f807b46d5c sp=0x00000050162fd2c0
Event: 3.249 Thread 0x000001f87e77d460 DEOPT UNPACKING pc=0x000001f8075846a2 sp=0x00000050162fd238 mode 2
Event: 3.249 Thread 0x000001f87e77d460 Uncommon trap: trap_request=0xffffffde fr.pc=0x000001f807b46d5c relative=0x000000000000013c
Event: 3.249 Thread 0x000001f87e77d460 Uncommon trap: reason=class_check action=maybe_recompile pc=0x000001f807b46d5c method=jdk.internal.misc.Unsafe.allocateUninitializedArray(Ljava/lang/Class;I)Ljava/lang/Object; @ 51 c2
Event: 3.249 Thread 0x000001f87e77d460 DEOPT PACKING pc=0x000001f807b46d5c sp=0x00000050162fd0f0
Event: 3.249 Thread 0x000001f87e77d460 DEOPT UNPACKING pc=0x000001f8075846a2 sp=0x00000050162fd068 mode 2
Event: 3.249 Thread 0x000001f87e77d460 Uncommon trap: trap_request=0xffffffde fr.pc=0x000001f807b46d5c relative=0x000000000000013c
Event: 3.249 Thread 0x000001f87e77d460 Uncommon trap: reason=class_check action=maybe_recompile pc=0x000001f807b46d5c method=jdk.internal.misc.Unsafe.allocateUninitializedArray(Ljava/lang/Class;I)Ljava/lang/Object; @ 51 c2
Event: 3.249 Thread 0x000001f87e77d460 DEOPT PACKING pc=0x000001f807b46d5c sp=0x00000050162fd0f0
Event: 3.249 Thread 0x000001f87e77d460 DEOPT UNPACKING pc=0x000001f8075846a2 sp=0x00000050162fd068 mode 2
Event: 3.249 Thread 0x000001f87e77d460 Uncommon trap: trap_request=0xffffffde fr.pc=0x000001f807b46d5c relative=0x000000000000013c
Event: 3.249 Thread 0x000001f87e77d460 Uncommon trap: reason=class_check action=maybe_recompile pc=0x000001f807b46d5c method=jdk.internal.misc.Unsafe.allocateUninitializedArray(Ljava/lang/Class;I)Ljava/lang/Object; @ 51 c2
Event: 3.249 Thread 0x000001f87e77d460 DEOPT PACKING pc=0x000001f807b46d5c sp=0x00000050162fd0f0
Event: 3.249 Thread 0x000001f87e77d460 DEOPT UNPACKING pc=0x000001f8075846a2 sp=0x00000050162fd068 mode 2
Event: 38.401 Thread 0x000001f869d10110 Uncommon trap: trap_request=0xffffffde fr.pc=0x000001f807b228fc relative=0x000000000000053c
Event: 38.401 Thread 0x000001f869d10110 Uncommon trap: reason=class_check action=maybe_recompile pc=0x000001f807b228fc method=java.util.HashMap.putVal(ILjava/lang/Object;Ljava/lang/Object;ZZ)Ljava/lang/Object; @ 253 c2
Event: 38.401 Thread 0x000001f869d10110 DEOPT PACKING pc=0x000001f807b228fc sp=0x00000050141fe6c0
Event: 38.401 Thread 0x000001f869d10110 DEOPT UNPACKING pc=0x000001f8075846a2 sp=0x00000050141fe650 mode 2

Classes loaded (20 events):
Event: 38.500 Loading class jdk/internal/access/JavaUtilCollectionAccess
Event: 38.547 Loading class jdk/internal/access/JavaUtilCollectionAccess done
Event: 38.547 Loading class java/util/ImmutableCollections$Access$1 done
Event: 39.519 Loading class java/util/LinkedList$DescendingIterator
Event: 39.519 Loading class java/util/LinkedList$DescendingIterator done
Event: 39.522 Loading class java/util/concurrent/locks/ReadWriteLock
Event: 39.608 Loading class java/util/concurrent/locks/ReadWriteLock done
Event: 39.642 Loading class java/util/concurrent/locks/ReentrantReadWriteLock
Event: 39.742 Loading class java/util/concurrent/locks/ReentrantReadWriteLock done
Event: 39.742 Loading class java/util/concurrent/locks/ReentrantReadWriteLock$FairSync
Event: 39.790 Loading class java/util/concurrent/locks/ReentrantReadWriteLock$Sync
Event: 39.869 Loading class java/util/concurrent/locks/ReentrantReadWriteLock$Sync done
Event: 39.870 Loading class java/util/concurrent/locks/ReentrantReadWriteLock$FairSync done
Event: 39.870 Loading class java/util/concurrent/locks/ReentrantReadWriteLock$Sync$ThreadLocalHoldCounter
Event: 39.870 Loading class java/util/concurrent/locks/ReentrantReadWriteLock$Sync$ThreadLocalHoldCounter done
Event: 39.870 Loading class java/util/concurrent/locks/ReentrantReadWriteLock$ReadLock
Event: 39.870 Loading class java/util/concurrent/locks/ReentrantReadWriteLock$ReadLock done
Event: 39.870 Loading class java/util/concurrent/locks/ReentrantReadWriteLock$WriteLock
Event: 39.870 Loading class java/util/concurrent/locks/ReentrantReadWriteLock$WriteLock done
Event: 40.495 Loading class sun/net/www/HeaderParser

Classes unloaded (0 events):
No events

Classes redefined (0 events):
No events

Internal exceptions (20 events):
Event: 2.209 Thread 0x000001f869d10110 Exception <a 'java/lang/NoSuchMethodError'{0x0000000088a6b870}: 'java.lang.Object java.lang.invoke.DirectMethodHandle$Holder.invokeStaticInit(java.lang.Object, java.lang.Object, int, int, int, int)'> (0x0000000088a6b870) 
thrown [s\open\src\hotspot\share\interpreter\linkResolver.cpp, line 773]
Event: 2.308 Thread 0x000001f869d10110 Exception <a 'java/lang/NoSuchMethodError'{0x00000000889fba10}: 'java.lang.Object java.lang.invoke.DirectMethodHandle$Holder.invokeInterface(java.lang.Object, java.lang.Object, java.lang.Object)'> (0x00000000889fba10) 
thrown [s\open\src\hotspot\share\interpreter\linkResolver.cpp, line 773]
Event: 2.309 Thread 0x000001f869d10110 Exception <a 'java/lang/IncompatibleClassChangeError'{0x00000000889fedf8}: Found class java.lang.Object, but interface was expected> (0x00000000889fedf8) 
thrown [s\open\src\hotspot\share\interpreter\linkResolver.cpp, line 840]
Event: 2.310 Thread 0x000001f869d10110 Exception <a 'java/lang/NoSuchMethodError'{0x0000000088806528}: 'int java.lang.invoke.DirectMethodHandle$Holder.invokeSpecialIFC(java.lang.Object, java.lang.Object, java.lang.Object, java.lang.Object)'> (0x0000000088806528) 
thrown [s\open\src\hotspot\share\interpreter\linkResolver.cpp, line 773]
Event: 2.312 Thread 0x000001f869d10110 Exception <a 'java/lang/NoSuchMethodError'{0x0000000088828cb0}: 'java.lang.Object java.lang.invoke.DirectMethodHandle$Holder.invokeVirtual(java.lang.Object, java.lang.Object, java.lang.Object, java.lang.Object)'> (0x0000000088828cb0) 
thrown [s\open\src\hotspot\share\interpreter\linkResolver.cpp, line 773]
Event: 2.391 Thread 0x000001f87e6c1a90 Exception <a 'java/net/ConnectException'{0x000000008870ac68}: Connection refused: getsockopt> (0x000000008870ac68) 
thrown [s\open\src\hotspot\share\prims\jni.cpp, line 539]
Event: 2.410 Thread 0x000001f87e6c1a90 Exception <a 'java/net/ConnectException'{0x000000008870bcd8}: Connection refused: getsockopt> (0x000000008870bcd8) 
thrown [s\open\src\hotspot\share\prims\jni.cpp, line 539]
Event: 2.441 Thread 0x000001f87e6c1a90 Exception <a 'java/net/ConnectException'{0x000000008870cb70}: Connection refused: getsockopt> (0x000000008870cb70) 
thrown [s\open\src\hotspot\share\prims\jni.cpp, line 539]
Event: 2.486 Thread 0x000001f87e6c1a90 Exception <a 'java/net/ConnectException'{0x000000008870da08}: Connection refused: getsockopt> (0x000000008870da08) 
thrown [s\open\src\hotspot\share\prims\jni.cpp, line 539]
Event: 2.595 Thread 0x000001f87e6c1a90 Exception <a 'java/net/ConnectException'{0x000000008870e8a0}: Connection refused: getsockopt> (0x000000008870e8a0) 
thrown [s\open\src\hotspot\share\prims\jni.cpp, line 539]
Event: 2.783 Thread 0x000001f87e6c1a90 Exception <a 'java/net/ConnectException'{0x000000008870f738}: Connection refused: getsockopt> (0x000000008870f738) 
thrown [s\open\src\hotspot\share\prims\jni.cpp, line 539]
Event: 3.153 Thread 0x000001f869d10110 Exception <a 'java/lang/NoSuchMethodError'{0x0000000089d0a2d8}: 'java.lang.Object java.lang.invoke.DirectMethodHandle$Holder.newInvokeSpecial(java.lang.Object, java.lang.Object, int, int)'> (0x0000000089d0a2d8) 
thrown [s\open\src\hotspot\share\interpreter\linkResolver.cpp, line 773]
Event: 3.154 Thread 0x000001f869d10110 Exception <a 'java/lang/NoSuchMethodError'{0x0000000089d148a8}: 'void java.lang.invoke.DirectMethodHandle$Holder.invokeStatic(java.lang.Object, java.lang.Object, int)'> (0x0000000089d148a8) 
thrown [s\open\src\hotspot\share\interpreter\linkResolver.cpp, line 773]
Event: 3.167 Thread 0x000001f869d10110 Exception <a 'java/lang/NoSuchMethodError'{0x0000000089c28040}: 'java.lang.Object java.lang.invoke.DirectMethodHandle$Holder.newInvokeSpecial(java.lang.Object, java.lang.Object, java.lang.Object, java.lang.Object, java.lang.Object)'> (0x0000000089c28040) 
thrown [s\open\src\hotspot\share\interpreter\linkResolver.cpp, line 773]
Event: 3.221 Thread 0x000001f87e77d460 Exception <a 'java/lang/NoSuchMethodError'{0x0000000089b92820}: 'java.lang.Object java.lang.invoke.DirectMethodHandle$Holder.invokeSpecial(java.lang.Object, java.lang.Object, java.lang.Object, java.lang.Object, int)'> (0x0000000089b92820) 
thrown [s\open\src\hotspot\share\interpreter\linkResolver.cpp, line 773]
Event: 3.221 Thread 0x000001f87e77d460 Exception <a 'java/lang/NoSuchMethodError'{0x0000000089b963d0}: 'java.lang.Object java.lang.invoke.Invokers$Holder.linkToTargetMethod(java.lang.Object, java.lang.Object, int, java.lang.Object)'> (0x0000000089b963d0) 
thrown [s\open\src\hotspot\share\interpreter\linkResolver.cpp, line 773]
Event: 3.225 Thread 0x000001f87e77d460 Exception <a 'java/lang/NoSuchMethodError'{0x0000000089badf68}: 'void java.lang.invoke.DirectMethodHandle$Holder.invokeSpecial(java.lang.Object, java.lang.Object, java.lang.Object)'> (0x0000000089badf68) 
thrown [s\open\src\hotspot\share\interpreter\linkResolver.cpp, line 773]
Event: 3.234 Thread 0x000001f87e77d460 Exception <a 'java/lang/NoSuchMethodError'{0x0000000089bd9b28}: 'void java.lang.invoke.DirectMethodHandle$Holder.invokeSpecial(java.lang.Object, java.lang.Object, java.lang.Object, java.lang.Object, java.lang.Object)'> (0x0000000089bd9b28) 
thrown [s\open\src\hotspot\share\interpreter\linkResolver.cpp, line 773]
Event: 38.063 Thread 0x000001f87e77a670 Exception <a 'java/lang/NoSuchMethodError'{0x0000000089920018}: 'void java.lang.invoke.DirectMethodHandle$Holder.invokeSpecial(java.lang.Object, java.lang.Object, java.lang.Object, java.lang.Object, java.lang.Object, java.lang.Object, java.lang.Object)'> (0x0000000089920018) 
thrown [s\open\src\hotspot\share\interpreter\linkResolver.cpp, line 773]
Event: 38.395 Thread 0x000001f869d10110 Exception <a 'java/lang/NoSuchMethodError'{0x0000000089c9da30}: 'java.lang.Object java.lang.invoke.DirectMethodHandle$Holder.invokeSpecialIFC(java.lang.Object, java.lang.Object, java.lang.Object)'> (0x0000000089c9da30) 
thrown [s\open\src\hotspot\share\interpreter\linkResolver.cpp, line 773]

ZGC Phase Switch (0 events):
No events

VM Operations (20 events):
Event: 1.948 Executing VM operation: HandshakeAllThreads (Deoptimize)
Event: 1.948 Executing VM operation: HandshakeAllThreads (Deoptimize) done
Event: 2.955 Executing VM operation: Cleanup
Event: 2.955 Executing VM operation: Cleanup done
Event: 3.112 Executing VM operation: HandshakeAllThreads (Deoptimize)
Event: 3.112 Executing VM operation: HandshakeAllThreads (Deoptimize) done
Event: 3.143 Executing VM operation: G1CollectForAllocation (G1 Evacuation Pause)
Event: 3.151 Executing VM operation: G1CollectForAllocation (G1 Evacuation Pause) done
Event: 4.162 Executing VM operation: Cleanup
Event: 4.162 Executing VM operation: Cleanup done
Event: 8.201 Executing VM operation: Cleanup
Event: 8.201 Executing VM operation: Cleanup done
Event: 37.067 Executing VM operation: HandshakeAllThreads (Deoptimize)
Event: 37.067 Executing VM operation: HandshakeAllThreads (Deoptimize) done
Event: 37.120 Executing VM operation: HandshakeAllThreads (Deoptimize)
Event: 37.120 Executing VM operation: HandshakeAllThreads (Deoptimize) done
Event: 39.145 Executing VM operation: Cleanup
Event: 39.145 Executing VM operation: Cleanup done
Event: 40.156 Executing VM operation: Cleanup
Event: 40.234 Executing VM operation: Cleanup done

Events (20 events):
Event: 1.952 Thread 0x000001f87e7073b0 Thread added: 0x000001f87e7073b0
Event: 2.294 Thread 0x000001f87e6e4e50 Thread added: 0x000001f87e6e4e50
Event: 2.307 Thread 0x000001f87e7073b0 Thread exited: 0x000001f87e7073b0
Event: 2.380 Thread 0x000001f87e7073b0 Thread added: 0x000001f87e7073b0
Event: 2.382 Thread 0x000001f87e741a40 Thread added: 0x000001f87e741a40
Event: 2.382 Thread 0x000001f87e7420b0 Thread added: 0x000001f87e7420b0
Event: 2.386 Thread 0x000001f87e6c1a90 Thread added: 0x000001f87e6c1a90
Event: 3.110 Thread 0x000001f87e706d00 Thread exited: 0x000001f87e706d00
Event: 3.112 Thread 0x000001f87e77cdd0 Thread added: 0x000001f87e77cdd0
Event: 3.174 Thread 0x000001f87e77d460 Thread added: 0x000001f87e77d460
Event: 3.187 Thread 0x000001f87e77daf0 Thread added: 0x000001f87e77daf0
Event: 3.259 Thread 0x000001f87e77a670 Thread added: 0x000001f87e77a670
Event: 3.260 Thread 0x000001f87e77ad00 Thread added: 0x000001f87e77ad00
Event: 3.261 Thread 0x000001f87e77b390 Thread added: 0x000001f87e77b390
Event: 13.136 Thread 0x000001f87e77cdd0 Thread exited: 0x000001f87e77cdd0
Event: 39.509 Thread 0x000001f87e77ba20 Thread added: 0x000001f87e77ba20
Event: 39.510 Thread 0x000001f87e77c0b0 Thread added: 0x000001f87e77c0b0
Event: 39.513 Thread 0x000001f87e77c740 Thread added: 0x000001f87e77c740
Event: 39.514 Thread 0x000001f87e77cdd0 Thread added: 0x000001f87e77cdd0
Event: 39.514 Thread 0x000001f87e5c5880 Thread added: 0x000001f87e5c5880


Dynamic libraries:
0x00007ff664200000 - 0x00007ff664210000 	C:\Program Files\Java\jdk-21\bin\javaw.exe
0x00007fff6a150000 - 0x00007fff6a367000 	C:\WINDOWS\SYSTEM32\ntdll.dll
0x00007fff687a0000 - 0x00007fff68864000 	C:\WINDOWS\System32\KERNEL32.DLL
0x00007fff67a00000 - 0x00007fff67dd2000 	C:\WINDOWS\System32\KERNELBASE.dll
0x00007fff67560000 - 0x00007fff67671000 	C:\WINDOWS\System32\ucrtbase.dll
0x00007fff52260000 - 0x00007fff52279000 	C:\Program Files\Java\jdk-21\bin\jli.dll
0x00007fff50c50000 - 0x00007fff50c6b000 	C:\Program Files\Java\jdk-21\bin\VCRUNTIME140.dll
0x00007fff688e0000 - 0x00007fff68991000 	C:\WINDOWS\System32\ADVAPI32.dll
0x00007fff68340000 - 0x00007fff683e7000 	C:\WINDOWS\System32\msvcrt.dll
0x00007fff686f0000 - 0x00007fff68798000 	C:\WINDOWS\System32\sechost.dll
0x00007fff67900000 - 0x00007fff67928000 	C:\WINDOWS\System32\bcrypt.dll
0x00007fff68d00000 - 0x00007fff68e14000 	C:\WINDOWS\System32\RPCRT4.dll
0x00007fff68ab0000 - 0x00007fff68c61000 	C:\WINDOWS\System32\USER32.dll
0x00007fff679d0000 - 0x00007fff679f6000 	C:\WINDOWS\System32\win32u.dll
0x00007fff664a0000 - 0x00007fff6673b000 	C:\WINDOWS\WinSxS\amd64_microsoft.windows.common-controls_6595b64144ccf1df_6.0.22621.5547_none_27104afb73855772\COMCTL32.dll
0x00007fff67de0000 - 0x00007fff67e09000 	C:\WINDOWS\System32\GDI32.dll
0x00007fff67430000 - 0x00007fff67553000 	C:\WINDOWS\System32\gdi32full.dll
0x00007fff67930000 - 0x00007fff679ca000 	C:\WINDOWS\System32\msvcp_win.dll
0x00007fff60620000 - 0x00007fff6062a000 	C:\WINDOWS\SYSTEM32\VERSION.dll
0x00007fff69c50000 - 0x00007fff69c81000 	C:\WINDOWS\System32\IMM32.DLL
0x00007fff5e8a0000 - 0x00007fff5e8ac000 	C:\Program Files\Java\jdk-21\bin\vcruntime140_1.dll
0x00007fff287e0000 - 0x00007fff2886e000 	C:\Program Files\Java\jdk-21\bin\msvcp140.dll
0x00007ffeccf40000 - 0x00007ffecdc53000 	C:\Program Files\Java\jdk-21\bin\server\jvm.dll
0x00007fff68c80000 - 0x00007fff68cf1000 	C:\WINDOWS\System32\WS2_32.dll
0x00007fff66b50000 - 0x00007fff66b9d000 	C:\WINDOWS\SYSTEM32\POWRPROF.dll
0x00007fff611f0000 - 0x00007fff61224000 	C:\WINDOWS\SYSTEM32\WINMM.dll
0x00007fff66830000 - 0x00007fff66843000 	C:\WINDOWS\SYSTEM32\UMPDC.dll
0x00007fff65c00000 - 0x00007fff65c18000 	C:\WINDOWS\SYSTEM32\kernel.appcore.dll
0x00007fff5ca10000 - 0x00007fff5ca1a000 	C:\Program Files\Java\jdk-21\bin\jimage.dll
0x00007fff66ba0000 - 0x00007fff66dd3000 	C:\WINDOWS\SYSTEM32\DBGHELP.DLL
0x00007fff67e90000 - 0x00007fff68223000 	C:\WINDOWS\System32\combase.dll
0x00007fff68450000 - 0x00007fff68527000 	C:\WINDOWS\System32\OLEAUT32.dll
0x00007fff66a40000 - 0x00007fff66a72000 	C:\WINDOWS\SYSTEM32\dbgcore.DLL
0x00007fff67740000 - 0x00007fff677bb000 	C:\WINDOWS\System32\bcryptPrimitives.dll
0x00007fff4edb0000 - 0x00007fff4edcf000 	C:\Program Files\Java\jdk-21\bin\java.dll
0x00007fff68ed0000 - 0x00007fff69772000 	C:\WINDOWS\System32\SHELL32.dll
0x00007fff677c0000 - 0x00007fff678ff000 	C:\WINDOWS\System32\wintypes.dll
0x00007fff64a80000 - 0x00007fff6539d000 	C:\WINDOWS\SYSTEM32\windows.storage.dll
0x00007fff68230000 - 0x00007fff6833c000 	C:\WINDOWS\System32\SHCORE.dll
0x00007fff68680000 - 0x00007fff686e9000 	C:\WINDOWS\System32\shlwapi.dll
0x00007fff67170000 - 0x00007fff6719b000 	C:\WINDOWS\SYSTEM32\profapi.dll
0x00007ffed7c70000 - 0x00007ffed7d47000 	C:\Program Files\Java\jdk-21\bin\jsvml.dll
0x00007fff568a0000 - 0x00007fff568b0000 	C:\Program Files\Java\jdk-21\bin\net.dll
0x00007fff60a60000 - 0x00007fff60b8c000 	C:\WINDOWS\SYSTEM32\WINHTTP.dll
0x00007fff66040000 - 0x00007fff660a9000 	C:\WINDOWS\system32\mswsock.dll
0x00007fff4ed90000 - 0x00007fff4eda6000 	C:\Program Files\Java\jdk-21\bin\nio.dll
0x00007fff45cd0000 - 0x00007fff45ce8000 	C:\Program Files\Java\jdk-21\bin\zip.dll
0x00007fff521c0000 - 0x00007fff521c9000 	C:\Program Files\Java\jdk-21\bin\extnet.dll
0x00007fff65620000 - 0x00007fff65718000 	C:\WINDOWS\SYSTEM32\DNSAPI.dll
0x00007fff655f0000 - 0x00007fff6561d000 	C:\WINDOWS\SYSTEM32\IPHLPAPI.DLL
0x00007fff68c70000 - 0x00007fff68c79000 	C:\WINDOWS\System32\NSI.dll
0x00007fff5afd0000 - 0x00007fff5afda000 	C:\Windows\System32\rasadhlp.dll
0x00007fff5bec0000 - 0x00007fff5bf44000 	C:\WINDOWS\System32\fwpuclnt.dll
0x00007fff635d0000 - 0x00007fff635da000 	C:\Program Files\Java\jdk-21\bin\management.dll
0x00007fff55790000 - 0x00007fff5579b000 	C:\Program Files\Java\jdk-21\bin\management_ext.dll
0x00007fff67e80000 - 0x00007fff67e88000 	C:\WINDOWS\System32\PSAPI.DLL
0x00007fff63600000 - 0x00007fff6360e000 	C:\Program Files\Java\jdk-21\bin\sunmscapi.dll
0x00007fff67240000 - 0x00007fff673a7000 	C:\WINDOWS\System32\CRYPT32.dll
0x00007fff66470000 - 0x00007fff6649d000 	C:\WINDOWS\SYSTEM32\ncrypt.dll
0x00007fff66430000 - 0x00007fff66467000 	C:\WINDOWS\SYSTEM32\NTASN1.dll
0x00007fff66ee0000 - 0x00007fff66efb000 	C:\WINDOWS\SYSTEM32\CRYPTSP.dll
0x00007fff65b50000 - 0x00007fff65b87000 	C:\WINDOWS\system32\rsaenh.dll
0x00007fff662b0000 - 0x00007fff662d8000 	C:\WINDOWS\SYSTEM32\USERENV.dll
0x00007fff662e0000 - 0x00007fff662ec000 	C:\WINDOWS\SYSTEM32\CRYPTBASE.dll
0x00007fff57de0000 - 0x00007fff57de8000 	C:\WINDOWS\system32\wshunix.dll

dbghelp: loaded successfully - version: 4.0.5 - missing functions: none
symbol engine: initialized successfully - sym options: 0x614 - pdb path: .;C:\Program Files\Java\jdk-21\bin;C:\WINDOWS\SYSTEM32;C:\WINDOWS\WinSxS\amd64_microsoft.windows.common-controls_6595b64144ccf1df_6.0.22621.5547_none_27104afb73855772;C:\Program Files\Java\jdk-21\bin\server

VM Arguments:
jvm_args: -Dfile.encoding=UTF-8 -Dstdout.encoding=UTF-8 -Dstderr.encoding=UTF-8 -XX:+ShowCodeDetailsInExceptionMessages 
java_command: Action_Method.Click_Action
java_class_path (initial): C:\Users\shend\eclipse-workspace\BASIC-Selenium\target\test-classes;C:\Users\shend\eclipse-workspace\BASIC-Selenium\target\classes;C:\Users\shend\.m2\repository\org\seleniumhq\selenium\selenium-java\4.32.0\selenium-java-4.32.0.jar;C:\Users\shend\.m2\repository\org\seleniumhq\selenium\selenium-api\4.32.0\selenium-api-4.32.0.jar;C:\Users\shend\.m2\repository\org\jspecify\jspecify\1.0.0\jspecify-1.0.0.jar;C:\Users\shend\.m2\repository\org\seleniumhq\selenium\selenium-chrome-driver\4.32.0\selenium-chrome-driver-4.32.0.jar;C:\Users\shend\.m2\repository\com\google\auto\service\auto-service-annotations\1.1.1\auto-service-annotations-1.1.1.jar;C:\Users\shend\.m2\repository\org\seleniumhq\selenium\selenium-chromium-driver\4.32.0\selenium-chromium-driver-4.32.0.jar;C:\Users\shend\.m2\repository\org\seleniumhq\selenium\selenium-json\4.32.0\selenium-json-4.32.0.jar;C:\Users\shend\.m2\repository\org\seleniumhq\selenium\selenium-manager\4.32.0\selenium-manager-4.32.0.jar;C:\Users\shend\.m2\repository\org\seleniumhq\selenium\selenium-devtools-v134\4.32.0\selenium-devtools-v134-4.32.0.jar;C:\Users\shend\.m2\repository\org\seleniumhq\selenium\selenium-devtools-v135\4.32.0\selenium-devtools-v135-4.32.0.jar;C:\Users\shend\.m2\repository\org\seleniumhq\selenium\selenium-devtools-v136\4.32.0\selenium-devtools-v136-4.32.0.jar;C:\Users\shend\.m2\repository\org\seleniumhq\selenium\selenium-edge-driver\4.32.0\selenium-edge-driver-4.32.0.jar;C:\Users\shend\.m2\repository\org\seleniumhq\selenium\selenium-firefox-driver\4.32.0\selenium-firefox-driver-4.32.0.jar;C:\Users\shend\.m2\repository\org\seleniumhq\selenium\selenium-http\4.32.0\selenium-http-4.32.0.jar;C:\Users\shend\.m2\repository\org\seleniumhq\selenium\selenium-ie-driver\4.32.0\selenium-ie-driver-4.32.0.jar;C:\Users\shend\.m2\repository\org\seleniumhq\selenium\selenium-remote-driver\4.32.0\selenium-remote-driver-4.32.0.jar;C:\Users\shend\.m2\repository\com\google\guava\guava\33.4.8-jre\guava-33.4.8-jre.jar;C:\Users\shend\.m2\repository\com\google\guava\failureaccess\1.0.3\failureaccess-1.0.3.jar;C:\Users\shend\.m2\repository\com\google\guava\listenablefuture\9999.0-empty-to-avoid-conflict-with-guava\listenablefuture-9999.0-empty-to-avoid-conflict-with-guava.jar;C:\Users\shend\.m2\repository\com\google\j2objc\j2objc-annotations\3.0.0\j2objc-annotations-3.0.0.jar;C:\Users\shend\.m2\repository\io\opentelemetry\opentelemetry-api\1.49.0\opentelemetry-api-1.49.0.jar;C:\Users\shend\.m2\repository\io\opentelemetry\opentelemetry-context\1.49.0\opentelemetry-context-1.49.0.jar;C:\Users\shend\.m2\repository\io\opentelemetry\opentelemetry-exporter-logging\1.49.0\opentelemetry-exporter-logging-1.49.0.jar;C:\Users\shend\.m2\repository\io\opentelemetry\opentelemetry-sdk-common\1.49.0\opentelemetry-sdk-common-1.49.0.jar;C:\Users\shend\.m2\repository\io\opentelemetry\opentelemetry-sdk-extension-autoconfigure-spi\1.49.0\opentelemetry-sdk-extension-autoconfigure-spi-1.49.0.jar;C:\Users\shend\.m2\repository\io\opentelemetry\opentelemetry-sdk-extension-autoconfigure\1.49.0\opentelemetry-sdk-extension-autoconfigure-1.49.0.jar;C:\Users\shend\.m2\repository\io\opentelemetry\opentelemetry-sdk-trace\1.49.0\opentelemetry-sdk-trace-1.49.0.jar;C:\Users\shend\.m2\repository\io\opentelemetry\opentelemetry-sdk\1.49.0\opentelemetry-sdk-1.49.0.jar;C:\Users\shend\.m2\repository\io\opentelemetry\opentelemetry-sdk-metrics\1.49.0\opentelemetry-sdk-metrics-1.49.0.jar;C:\Users\shend\.m2\repository\io\opentelemetry\opentelemetry-sdk-logs\1.49.0\opentelemetry-sdk-logs-1.49.0.jar;C:\Users\shend\.m2\repository\net\bytebuddy\byte-buddy\1.17.5\byte-buddy-1.17.5.jar;C:\Users\shend\.m2\repository\org\seleniumhq\selenium\selenium-os\4.32.0\selenium-os-4.32.0.jar;C:\Users\shend\.m2\repository\org\apache\commons\commons-exec\1.4.0\commons-exec-1.4.0.jar;C:\Users\shend\.m2\repository\org\seleniumhq\selenium\selenium-safari-driver\4.32.0\selenium-safari-driver-4.32.0.jar;C:\Users\shend\.m2\repository\org\seleniumhq\selenium\selenium-support\4.32.0\selenium-support-4.32.0.jar;C:\Users\shend\.m2\repository\io\github\bonigarcia\webdrivermanager\5.9.2\webdrivermanager-5.9.2.jar;C:\Users\shend\.m2\repository\org\slf4j\slf4j-api\2.0.13\slf4j-api-2.0.13.jar;C:\Users\shend\.m2\repository\com\google\code\gson\gson\2.11.0\gson-2.11.0.jar;C:\Users\shend\.m2\repository\com\google\errorprone\error_prone_annotations\2.27.0\error_prone_annotations-2.27.0.jar;C:\Users\shend\.m2\repository\com\github\docker-java\docker-java\3.4.0\docker-java-3.4.0.jar;C:\Users\shend\.m2\repository\com\github\docker-java\docker-java-core\3.4.0\docker-java-core-3.4.0.jar;C:\Users\shend\.m2\repository\com\github\docker-java\docker-java-api\3.4.0\docker-java-api-3.4.0.jar;C:\Users\shend\.m2\repository\com\fasterxml\jackson\core\jackson-annotations\2.10.3\jackson-annotations-2.10.3.jar;C:\Users\shend\.m2\repository\com\fasterxml\jackson\core\jackson-databind\2.10.3\jackson-databind-2.10.3.jar;C:\Users\shend\.m2\repository\com\fasterxml\jackson\core\jackson-core\2.10.3\jackson-core-2.10.3.jar;C:\Users\shend\.m2\repository\org\slf4j\jcl-over-slf4j\1.7.30\jcl-over-slf4j-1.7.30.jar;C:\Users\shend\.m2\repository\com\github\docker-java\docker-java-transport-httpclient5\3.4.0\docker-java-transport-httpclient5-3.4.0.jar;C:\Users\shend\.m2\repository\com\github\docker-java\docker-java-transport\3.4.0\docker-java-transport-3.4.0.jar;C:\Users\shend\.m2\repository\net\java\dev\jna\jna\5.13.0\jna-5.13.0.jar;C:\Users\shend\.m2\repository\org\brotli\dec\0.1.2\dec-0.1.2.jar;C:\Users\shend\.m2\repository\org\apache\commons\commons-lang3\3.15.0\commons-lang3-3.15.0.jar;C:\Users\shend\.m2\repository\org\apache\commons\commons-compress\1.26.2\commons-compress-1.26.2.jar;C:\Users\shend\.m2\repository\commons-codec\commons-codec\1.17.0\commons-codec-1.17.0.jar;C:\Users\shend\.m2\repository\commons-io\commons-io\2.16.1\commons-io-2.16.1.jar;C:\Users\shend\.m2\repository\org\apache\httpcomponents\client5\httpclient5\5.2.1\httpclient5-5.2.1.jar;C:\Users\shend\.m2\repository\org\apache\httpcomponents\core5\httpcore5\5.2\httpcore5-5.2.jar;C:\Users\shend\.m2\repository\org\apache\httpcomponents\core5\httpcore5-h2\5.2\httpcore5-h2-5.2.jar;C:\Users\shend\eclipse-workspace\ SeleniumProject\target\classes
Launcher Type: SUN_STANDARD

[Global flags]
     intx CICompilerCount                          = 4                                         {product} {ergonomic}
     uint ConcGCThreads                            = 2                                         {product} {ergonomic}
     uint G1ConcRefinementThreads                  = 8                                         {product} {ergonomic}
   size_t G1HeapRegionSize                         = 1048576                                   {product} {ergonomic}
    uintx GCDrainStackTargetSize                   = 64                                        {product} {ergonomic}
   size_t InitialHeapSize                          = 132120576                                 {product} {ergonomic}
   size_t MarkStackSize                            = 4194304                                   {product} {ergonomic}
   size_t MaxHeapSize                              = 2113929216                                {product} {ergonomic}
   size_t MaxNewSize                               = 1267728384                                {product} {ergonomic}
   size_t MinHeapDeltaBytes                        = 1048576                                   {product} {ergonomic}
   size_t MinHeapSize                              = 8388608                                   {product} {ergonomic}
    uintx NonNMethodCodeHeapSize                   = 5839372                                {pd product} {ergonomic}
    uintx NonProfiledCodeHeapSize                  = 122909434                              {pd product} {ergonomic}
    uintx ProfiledCodeHeapSize                     = 122909434                              {pd product} {ergonomic}
    uintx ReservedCodeCacheSize                    = 251658240                              {pd product} {ergonomic}
     bool SegmentedCodeCache                       = true                                      {product} {ergonomic}
     bool ShowCodeDetailsInExceptionMessages       = true                                   {manageable} {command line}
   size_t SoftMaxHeapSize                          = 2113929216                             {manageable} {ergonomic}
     bool UseCompressedOops                        = true                           {product lp64_product} {ergonomic}
     bool UseG1GC                                  = true                                      {product} {ergonomic}
     bool UseLargePagesIndividualAllocation        = false                                  {pd product} {ergonomic}

Logging:
Log output configuration:
 #0: stdout all=warning uptime,level,tags foldmultilines=false
 #1: stderr all=off uptime,level,tags foldmultilines=false

Environment Variables:
JAVA_HOME=C:\Program Files\Java\jdk-21
PATH=F:\oracle\product\10.2.0\db_6\bin;F:\oracle\product\10.2.0\db_1\bin;C:\Program Files\Common Files\Oracle\Java\javapath;C:\Program Files\Java\jdk-21\bin;C:\Users\shend\anaconda3;C:\Users\shend\anaconda3\Library\mingw-w64\bin;C:\Users\shend\anaconda3\Library\usr\bin;C:\Users\shend\anaconda3\Library\bin;C:\Users\shend\anaconda3\Scripts;C:\Users\shend\AppData\Local\Programs\Python\Python312\Scripts\;C:\Users\shend\AppData\Local\Programs\Python\Python312\;C:\Users\shend\AppData\Local\Programs\Python\Launcher\;C:\Users\shend\AppData\Local\Microsoft\WindowsApps;C:\Users\shend\AppData\Local\Programs\Microsoft VS Code\bin
USERNAME=shend
OS=Windows_NT
PROCESSOR_IDENTIFIER=Intel64 Family 6 Model 158 Stepping 10, GenuineIntel
TMP=C:\Users\shend\AppData\Local\Temp
TEMP=C:\Users\shend\AppData\Local\Temp




Periodic native trim disabled

---------------  S Y S T E M  ---------------

OS:
 Windows 11 , 64 bit Build 22621 (10.0.22621.5415)
OS uptime: 0 days 20:18 hours

CPU: total 8 (initial active 8) (4 cores per cpu, 2 threads per core) family 6 model 158 stepping 10 microcode 0xec, cx8, cmov, fxsr, ht, mmx, 3dnowpref, sse, sse2, sse3, ssse3, sse4.1, sse4.2, popcnt, lzcnt, tsc, tscinvbit, avx, avx2, aes, erms, clmul, bmi1, bmi2, adx, fma, vzeroupper, clflush, clflushopt, rdtscp, f16c
Processor Information for all 8 processors :
  Max Mhz: 2400, Current Mhz: 2400, Mhz Limit: 2400

Memory: 4k page, system-wide physical 8063M (428M free)
TotalPageFile size 12142M (AvailPageFile size 110M)
current process WorkingSet (physical memory assigned to process): 93M, peak: 93M
current process commit charge ("private bytes"): 232M, peak: 232M

vm_info: Java HotSpot(TM) 64-Bit Server VM (21.0.4+8-LTS-274) for windows-amd64 JRE (21.0.4+8-LTS-274), built on 2024-06-05T05:23:33Z by "mach5one" with MS VC++ 17.6 (VS2022)

END.
