#
# There is insufficient memory for the Java Runtime Environment to continue.
# Native memory allocation (malloc) failed to allocate 307488 bytes for Chunk::new
# Possible reasons:
#   The system is out of physical RAM or swap space
#   The process is running with CompressedOops enabled, and the Java Heap may be blocking the growth of the native heap
# Possible solutions:
#   Reduce memory load on the system
#   Increase physical memory or swap space
#   Check if swap backing store is full
#   Decrease Java heap size (-Xmx/-Xms)
#   Decrease number of Java threads
#   Decrease Java thread stack sizes (-Xss)
#   Set larger code cache with -XX:ReservedCodeCacheSize=
#   JVM is running with Unscaled Compressed Oops mode in which the Java heap is
#     placed in the first 4GB address space. The Java Heap base address is the
#     maximum limit for the native heap growth. Please use -XX:HeapBaseMinAddress
#     to set the Java Heap base and to place the Java Heap above 4GB virtual address.
# This output file may be truncated or incomplete.
#
#  Out of Memory Error (arena.cpp:168), pid=20696, tid=29204
#
# JRE version: Java(TM) SE Runtime Environment (21.0.4+8) (build 21.0.4+8-LTS-274)
# Java VM: Java HotSpot(TM) 64-Bit Server VM (21.0.4+8-LTS-274, mixed mode, sharing, tiered, compressed oops, compressed class ptrs, g1 gc, windows-amd64)
# No core dump will be written. Minidumps are not enabled by default on client versions of Windows
#

---------------  S U M M A R Y ------------

Command Line: -Dfile.encoding=UTF-8 -Dstdout.encoding=UTF-8 -Dstderr.encoding=UTF-8 -XX:+ShowCodeDetailsInExceptionMessages Xpath.Xpath_By_Multiple_Attributes

Host: Intel(R) Core(TM) i5-9300H CPU @ 2.40GHz, 8 cores, 7G,  Windows 11 , 64 bit Build 22621 (10.0.22621.5415)
Time: Tue Mar 17 22:29:51 2026 India Standard Time elapsed time: 3.170578 seconds (0d 0h 0m 3s)

---------------  T H R E A D  ---------------

Current thread (0x0000018d54198ab0):  JavaThread "C2 CompilerThread1" daemon [_thread_in_native, id=29204, stack(0x0000007d19a00000,0x0000007d19b00000) (1024K)]


Current CompileTask:
C2:   3170 1720       4       java.util.jar.JarFile::getEntry (35 bytes)

Stack: [0x0000007d19a00000,0x0000007d19b00000]
Native frames: (J=compiled Java code, j=interpreted, Vv=VM code, C=native code)
V  [jvm.dll+0x6c8e59]
V  [jvm.dll+0x853181]
V  [jvm.dll+0x8556ae]
V  [jvm.dll+0x855d83]
V  [jvm.dll+0x27d526]
V  [jvm.dll+0xc4aad]
V  [jvm.dll+0xc4fe3]
V  [jvm.dll+0x3b400c]
V  [jvm.dll+0x3809a5]
V  [jvm.dll+0x37fe1a]
V  [jvm.dll+0x246280]
V  [jvm.dll+0x24585f]
V  [jvm.dll+0x1c69de]
V  [jvm.dll+0x254d49]
V  [jvm.dll+0x2532da]
V  [jvm.dll+0x3ed426]
V  [jvm.dll+0x7fd65b]
V  [jvm.dll+0x6c753d]
C  [ucrtbase.dll+0x29333]
C  [KERNEL32.DLL+0x1259d]
C  [ntdll.dll+0x5af78]


---------------  P R O C E S S  ---------------

Threads class SMR info:
_java_thread_list=0x0000018d7ee040e0, length=28, elements={
0x0000018d6ef882e0, 0x0000018d7e715350, 0x0000018d7e716270, 0x0000018d7e71ba10,
0x0000018d7e71e580, 0x0000018d7e71f8b0, 0x0000018d7e7246f0, 0x0000018d7e72d9e0,
0x0000018d7e72e5b0, 0x0000018d7ee1af90, 0x0000018d7ee2f120, 0x0000018d7f38c630,
0x0000018d7f87bac0, 0x0000018d54003f90, 0x0000018d54008b10, 0x0000018d54009180,
0x0000018d7f886560, 0x0000018d540514f0, 0x0000018d54051b80, 0x0000018d540535c0,
0x0000018d54053c50, 0x0000018d54052210, 0x0000018d54054970, 0x0000018d540528a0,
0x0000018d54052f30, 0x0000018d540542e0, 0x0000018d541542a0, 0x0000018d54198ab0
}

Java Threads: ( => current thread )
  0x0000018d6ef882e0 JavaThread "Forwarding get on session c2f3c6a53ccdbc95c097878514acc869 to remote"        [_thread_blocked, id=21048, stack(0x0000007d17000000,0x0000007d17100000) (1024K)]
  0x0000018d7e715350 JavaThread "Reference Handler"          daemon [_thread_blocked, id=12724, stack(0x0000007d17800000,0x0000007d17900000) (1024K)]
  0x0000018d7e716270 JavaThread "Finalizer"                  daemon [_thread_blocked, id=24908, stack(0x0000007d17900000,0x0000007d17a00000) (1024K)]
  0x0000018d7e71ba10 JavaThread "Signal Dispatcher"          daemon [_thread_blocked, id=13096, stack(0x0000007d17a00000,0x0000007d17b00000) (1024K)]
  0x0000018d7e71e580 JavaThread "Attach Listener"            daemon [_thread_blocked, id=23032, stack(0x0000007d17b00000,0x0000007d17c00000) (1024K)]
  0x0000018d7e71f8b0 JavaThread "Service Thread"             daemon [_thread_blocked, id=18476, stack(0x0000007d17c00000,0x0000007d17d00000) (1024K)]
  0x0000018d7e7246f0 JavaThread "Monitor Deflation Thread"   daemon [_thread_blocked, id=16396, stack(0x0000007d17d00000,0x0000007d17e00000) (1024K)]
  0x0000018d7e72d9e0 JavaThread "C2 CompilerThread0"         daemon [_thread_in_native, id=14364, stack(0x0000007d17e00000,0x0000007d17f00000) (1024K)]
  0x0000018d7e72e5b0 JavaThread "C1 CompilerThread0"         daemon [_thread_blocked, id=22140, stack(0x0000007d17f00000,0x0000007d18000000) (1024K)]
  0x0000018d7ee1af90 JavaThread "Notification Thread"        daemon [_thread_blocked, id=27168, stack(0x0000007d18000000,0x0000007d18100000) (1024K)]
  0x0000018d7ee2f120 JavaThread "Common-Cleaner"             daemon [_thread_blocked, id=6092, stack(0x0000007d18100000,0x0000007d18200000) (1024K)]
  0x0000018d7f38c630 JavaThread "ForkJoinPool.commonPool-worker-1" daemon [_thread_blocked, id=30232, stack(0x0000007d18200000,0x0000007d18300000) (1024K)]
  0x0000018d7f87bac0 JavaThread "HttpClient-1-SelectorManager" daemon [_thread_in_native, id=25356, stack(0x0000007d18400000,0x0000007d18500000) (1024K)]
  0x0000018d54003f90 JavaThread "External Process Output Forwarder - C:\Users\shend\.cache\selenium\chromedriver\win64\146.0.7680.80\chromedriver.exe" daemon [_thread_in_native, id=29740, stack(0x0000007d18500000,0x0000007d18600000) (1024K)]
  0x0000018d54008b10 JavaThread "Driver Service Executor"    daemon [_thread_blocked, id=30352, stack(0x0000007d18600000,0x0000007d18700000) (1024K)]
  0x0000018d54009180 JavaThread "Driver Service Executor"    daemon [_thread_in_native, id=30128, stack(0x0000007d18700000,0x0000007d18800000) (1024K)]
  0x0000018d7f886560 JavaThread "UrlChecker-2"               daemon [_thread_blocked, id=24832, stack(0x0000007d18800000,0x0000007d18900000) (1024K)]
  0x0000018d540514f0 JavaThread "Keep-Alive-Timer"           daemon [_thread_blocked, id=22640, stack(0x0000007d18a00000,0x0000007d18b00000) (1024K)]
  0x0000018d54051b80 JavaThread "JdkHttpClient-0-0"          daemon [_thread_blocked, id=14552, stack(0x0000007d18300000,0x0000007d18400000) (1024K)]
  0x0000018d540535c0 JavaThread "CompletableFutureDelayScheduler" daemon [_thread_blocked, id=7928, stack(0x0000007d19200000,0x0000007d19300000) (1024K)]
  0x0000018d54053c50 JavaThread "JdkHttpClient-0-1"          daemon [_thread_blocked, id=3260, stack(0x0000007d19300000,0x0000007d19400000) (1024K)]
  0x0000018d54052210 JavaThread "JdkHttpClient-0-2"          daemon [_thread_blocked, id=5796, stack(0x0000007d19400000,0x0000007d19500000) (1024K)]
  0x0000018d54054970 JavaThread "JdkHttpClient-0-3"          daemon [_thread_blocked, id=19656, stack(0x0000007d19500000,0x0000007d19600000) (1024K)]
  0x0000018d540528a0 JavaThread "HttpClient-2-SelectorManager" daemon [_thread_in_native, id=22860, stack(0x0000007d19600000,0x0000007d19700000) (1024K)]
  0x0000018d54052f30 JavaThread "JdkHttpClient-1-0"          daemon [_thread_blocked, id=23648, stack(0x0000007d19700000,0x0000007d19800000) (1024K)]
  0x0000018d540542e0 JavaThread "JdkHttpClient-1-1"          daemon [_thread_blocked, id=28304, stack(0x0000007d19800000,0x0000007d19900000) (1024K)]
  0x0000018d541542a0 JavaThread "JdkHttpClient-1-2"          daemon [_thread_blocked, id=17284, stack(0x0000007d19900000,0x0000007d19a00000) (1024K)]
=>0x0000018d54198ab0 JavaThread "C2 CompilerThread1"         daemon [_thread_in_native, id=29204, stack(0x0000007d19a00000,0x0000007d19b00000) (1024K)]
Total: 28

Other Threads:
  0x0000018d7e6fcd00 VMThread "VM Thread"                           [id=18192, stack(0x0000007d17700000,0x0000007d17800000) (1024K)]
  0x0000018d7e6e52d0 WatcherThread "VM Periodic Task Thread"        [id=28952, stack(0x0000007d17600000,0x0000007d17700000) (1024K)]
  0x0000018d7124a020 WorkerThread "GC Thread#0"                     [id=11376, stack(0x0000007d17100000,0x0000007d17200000) (1024K)]
  0x0000018d54061bd0 WorkerThread "GC Thread#1"                     [id=10316, stack(0x0000007d18b00000,0x0000007d18c00000) (1024K)]
  0x0000018d54061f70 WorkerThread "GC Thread#2"                     [id=30316, stack(0x0000007d18c00000,0x0000007d18d00000) (1024K)]
  0x0000018d54087ac0 WorkerThread "GC Thread#3"                     [id=5448, stack(0x0000007d18d00000,0x0000007d18e00000) (1024K)]
  0x0000018d54088270 WorkerThread "GC Thread#4"                     [id=10176, stack(0x0000007d18e00000,0x0000007d18f00000) (1024K)]
  0x0000018d54088610 WorkerThread "GC Thread#5"                     [id=12520, stack(0x0000007d18f00000,0x0000007d19000000) (1024K)]
  0x0000018d5408a9c0 WorkerThread "GC Thread#6"                     [id=18108, stack(0x0000007d19000000,0x0000007d19100000) (1024K)]
  0x0000018d5408ad60 WorkerThread "GC Thread#7"                     [id=21912, stack(0x0000007d19100000,0x0000007d19200000) (1024K)]
  0x0000018d7129b010 ConcurrentGCThread "G1 Main Marker"            [id=30716, stack(0x0000007d17200000,0x0000007d17300000) (1024K)]
  0x0000018d7129c720 WorkerThread "G1 Conc#0"                       [id=15152, stack(0x0000007d17300000,0x0000007d17400000) (1024K)]
  0x0000018d7e5b5070 ConcurrentGCThread "G1 Refine#0"               [id=29748, stack(0x0000007d17400000,0x0000007d17500000) (1024K)]
  0x0000018d7e5b59f0 ConcurrentGCThread "G1 Service"                [id=12676, stack(0x0000007d17500000,0x0000007d17600000) (1024K)]
Total: 14

Threads with active compile tasks:
C2 CompilerThread0     4934 1711       4       java.lang.invoke.MethodType::methodType (69 bytes)
C2 CompilerThread1     4934 1720       4       java.util.jar.JarFile::getEntry (35 bytes)
Total: 2

VM state: not at safepoint (normal execution)

VM Mutex/Monitor currently owned by a thread: None

Heap address: 0x0000000082000000, size: 2016 MB, Compressed Oops mode: 32-bit

CDS archive(s) mapped at: [0x0000018d0f000000-0x0000018d0fc90000-0x0000018d0fc90000), size 13172736, SharedBaseAddress: 0x0000018d0f000000, ArchiveRelocationMode: 1.
Compressed class space mapped at: 0x0000018d10000000-0x0000018d50000000, reserved size: 1073741824
Narrow klass base: 0x0000018d0f000000, Narrow klass shift: 0, Narrow klass range: 0x100000000

GC Precious Log:
 CardTable entry size: 512
 Card Set container configuration: InlinePtr #cards 5 size 8 Array Of Cards #cards 12 size 40 Howl #buckets 4 coarsen threshold 1843 Howl Bitmap #cards 512 size 80 coarsen threshold 460 Card regions per heap region 1 cards per card region 2048
 CPUs: 8 total, 8 available
 Memory: 8063M
 Large Page Support: Disabled
 NUMA Support: Disabled
 Compressed Oops: Enabled (32-bit)
 Heap Region Size: 1M
 Heap Min Capacity: 8M
 Heap Initial Capacity: 126M
 Heap Max Capacity: 2016M
 Pre-touch: Disabled
 Parallel Workers: 8
 Concurrent Workers: 2
 Concurrent Refinement Workers: 8
 Periodic GC: Disabled

Heap:
 garbage-first heap   total 129024K, used 16853K [0x0000000082000000, 0x0000000100000000)
  region size 1024K, 12 young (12288K), 3 survivors (3072K)
 Metaspace       used 12181K, committed 12544K, reserved 1114112K
  class space    used 1463K, committed 1664K, reserved 1048576K

Heap Regions: E=young(eden), S=young(survivor), O=old, HS=humongous(starts), HC=humongous(continues), CS=collection set, F=free, TAMS=top-at-mark-start, PB=parsable bottom
|   0|0x0000000082000000, 0x0000000082100000, 0x0000000082100000|100%|HS|  |TAMS 0x0000000082000000| PB 0x0000000082000000| Complete 
|   1|0x0000000082100000, 0x0000000082200000, 0x0000000082200000|100%|HS|  |TAMS 0x0000000082100000| PB 0x0000000082100000| Complete 
|   2|0x0000000082200000, 0x0000000082300000, 0x0000000082300000|100%| O|  |TAMS 0x0000000082200000| PB 0x0000000082200000| Untracked 
|   3|0x0000000082300000, 0x0000000082400000, 0x0000000082400000|100%| O|  |TAMS 0x0000000082300000| PB 0x0000000082300000| Untracked 
|   4|0x0000000082400000, 0x0000000082500000, 0x0000000082500000|100%| O|  |TAMS 0x0000000082400000| PB 0x0000000082400000| Untracked 
|   5|0x0000000082500000, 0x00000000825754e0, 0x0000000082600000| 45%| O|  |TAMS 0x0000000082500000| PB 0x0000000082500000| Untracked 
|   6|0x0000000082600000, 0x0000000082600000, 0x0000000082700000|  0%| F|  |TAMS 0x0000000082600000| PB 0x0000000082600000| Untracked 
|   7|0x0000000082700000, 0x0000000082700000, 0x0000000082800000|  0%| F|  |TAMS 0x0000000082700000| PB 0x0000000082700000| Untracked 
|   8|0x0000000082800000, 0x0000000082800000, 0x0000000082900000|  0%| F|  |TAMS 0x0000000082800000| PB 0x0000000082800000| Untracked 
|   9|0x0000000082900000, 0x0000000082900000, 0x0000000082a00000|  0%| F|  |TAMS 0x0000000082900000| PB 0x0000000082900000| Untracked 
|  10|0x0000000082a00000, 0x0000000082a00000, 0x0000000082b00000|  0%| F|  |TAMS 0x0000000082a00000| PB 0x0000000082a00000| Untracked 
|  11|0x0000000082b00000, 0x0000000082b00000, 0x0000000082c00000|  0%| F|  |TAMS 0x0000000082b00000| PB 0x0000000082b00000| Untracked 
|  12|0x0000000082c00000, 0x0000000082c00000, 0x0000000082d00000|  0%| F|  |TAMS 0x0000000082c00000| PB 0x0000000082c00000| Untracked 
|  13|0x0000000082d00000, 0x0000000082d00000, 0x0000000082e00000|  0%| F|  |TAMS 0x0000000082d00000| PB 0x0000000082d00000| Untracked 
|  14|0x0000000082e00000, 0x0000000082e00000, 0x0000000082f00000|  0%| F|  |TAMS 0x0000000082e00000| PB 0x0000000082e00000| Untracked 
|  15|0x0000000082f00000, 0x0000000082f00000, 0x0000000083000000|  0%| F|  |TAMS 0x0000000082f00000| PB 0x0000000082f00000| Untracked 
|  16|0x0000000083000000, 0x0000000083000000, 0x0000000083100000|  0%| F|  |TAMS 0x0000000083000000| PB 0x0000000083000000| Untracked 
|  17|0x0000000083100000, 0x0000000083100000, 0x0000000083200000|  0%| F|  |TAMS 0x0000000083100000| PB 0x0000000083100000| Untracked 
|  18|0x0000000083200000, 0x0000000083200000, 0x0000000083300000|  0%| F|  |TAMS 0x0000000083200000| PB 0x0000000083200000| Untracked 
|  19|0x0000000083300000, 0x0000000083300000, 0x0000000083400000|  0%| F|  |TAMS 0x0000000083300000| PB 0x0000000083300000| Untracked 
|  20|0x0000000083400000, 0x0000000083400000, 0x0000000083500000|  0%| F|  |TAMS 0x0000000083400000| PB 0x0000000083400000| Untracked 
|  21|0x0000000083500000, 0x0000000083500000, 0x0000000083600000|  0%| F|  |TAMS 0x0000000083500000| PB 0x0000000083500000| Untracked 
|  22|0x0000000083600000, 0x0000000083600000, 0x0000000083700000|  0%| F|  |TAMS 0x0000000083600000| PB 0x0000000083600000| Untracked 
|  23|0x0000000083700000, 0x0000000083700000, 0x0000000083800000|  0%| F|  |TAMS 0x0000000083700000| PB 0x0000000083700000| Untracked 
|  24|0x0000000083800000, 0x0000000083800000, 0x0000000083900000|  0%| F|  |TAMS 0x0000000083800000| PB 0x0000000083800000| Untracked 
|  25|0x0000000083900000, 0x0000000083900000, 0x0000000083a00000|  0%| F|  |TAMS 0x0000000083900000| PB 0x0000000083900000| Untracked 
|  26|0x0000000083a00000, 0x0000000083a00000, 0x0000000083b00000|  0%| F|  |TAMS 0x0000000083a00000| PB 0x0000000083a00000| Untracked 
|  27|0x0000000083b00000, 0x0000000083b00000, 0x0000000083c00000|  0%| F|  |TAMS 0x0000000083b00000| PB 0x0000000083b00000| Untracked 
|  28|0x0000000083c00000, 0x0000000083c00000, 0x0000000083d00000|  0%| F|  |TAMS 0x0000000083c00000| PB 0x0000000083c00000| Untracked 
|  29|0x0000000083d00000, 0x0000000083d00000, 0x0000000083e00000|  0%| F|  |TAMS 0x0000000083d00000| PB 0x0000000083d00000| Untracked 
|  30|0x0000000083e00000, 0x0000000083e00000, 0x0000000083f00000|  0%| F|  |TAMS 0x0000000083e00000| PB 0x0000000083e00000| Untracked 
|  31|0x0000000083f00000, 0x0000000083f00000, 0x0000000084000000|  0%| F|  |TAMS 0x0000000083f00000| PB 0x0000000083f00000| Untracked 
|  32|0x0000000084000000, 0x0000000084000000, 0x0000000084100000|  0%| F|  |TAMS 0x0000000084000000| PB 0x0000000084000000| Untracked 
|  33|0x0000000084100000, 0x0000000084100000, 0x0000000084200000|  0%| F|  |TAMS 0x0000000084100000| PB 0x0000000084100000| Untracked 
|  34|0x0000000084200000, 0x0000000084200000, 0x0000000084300000|  0%| F|  |TAMS 0x0000000084200000| PB 0x0000000084200000| Untracked 
|  35|0x0000000084300000, 0x0000000084300000, 0x0000000084400000|  0%| F|  |TAMS 0x0000000084300000| PB 0x0000000084300000| Untracked 
|  36|0x0000000084400000, 0x0000000084400000, 0x0000000084500000|  0%| F|  |TAMS 0x0000000084400000| PB 0x0000000084400000| Untracked 
|  37|0x0000000084500000, 0x0000000084500000, 0x0000000084600000|  0%| F|  |TAMS 0x0000000084500000| PB 0x0000000084500000| Untracked 
|  38|0x0000000084600000, 0x0000000084600000, 0x0000000084700000|  0%| F|  |TAMS 0x0000000084600000| PB 0x0000000084600000| Untracked 
|  39|0x0000000084700000, 0x0000000084700000, 0x0000000084800000|  0%| F|  |TAMS 0x0000000084700000| PB 0x0000000084700000| Untracked 
|  40|0x0000000084800000, 0x0000000084800000, 0x0000000084900000|  0%| F|  |TAMS 0x0000000084800000| PB 0x0000000084800000| Untracked 
|  41|0x0000000084900000, 0x0000000084900000, 0x0000000084a00000|  0%| F|  |TAMS 0x0000000084900000| PB 0x0000000084900000| Untracked 
|  42|0x0000000084a00000, 0x0000000084a00000, 0x0000000084b00000|  0%| F|  |TAMS 0x0000000084a00000| PB 0x0000000084a00000| Untracked 
|  43|0x0000000084b00000, 0x0000000084b00000, 0x0000000084c00000|  0%| F|  |TAMS 0x0000000084b00000| PB 0x0000000084b00000| Untracked 
|  44|0x0000000084c00000, 0x0000000084c00000, 0x0000000084d00000|  0%| F|  |TAMS 0x0000000084c00000| PB 0x0000000084c00000| Untracked 
|  45|0x0000000084d00000, 0x0000000084d00000, 0x0000000084e00000|  0%| F|  |TAMS 0x0000000084d00000| PB 0x0000000084d00000| Untracked 
|  46|0x0000000084e00000, 0x0000000084e00000, 0x0000000084f00000|  0%| F|  |TAMS 0x0000000084e00000| PB 0x0000000084e00000| Untracked 
|  47|0x0000000084f00000, 0x0000000084f00000, 0x0000000085000000|  0%| F|  |TAMS 0x0000000084f00000| PB 0x0000000084f00000| Untracked 
|  48|0x0000000085000000, 0x0000000085000000, 0x0000000085100000|  0%| F|  |TAMS 0x0000000085000000| PB 0x0000000085000000| Untracked 
|  49|0x0000000085100000, 0x0000000085100000, 0x0000000085200000|  0%| F|  |TAMS 0x0000000085100000| PB 0x0000000085100000| Untracked 
|  50|0x0000000085200000, 0x0000000085200000, 0x0000000085300000|  0%| F|  |TAMS 0x0000000085200000| PB 0x0000000085200000| Untracked 
|  51|0x0000000085300000, 0x0000000085300000, 0x0000000085400000|  0%| F|  |TAMS 0x0000000085300000| PB 0x0000000085300000| Untracked 
|  52|0x0000000085400000, 0x0000000085400000, 0x0000000085500000|  0%| F|  |TAMS 0x0000000085400000| PB 0x0000000085400000| Untracked 
|  53|0x0000000085500000, 0x0000000085500000, 0x0000000085600000|  0%| F|  |TAMS 0x0000000085500000| PB 0x0000000085500000| Untracked 
|  54|0x0000000085600000, 0x0000000085600000, 0x0000000085700000|  0%| F|  |TAMS 0x0000000085600000| PB 0x0000000085600000| Untracked 
|  55|0x0000000085700000, 0x0000000085700000, 0x0000000085800000|  0%| F|  |TAMS 0x0000000085700000| PB 0x0000000085700000| Untracked 
|  56|0x0000000085800000, 0x0000000085800000, 0x0000000085900000|  0%| F|  |TAMS 0x0000000085800000| PB 0x0000000085800000| Untracked 
|  57|0x0000000085900000, 0x0000000085900000, 0x0000000085a00000|  0%| F|  |TAMS 0x0000000085900000| PB 0x0000000085900000| Untracked 
|  58|0x0000000085a00000, 0x0000000085a00000, 0x0000000085b00000|  0%| F|  |TAMS 0x0000000085a00000| PB 0x0000000085a00000| Untracked 
|  59|0x0000000085b00000, 0x0000000085b00000, 0x0000000085c00000|  0%| F|  |TAMS 0x0000000085b00000| PB 0x0000000085b00000| Untracked 
|  60|0x0000000085c00000, 0x0000000085c00000, 0x0000000085d00000|  0%| F|  |TAMS 0x0000000085c00000| PB 0x0000000085c00000| Untracked 
|  61|0x0000000085d00000, 0x0000000085d00000, 0x0000000085e00000|  0%| F|  |TAMS 0x0000000085d00000| PB 0x0000000085d00000| Untracked 
|  62|0x0000000085e00000, 0x0000000085e00000, 0x0000000085f00000|  0%| F|  |TAMS 0x0000000085e00000| PB 0x0000000085e00000| Untracked 
|  63|0x0000000085f00000, 0x0000000085f00000, 0x0000000086000000|  0%| F|  |TAMS 0x0000000085f00000| PB 0x0000000085f00000| Untracked 
|  64|0x0000000086000000, 0x0000000086000000, 0x0000000086100000|  0%| F|  |TAMS 0x0000000086000000| PB 0x0000000086000000| Untracked 
|  65|0x0000000086100000, 0x0000000086100000, 0x0000000086200000|  0%| F|  |TAMS 0x0000000086100000| PB 0x0000000086100000| Untracked 
|  66|0x0000000086200000, 0x0000000086200000, 0x0000000086300000|  0%| F|  |TAMS 0x0000000086200000| PB 0x0000000086200000| Untracked 
|  67|0x0000000086300000, 0x0000000086300000, 0x0000000086400000|  0%| F|  |TAMS 0x0000000086300000| PB 0x0000000086300000| Untracked 
|  68|0x0000000086400000, 0x0000000086400000, 0x0000000086500000|  0%| F|  |TAMS 0x0000000086400000| PB 0x0000000086400000| Untracked 
|  69|0x0000000086500000, 0x0000000086500000, 0x0000000086600000|  0%| F|  |TAMS 0x0000000086500000| PB 0x0000000086500000| Untracked 
|  70|0x0000000086600000, 0x0000000086600000, 0x0000000086700000|  0%| F|  |TAMS 0x0000000086600000| PB 0x0000000086600000| Untracked 
|  71|0x0000000086700000, 0x0000000086700000, 0x0000000086800000|  0%| F|  |TAMS 0x0000000086700000| PB 0x0000000086700000| Untracked 
|  72|0x0000000086800000, 0x0000000086800000, 0x0000000086900000|  0%| F|  |TAMS 0x0000000086800000| PB 0x0000000086800000| Untracked 
|  73|0x0000000086900000, 0x0000000086900000, 0x0000000086a00000|  0%| F|  |TAMS 0x0000000086900000| PB 0x0000000086900000| Untracked 
|  74|0x0000000086a00000, 0x0000000086a00000, 0x0000000086b00000|  0%| F|  |TAMS 0x0000000086a00000| PB 0x0000000086a00000| Untracked 
|  75|0x0000000086b00000, 0x0000000086b00000, 0x0000000086c00000|  0%| F|  |TAMS 0x0000000086b00000| PB 0x0000000086b00000| Untracked 
|  76|0x0000000086c00000, 0x0000000086c00000, 0x0000000086d00000|  0%| F|  |TAMS 0x0000000086c00000| PB 0x0000000086c00000| Untracked 
|  77|0x0000000086d00000, 0x0000000086d00000, 0x0000000086e00000|  0%| F|  |TAMS 0x0000000086d00000| PB 0x0000000086d00000| Untracked 
|  78|0x0000000086e00000, 0x0000000086e00000, 0x0000000086f00000|  0%| F|  |TAMS 0x0000000086e00000| PB 0x0000000086e00000| Untracked 
|  79|0x0000000086f00000, 0x0000000086f00000, 0x0000000087000000|  0%| F|  |TAMS 0x0000000086f00000| PB 0x0000000086f00000| Untracked 
|  80|0x0000000087000000, 0x0000000087000000, 0x0000000087100000|  0%| F|  |TAMS 0x0000000087000000| PB 0x0000000087000000| Untracked 
|  81|0x0000000087100000, 0x0000000087100000, 0x0000000087200000|  0%| F|  |TAMS 0x0000000087100000| PB 0x0000000087100000| Untracked 
|  82|0x0000000087200000, 0x0000000087200000, 0x0000000087300000|  0%| F|  |TAMS 0x0000000087200000| PB 0x0000000087200000| Untracked 
|  83|0x0000000087300000, 0x0000000087300000, 0x0000000087400000|  0%| F|  |TAMS 0x0000000087300000| PB 0x0000000087300000| Untracked 
|  84|0x0000000087400000, 0x0000000087400000, 0x0000000087500000|  0%| F|  |TAMS 0x0000000087400000| PB 0x0000000087400000| Untracked 
|  85|0x0000000087500000, 0x0000000087500000, 0x0000000087600000|  0%| F|  |TAMS 0x0000000087500000| PB 0x0000000087500000| Untracked 
|  86|0x0000000087600000, 0x0000000087600000, 0x0000000087700000|  0%| F|  |TAMS 0x0000000087600000| PB 0x0000000087600000| Untracked 
|  87|0x0000000087700000, 0x0000000087700000, 0x0000000087800000|  0%| F|  |TAMS 0x0000000087700000| PB 0x0000000087700000| Untracked 
|  88|0x0000000087800000, 0x0000000087800000, 0x0000000087900000|  0%| F|  |TAMS 0x0000000087800000| PB 0x0000000087800000| Untracked 
|  89|0x0000000087900000, 0x0000000087900000, 0x0000000087a00000|  0%| F|  |TAMS 0x0000000087900000| PB 0x0000000087900000| Untracked 
|  90|0x0000000087a00000, 0x0000000087a00000, 0x0000000087b00000|  0%| F|  |TAMS 0x0000000087a00000| PB 0x0000000087a00000| Untracked 
|  91|0x0000000087b00000, 0x0000000087b00000, 0x0000000087c00000|  0%| F|  |TAMS 0x0000000087b00000| PB 0x0000000087b00000| Untracked 
|  92|0x0000000087c00000, 0x0000000087c00000, 0x0000000087d00000|  0%| F|  |TAMS 0x0000000087c00000| PB 0x0000000087c00000| Untracked 
|  93|0x0000000087d00000, 0x0000000087d00000, 0x0000000087e00000|  0%| F|  |TAMS 0x0000000087d00000| PB 0x0000000087d00000| Untracked 
|  94|0x0000000087e00000, 0x0000000087e00000, 0x0000000087f00000|  0%| F|  |TAMS 0x0000000087e00000| PB 0x0000000087e00000| Untracked 
|  95|0x0000000087f00000, 0x0000000087f00000, 0x0000000088000000|  0%| F|  |TAMS 0x0000000087f00000| PB 0x0000000087f00000| Untracked 
|  96|0x0000000088000000, 0x0000000088000000, 0x0000000088100000|  0%| F|  |TAMS 0x0000000088000000| PB 0x0000000088000000| Untracked 
|  97|0x0000000088100000, 0x0000000088100000, 0x0000000088200000|  0%| F|  |TAMS 0x0000000088100000| PB 0x0000000088100000| Untracked 
|  98|0x0000000088200000, 0x0000000088200000, 0x0000000088300000|  0%| F|  |TAMS 0x0000000088200000| PB 0x0000000088200000| Untracked 
|  99|0x0000000088300000, 0x0000000088300000, 0x0000000088400000|  0%| F|  |TAMS 0x0000000088300000| PB 0x0000000088300000| Untracked 
| 100|0x0000000088400000, 0x0000000088500000, 0x0000000088500000|100%| S|CS|TAMS 0x0000000088400000| PB 0x0000000088400000| Complete 
| 101|0x0000000088500000, 0x0000000088600000, 0x0000000088600000|100%| S|CS|TAMS 0x0000000088500000| PB 0x0000000088500000| Complete 
| 102|0x0000000088600000, 0x0000000088700000, 0x0000000088700000|100%| S|CS|TAMS 0x0000000088600000| PB 0x0000000088600000| Complete 
| 103|0x0000000088700000, 0x0000000088700000, 0x0000000088800000|  0%| F|  |TAMS 0x0000000088700000| PB 0x0000000088700000| Untracked 
| 104|0x0000000088800000, 0x0000000088800000, 0x0000000088900000|  0%| F|  |TAMS 0x0000000088800000| PB 0x0000000088800000| Untracked 
| 105|0x0000000088900000, 0x0000000088900000, 0x0000000088a00000|  0%| F|  |TAMS 0x0000000088900000| PB 0x0000000088900000| Untracked 
| 106|0x0000000088a00000, 0x0000000088a00000, 0x0000000088b00000|  0%| F|  |TAMS 0x0000000088a00000| PB 0x0000000088a00000| Untracked 
| 107|0x0000000088b00000, 0x0000000088b00000, 0x0000000088c00000|  0%| F|  |TAMS 0x0000000088b00000| PB 0x0000000088b00000| Untracked 
| 108|0x0000000088c00000, 0x0000000088c00000, 0x0000000088d00000|  0%| F|  |TAMS 0x0000000088c00000| PB 0x0000000088c00000| Untracked 
| 109|0x0000000088d00000, 0x0000000088d00000, 0x0000000088e00000|  0%| F|  |TAMS 0x0000000088d00000| PB 0x0000000088d00000| Untracked 
| 110|0x0000000088e00000, 0x0000000088e00000, 0x0000000088f00000|  0%| F|  |TAMS 0x0000000088e00000| PB 0x0000000088e00000| Untracked 
| 111|0x0000000088f00000, 0x0000000088f00000, 0x0000000089000000|  0%| F|  |TAMS 0x0000000088f00000| PB 0x0000000088f00000| Untracked 
| 112|0x0000000089000000, 0x0000000089000000, 0x0000000089100000|  0%| F|  |TAMS 0x0000000089000000| PB 0x0000000089000000| Untracked 
| 113|0x0000000089100000, 0x0000000089100000, 0x0000000089200000|  0%| F|  |TAMS 0x0000000089100000| PB 0x0000000089100000| Untracked 
| 114|0x0000000089200000, 0x0000000089200000, 0x0000000089300000|  0%| F|  |TAMS 0x0000000089200000| PB 0x0000000089200000| Untracked 
| 115|0x0000000089300000, 0x0000000089300000, 0x0000000089400000|  0%| F|  |TAMS 0x0000000089300000| PB 0x0000000089300000| Untracked 
| 116|0x0000000089400000, 0x0000000089400000, 0x0000000089500000|  0%| F|  |TAMS 0x0000000089400000| PB 0x0000000089400000| Untracked 
| 117|0x0000000089500000, 0x000000008957aa60, 0x0000000089600000| 47%| E|  |TAMS 0x0000000089500000| PB 0x0000000089500000| Complete 
| 118|0x0000000089600000, 0x0000000089700000, 0x0000000089700000|100%| E|CS|TAMS 0x0000000089600000| PB 0x0000000089600000| Complete 
| 119|0x0000000089700000, 0x0000000089800000, 0x0000000089800000|100%| E|CS|TAMS 0x0000000089700000| PB 0x0000000089700000| Complete 
| 120|0x0000000089800000, 0x0000000089900000, 0x0000000089900000|100%| E|CS|TAMS 0x0000000089800000| PB 0x0000000089800000| Complete 
| 121|0x0000000089900000, 0x0000000089a00000, 0x0000000089a00000|100%| E|CS|TAMS 0x0000000089900000| PB 0x0000000089900000| Complete 
| 122|0x0000000089a00000, 0x0000000089b00000, 0x0000000089b00000|100%| E|CS|TAMS 0x0000000089a00000| PB 0x0000000089a00000| Complete 
| 123|0x0000000089b00000, 0x0000000089c00000, 0x0000000089c00000|100%| E|CS|TAMS 0x0000000089b00000| PB 0x0000000089b00000| Complete 
| 124|0x0000000089c00000, 0x0000000089d00000, 0x0000000089d00000|100%| E|CS|TAMS 0x0000000089c00000| PB 0x0000000089c00000| Complete 
| 125|0x0000000089d00000, 0x0000000089e00000, 0x0000000089e00000|100%| E|CS|TAMS 0x0000000089d00000| PB 0x0000000089d00000| Complete 

Card table byte_map: [0x0000018d79d80000,0x0000018d7a170000] _byte_map_base: 0x0000018d79970000

Marking Bits: (CMBitMap*) 0x0000018d7124a720
 Bits: [0x0000018d7a170000, 0x0000018d7c0f0000)

Polling page: 0x0000018d709b0000

Metaspace:

Usage:
  Non-class:     10.47 MB used.
      Class:      1.43 MB used.
       Both:     11.90 MB used.

Virtual space:
  Non-class space:       64.00 MB reserved,      10.62 MB ( 17%) committed,  1 nodes.
      Class space:        1.00 GB reserved,       1.62 MB ( <1%) committed,  1 nodes.
             Both:        1.06 GB reserved,      12.25 MB (  1%) committed. 

Chunk freelists:
   Non-Class:  5.31 MB
       Class:  14.36 MB
        Both:  19.67 MB

MaxMetaspaceSize: unlimited
CompressedClassSpaceSize: 1.00 GB
Initial GC threshold: 21.00 MB
Current GC threshold: 21.00 MB
CDS: on
 - commit_granule_bytes: 65536.
 - commit_granule_words: 8192.
 - virtual_space_node_default_size: 8388608.
 - enlarge_chunks_in_place: 1.
 - use_allocation_guard: 0.


Internal statistics:

num_allocs_failed_limit: 0.
num_arena_births: 326.
num_arena_deaths: 0.
num_vsnodes_births: 2.
num_vsnodes_deaths: 0.
num_space_committed: 196.
num_space_uncommitted: 0.
num_chunks_returned_to_freelist: 0.
num_chunks_taken_from_freelist: 601.
num_chunk_merges: 0.
num_chunk_splits: 353.
num_chunks_enlarged: 196.
num_inconsistent_stats: 0.

CodeHeap 'non-profiled nmethods': size=120000Kb used=551Kb max_used=551Kb free=119448Kb
 bounds [0x0000018d07ad0000, 0x0000018d07d40000, 0x0000018d0f000000]
CodeHeap 'profiled nmethods': size=120000Kb used=3263Kb max_used=3263Kb free=116736Kb
 bounds [0x0000018d00000000, 0x0000018d00330000, 0x0000018d07530000]
CodeHeap 'non-nmethods': size=5760Kb used=1459Kb max_used=1474Kb free=4301Kb
 bounds [0x0000018d07530000, 0x0000018d077a0000, 0x0000018d07ad0000]
 total_blobs=2277 nmethods=1737 adapters=444
 compilation: enabled
              stopped_count=0, restarted_count=0
 full_count=0

Compilation events (20 events):
Event: 2.822 Thread 0x0000018d7e72e5b0 1732       3       java.util.LinkedHashMap$LinkedKeyIterator::next (8 bytes)
Event: 2.822 Thread 0x0000018d7e72e5b0 nmethod 1732 0x0000018d0032c990 code [0x0000018d0032cb40, 0x0000018d0032cc98]
Event: 2.822 Thread 0x0000018d7e72e5b0 1733       3       org.openqa.selenium.json.Types::narrow (54 bytes)
Event: 2.823 Thread 0x0000018d7e72e5b0 nmethod 1733 0x0000018d0032cd90 code [0x0000018d0032cfe0, 0x0000018d0032d978]
Event: 2.823 Thread 0x0000018d7e72e5b0 1735       3       java.util.ArrayDeque::peekFirst (12 bytes)
Event: 2.823 Thread 0x0000018d7e72e5b0 nmethod 1735 0x0000018d0032dc10 code [0x0000018d0032ddc0, 0x0000018d0032df50]
Event: 2.823 Thread 0x0000018d7e72e5b0 1734       3       org.openqa.selenium.json.StaticInitializerCoercer$$Lambda/0x0000018d10021478::test (8 bytes)
Event: 2.823 Thread 0x0000018d7e72e5b0 nmethod 1734 0x0000018d0032e090 code [0x0000018d0032e240, 0x0000018d0032e578]
Event: 2.823 Thread 0x0000018d7e72e5b0 1736       3       java.util.ArrayList::isEmpty (13 bytes)
Event: 2.823 Thread 0x0000018d7e72e5b0 nmethod 1736 0x0000018d0032e690 code [0x0000018d0032e820, 0x0000018d0032e988]
Event: 2.823 Thread 0x0000018d7e72e5b0 1737       3       java.util.ArrayList::toArray (12 bytes)
Event: 2.823 Thread 0x0000018d7e72e5b0 nmethod 1737 0x0000018d0032ea10 code [0x0000018d0032ebc0, 0x0000018d0032eda0]
Event: 2.823 Thread 0x0000018d7e72e5b0 1739       3       java.lang.StringLatin1::trim (76 bytes)
Event: 2.824 Thread 0x0000018d7e72e5b0 nmethod 1739 0x0000018d0032ee90 code [0x0000018d0032f060, 0x0000018d0032f438]
Event: 2.824 Thread 0x0000018d7e72e5b0 1738       3       java.lang.String::trim (35 bytes)
Event: 2.824 Thread 0x0000018d7e72e5b0 nmethod 1738 0x0000018d0032f590 code [0x0000018d0032f760, 0x0000018d0032fa48]
Event: 2.824 Thread 0x0000018d7e72e5b0 1741       3       java.util.concurrent.CompletableFuture::<init> (5 bytes)
Event: 2.824 Thread 0x0000018d7e72e5b0 nmethod 1741 0x0000018d0032fb10 code [0x0000018d0032fca0, 0x0000018d0032fe08]
Event: 2.824 Thread 0x0000018d7e72e5b0 1740       1       java.util.concurrent.atomic.AtomicReference::get (5 bytes)
Event: 2.824 Thread 0x0000018d7e72e5b0 nmethod 1740 0x0000018d07b59a10 code [0x0000018d07b59ba0, 0x0000018d07b59c68]

GC Heap History (2 events):
Event: 0.930 GC heap before
{Heap before GC invocations=0 (full 0):
 garbage-first heap   total 129024K, used 24576K [0x0000000082000000, 0x0000000100000000)
  region size 1024K, 23 young (23552K), 0 survivors (0K)
 Metaspace       used 9171K, committed 9408K, reserved 1114112K
  class space    used 1048K, committed 1152K, reserved 1048576K
}
Event: 0.937 GC heap after
{Heap after GC invocations=1 (full 0):
 garbage-first heap   total 129024K, used 8661K [0x0000000082000000, 0x0000000100000000)
  region size 1024K, 3 young (3072K), 3 survivors (3072K)
 Metaspace       used 9171K, committed 9408K, reserved 1114112K
  class space    used 1048K, committed 1152K, reserved 1048576K
}

Dll operation events (10 events):
Event: 0.007 Loaded shared library C:\Program Files\Java\jdk-21\bin\java.dll
Event: 0.036 Loaded shared library C:\Program Files\Java\jdk-21\bin\jsvml.dll
Event: 0.096 Loaded shared library C:\Program Files\Java\jdk-21\bin\net.dll
Event: 0.097 Loaded shared library C:\Program Files\Java\jdk-21\bin\nio.dll
Event: 0.100 Loaded shared library C:\Program Files\Java\jdk-21\bin\zip.dll
Event: 0.154 Loaded shared library C:\Program Files\Java\jdk-21\bin\jimage.dll
Event: 0.214 Loaded shared library C:\Program Files\Java\jdk-21\bin\extnet.dll
Event: 0.248 Loaded shared library C:\Program Files\Java\jdk-21\bin\management.dll
Event: 0.250 Loaded shared library C:\Program Files\Java\jdk-21\bin\management_ext.dll
Event: 0.760 Loaded shared library C:\Program Files\Java\jdk-21\bin\sunmscapi.dll

Deoptimization events (20 events):
Event: 1.016 Thread 0x0000018d54051b80 Uncommon trap: trap_request=0xffffffde fr.pc=0x0000018d07b45cdc relative=0x000000000000013c
Event: 1.016 Thread 0x0000018d54051b80 Uncommon trap: reason=class_check action=maybe_recompile pc=0x0000018d07b45cdc method=jdk.internal.misc.Unsafe.allocateUninitializedArray(Ljava/lang/Class;I)Ljava/lang/Object; @ 51 c2
Event: 1.016 Thread 0x0000018d54051b80 DEOPT PACKING pc=0x0000018d07b45cdc sp=0x0000007d183fa2e0
Event: 1.016 Thread 0x0000018d54051b80 DEOPT UNPACKING pc=0x0000018d075846a2 sp=0x0000007d183fa258 mode 2
Event: 1.016 Thread 0x0000018d54051b80 Uncommon trap: trap_request=0xffffffde fr.pc=0x0000018d07b45cdc relative=0x000000000000013c
Event: 1.016 Thread 0x0000018d54051b80 Uncommon trap: reason=class_check action=maybe_recompile pc=0x0000018d07b45cdc method=jdk.internal.misc.Unsafe.allocateUninitializedArray(Ljava/lang/Class;I)Ljava/lang/Object; @ 51 c2
Event: 1.016 Thread 0x0000018d54051b80 DEOPT PACKING pc=0x0000018d07b45cdc sp=0x0000007d183fa290
Event: 1.016 Thread 0x0000018d54051b80 DEOPT UNPACKING pc=0x0000018d075846a2 sp=0x0000007d183fa208 mode 2
Event: 1.017 Thread 0x0000018d54051b80 Uncommon trap: trap_request=0xffffffde fr.pc=0x0000018d07b45cdc relative=0x000000000000013c
Event: 1.017 Thread 0x0000018d54051b80 Uncommon trap: reason=class_check action=maybe_recompile pc=0x0000018d07b45cdc method=jdk.internal.misc.Unsafe.allocateUninitializedArray(Ljava/lang/Class;I)Ljava/lang/Object; @ 51 c2
Event: 1.017 Thread 0x0000018d54051b80 DEOPT PACKING pc=0x0000018d07b45cdc sp=0x0000007d183fa250
Event: 1.017 Thread 0x0000018d54051b80 DEOPT UNPACKING pc=0x0000018d075846a2 sp=0x0000007d183fa1c8 mode 2
Event: 1.017 Thread 0x0000018d54051b80 Uncommon trap: trap_request=0xffffffde fr.pc=0x0000018d07b45cdc relative=0x000000000000013c
Event: 1.017 Thread 0x0000018d54051b80 Uncommon trap: reason=class_check action=maybe_recompile pc=0x0000018d07b45cdc method=jdk.internal.misc.Unsafe.allocateUninitializedArray(Ljava/lang/Class;I)Ljava/lang/Object; @ 51 c2
Event: 1.017 Thread 0x0000018d54051b80 DEOPT PACKING pc=0x0000018d07b45cdc sp=0x0000007d183fa200
Event: 1.017 Thread 0x0000018d54051b80 DEOPT UNPACKING pc=0x0000018d075846a2 sp=0x0000007d183fa178 mode 2
Event: 2.784 Thread 0x0000018d6ef882e0 Uncommon trap: trap_request=0xffffff45 fr.pc=0x0000018d07b18e54 relative=0x0000000000000054
Event: 2.784 Thread 0x0000018d6ef882e0 Uncommon trap: reason=unstable_if action=reinterpret pc=0x0000018d07b18e54 method=java.lang.CharacterData.of(I)Ljava/lang/CharacterData; @ 4 c2
Event: 2.784 Thread 0x0000018d6ef882e0 DEOPT PACKING pc=0x0000018d07b18e54 sp=0x0000007d170fdeb0
Event: 2.784 Thread 0x0000018d6ef882e0 DEOPT UNPACKING pc=0x0000018d075846a2 sp=0x0000007d170fde50 mode 2

Classes loaded (20 events):
Event: 2.785 Loading class java/util/ResourceBundle$CacheKeyReference done
Event: 2.785 Loading class java/util/ResourceBundle$KeyElementReference done
Event: 2.785 Loading class java/util/ResourceBundle$3
Event: 2.785 Loading class java/util/ResourceBundle$3 done
Event: 2.786 Loading class sun/util/logging/resources/logging
Event: 2.786 Loading class sun/util/logging/resources/logging done
Event: 2.786 Loading class java/util/ResourceBundle$BundleReference
Event: 2.786 Loading class java/util/ResourceBundle$BundleReference done
Event: 2.786 Loading class sun/util/logging/resources/logging_en
Event: 2.786 Loading class sun/util/logging/resources/logging_en done
Event: 2.786 Loading class sun/util/logging/resources/logging_en
Event: 2.786 Loading class sun/util/logging/resources/logging_en done
Event: 2.786 Loading class sun/util/logging/resources/logging_en_IN
Event: 2.786 Loading class sun/util/logging/resources/logging_en_IN done
Event: 2.786 Loading class sun/util/logging/resources/logging_en_IN
Event: 2.786 Loading class sun/util/logging/resources/logging_en_IN done
Event: 2.786 Loading class java/util/Formatter$DateTime
Event: 2.786 Loading class java/util/Formatter$DateTime done
Event: 2.786 Loading class java/time/ZonedDateTime$1
Event: 2.786 Loading class java/time/ZonedDateTime$1 done

Classes unloaded (0 events):
No events

Classes redefined (0 events):
No events

Internal exceptions (20 events):
Event: 0.609 Thread 0x0000018d6ef882e0 Exception <a 'sun/nio/fs/WindowsException'{0x0000000089076860}> (0x0000000089076860) 
thrown [s\open\src\hotspot\share\prims\jni.cpp, line 520]
Event: 0.652 Thread 0x0000018d6ef882e0 Exception <a 'java/lang/NoSuchMethodError'{0x0000000088ea73b0}: 'void java.lang.invoke.DirectMethodHandle$Holder.invokeVirtual(java.lang.Object, java.lang.Object)'> (0x0000000088ea73b0) 
thrown [s\open\src\hotspot\share\interpreter\linkResolver.cpp, line 773]
Event: 0.692 Thread 0x0000018d6ef882e0 Exception <a 'java/lang/NoSuchMethodError'{0x0000000088aad158}: 'java.lang.Object java.lang.invoke.DirectMethodHandle$Holder.invokeStaticInit(java.lang.Object, int, int, int, int)'> (0x0000000088aad158) 
thrown [s\open\src\hotspot\share\interpreter\linkResolver.cpp, line 773]
Event: 0.742 Thread 0x0000018d6ef882e0 Exception <a 'java/lang/NoSuchMethodError'{0x0000000088970988}: 'java.lang.Object java.lang.invoke.DirectMethodHandle$Holder.invokeStaticInit(java.lang.Object, java.lang.Object, int, int, int, int)'> (0x0000000088970988) 
thrown [s\open\src\hotspot\share\interpreter\linkResolver.cpp, line 773]
Event: 0.828 Thread 0x0000018d6ef882e0 Exception <a 'java/lang/NoSuchMethodError'{0x0000000088892a40}: 'java.lang.Object java.lang.invoke.DirectMethodHandle$Holder.invokeInterface(java.lang.Object, java.lang.Object, java.lang.Object)'> (0x0000000088892a40) 
thrown [s\open\src\hotspot\share\interpreter\linkResolver.cpp, line 773]
Event: 0.829 Thread 0x0000018d6ef882e0 Exception <a 'java/lang/IncompatibleClassChangeError'{0x0000000088895e28}: Found class java.lang.Object, but interface was expected> (0x0000000088895e28) 
thrown [s\open\src\hotspot\share\interpreter\linkResolver.cpp, line 840]
Event: 0.830 Thread 0x0000018d6ef882e0 Exception <a 'java/lang/NoSuchMethodError'{0x000000008889cfe0}: 'int java.lang.invoke.DirectMethodHandle$Holder.invokeSpecialIFC(java.lang.Object, java.lang.Object, java.lang.Object, java.lang.Object)'> (0x000000008889cfe0) 
thrown [s\open\src\hotspot\share\interpreter\linkResolver.cpp, line 773]
Event: 0.833 Thread 0x0000018d6ef882e0 Exception <a 'java/lang/NoSuchMethodError'{0x00000000888c0138}: 'java.lang.Object java.lang.invoke.DirectMethodHandle$Holder.invokeVirtual(java.lang.Object, java.lang.Object, java.lang.Object, java.lang.Object)'> (0x00000000888c0138) 
thrown [s\open\src\hotspot\share\interpreter\linkResolver.cpp, line 773]
Event: 0.850 Thread 0x0000018d7f886560 Exception <a 'java/net/ConnectException'{0x0000000088780ee8}: Connection refused: getsockopt> (0x0000000088780ee8) 
thrown [s\open\src\hotspot\share\prims\jni.cpp, line 539]
Event: 0.890 Thread 0x0000018d7f886560 Exception <a 'java/net/ConnectException'{0x0000000088781fd8}: Connection refused: getsockopt> (0x0000000088781fd8) 
thrown [s\open\src\hotspot\share\prims\jni.cpp, line 539]
Event: 0.956 Thread 0x0000018d6ef882e0 Exception <a 'java/lang/NoSuchMethodError'{0x0000000089c3dc48}: 'java.lang.Object java.lang.invoke.DirectMethodHandle$Holder.newInvokeSpecial(java.lang.Object, java.lang.Object, int, int)'> (0x0000000089c3dc48) 
thrown [s\open\src\hotspot\share\interpreter\linkResolver.cpp, line 773]
Event: 0.957 Thread 0x0000018d6ef882e0 Exception <a 'java/lang/NoSuchMethodError'{0x0000000089c47ef8}: 'void java.lang.invoke.DirectMethodHandle$Holder.invokeStatic(java.lang.Object, java.lang.Object, int)'> (0x0000000089c47ef8) 
thrown [s\open\src\hotspot\share\interpreter\linkResolver.cpp, line 773]
Event: 0.967 Thread 0x0000018d6ef882e0 Exception <a 'java/lang/NoSuchMethodError'{0x0000000089cc1f00}: 'java.lang.Object java.lang.invoke.DirectMethodHandle$Holder.newInvokeSpecial(java.lang.Object, java.lang.Object, java.lang.Object, java.lang.Object, java.lang.Object)'> (0x0000000089cc1f00) 
thrown [s\open\src\hotspot\share\interpreter\linkResolver.cpp, line 773]
Event: 1.002 Thread 0x0000018d54051b80 Exception <a 'java/lang/NoSuchMethodError'{0x0000000089a2c3e8}: 'java.lang.Object java.lang.invoke.DirectMethodHandle$Holder.invokeSpecial(java.lang.Object, java.lang.Object, java.lang.Object, java.lang.Object, int)'> (0x0000000089a2c3e8) 
thrown [s\open\src\hotspot\share\interpreter\linkResolver.cpp, line 773]
Event: 1.002 Thread 0x0000018d54051b80 Exception <a 'java/lang/NoSuchMethodError'{0x0000000089a2ff80}: 'java.lang.Object java.lang.invoke.Invokers$Holder.linkToTargetMethod(java.lang.Object, java.lang.Object, int, java.lang.Object)'> (0x0000000089a2ff80) 
thrown [s\open\src\hotspot\share\interpreter\linkResolver.cpp, line 773]
Event: 1.007 Thread 0x0000018d54051b80 Exception <a 'java/lang/NoSuchMethodError'{0x0000000089a47bb0}: 'void java.lang.invoke.DirectMethodHandle$Holder.invokeSpecial(java.lang.Object, java.lang.Object, java.lang.Object)'> (0x0000000089a47bb0) 
thrown [s\open\src\hotspot\share\interpreter\linkResolver.cpp, line 773]
Event: 1.015 Thread 0x0000018d54051b80 Exception <a 'java/lang/NoSuchMethodError'{0x0000000089a73750}: 'void java.lang.invoke.DirectMethodHandle$Holder.invokeSpecial(java.lang.Object, java.lang.Object, java.lang.Object, java.lang.Object, java.lang.Object)'> (0x0000000089a73750) 
thrown [s\open\src\hotspot\share\interpreter\linkResolver.cpp, line 773]
Event: 2.606 Thread 0x0000018d54053c50 Exception <a 'java/lang/NoSuchMethodError'{0x0000000089953230}: 'void java.lang.invoke.DirectMethodHandle$Holder.invokeSpecial(java.lang.Object, java.lang.Object, java.lang.Object, java.lang.Object, java.lang.Object, java.lang.Object, java.lang.Object)'> (0x0000000089953230) 
thrown [s\open\src\hotspot\share\interpreter\linkResolver.cpp, line 773]
Event: 2.616 Thread 0x0000018d6ef882e0 Exception <a 'java/lang/NoSuchMethodError'{0x0000000089b38ef8}: 'java.lang.Object java.lang.invoke.DirectMethodHandle$Holder.invokeSpecialIFC(java.lang.Object, java.lang.Object, java.lang.Object)'> (0x0000000089b38ef8) 
thrown [s\open\src\hotspot\share\interpreter\linkResolver.cpp, line 773]
Event: 2.785 Thread 0x0000018d6ef882e0 Exception <a 'java/lang/ClassNotFoundException'{0x00000000896f5840}: sun/util/logging/resources/spi/loggingProvider> (0x00000000896f5840) 
thrown [s\open\src\hotspot\share\classfile\systemDictionary.cpp, line 312]

ZGC Phase Switch (0 events):
No events

VM Operations (20 events):
Event: 0.501 Executing VM operation: HandshakeAllThreads (Deoptimize)
Event: 0.501 Executing VM operation: HandshakeAllThreads (Deoptimize) done
Event: 0.541 Executing VM operation: HandshakeAllThreads (Deoptimize)
Event: 0.541 Executing VM operation: HandshakeAllThreads (Deoptimize) done
Event: 0.563 Executing VM operation: HandshakeAllThreads (Deoptimize)
Event: 0.563 Executing VM operation: HandshakeAllThreads (Deoptimize) done
Event: 0.839 Executing VM operation: HandshakeAllThreads (Deoptimize)
Event: 0.839 Executing VM operation: HandshakeAllThreads (Deoptimize) done
Event: 0.925 Executing VM operation: HandshakeAllThreads (Deoptimize)
Event: 0.925 Executing VM operation: HandshakeAllThreads (Deoptimize) done
Event: 0.930 Executing VM operation: G1CollectForAllocation (G1 Evacuation Pause)
Event: 0.937 Executing VM operation: G1CollectForAllocation (G1 Evacuation Pause) done
Event: 1.949 Executing VM operation: Cleanup
Event: 1.949 Executing VM operation: Cleanup done
Event: 2.598 Executing VM operation: HandshakeAllThreads (Deoptimize)
Event: 2.598 Executing VM operation: HandshakeAllThreads (Deoptimize) done
Event: 2.599 Executing VM operation: HandshakeAllThreads (Deoptimize)
Event: 2.600 Executing VM operation: HandshakeAllThreads (Deoptimize) done
Event: 2.782 Executing VM operation: HandshakeAllThreads (Deoptimize)
Event: 2.782 Executing VM operation: HandshakeAllThreads (Deoptimize) done

Events (20 events):
Event: 0.441 Thread 0x0000018d7f313190 Thread exited: 0x0000018d7f313190
Event: 0.502 Thread 0x0000018d7f38c630 Thread added: 0x0000018d7f38c630
Event: 0.676 Thread 0x0000018d7f7ec4c0 Thread added: 0x0000018d7f7ec4c0
Event: 0.806 Thread 0x0000018d7f87bac0 Thread added: 0x0000018d7f87bac0
Event: 0.838 Thread 0x0000018d54003f90 Thread added: 0x0000018d54003f90
Event: 0.839 Thread 0x0000018d54008b10 Thread added: 0x0000018d54008b10
Event: 0.839 Thread 0x0000018d54009180 Thread added: 0x0000018d54009180
Event: 0.843 Thread 0x0000018d7f886560 Thread added: 0x0000018d7f886560
Event: 0.925 Thread 0x0000018d540514f0 Thread added: 0x0000018d540514f0
Event: 0.937 Thread 0x0000018d7f7ec4c0 Thread exited: 0x0000018d7f7ec4c0
Event: 0.975 Thread 0x0000018d54051b80 Thread added: 0x0000018d54051b80
Event: 0.979 Thread 0x0000018d540535c0 Thread added: 0x0000018d540535c0
Event: 1.024 Thread 0x0000018d54053c50 Thread added: 0x0000018d54053c50
Event: 1.025 Thread 0x0000018d54052210 Thread added: 0x0000018d54052210
Event: 1.026 Thread 0x0000018d54054970 Thread added: 0x0000018d54054970
Event: 2.729 Thread 0x0000018d540528a0 Thread added: 0x0000018d540528a0
Event: 2.730 Thread 0x0000018d54052f30 Thread added: 0x0000018d54052f30
Event: 2.731 Thread 0x0000018d540542e0 Thread added: 0x0000018d540542e0
Event: 2.731 Thread 0x0000018d541542a0 Thread added: 0x0000018d541542a0
Event: 2.777 Thread 0x0000018d54198ab0 Thread added: 0x0000018d54198ab0


Dynamic libraries:
0x00007ff671f30000 - 0x00007ff671f40000 	C:\Program Files\Java\jdk-21\bin\javaw.exe
0x00007fff4b530000 - 0x00007fff4b747000 	C:\WINDOWS\SYSTEM32\ntdll.dll
0x00007fff49d80000 - 0x00007fff49e44000 	C:\WINDOWS\System32\KERNEL32.DLL
0x00007fff48650000 - 0x00007fff48a22000 	C:\WINDOWS\System32\KERNELBASE.dll
0x00007fff48e00000 - 0x00007fff48f11000 	C:\WINDOWS\System32\ucrtbase.dll
0x00007fff2a1f0000 - 0x00007fff2a20b000 	C:\Program Files\Java\jdk-21\bin\VCRUNTIME140.dll
0x00007fff0fbc0000 - 0x00007fff0fbd9000 	C:\Program Files\Java\jdk-21\bin\jli.dll
0x00007fff492f0000 - 0x00007fff493a1000 	C:\WINDOWS\System32\ADVAPI32.dll
0x00007fff49240000 - 0x00007fff492e7000 	C:\WINDOWS\System32\msvcrt.dll
0x00007fff4b270000 - 0x00007fff4b318000 	C:\WINDOWS\System32\sechost.dll
0x00007fff49050000 - 0x00007fff49078000 	C:\WINDOWS\System32\bcrypt.dll
0x00007fff4a410000 - 0x00007fff4a524000 	C:\WINDOWS\System32\RPCRT4.dll
0x00007fff499d0000 - 0x00007fff49b81000 	C:\WINDOWS\System32\USER32.dll
0x00007fff48620000 - 0x00007fff48646000 	C:\WINDOWS\System32\win32u.dll
0x00007fff47760000 - 0x00007fff479fb000 	C:\WINDOWS\WinSxS\amd64_microsoft.windows.common-controls_6595b64144ccf1df_6.0.22621.5547_none_27104afb73855772\COMCTL32.dll
0x00007fff49cc0000 - 0x00007fff49ce9000 	C:\WINDOWS\System32\GDI32.dll
0x00007fff48f20000 - 0x00007fff49043000 	C:\WINDOWS\System32\gdi32full.dll
0x00007fff48d60000 - 0x00007fff48dfa000 	C:\WINDOWS\System32\msvcp_win.dll
0x00007fff41df0000 - 0x00007fff41dfa000 	C:\WINDOWS\SYSTEM32\VERSION.dll
0x00007fff4b230000 - 0x00007fff4b261000 	C:\WINDOWS\System32\IMM32.DLL
0x00007fff43680000 - 0x00007fff4368c000 	C:\Program Files\Java\jdk-21\bin\vcruntime140_1.dll
0x00007fff08d30000 - 0x00007fff08dbe000 	C:\Program Files\Java\jdk-21\bin\msvcp140.dll
0x00007ffefe140000 - 0x00007ffefee53000 	C:\Program Files\Java\jdk-21\bin\server\jvm.dll
0x00007fff4a870000 - 0x00007fff4a8e1000 	C:\WINDOWS\System32\WS2_32.dll
0x00007fff484f0000 - 0x00007fff4853d000 	C:\WINDOWS\SYSTEM32\POWRPROF.dll
0x00007fff3ee40000 - 0x00007fff3ee74000 	C:\WINDOWS\SYSTEM32\WINMM.dll
0x00007fff484d0000 - 0x00007fff484e3000 	C:\WINDOWS\SYSTEM32\UMPDC.dll
0x00007fff46f60000 - 0x00007fff46f78000 	C:\WINDOWS\SYSTEM32\kernel.appcore.dll
0x00007fff2ecd0000 - 0x00007fff2ecda000 	C:\Program Files\Java\jdk-21\bin\jimage.dll
0x00007fff47e90000 - 0x00007fff480c3000 	C:\WINDOWS\SYSTEM32\DBGHELP.DLL
0x00007fff49e50000 - 0x00007fff4a1e3000 	C:\WINDOWS\System32\combase.dll
0x00007fff4a700000 - 0x00007fff4a7d7000 	C:\WINDOWS\System32\OLEAUT32.dll
0x00007fff47bd0000 - 0x00007fff47c02000 	C:\WINDOWS\SYSTEM32\dbgcore.DLL
0x00007fff48a30000 - 0x00007fff48aab000 	C:\WINDOWS\System32\bcryptPrimitives.dll
0x00007fff0f980000 - 0x00007fff0f99f000 	C:\Program Files\Java\jdk-21\bin\java.dll
0x00007fff4a980000 - 0x00007fff4b222000 	C:\WINDOWS\System32\SHELL32.dll
0x00007fff48c20000 - 0x00007fff48d5f000 	C:\WINDOWS\System32\wintypes.dll
0x00007fff45760000 - 0x00007fff4607d000 	C:\WINDOWS\SYSTEM32\windows.storage.dll
0x00007fff4a1f0000 - 0x00007fff4a2fc000 	C:\WINDOWS\System32\SHCORE.dll
0x00007fff491c0000 - 0x00007fff49229000 	C:\WINDOWS\System32\shlwapi.dll
0x00007fff48550000 - 0x00007fff4857b000 	C:\WINDOWS\SYSTEM32\profapi.dll
0x00007ffefe060000 - 0x00007ffefe137000 	C:\Program Files\Java\jdk-21\bin\jsvml.dll
0x00007fff27ea0000 - 0x00007fff27eb0000 	C:\Program Files\Java\jdk-21\bin\net.dll
0x00007fff3fde0000 - 0x00007fff3ff0c000 	C:\WINDOWS\SYSTEM32\WINHTTP.dll
0x00007fff47380000 - 0x00007fff473e9000 	C:\WINDOWS\system32\mswsock.dll
0x00007fff0f200000 - 0x00007fff0f216000 	C:\Program Files\Java\jdk-21\bin\nio.dll
0x00007fff0f1e0000 - 0x00007fff0f1f8000 	C:\Program Files\Java\jdk-21\bin\zip.dll
0x00007fff39d20000 - 0x00007fff39d29000 	C:\Program Files\Java\jdk-21\bin\extnet.dll
0x00007fff46310000 - 0x00007fff46408000 	C:\WINDOWS\SYSTEM32\DNSAPI.dll
0x00007fff462e0000 - 0x00007fff4630d000 	C:\WINDOWS\SYSTEM32\IPHLPAPI.DLL
0x00007fff4a590000 - 0x00007fff4a599000 	C:\WINDOWS\System32\NSI.dll
0x00007fff3c850000 - 0x00007fff3c85a000 	C:\Windows\System32\rasadhlp.dll
0x00007fff3d500000 - 0x00007fff3d584000 	C:\WINDOWS\System32\fwpuclnt.dll
0x00007fff43c20000 - 0x00007fff43c2a000 	C:\Program Files\Java\jdk-21\bin\management.dll
0x00007fff43440000 - 0x00007fff4344b000 	C:\Program Files\Java\jdk-21\bin\management_ext.dll
0x00007fff49230000 - 0x00007fff49238000 	C:\WINDOWS\System32\PSAPI.DLL
0x00007fff481d0000 - 0x00007fff481eb000 	C:\WINDOWS\SYSTEM32\CRYPTSP.dll
0x00007fff46ec0000 - 0x00007fff46ef7000 	C:\WINDOWS\system32\rsaenh.dll
0x00007fff47630000 - 0x00007fff47658000 	C:\WINDOWS\SYSTEM32\USERENV.dll
0x00007fff47660000 - 0x00007fff4766c000 	C:\WINDOWS\SYSTEM32\CRYPTBASE.dll
0x00007fff27110000 - 0x00007fff2711e000 	C:\Program Files\Java\jdk-21\bin\sunmscapi.dll
0x00007fff48ab0000 - 0x00007fff48c17000 	C:\WINDOWS\System32\CRYPT32.dll
0x00007fff47a70000 - 0x00007fff47a9d000 	C:\WINDOWS\SYSTEM32\ncrypt.dll
0x00007fff47a30000 - 0x00007fff47a67000 	C:\WINDOWS\SYSTEM32\NTASN1.dll
0x00007fff38a10000 - 0x00007fff38a18000 	C:\WINDOWS\system32\wshunix.dll

dbghelp: loaded successfully - version: 4.0.5 - missing functions: none
symbol engine: initialized successfully - sym options: 0x614 - pdb path: .;C:\Program Files\Java\jdk-21\bin;C:\WINDOWS\SYSTEM32;C:\WINDOWS\WinSxS\amd64_microsoft.windows.common-controls_6595b64144ccf1df_6.0.22621.5547_none_27104afb73855772;C:\Program Files\Java\jdk-21\bin\server

VM Arguments:
jvm_args: -Dfile.encoding=UTF-8 -Dstdout.encoding=UTF-8 -Dstderr.encoding=UTF-8 -XX:+ShowCodeDetailsInExceptionMessages 
java_command: Xpath.Xpath_By_Multiple_Attributes
java_class_path (initial): C:\Users\shend\eclipse-workspace\BASIC-Selenium\target\test-classes;C:\Users\shend\eclipse-workspace\BASIC-Selenium\target\classes;C:\Users\shend\.p2\pool\plugins\org.testng_7.11.0.r202503091654.jar;C:\Users\shend\.p2\pool\plugins\com.beust.jcommander_1.83.0.jar;C:\Users\shend\.p2\pool\plugins\slf4j.api_2.0.16.jar;C:\Users\shend\.p2\pool\plugins\org.yaml.snakeyaml_2.2.0.jar;C:\Users\shend\.p2\pool\plugins\org.webjars.jquery_3.7.1.jar;C:\Users\shend\.m2\repository\org\seleniumhq\selenium\selenium-java\4.32.0\selenium-java-4.32.0.jar;C:\Users\shend\.m2\repository\org\seleniumhq\selenium\selenium-api\4.32.0\selenium-api-4.32.0.jar;C:\Users\shend\.m2\repository\org\jspecify\jspecify\1.0.0\jspecify-1.0.0.jar;C:\Users\shend\.m2\repository\org\seleniumhq\selenium\selenium-chrome-driver\4.32.0\selenium-chrome-driver-4.32.0.jar;C:\Users\shend\.m2\repository\com\google\auto\service\auto-service-annotations\1.1.1\auto-service-annotations-1.1.1.jar;C:\Users\shend\.m2\repository\org\seleniumhq\selenium\selenium-chromium-driver\4.32.0\selenium-chromium-driver-4.32.0.jar;C:\Users\shend\.m2\repository\org\seleniumhq\selenium\selenium-json\4.32.0\selenium-json-4.32.0.jar;C:\Users\shend\.m2\repository\org\seleniumhq\selenium\selenium-manager\4.32.0\selenium-manager-4.32.0.jar;C:\Users\shend\.m2\repository\org\seleniumhq\selenium\selenium-devtools-v134\4.32.0\selenium-devtools-v134-4.32.0.jar;C:\Users\shend\.m2\repository\org\seleniumhq\selenium\selenium-devtools-v135\4.32.0\selenium-devtools-v135-4.32.0.jar;C:\Users\shend\.m2\repository\org\seleniumhq\selenium\selenium-devtools-v136\4.32.0\selenium-devtools-v136-4.32.0.jar;C:\Users\shend\.m2\repository\org\seleniumhq\selenium\selenium-edge-driver\4.32.0\selenium-edge-driver-4.32.0.jar;C:\Users\shend\.m2\repository\org\seleniumhq\selenium\selenium-firefox-driver\4.32.0\selenium-firefox-driver-4.32.0.jar;C:\Users\shend\.m2\repository\org\seleniumhq\selenium\selenium-http\4.32.0\selenium-http-4.32.0.jar;C:\Users\shend\.m2\repository\org\seleniumhq\selenium\selenium-ie-driver\4.32.0\selenium-ie-driver-4.32.0.jar;C:\Users\shend\.m2\repository\org\seleniumhq\selenium\selenium-remote-driver\4.32.0\selenium-remote-driver-4.32.0.jar;C:\Users\shend\.m2\repository\com\google\guava\guava\33.4.8-jre\guava-33.4.8-jre.jar;C:\Users\shend\.m2\repository\com\google\guava\failureaccess\1.0.3\failureaccess-1.0.3.jar;C:\Users\shend\.m2\repository\com\google\guava\listenablefuture\9999.0-empty-to-avoid-conflict-with-guava\listenablefuture-9999.0-empty-to-avoid-conflict-with-guava.jar;C:\Users\shend\.m2\repository\com\google\j2objc\j2objc-annotations\3.0.0\j2objc-annotations-3.0.0.jar;C:\Users\shend\.m2\repository\io\opentelemetry\opentelemetry-api\1.49.0\opentelemetry-api-1.49.0.jar;C:\Users\shend\.m2\repository\io\opentelemetry\opentelemetry-context\1.49.0\opentelemetry-context-1.49.0.jar;C:\Users\shend\.m2\repository\io\opentelemetry\opentelemetry-exporter-logging\1.49.0\opentelemetry-exporter-logging-1.49.0.jar;C:\Users\shend\.m2\repository\io\opentelemetry\opentelemetry-sdk-common\1.49.0\opentelemetry-sdk-common-1.49.0.jar;C:\Users\shend\.m2\repository\io\opentelemetry\opentelemetry-sdk-extension-autoconfigure-spi\1.49.0\opentelemetry-sdk-extension-autoconfigure-spi-1.49.0.jar;C:\Users\shend\.m2\repository\io\opentelemetry\opentelemetry-sdk-extension-autoconfigure\1.49.0\opentelemetry-sdk-extension-autoconfigure-1.49.0.jar;C:\Users\shend\.m2\repository\io\opentelemetry\opentelemetry-sdk-trace\1.49.0\opentelemetry-sdk-trace-1.49.0.jar;C:\Users\shend\.m2\repository\io\opentelemetry\opentelemetry-sdk\1.49.0\opentelemetry-sdk-1.49.0.jar;C:\Users\shend\.m2\repository\io\opentelemetry\opentelemetry-sdk-metrics\1.49.0\opentelemetry-sdk-metrics-1.49.0.jar;C:\Users\shend\.m2\repository\io\opentelemetry\opentelemetry-sdk-logs\1.49.0\opentelemetry-sdk-logs-1.49.0.jar;C:\Users\shend\.m2\repository\net\bytebuddy\byte-buddy\1.17.5\byte-buddy-1.17.5.jar;C:\Users\shend\.m2\repository\org\seleniumhq\selenium\selenium-os\4.32.0\selenium-os-4.32.0.jar;C:\Users\shend\.m2\repository\org\apache\commons\commons-exec\1.4.0\commons-exec-1.4.0.jar;C:\Users\shend\.m2\repository\org\seleniumhq\selenium\selenium-safari-driver\4.32.0\selenium-safari-driver-4.32.0.jar;C:\Users\shend\.m2\repository\org\seleniumhq\selenium\selenium-support\4.32.0\selenium-support-4.32.0.jar;C:\Users\shend\.m2\repository\org\apache\poi\poi\4.1.2\poi-4.1.2.jar;C:\Users\shend\.m2\repository\commons-codec\commons-codec\1.13\commons-codec-1.13.jar;C:\Users\shend\.m2\repository\org\apache\commons\commons-collections4\4.4\commons-collections4-4.4.jar;C:\Users\shend\.m2\repository\org\apache\commons\commons-math3\3.6.1\commons-math3-3.6.1.jar;C:\Users\shend\.m2\repository\com\zaxxer\SparseBitSet\1.2\SparseBitSet-1.2.jar;C:\Users\shend\.m2\repository\org\apache\poi\poi-ooxml\4.1.2\poi-ooxml-4.1.2.jar;C:\Users\shend\.m2\repository\org\apache\poi\poi-ooxml-schemas\4.1.2\poi-ooxml-schemas-4.1.2.jar;C:\Users\shend\.m2\repository\org\apache\xmlbeans\xmlbeans\3.1.0\xmlbeans-3.1.0.jar;C:\Users\shend\.m2\repository\org\apache\commons\commons-compress\1.19\commons-compress-1.19.jar;C:\Users\shend\.m2\repository\com\github\virtuald\curvesapi\1.06\curvesapi-1.06.jar;C:\Users\shend\.m2\repository\io\github\bonigarcia\webdrivermanager\5.9.2\webdrivermanager-5.9.2.jar;C:\Users\shend\.m2\repository\org\slf4j\slf4j-api\2.0.13\slf4j-api-2.0.13.jar;C:\Users\shend\.m2\repository\com\google\code\gson\gson\2.11.0\gson-2.11.0.jar;C:\Users\shend\.m2\repository\com\google\errorprone\error_prone_annotations\2.27.0\error_prone_annotations-2.27.0.jar;C:\Users\shend\.m2\repository\com\github\docker-java\docker-java\3.4.0\docker-java-3.4.0.jar;C:\Users\shend\.m2\repository\com\github\docker-java\docker-java-core\3.4.0\docker-java-core-3.4.0.jar;C:\Users\shend\.m2\repository\com\github\docker-java\docker-java-api\3.4.0\docker-java-api-3.4.0.jar;C:\Users\shend\.m2\repository\com\fasterxml\jackson\core\jackson-annotations\2.10.3\jackson-annotations-2.10.3.jar;C:\Users\shend\.m2\repository\commons-io\commons-io\2.13.0\commons-io-2.13.0.jar;C:\Users\shend\.m2\repository\com\fasterxml\jackson\core\jackson-databind\2.10.3\jackson-databind-2.10.3.jar;C:\Users\shend\.m2\repository\com\fasterxml\jackson\core\jackson-core\2.10.3\jackson-core-2.10.3.jar;C:\Users\shend\.m2\repository\org\slf4j\jcl-over-slf4j\1.7.30\jcl-over-slf4j-1.7.30.jar;C:\Users\shend\.m2\repository\com\github\docker-java\docker-java-transport-httpclient5\3.4.0\docker-java-transport-httpclient5-3.4.0.jar;C:\Users\shend\.m2\repository\com\github\docker-java\docker-java-transport\3.4.0\docker-java-transport-3.4.0.jar;C:\Users\shend\.m2\repository\net\java\dev\jna\jna\5.13.0\jna-5.13.0.jar;C:\Users\shend\.m2\repository\org\brotli\dec\0.1.2\dec-0.1.2.jar;C:\Users\shend\.m2\repository\org\apache\commons\commons-lang3\3.15.0\commons-lang3-3.15.0.jar;C:\Users\shend\.m2\repository\org\apache\httpcomponents\client5\httpclient5\5.2.1\httpclient5-5.2.1.jar;C:\Users\shend\.m2\repository\org\apache\httpcomponents\core5\httpcore5\5.2\httpcore5-5.2.jar;C:\Users\shend\.m2\repository\org\apache\httpcomponents\core5\httpcore5-h2\5.2\httpcore5-h2-5.2.jar;C:\Users\shend\.m2\repository\org\testng\testng\7.10.2\testng-7.10.2.jar;C:\Users\shend\.m2\repository\com\beust\jcommander\1.82\jcommander-1.82.jar;C:\Users\shend\.m2\repository\org\webjars\jquery\3.7.1\jquery-3.7.1.jar;C:\Users\shend\eclipse-workspace\ SeleniumProject\target\classes
Launcher Type: SUN_STANDARD

[Global flags]
     intx CICompilerCount                          = 4                                         {product} {ergonomic}
     uint ConcGCThreads                            = 2                                         {product} {ergonomic}
     uint G1ConcRefinementThreads                  = 8                                         {product} {ergonomic}
   size_t G1HeapRegionSize                         = 1048576                                   {product} {ergonomic}
    uintx GCDrainStackTargetSize                   = 64                                        {product} {ergonomic}
   size_t InitialHeapSize                          = 132120576                                 {product} {ergonomic}
   size_t MarkStackSize                            = 4194304                                   {product} {ergonomic}
   size_t MaxHeapSize                              = 2113929216                                {product} {ergonomic}
   size_t MaxNewSize                               = 1267728384                                {product} {ergonomic}
   size_t MinHeapDeltaBytes                        = 1048576                                   {product} {ergonomic}
   size_t MinHeapSize                              = 8388608                                   {product} {ergonomic}
    uintx NonNMethodCodeHeapSize                   = 5839372                                {pd product} {ergonomic}
    uintx NonProfiledCodeHeapSize                  = 122909434                              {pd product} {ergonomic}
    uintx ProfiledCodeHeapSize                     = 122909434                              {pd product} {ergonomic}
    uintx ReservedCodeCacheSize                    = 251658240                              {pd product} {ergonomic}
     bool SegmentedCodeCache                       = true                                      {product} {ergonomic}
     bool ShowCodeDetailsInExceptionMessages       = true                                   {manageable} {command line}
   size_t SoftMaxHeapSize                          = 2113929216                             {manageable} {ergonomic}
     bool UseCompressedOops                        = true                           {product lp64_product} {ergonomic}
     bool UseG1GC                                  = true                                      {product} {ergonomic}
     bool UseLargePagesIndividualAllocation        = false                                  {pd product} {ergonomic}

Logging:
Log output configuration:
 #0: stdout all=warning uptime,level,tags foldmultilines=false
 #1: stderr all=off uptime,level,tags foldmultilines=false

Environment Variables:
JAVA_HOME=C:\Program Files\Java\jdk-21
PATH=F:\oracle\product\10.2.0\db_2\bin;F:\oracle\product\10.2.0\db_7\bin;C:\app\shend\product\21c\dbhomeXE\bin;C:\Program Files (x86)\VMware\VMware Workstation\bin\;F:\oracle\product\10.2.0\db_6\bin;F:\oracle\product\10.2.0\db_1\bin;C:\Program Files\Common Files\Oracle\Java\javapath;C:\Program Files\Java\jdk-21\bin;F:\oracle\product\10.2.0\db_1\BIN;C:\Users\shend\anaconda3;C:\Users\shend\anaconda3\Library\mingw-w64\bin;C:\Users\shend\anaconda3\Library\usr\bin;C:\Users\shend\anaconda3\Library\bin;C:\Users\shend\anaconda3\Scripts;C:\Users\shend\AppData\Local\Programs\Python\Python312\Scripts\;C:\Users\shend\AppData\Local\Programs\Python\Python312\;C:\Users\shend\AppData\Local\Programs\Python\Launcher\;C:\Users\shend\AppData\Local\Microsoft\WindowsApps;C:\Users\shend\AppData\Local\Programs\Microsoft VS Code\bin
USERNAME=shend
OS=Windows_NT
PROCESSOR_IDENTIFIER=Intel64 Family 6 Model 158 Stepping 10, GenuineIntel
TMP=C:\Users\shend\AppData\Local\Temp
TEMP=C:\Users\shend\AppData\Local\Temp




Periodic native trim disabled

---------------  S Y S T E M  ---------------

OS:
 Windows 11 , 64 bit Build 22621 (10.0.22621.5415)
OS uptime: 2 days 11:48 hours

CPU: total 8 (initial active 8) (4 cores per cpu, 2 threads per core) family 6 model 158 stepping 10 microcode 0xec, cx8, cmov, fxsr, ht, mmx, 3dnowpref, sse, sse2, sse3, ssse3, sse4.1, sse4.2, popcnt, lzcnt, tsc, tscinvbit, avx, avx2, aes, erms, clmul, bmi1, bmi2, adx, fma, vzeroupper, clflush, clflushopt, rdtscp, f16c
Processor Information for all 8 processors :
  Max Mhz: 2400, Current Mhz: 2400, Mhz Limit: 2400

Memory: 4k page, system-wide physical 8063M (780M free)
TotalPageFile size 12142M (AvailPageFile size 7M)
current process WorkingSet (physical memory assigned to process): 101M, peak: 101M
current process commit charge ("private bytes"): 237M, peak: 237M

vm_info: Java HotSpot(TM) 64-Bit Server VM (21.0.4+8-LTS-274) for windows-amd64 JRE (21.0.4+8-LTS-274), built on 2024-06-05T05:23:33Z by "mach5one" with MS VC++ 17.6 (VS2022)

END.
