#
# There is insufficient memory for the Java Runtime Environment to continue.
# Native memory allocation (malloc) failed to allocate 544576 bytes for Chunk::new
# Possible reasons:
#   The system is out of physical RAM or swap space
#   The process is running with CompressedOops enabled, and the Java Heap may be blocking the growth of the native heap
# Possible solutions:
#   Reduce memory load on the system
#   Increase physical memory or swap space
#   Check if swap backing store is full
#   Decrease Java heap size (-Xmx/-Xms)
#   Decrease number of Java threads
#   Decrease Java thread stack sizes (-Xss)
#   Set larger code cache with -XX:ReservedCodeCacheSize=
#   JVM is running with Unscaled Compressed Oops mode in which the Java heap is
#     placed in the first 4GB address space. The Java Heap base address is the
#     maximum limit for the native heap growth. Please use -XX:HeapBaseMinAddress
#     to set the Java Heap base and to place the Java Heap above 4GB virtual address.
# This output file may be truncated or incomplete.
#
#  Out of Memory Error (arena.cpp:168), pid=16940, tid=15900
#
# JRE version: Java(TM) SE Runtime Environment (21.0.4+8) (build 21.0.4+8-LTS-274)
# Java VM: Java HotSpot(TM) 64-Bit Server VM (21.0.4+8-LTS-274, mixed mode, sharing, tiered, compressed oops, compressed class ptrs, g1 gc, windows-amd64)
# No core dump will be written. Minidumps are not enabled by default on client versions of Windows
#

---------------  S U M M A R Y ------------

Command Line: -Dfile.encoding=UTF-8 -Dstdout.encoding=UTF-8 -Dstderr.encoding=UTF-8 -XX:+ShowCodeDetailsInExceptionMessages Action_Method.Click_Action

Host: Intel(R) Core(TM) i5-9300H CPU @ 2.40GHz, 8 cores, 7G,  Windows 11 , 64 bit Build 22621 (10.0.22621.5415)
Time: Fri Oct 17 20:28:59 2025 India Standard Time elapsed time: 65.267646 seconds (0d 0h 1m 5s)

---------------  T H R E A D  ---------------

Current thread (0x00000245ee49aa80):  JavaThread "C2 CompilerThread0" daemon [_thread_in_native, id=15900, stack(0x00000082c5600000,0x00000082c5700000) (1024K)]


Current CompileTask:
C2:  65267 1706       4       java.lang.invoke.MethodType::makeImpl (109 bytes)

Stack: [0x00000082c5600000,0x00000082c5700000]
Native frames: (J=compiled Java code, j=interpreted, Vv=VM code, C=native code)
V  [jvm.dll+0x6c8e59]
V  [jvm.dll+0x853181]
V  [jvm.dll+0x8556ae]
V  [jvm.dll+0x855d83]
V  [jvm.dll+0x27d526]
V  [jvm.dll+0xc4aad]
V  [jvm.dll+0xc4fe3]
V  [jvm.dll+0x2f038f]
V  [jvm.dll+0x5f406a]
V  [jvm.dll+0x24f102]
V  [jvm.dll+0x24791e]
V  [jvm.dll+0x245754]
V  [jvm.dll+0x1c69de]
V  [jvm.dll+0x254d49]
V  [jvm.dll+0x2532da]
V  [jvm.dll+0x3ed426]
V  [jvm.dll+0x7fd65b]
V  [jvm.dll+0x6c753d]
C  [ucrtbase.dll+0x29333]
C  [KERNEL32.DLL+0x1259d]
C  [ntdll.dll+0x5af78]


---------------  P R O C E S S  ---------------

Threads class SMR info:
_java_thread_list=0x00000245f364f550, length=28, elements={
0x00000245d1b55810, 0x00000245ee484e20, 0x00000245ee4884f0, 0x00000245ee48b4e0,
0x00000245ee48e050, 0x00000245ee48f380, 0x00000245ee494180, 0x00000245ee49aa80,
0x00000245ee4a18f0, 0x00000245ee748590, 0x00000245ee7533f0, 0x00000245ee661970,
0x00000245f3370070, 0x00000245f32eb670, 0x00000245f32ebce0, 0x00000245ee984a80,
0x00000245ee9850f0, 0x00000245f3454a70, 0x00000245f3453d50, 0x00000245f34543e0,
0x00000245f34536c0, 0x00000245f3455100, 0x00000245f3451c80, 0x00000245f3452310,
0x00000245f3453030, 0x00000245f34529a0, 0x00000245f33e4780, 0x00000245f33f7f70
}

Java Threads: ( => current thread )
  0x00000245d1b55810 JavaThread "main"                              [_thread_in_vm, id=14712, stack(0x00000082c4800000,0x00000082c4900000) (1024K)]
  0x00000245ee484e20 JavaThread "Reference Handler"          daemon [_thread_blocked, id=4388, stack(0x00000082c5000000,0x00000082c5100000) (1024K)]
  0x00000245ee4884f0 JavaThread "Finalizer"                  daemon [_thread_blocked, id=6680, stack(0x00000082c5100000,0x00000082c5200000) (1024K)]
  0x00000245ee48b4e0 JavaThread "Signal Dispatcher"          daemon [_thread_blocked, id=3120, stack(0x00000082c5200000,0x00000082c5300000) (1024K)]
  0x00000245ee48e050 JavaThread "Attach Listener"            daemon [_thread_blocked, id=10284, stack(0x00000082c5300000,0x00000082c5400000) (1024K)]
  0x00000245ee48f380 JavaThread "Service Thread"             daemon [_thread_blocked, id=1912, stack(0x00000082c5400000,0x00000082c5500000) (1024K)]
  0x00000245ee494180 JavaThread "Monitor Deflation Thread"   daemon [_thread_blocked, id=15684, stack(0x00000082c5500000,0x00000082c5600000) (1024K)]
=>0x00000245ee49aa80 JavaThread "C2 CompilerThread0"         daemon [_thread_in_native, id=15900, stack(0x00000082c5600000,0x00000082c5700000) (1024K)]
  0x00000245ee4a18f0 JavaThread "C1 CompilerThread0"         daemon [_thread_blocked, id=7628, stack(0x00000082c5700000,0x00000082c5800000) (1024K)]
  0x00000245ee748590 JavaThread "Notification Thread"        daemon [_thread_blocked, id=17208, stack(0x00000082c5800000,0x00000082c5900000) (1024K)]
  0x00000245ee7533f0 JavaThread "Common-Cleaner"             daemon [_thread_blocked, id=15764, stack(0x00000082c5900000,0x00000082c5a00000) (1024K)]
  0x00000245ee661970 JavaThread "ForkJoinPool.commonPool-worker-1" daemon [_thread_blocked, id=15048, stack(0x00000082c5a00000,0x00000082c5b00000) (1024K)]
  0x00000245f3370070 JavaThread "HttpClient-1-SelectorManager" daemon [_thread_in_native, id=8080, stack(0x00000082c5b00000,0x00000082c5c00000) (1024K)]
  0x00000245f32eb670 JavaThread "External Process Output Forwarder - C:\Users\shend\.cache\selenium\chromedriver\win64\141.0.7390.78\chromedriver.exe" daemon [_thread_in_native, id=14492, stack(0x00000082c5c00000,0x00000082c5d00000) (1024K)]
  0x00000245f32ebce0 JavaThread "Driver Service Executor"    daemon [_thread_blocked, id=5708, stack(0x00000082c5d00000,0x00000082c5e00000) (1024K)]
  0x00000245ee984a80 JavaThread "Driver Service Executor"    daemon [_thread_blocked, id=12212, stack(0x00000082c5e00000,0x00000082c5f00000) (1024K)]
  0x00000245ee9850f0 JavaThread "UrlChecker-2"               daemon [_thread_blocked, id=15524, stack(0x00000082c5f00000,0x00000082c6000000) (1024K)]
  0x00000245f3454a70 JavaThread "JdkHttpClient-0-0"          daemon [_thread_blocked, id=17328, stack(0x00000082c6900000,0x00000082c6a00000) (1024K)]
  0x00000245f3453d50 JavaThread "CompletableFutureDelayScheduler" daemon [_thread_blocked, id=14064, stack(0x00000082c6a00000,0x00000082c6b00000) (1024K)]
  0x00000245f34543e0 JavaThread "JdkHttpClient-0-1"          daemon [_thread_blocked, id=17124, stack(0x00000082c6b00000,0x00000082c6c00000) (1024K)]
  0x00000245f34536c0 JavaThread "JdkHttpClient-0-2"          daemon [_thread_blocked, id=4028, stack(0x00000082c6c00000,0x00000082c6d00000) (1024K)]
  0x00000245f3455100 JavaThread "JdkHttpClient-0-3"          daemon [_thread_blocked, id=8704, stack(0x00000082c6d00000,0x00000082c6e00000) (1024K)]
  0x00000245f3451c80 JavaThread "HttpClient-2-SelectorManager" daemon [_thread_in_native, id=14448, stack(0x00000082c4500000,0x00000082c4600000) (1024K)]
  0x00000245f3452310 JavaThread "JdkHttpClient-1-0"          daemon [_thread_blocked, id=7684, stack(0x00000082c4600000,0x00000082c4700000) (1024K)]
  0x00000245f3453030 JavaThread "JdkHttpClient-1-1"          daemon [_thread_blocked, id=8724, stack(0x00000082c4700000,0x00000082c4800000) (1024K)]
  0x00000245f34529a0 JavaThread "JdkHttpClient-1-2"          daemon [_thread_blocked, id=14868, stack(0x00000082c6f00000,0x00000082c7000000) (1024K)]
  0x00000245f33e4780 JavaThread "JdkHttpClient-1-3"          daemon [_thread_blocked, id=660, stack(0x00000082c7000000,0x00000082c7100000) (1024K)]
  0x00000245f33f7f70 JavaThread "C2 CompilerThread1"         daemon [_thread_blocked, id=12992, stack(0x00000082c7100000,0x00000082c7200000) (1024K)]
Total: 28

Other Threads:
  0x00000245ee46b5b0 VMThread "VM Thread"                           [id=16532, stack(0x00000082c4f00000,0x00000082c5000000) (1024K)]
  0x00000245ee453750 WatcherThread "VM Periodic Task Thread"        [id=8648, stack(0x00000082c4e00000,0x00000082c4f00000) (1024K)]
  0x00000245d1ba6b50 WorkerThread "GC Thread#0"                     [id=7676, stack(0x00000082c4900000,0x00000082c4a00000) (1024K)]
  0x00000245f327f250 WorkerThread "GC Thread#1"                     [id=1808, stack(0x00000082c6200000,0x00000082c6300000) (1024K)]
  0x00000245f3393eb0 WorkerThread "GC Thread#2"                     [id=15088, stack(0x00000082c6300000,0x00000082c6400000) (1024K)]
  0x00000245f32ac860 WorkerThread "GC Thread#3"                     [id=4596, stack(0x00000082c6400000,0x00000082c6500000) (1024K)]
  0x00000245f32acc00 WorkerThread "GC Thread#4"                     [id=10196, stack(0x00000082c6500000,0x00000082c6600000) (1024K)]
  0x00000245f344d140 WorkerThread "GC Thread#5"                     [id=16192, stack(0x00000082c6600000,0x00000082c6700000) (1024K)]
  0x00000245f344d4e0 WorkerThread "GC Thread#6"                     [id=14092, stack(0x00000082c6700000,0x00000082c6800000) (1024K)]
  0x00000245f344d880 WorkerThread "GC Thread#7"                     [id=17112, stack(0x00000082c6800000,0x00000082c6900000) (1024K)]
  0x00000245d1bb7730 ConcurrentGCThread "G1 Main Marker"            [id=15832, stack(0x00000082c4a00000,0x00000082c4b00000) (1024K)]
  0x00000245d1bb9390 WorkerThread "G1 Conc#0"                       [id=3976, stack(0x00000082c4b00000,0x00000082c4c00000) (1024K)]
  0x00000245ee325590 ConcurrentGCThread "G1 Refine#0"               [id=13384, stack(0x00000082c4c00000,0x00000082c4d00000) (1024K)]
  0x00000245ee325db0 ConcurrentGCThread "G1 Service"                [id=13676, stack(0x00000082c4d00000,0x00000082c4e00000) (1024K)]
Total: 14

Threads with active compile tasks:
C2 CompilerThread0    70105 1706       4       java.lang.invoke.MethodType::makeImpl (109 bytes)
Total: 1

VM state: not at safepoint (normal execution)

VM Mutex/Monitor currently owned by a thread: None

Heap address: 0x0000000082000000, size: 2016 MB, Compressed Oops mode: 32-bit

CDS archive(s) mapped at: [0x0000024580000000-0x0000024580c90000-0x0000024580c90000), size 13172736, SharedBaseAddress: 0x0000024580000000, ArchiveRelocationMode: 1.
Compressed class space mapped at: 0x0000024581000000-0x00000245c1000000, reserved size: 1073741824
Narrow klass base: 0x0000024580000000, Narrow klass shift: 0, Narrow klass range: 0x100000000

GC Precious Log:
 CardTable entry size: 512
 Card Set container configuration: InlinePtr #cards 5 size 8 Array Of Cards #cards 12 size 40 Howl #buckets 4 coarsen threshold 1843 Howl Bitmap #cards 512 size 80 coarsen threshold 460 Card regions per heap region 1 cards per card region 2048
 CPUs: 8 total, 8 available
 Memory: 8063M
 Large Page Support: Disabled
 NUMA Support: Disabled
 Compressed Oops: Enabled (32-bit)
 Heap Region Size: 1M
 Heap Min Capacity: 8M
 Heap Initial Capacity: 126M
 Heap Max Capacity: 2016M
 Pre-touch: Disabled
 Parallel Workers: 8
 Concurrent Workers: 2
 Concurrent Refinement Workers: 8
 Periodic GC: Disabled

Heap:
 garbage-first heap   total 129024K, used 13866K [0x0000000082000000, 0x0000000100000000)
  region size 1024K, 11 young (11264K), 3 survivors (3072K)
 Metaspace       used 12084K, committed 12416K, reserved 1114112K
  class space    used 1441K, committed 1600K, reserved 1048576K

Heap Regions: E=young(eden), S=young(survivor), O=old, HS=humongous(starts), HC=humongous(continues), CS=collection set, F=free, TAMS=top-at-mark-start, PB=parsable bottom
|   0|0x0000000082000000, 0x0000000082100000, 0x0000000082100000|100%|HS|  |TAMS 0x0000000082000000| PB 0x0000000082000000| Complete 
|   1|0x0000000082100000, 0x0000000082200000, 0x0000000082200000|100%| O|  |TAMS 0x0000000082100000| PB 0x0000000082100000| Untracked 
|   2|0x0000000082200000, 0x0000000082300000, 0x0000000082300000|100%| O|  |TAMS 0x0000000082200000| PB 0x0000000082200000| Untracked 
|   3|0x0000000082300000, 0x000000008238aa20, 0x0000000082400000| 54%| O|  |TAMS 0x0000000082300000| PB 0x0000000082300000| Untracked 
|   4|0x0000000082400000, 0x0000000082400000, 0x0000000082500000|  0%| F|  |TAMS 0x0000000082400000| PB 0x0000000082400000| Untracked 
|   5|0x0000000082500000, 0x0000000082500000, 0x0000000082600000|  0%| F|  |TAMS 0x0000000082500000| PB 0x0000000082500000| Untracked 
|   6|0x0000000082600000, 0x0000000082600000, 0x0000000082700000|  0%| F|  |TAMS 0x0000000082600000| PB 0x0000000082600000| Untracked 
|   7|0x0000000082700000, 0x0000000082700000, 0x0000000082800000|  0%| F|  |TAMS 0x0000000082700000| PB 0x0000000082700000| Untracked 
|   8|0x0000000082800000, 0x0000000082800000, 0x0000000082900000|  0%| F|  |TAMS 0x0000000082800000| PB 0x0000000082800000| Untracked 
|   9|0x0000000082900000, 0x0000000082900000, 0x0000000082a00000|  0%| F|  |TAMS 0x0000000082900000| PB 0x0000000082900000| Untracked 
|  10|0x0000000082a00000, 0x0000000082a00000, 0x0000000082b00000|  0%| F|  |TAMS 0x0000000082a00000| PB 0x0000000082a00000| Untracked 
|  11|0x0000000082b00000, 0x0000000082b00000, 0x0000000082c00000|  0%| F|  |TAMS 0x0000000082b00000| PB 0x0000000082b00000| Untracked 
|  12|0x0000000082c00000, 0x0000000082c00000, 0x0000000082d00000|  0%| F|  |TAMS 0x0000000082c00000| PB 0x0000000082c00000| Untracked 
|  13|0x0000000082d00000, 0x0000000082d00000, 0x0000000082e00000|  0%| F|  |TAMS 0x0000000082d00000| PB 0x0000000082d00000| Untracked 
|  14|0x0000000082e00000, 0x0000000082e00000, 0x0000000082f00000|  0%| F|  |TAMS 0x0000000082e00000| PB 0x0000000082e00000| Untracked 
|  15|0x0000000082f00000, 0x0000000082f00000, 0x0000000083000000|  0%| F|  |TAMS 0x0000000082f00000| PB 0x0000000082f00000| Untracked 
|  16|0x0000000083000000, 0x0000000083000000, 0x0000000083100000|  0%| F|  |TAMS 0x0000000083000000| PB 0x0000000083000000| Untracked 
|  17|0x0000000083100000, 0x0000000083100000, 0x0000000083200000|  0%| F|  |TAMS 0x0000000083100000| PB 0x0000000083100000| Untracked 
|  18|0x0000000083200000, 0x0000000083200000, 0x0000000083300000|  0%| F|  |TAMS 0x0000000083200000| PB 0x0000000083200000| Untracked 
|  19|0x0000000083300000, 0x0000000083300000, 0x0000000083400000|  0%| F|  |TAMS 0x0000000083300000| PB 0x0000000083300000| Untracked 
|  20|0x0000000083400000, 0x0000000083400000, 0x0000000083500000|  0%| F|  |TAMS 0x0000000083400000| PB 0x0000000083400000| Untracked 
|  21|0x0000000083500000, 0x0000000083500000, 0x0000000083600000|  0%| F|  |TAMS 0x0000000083500000| PB 0x0000000083500000| Untracked 
|  22|0x0000000083600000, 0x0000000083600000, 0x0000000083700000|  0%| F|  |TAMS 0x0000000083600000| PB 0x0000000083600000| Untracked 
|  23|0x0000000083700000, 0x0000000083700000, 0x0000000083800000|  0%| F|  |TAMS 0x0000000083700000| PB 0x0000000083700000| Untracked 
|  24|0x0000000083800000, 0x0000000083800000, 0x0000000083900000|  0%| F|  |TAMS 0x0000000083800000| PB 0x0000000083800000| Untracked 
|  25|0x0000000083900000, 0x0000000083900000, 0x0000000083a00000|  0%| F|  |TAMS 0x0000000083900000| PB 0x0000000083900000| Untracked 
|  26|0x0000000083a00000, 0x0000000083a00000, 0x0000000083b00000|  0%| F|  |TAMS 0x0000000083a00000| PB 0x0000000083a00000| Untracked 
|  27|0x0000000083b00000, 0x0000000083b00000, 0x0000000083c00000|  0%| F|  |TAMS 0x0000000083b00000| PB 0x0000000083b00000| Untracked 
|  28|0x0000000083c00000, 0x0000000083c00000, 0x0000000083d00000|  0%| F|  |TAMS 0x0000000083c00000| PB 0x0000000083c00000| Untracked 
|  29|0x0000000083d00000, 0x0000000083d00000, 0x0000000083e00000|  0%| F|  |TAMS 0x0000000083d00000| PB 0x0000000083d00000| Untracked 
|  30|0x0000000083e00000, 0x0000000083e00000, 0x0000000083f00000|  0%| F|  |TAMS 0x0000000083e00000| PB 0x0000000083e00000| Untracked 
|  31|0x0000000083f00000, 0x0000000083f00000, 0x0000000084000000|  0%| F|  |TAMS 0x0000000083f00000| PB 0x0000000083f00000| Untracked 
|  32|0x0000000084000000, 0x0000000084000000, 0x0000000084100000|  0%| F|  |TAMS 0x0000000084000000| PB 0x0000000084000000| Untracked 
|  33|0x0000000084100000, 0x0000000084100000, 0x0000000084200000|  0%| F|  |TAMS 0x0000000084100000| PB 0x0000000084100000| Untracked 
|  34|0x0000000084200000, 0x0000000084200000, 0x0000000084300000|  0%| F|  |TAMS 0x0000000084200000| PB 0x0000000084200000| Untracked 
|  35|0x0000000084300000, 0x0000000084300000, 0x0000000084400000|  0%| F|  |TAMS 0x0000000084300000| PB 0x0000000084300000| Untracked 
|  36|0x0000000084400000, 0x0000000084400000, 0x0000000084500000|  0%| F|  |TAMS 0x0000000084400000| PB 0x0000000084400000| Untracked 
|  37|0x0000000084500000, 0x0000000084500000, 0x0000000084600000|  0%| F|  |TAMS 0x0000000084500000| PB 0x0000000084500000| Untracked 
|  38|0x0000000084600000, 0x0000000084600000, 0x0000000084700000|  0%| F|  |TAMS 0x0000000084600000| PB 0x0000000084600000| Untracked 
|  39|0x0000000084700000, 0x0000000084700000, 0x0000000084800000|  0%| F|  |TAMS 0x0000000084700000| PB 0x0000000084700000| Untracked 
|  40|0x0000000084800000, 0x0000000084800000, 0x0000000084900000|  0%| F|  |TAMS 0x0000000084800000| PB 0x0000000084800000| Untracked 
|  41|0x0000000084900000, 0x0000000084900000, 0x0000000084a00000|  0%| F|  |TAMS 0x0000000084900000| PB 0x0000000084900000| Untracked 
|  42|0x0000000084a00000, 0x0000000084a00000, 0x0000000084b00000|  0%| F|  |TAMS 0x0000000084a00000| PB 0x0000000084a00000| Untracked 
|  43|0x0000000084b00000, 0x0000000084b00000, 0x0000000084c00000|  0%| F|  |TAMS 0x0000000084b00000| PB 0x0000000084b00000| Untracked 
|  44|0x0000000084c00000, 0x0000000084c00000, 0x0000000084d00000|  0%| F|  |TAMS 0x0000000084c00000| PB 0x0000000084c00000| Untracked 
|  45|0x0000000084d00000, 0x0000000084d00000, 0x0000000084e00000|  0%| F|  |TAMS 0x0000000084d00000| PB 0x0000000084d00000| Untracked 
|  46|0x0000000084e00000, 0x0000000084e00000, 0x0000000084f00000|  0%| F|  |TAMS 0x0000000084e00000| PB 0x0000000084e00000| Untracked 
|  47|0x0000000084f00000, 0x0000000084f00000, 0x0000000085000000|  0%| F|  |TAMS 0x0000000084f00000| PB 0x0000000084f00000| Untracked 
|  48|0x0000000085000000, 0x0000000085000000, 0x0000000085100000|  0%| F|  |TAMS 0x0000000085000000| PB 0x0000000085000000| Untracked 
|  49|0x0000000085100000, 0x0000000085100000, 0x0000000085200000|  0%| F|  |TAMS 0x0000000085100000| PB 0x0000000085100000| Untracked 
|  50|0x0000000085200000, 0x0000000085200000, 0x0000000085300000|  0%| F|  |TAMS 0x0000000085200000| PB 0x0000000085200000| Untracked 
|  51|0x0000000085300000, 0x0000000085300000, 0x0000000085400000|  0%| F|  |TAMS 0x0000000085300000| PB 0x0000000085300000| Untracked 
|  52|0x0000000085400000, 0x0000000085400000, 0x0000000085500000|  0%| F|  |TAMS 0x0000000085400000| PB 0x0000000085400000| Untracked 
|  53|0x0000000085500000, 0x0000000085500000, 0x0000000085600000|  0%| F|  |TAMS 0x0000000085500000| PB 0x0000000085500000| Untracked 
|  54|0x0000000085600000, 0x0000000085600000, 0x0000000085700000|  0%| F|  |TAMS 0x0000000085600000| PB 0x0000000085600000| Untracked 
|  55|0x0000000085700000, 0x0000000085700000, 0x0000000085800000|  0%| F|  |TAMS 0x0000000085700000| PB 0x0000000085700000| Untracked 
|  56|0x0000000085800000, 0x0000000085800000, 0x0000000085900000|  0%| F|  |TAMS 0x0000000085800000| PB 0x0000000085800000| Untracked 
|  57|0x0000000085900000, 0x0000000085900000, 0x0000000085a00000|  0%| F|  |TAMS 0x0000000085900000| PB 0x0000000085900000| Untracked 
|  58|0x0000000085a00000, 0x0000000085a00000, 0x0000000085b00000|  0%| F|  |TAMS 0x0000000085a00000| PB 0x0000000085a00000| Untracked 
|  59|0x0000000085b00000, 0x0000000085b00000, 0x0000000085c00000|  0%| F|  |TAMS 0x0000000085b00000| PB 0x0000000085b00000| Untracked 
|  60|0x0000000085c00000, 0x0000000085c00000, 0x0000000085d00000|  0%| F|  |TAMS 0x0000000085c00000| PB 0x0000000085c00000| Untracked 
|  61|0x0000000085d00000, 0x0000000085d00000, 0x0000000085e00000|  0%| F|  |TAMS 0x0000000085d00000| PB 0x0000000085d00000| Untracked 
|  62|0x0000000085e00000, 0x0000000085e00000, 0x0000000085f00000|  0%| F|  |TAMS 0x0000000085e00000| PB 0x0000000085e00000| Untracked 
|  63|0x0000000085f00000, 0x0000000085f00000, 0x0000000086000000|  0%| F|  |TAMS 0x0000000085f00000| PB 0x0000000085f00000| Untracked 
|  64|0x0000000086000000, 0x0000000086000000, 0x0000000086100000|  0%| F|  |TAMS 0x0000000086000000| PB 0x0000000086000000| Untracked 
|  65|0x0000000086100000, 0x0000000086100000, 0x0000000086200000|  0%| F|  |TAMS 0x0000000086100000| PB 0x0000000086100000| Untracked 
|  66|0x0000000086200000, 0x0000000086200000, 0x0000000086300000|  0%| F|  |TAMS 0x0000000086200000| PB 0x0000000086200000| Untracked 
|  67|0x0000000086300000, 0x0000000086300000, 0x0000000086400000|  0%| F|  |TAMS 0x0000000086300000| PB 0x0000000086300000| Untracked 
|  68|0x0000000086400000, 0x0000000086400000, 0x0000000086500000|  0%| F|  |TAMS 0x0000000086400000| PB 0x0000000086400000| Untracked 
|  69|0x0000000086500000, 0x0000000086500000, 0x0000000086600000|  0%| F|  |TAMS 0x0000000086500000| PB 0x0000000086500000| Untracked 
|  70|0x0000000086600000, 0x0000000086600000, 0x0000000086700000|  0%| F|  |TAMS 0x0000000086600000| PB 0x0000000086600000| Untracked 
|  71|0x0000000086700000, 0x0000000086700000, 0x0000000086800000|  0%| F|  |TAMS 0x0000000086700000| PB 0x0000000086700000| Untracked 
|  72|0x0000000086800000, 0x0000000086800000, 0x0000000086900000|  0%| F|  |TAMS 0x0000000086800000| PB 0x0000000086800000| Untracked 
|  73|0x0000000086900000, 0x0000000086900000, 0x0000000086a00000|  0%| F|  |TAMS 0x0000000086900000| PB 0x0000000086900000| Untracked 
|  74|0x0000000086a00000, 0x0000000086a00000, 0x0000000086b00000|  0%| F|  |TAMS 0x0000000086a00000| PB 0x0000000086a00000| Untracked 
|  75|0x0000000086b00000, 0x0000000086b00000, 0x0000000086c00000|  0%| F|  |TAMS 0x0000000086b00000| PB 0x0000000086b00000| Untracked 
|  76|0x0000000086c00000, 0x0000000086c00000, 0x0000000086d00000|  0%| F|  |TAMS 0x0000000086c00000| PB 0x0000000086c00000| Untracked 
|  77|0x0000000086d00000, 0x0000000086d00000, 0x0000000086e00000|  0%| F|  |TAMS 0x0000000086d00000| PB 0x0000000086d00000| Untracked 
|  78|0x0000000086e00000, 0x0000000086e00000, 0x0000000086f00000|  0%| F|  |TAMS 0x0000000086e00000| PB 0x0000000086e00000| Untracked 
|  79|0x0000000086f00000, 0x0000000086f00000, 0x0000000087000000|  0%| F|  |TAMS 0x0000000086f00000| PB 0x0000000086f00000| Untracked 
|  80|0x0000000087000000, 0x0000000087000000, 0x0000000087100000|  0%| F|  |TAMS 0x0000000087000000| PB 0x0000000087000000| Untracked 
|  81|0x0000000087100000, 0x0000000087100000, 0x0000000087200000|  0%| F|  |TAMS 0x0000000087100000| PB 0x0000000087100000| Untracked 
|  82|0x0000000087200000, 0x0000000087200000, 0x0000000087300000|  0%| F|  |TAMS 0x0000000087200000| PB 0x0000000087200000| Untracked 
|  83|0x0000000087300000, 0x0000000087300000, 0x0000000087400000|  0%| F|  |TAMS 0x0000000087300000| PB 0x0000000087300000| Untracked 
|  84|0x0000000087400000, 0x0000000087400000, 0x0000000087500000|  0%| F|  |TAMS 0x0000000087400000| PB 0x0000000087400000| Untracked 
|  85|0x0000000087500000, 0x0000000087500000, 0x0000000087600000|  0%| F|  |TAMS 0x0000000087500000| PB 0x0000000087500000| Untracked 
|  86|0x0000000087600000, 0x0000000087600000, 0x0000000087700000|  0%| F|  |TAMS 0x0000000087600000| PB 0x0000000087600000| Untracked 
|  87|0x0000000087700000, 0x0000000087700000, 0x0000000087800000|  0%| F|  |TAMS 0x0000000087700000| PB 0x0000000087700000| Untracked 
|  88|0x0000000087800000, 0x0000000087800000, 0x0000000087900000|  0%| F|  |TAMS 0x0000000087800000| PB 0x0000000087800000| Untracked 
|  89|0x0000000087900000, 0x0000000087900000, 0x0000000087a00000|  0%| F|  |TAMS 0x0000000087900000| PB 0x0000000087900000| Untracked 
|  90|0x0000000087a00000, 0x0000000087a00000, 0x0000000087b00000|  0%| F|  |TAMS 0x0000000087a00000| PB 0x0000000087a00000| Untracked 
|  91|0x0000000087b00000, 0x0000000087b00000, 0x0000000087c00000|  0%| F|  |TAMS 0x0000000087b00000| PB 0x0000000087b00000| Untracked 
|  92|0x0000000087c00000, 0x0000000087c00000, 0x0000000087d00000|  0%| F|  |TAMS 0x0000000087c00000| PB 0x0000000087c00000| Untracked 
|  93|0x0000000087d00000, 0x0000000087d00000, 0x0000000087e00000|  0%| F|  |TAMS 0x0000000087d00000| PB 0x0000000087d00000| Untracked 
|  94|0x0000000087e00000, 0x0000000087e00000, 0x0000000087f00000|  0%| F|  |TAMS 0x0000000087e00000| PB 0x0000000087e00000| Untracked 
|  95|0x0000000087f00000, 0x0000000087f00000, 0x0000000088000000|  0%| F|  |TAMS 0x0000000087f00000| PB 0x0000000087f00000| Untracked 
|  96|0x0000000088000000, 0x0000000088000000, 0x0000000088100000|  0%| F|  |TAMS 0x0000000088000000| PB 0x0000000088000000| Untracked 
|  97|0x0000000088100000, 0x0000000088100000, 0x0000000088200000|  0%| F|  |TAMS 0x0000000088100000| PB 0x0000000088100000| Untracked 
|  98|0x0000000088200000, 0x0000000088200000, 0x0000000088300000|  0%| F|  |TAMS 0x0000000088200000| PB 0x0000000088200000| Untracked 
|  99|0x0000000088300000, 0x0000000088300000, 0x0000000088400000|  0%| F|  |TAMS 0x0000000088300000| PB 0x0000000088300000| Untracked 
| 100|0x0000000088400000, 0x0000000088500000, 0x0000000088500000|100%| S|CS|TAMS 0x0000000088400000| PB 0x0000000088400000| Complete 
| 101|0x0000000088500000, 0x0000000088600000, 0x0000000088600000|100%| S|CS|TAMS 0x0000000088500000| PB 0x0000000088500000| Complete 
| 102|0x0000000088600000, 0x0000000088700000, 0x0000000088700000|100%| S|CS|TAMS 0x0000000088600000| PB 0x0000000088600000| Complete 
| 103|0x0000000088700000, 0x0000000088700000, 0x0000000088800000|  0%| F|  |TAMS 0x0000000088700000| PB 0x0000000088700000| Untracked 
| 104|0x0000000088800000, 0x0000000088800000, 0x0000000088900000|  0%| F|  |TAMS 0x0000000088800000| PB 0x0000000088800000| Untracked 
| 105|0x0000000088900000, 0x0000000088900000, 0x0000000088a00000|  0%| F|  |TAMS 0x0000000088900000| PB 0x0000000088900000| Untracked 
| 106|0x0000000088a00000, 0x0000000088a00000, 0x0000000088b00000|  0%| F|  |TAMS 0x0000000088a00000| PB 0x0000000088a00000| Untracked 
| 107|0x0000000088b00000, 0x0000000088b00000, 0x0000000088c00000|  0%| F|  |TAMS 0x0000000088b00000| PB 0x0000000088b00000| Untracked 
| 108|0x0000000088c00000, 0x0000000088c00000, 0x0000000088d00000|  0%| F|  |TAMS 0x0000000088c00000| PB 0x0000000088c00000| Untracked 
| 109|0x0000000088d00000, 0x0000000088d00000, 0x0000000088e00000|  0%| F|  |TAMS 0x0000000088d00000| PB 0x0000000088d00000| Untracked 
| 110|0x0000000088e00000, 0x0000000088e00000, 0x0000000088f00000|  0%| F|  |TAMS 0x0000000088e00000| PB 0x0000000088e00000| Untracked 
| 111|0x0000000088f00000, 0x0000000088f00000, 0x0000000089000000|  0%| F|  |TAMS 0x0000000088f00000| PB 0x0000000088f00000| Untracked 
| 112|0x0000000089000000, 0x0000000089000000, 0x0000000089100000|  0%| F|  |TAMS 0x0000000089000000| PB 0x0000000089000000| Untracked 
| 113|0x0000000089100000, 0x0000000089100000, 0x0000000089200000|  0%| F|  |TAMS 0x0000000089100000| PB 0x0000000089100000| Untracked 
| 114|0x0000000089200000, 0x0000000089200000, 0x0000000089300000|  0%| F|  |TAMS 0x0000000089200000| PB 0x0000000089200000| Untracked 
| 115|0x0000000089300000, 0x0000000089300000, 0x0000000089400000|  0%| F|  |TAMS 0x0000000089300000| PB 0x0000000089300000| Untracked 
| 116|0x0000000089400000, 0x0000000089400000, 0x0000000089500000|  0%| F|  |TAMS 0x0000000089400000| PB 0x0000000089400000| Untracked 
| 117|0x0000000089500000, 0x0000000089500000, 0x0000000089600000|  0%| F|  |TAMS 0x0000000089500000| PB 0x0000000089500000| Untracked 
| 118|0x0000000089600000, 0x00000000896bfba0, 0x0000000089700000| 74%| E|  |TAMS 0x0000000089600000| PB 0x0000000089600000| Complete 
| 119|0x0000000089700000, 0x0000000089800000, 0x0000000089800000|100%| E|CS|TAMS 0x0000000089700000| PB 0x0000000089700000| Complete 
| 120|0x0000000089800000, 0x0000000089900000, 0x0000000089900000|100%| E|CS|TAMS 0x0000000089800000| PB 0x0000000089800000| Complete 
| 121|0x0000000089900000, 0x0000000089a00000, 0x0000000089a00000|100%| E|CS|TAMS 0x0000000089900000| PB 0x0000000089900000| Complete 
| 122|0x0000000089a00000, 0x0000000089b00000, 0x0000000089b00000|100%| E|CS|TAMS 0x0000000089a00000| PB 0x0000000089a00000| Complete 
| 123|0x0000000089b00000, 0x0000000089c00000, 0x0000000089c00000|100%| E|CS|TAMS 0x0000000089b00000| PB 0x0000000089b00000| Complete 
| 124|0x0000000089c00000, 0x0000000089d00000, 0x0000000089d00000|100%| E|CS|TAMS 0x0000000089c00000| PB 0x0000000089c00000| Complete 
| 125|0x0000000089d00000, 0x0000000089e00000, 0x0000000089e00000|100%| E|CS|TAMS 0x0000000089d00000| PB 0x0000000089d00000| Complete 

Card table byte_map: [0x00000245e96f0000,0x00000245e9ae0000] _byte_map_base: 0x00000245e92e0000

Marking Bits: (CMBitMap*) 0x00000245d1ba7250
 Bits: [0x00000245e9ae0000, 0x00000245eba60000)

Polling page: 0x00000245cfab0000

Metaspace:

Usage:
  Non-class:     10.39 MB used.
      Class:      1.41 MB used.
       Both:     11.80 MB used.

Virtual space:
  Non-class space:       64.00 MB reserved,      10.56 MB ( 17%) committed,  1 nodes.
      Class space:        1.00 GB reserved,       1.56 MB ( <1%) committed,  1 nodes.
             Both:        1.06 GB reserved,      12.12 MB (  1%) committed. 

Chunk freelists:
   Non-Class:  5.38 MB
       Class:  14.38 MB
        Both:  19.75 MB

MaxMetaspaceSize: unlimited
CompressedClassSpaceSize: 1.00 GB
Initial GC threshold: 21.00 MB
Current GC threshold: 21.00 MB
CDS: on
 - commit_granule_bytes: 65536.
 - commit_granule_words: 8192.
 - virtual_space_node_default_size: 8388608.
 - enlarge_chunks_in_place: 1.
 - use_allocation_guard: 0.


Internal statistics:

num_allocs_failed_limit: 0.
num_arena_births: 326.
num_arena_deaths: 0.
num_vsnodes_births: 2.
num_vsnodes_deaths: 0.
num_space_committed: 194.
num_space_uncommitted: 0.
num_chunks_returned_to_freelist: 0.
num_chunks_taken_from_freelist: 595.
num_chunk_merges: 0.
num_chunk_splits: 351.
num_chunks_enlarged: 197.
num_inconsistent_stats: 0.

CodeHeap 'non-profiled nmethods': size=120000Kb used=534Kb max_used=534Kb free=119465Kb
 bounds [0x00000245e1a90000, 0x00000245e1d00000, 0x00000245e8fc0000]
CodeHeap 'profiled nmethods': size=120000Kb used=3345Kb max_used=3345Kb free=116654Kb
 bounds [0x00000245d9fc0000, 0x00000245da310000, 0x00000245e14f0000]
CodeHeap 'non-nmethods': size=5760Kb used=1447Kb max_used=1471Kb free=4312Kb
 bounds [0x00000245e14f0000, 0x00000245e1760000, 0x00000245e1a90000]
 total_blobs=2309 nmethods=1775 adapters=438
 compilation: enabled
              stopped_count=0, restarted_count=0
 full_count=0

Compilation events (20 events):
Event: 61.263 Thread 0x00000245ee4a18f0 1709       3       java.lang.invoke.BoundMethodHandle::bindArgumentL (11 bytes)
Event: 61.263 Thread 0x00000245ee4a18f0 nmethod 1709 0x00000245da2e5a90 code [0x00000245da2e5c80, 0x00000245da2e6160]
Event: 61.263 Thread 0x00000245ee4a18f0 1710       3       java.lang.invoke.LambdaFormEditor::bindArgumentL (59 bytes)
Event: 61.264 Thread 0x00000245ee4a18f0 nmethod 1710 0x00000245da2e6390 code [0x00000245da2e6560, 0x00000245da2e6810]
Event: 61.264 Thread 0x00000245ee4a18f0 1711       3       jdk.internal.misc.Unsafe::putIntUnaligned (79 bytes)
Event: 61.264 Thread 0x00000245ee4a18f0 nmethod 1711 0x00000245da2e6990 code [0x00000245da2e6b60, 0x00000245da2e6f08]
Event: 61.264 Thread 0x00000245ee4a18f0 1712       3       jdk.internal.misc.Unsafe::putIntUnaligned (14 bytes)
Event: 61.264 Thread 0x00000245ee4a18f0 nmethod 1712 0x00000245da2e7010 code [0x00000245da2e71c0, 0x00000245da2e7408]
Event: 61.264 Thread 0x00000245ee4a18f0 1713       3       java.security.AccessController::executePrivileged (65 bytes)
Event: 61.264 Thread 0x00000245ee4a18f0 nmethod 1713 0x00000245da2e7510 code [0x00000245da2e76e0, 0x00000245da2e79e8]
Event: 61.265 Thread 0x00000245ee4a18f0 1714       3       java.util.stream.AbstractPipeline::sourceSpliterator (265 bytes)
Event: 61.266 Thread 0x00000245ee4a18f0 nmethod 1714 0x00000245da2e7b90 code [0x00000245da2e7e40, 0x00000245da2e8e30]
Event: 61.266 Thread 0x00000245ee4a18f0 1716       3       jdk.internal.misc.Unsafe::getAndAddLong (27 bytes)
Event: 61.266 Thread 0x00000245ee4a18f0 nmethod 1716 0x00000245da2e9390 code [0x00000245da2e9540, 0x00000245da2e9780]
Event: 61.266 Thread 0x00000245ee4a18f0 1715       3       java.util.stream.Sink::end (1 bytes)
Event: 61.266 Thread 0x00000245ee4a18f0 nmethod 1715 0x00000245da2e9890 code [0x00000245da2e9a20, 0x00000245da2e9b28]
Event: 61.266 Thread 0x00000245ee4a18f0 1717       3       java.util.ArrayList::clear (43 bytes)
Event: 61.266 Thread 0x00000245ee4a18f0 nmethod 1717 0x00000245da2e9b90 code [0x00000245da2e9d40, 0x00000245da2ea0b8]
Event: 61.266 Thread 0x00000245ee4a18f0 1718       3       jdk.internal.net.http.Http1HeaderParser::get (10 bytes)
Event: 61.267 Thread 0x00000245ee4a18f0 nmethod 1718 0x00000245da2ea210 code [0x00000245da2ea3c0, 0x00000245da2ea5a0]

GC Heap History (2 events):
Event: 18.689 GC heap before
{Heap before GC invocations=0 (full 0):
 garbage-first heap   total 129024K, used 23552K [0x0000000082000000, 0x0000000100000000)
  region size 1024K, 23 young (23552K), 0 survivors (0K)
 Metaspace       used 9393K, committed 9664K, reserved 1114112K
  class space    used 1084K, committed 1216K, reserved 1048576K
}
Event: 18.714 GC heap after
{Heap after GC invocations=1 (full 0):
 garbage-first heap   total 129024K, used 6698K [0x0000000082000000, 0x0000000100000000)
  region size 1024K, 3 young (3072K), 3 survivors (3072K)
 Metaspace       used 9393K, committed 9664K, reserved 1114112K
  class space    used 1084K, committed 1216K, reserved 1048576K
}

Dll operation events (10 events):
Event: 0.007 Loaded shared library C:\Program Files\Java\jdk-21\bin\java.dll
Event: 0.037 Loaded shared library C:\Program Files\Java\jdk-21\bin\jsvml.dll
Event: 0.168 Loaded shared library C:\Program Files\Java\jdk-21\bin\net.dll
Event: 0.170 Loaded shared library C:\Program Files\Java\jdk-21\bin\nio.dll
Event: 0.172 Loaded shared library C:\Program Files\Java\jdk-21\bin\zip.dll
Event: 0.230 Loaded shared library C:\Program Files\Java\jdk-21\bin\jimage.dll
Event: 0.342 Loaded shared library C:\Program Files\Java\jdk-21\bin\extnet.dll
Event: 0.386 Loaded shared library C:\Program Files\Java\jdk-21\bin\management.dll
Event: 0.388 Loaded shared library C:\Program Files\Java\jdk-21\bin\management_ext.dll
Event: 11.294 Loaded shared library C:\Program Files\Java\jdk-21\bin\sunmscapi.dll

Deoptimization events (20 events):
Event: 19.222 Thread 0x00000245f3454a70 Uncommon trap: trap_request=0xffffffde fr.pc=0x00000245e1b064dc relative=0x000000000000013c
Event: 19.222 Thread 0x00000245f3454a70 Uncommon trap: reason=class_check action=maybe_recompile pc=0x00000245e1b064dc method=jdk.internal.misc.Unsafe.allocateUninitializedArray(Ljava/lang/Class;I)Ljava/lang/Object; @ 51 c2
Event: 19.222 Thread 0x00000245f3454a70 DEOPT PACKING pc=0x00000245e1b064dc sp=0x00000082c69fd570
Event: 19.222 Thread 0x00000245f3454a70 DEOPT UNPACKING pc=0x00000245e15446a2 sp=0x00000082c69fd4e8 mode 2
Event: 19.222 Thread 0x00000245f3454a70 Uncommon trap: trap_request=0xffffffde fr.pc=0x00000245e1b064dc relative=0x000000000000013c
Event: 19.222 Thread 0x00000245f3454a70 Uncommon trap: reason=class_check action=maybe_recompile pc=0x00000245e1b064dc method=jdk.internal.misc.Unsafe.allocateUninitializedArray(Ljava/lang/Class;I)Ljava/lang/Object; @ 51 c2
Event: 19.222 Thread 0x00000245f3454a70 DEOPT PACKING pc=0x00000245e1b064dc sp=0x00000082c69fd520
Event: 19.222 Thread 0x00000245f3454a70 DEOPT UNPACKING pc=0x00000245e15446a2 sp=0x00000082c69fd498 mode 2
Event: 19.224 Thread 0x00000245f3454a70 Uncommon trap: trap_request=0xffffffde fr.pc=0x00000245e1b064dc relative=0x000000000000013c
Event: 19.224 Thread 0x00000245f3454a70 Uncommon trap: reason=class_check action=maybe_recompile pc=0x00000245e1b064dc method=jdk.internal.misc.Unsafe.allocateUninitializedArray(Ljava/lang/Class;I)Ljava/lang/Object; @ 51 c2
Event: 19.224 Thread 0x00000245f3454a70 DEOPT PACKING pc=0x00000245e1b064dc sp=0x00000082c69f9f00
Event: 19.224 Thread 0x00000245f3454a70 DEOPT UNPACKING pc=0x00000245e15446a2 sp=0x00000082c69f9e78 mode 2
Event: 19.224 Thread 0x00000245f3454a70 Uncommon trap: trap_request=0xffffffde fr.pc=0x00000245e1b064dc relative=0x000000000000013c
Event: 19.224 Thread 0x00000245f3454a70 Uncommon trap: reason=class_check action=maybe_recompile pc=0x00000245e1b064dc method=jdk.internal.misc.Unsafe.allocateUninitializedArray(Ljava/lang/Class;I)Ljava/lang/Object; @ 51 c2
Event: 19.224 Thread 0x00000245f3454a70 DEOPT PACKING pc=0x00000245e1b064dc sp=0x00000082c69f9eb0
Event: 19.224 Thread 0x00000245f3454a70 DEOPT UNPACKING pc=0x00000245e15446a2 sp=0x00000082c69f9e28 mode 2
Event: 59.167 Thread 0x00000245d1b55810 Uncommon trap: trap_request=0xffffffde fr.pc=0x00000245e1ae41fc relative=0x000000000000053c
Event: 59.167 Thread 0x00000245d1b55810 Uncommon trap: reason=class_check action=maybe_recompile pc=0x00000245e1ae41fc method=java.util.HashMap.putVal(ILjava/lang/Object;Ljava/lang/Object;ZZ)Ljava/lang/Object; @ 253 c2
Event: 59.167 Thread 0x00000245d1b55810 DEOPT PACKING pc=0x00000245e1ae41fc sp=0x00000082c48fe290
Event: 59.167 Thread 0x00000245d1b55810 DEOPT UNPACKING pc=0x00000245e15446a2 sp=0x00000082c48fe220 mode 2

Classes loaded (20 events):
Event: 59.265 Loading class jdk/internal/access/JavaUtilCollectionAccess
Event: 59.312 Loading class jdk/internal/access/JavaUtilCollectionAccess done
Event: 59.312 Loading class java/util/ImmutableCollections$Access$1 done
Event: 60.288 Loading class java/util/LinkedList$DescendingIterator
Event: 60.288 Loading class java/util/LinkedList$DescendingIterator done
Event: 60.290 Loading class java/util/concurrent/locks/ReadWriteLock
Event: 60.373 Loading class java/util/concurrent/locks/ReadWriteLock done
Event: 60.406 Loading class java/util/concurrent/locks/ReentrantReadWriteLock
Event: 60.507 Loading class java/util/concurrent/locks/ReentrantReadWriteLock done
Event: 60.507 Loading class java/util/concurrent/locks/ReentrantReadWriteLock$FairSync
Event: 60.554 Loading class java/util/concurrent/locks/ReentrantReadWriteLock$Sync
Event: 60.634 Loading class java/util/concurrent/locks/ReentrantReadWriteLock$Sync done
Event: 60.634 Loading class java/util/concurrent/locks/ReentrantReadWriteLock$FairSync done
Event: 60.634 Loading class java/util/concurrent/locks/ReentrantReadWriteLock$Sync$ThreadLocalHoldCounter
Event: 60.634 Loading class java/util/concurrent/locks/ReentrantReadWriteLock$Sync$ThreadLocalHoldCounter done
Event: 60.635 Loading class java/util/concurrent/locks/ReentrantReadWriteLock$ReadLock
Event: 60.635 Loading class java/util/concurrent/locks/ReentrantReadWriteLock$ReadLock done
Event: 60.635 Loading class java/util/concurrent/locks/ReentrantReadWriteLock$WriteLock
Event: 60.635 Loading class java/util/concurrent/locks/ReentrantReadWriteLock$WriteLock done
Event: 61.267 Loading class sun/net/www/HeaderParser

Classes unloaded (0 events):
No events

Classes redefined (0 events):
No events

Internal exceptions (20 events):
Event: 11.657 Thread 0x00000245d1b55810 Exception <a 'java/lang/NoSuchMethodError'{0x0000000088803b10}: 'int java.lang.invoke.DirectMethodHandle$Holder.invokeSpecialIFC(java.lang.Object, java.lang.Object, java.lang.Object, java.lang.Object)'> (0x0000000088803b10) 
thrown [s\open\src\hotspot\share\interpreter\linkResolver.cpp, line 773]
Event: 11.661 Thread 0x00000245d1b55810 Exception <a 'java/lang/NoSuchMethodError'{0x0000000088826298}: 'java.lang.Object java.lang.invoke.DirectMethodHandle$Holder.invokeVirtual(java.lang.Object, java.lang.Object, java.lang.Object, java.lang.Object)'> (0x0000000088826298) 
thrown [s\open\src\hotspot\share\interpreter\linkResolver.cpp, line 773]
Event: 16.873 Thread 0x00000245ee9850f0 Exception <a 'java/net/ConnectException'{0x000000008870acd8}: Connection refused: getsockopt> (0x000000008870acd8) 
thrown [s\open\src\hotspot\share\prims\jni.cpp, line 539]
Event: 16.892 Thread 0x00000245ee9850f0 Exception <a 'java/net/ConnectException'{0x000000008870bdc8}: Connection refused: getsockopt> (0x000000008870bdc8) 
thrown [s\open\src\hotspot\share\prims\jni.cpp, line 539]
Event: 16.923 Thread 0x00000245ee9850f0 Exception <a 'java/net/ConnectException'{0x000000008870cce0}: Connection refused: getsockopt> (0x000000008870cce0) 
thrown [s\open\src\hotspot\share\prims\jni.cpp, line 539]
Event: 16.969 Thread 0x00000245ee9850f0 Exception <a 'java/net/ConnectException'{0x000000008870dbf8}: Connection refused: getsockopt> (0x000000008870dbf8) 
thrown [s\open\src\hotspot\share\prims\jni.cpp, line 539]
Event: 17.078 Thread 0x00000245ee9850f0 Exception <a 'java/net/ConnectException'{0x000000008870eb10}: Connection refused: getsockopt> (0x000000008870eb10) 
thrown [s\open\src\hotspot\share\prims\jni.cpp, line 539]
Event: 17.263 Thread 0x00000245ee9850f0 Exception <a 'java/net/ConnectException'{0x000000008870fa28}: Connection refused: getsockopt> (0x000000008870fa28) 
thrown [s\open\src\hotspot\share\prims\jni.cpp, line 539]
Event: 17.590 Thread 0x00000245ee9850f0 Exception <a 'java/net/ConnectException'{0x0000000088710940}: Connection refused: getsockopt> (0x0000000088710940) 
thrown [s\open\src\hotspot\share\prims\jni.cpp, line 539]
Event: 17.917 Thread 0x00000245ee9850f0 Exception <a 'java/net/ConnectException'{0x0000000088711858}: Connection refused: getsockopt> (0x0000000088711858) 
thrown [s\open\src\hotspot\share\prims\jni.cpp, line 539]
Event: 18.244 Thread 0x00000245ee9850f0 Exception <a 'java/net/ConnectException'{0x0000000088712770}: Connection refused: getsockopt> (0x0000000088712770) 
thrown [s\open\src\hotspot\share\prims\jni.cpp, line 539]
Event: 18.715 Thread 0x00000245d1b55810 Exception <a 'java/lang/NoSuchMethodError'{0x0000000089d06380}: 'java.lang.Object java.lang.invoke.DirectMethodHandle$Holder.newInvokeSpecial(java.lang.Object, java.lang.Object, int, int)'> (0x0000000089d06380) 
thrown [s\open\src\hotspot\share\interpreter\linkResolver.cpp, line 773]
Event: 18.716 Thread 0x00000245d1b55810 Exception <a 'java/lang/NoSuchMethodError'{0x0000000089d10630}: 'void java.lang.invoke.DirectMethodHandle$Holder.invokeStatic(java.lang.Object, java.lang.Object, int)'> (0x0000000089d10630) 
thrown [s\open\src\hotspot\share\interpreter\linkResolver.cpp, line 773]
Event: 18.750 Thread 0x00000245d1b55810 Exception <a 'java/lang/NoSuchMethodError'{0x0000000089c23d80}: 'java.lang.Object java.lang.invoke.DirectMethodHandle$Holder.newInvokeSpecial(java.lang.Object, java.lang.Object, java.lang.Object, java.lang.Object, java.lang.Object)'> (0x0000000089c23d80) 
thrown [s\open\src\hotspot\share\interpreter\linkResolver.cpp, line 773]
Event: 19.196 Thread 0x00000245f3454a70 Exception <a 'java/lang/NoSuchMethodError'{0x0000000089b92d90}: 'java.lang.Object java.lang.invoke.DirectMethodHandle$Holder.invokeSpecial(java.lang.Object, java.lang.Object, java.lang.Object, java.lang.Object, int)'> (0x0000000089b92d90) 
thrown [s\open\src\hotspot\share\interpreter\linkResolver.cpp, line 773]
Event: 19.196 Thread 0x00000245f3454a70 Exception <a 'java/lang/NoSuchMethodError'{0x0000000089b96a18}: 'java.lang.Object java.lang.invoke.Invokers$Holder.linkToTargetMethod(java.lang.Object, java.lang.Object, int, java.lang.Object)'> (0x0000000089b96a18) 
thrown [s\open\src\hotspot\share\interpreter\linkResolver.cpp, line 773]
Event: 19.213 Thread 0x00000245f3454a70 Exception <a 'java/lang/NoSuchMethodError'{0x0000000089bae580}: 'void java.lang.invoke.DirectMethodHandle$Holder.invokeSpecial(java.lang.Object, java.lang.Object, java.lang.Object)'> (0x0000000089bae580) 
thrown [s\open\src\hotspot\share\interpreter\linkResolver.cpp, line 773]
Event: 19.221 Thread 0x00000245f3454a70 Exception <a 'java/lang/NoSuchMethodError'{0x0000000089bda1e8}: 'void java.lang.invoke.DirectMethodHandle$Holder.invokeSpecial(java.lang.Object, java.lang.Object, java.lang.Object, java.lang.Object, java.lang.Object)'> (0x0000000089bda1e8) 
thrown [s\open\src\hotspot\share\interpreter\linkResolver.cpp, line 773]
Event: 58.824 Thread 0x00000245f34543e0 Exception <a 'java/lang/NoSuchMethodError'{0x000000008991ffd8}: 'void java.lang.invoke.DirectMethodHandle$Holder.invokeSpecial(java.lang.Object, java.lang.Object, java.lang.Object, java.lang.Object, java.lang.Object, java.lang.Object, java.lang.Object)'> (0x000000008991ffd8) 
thrown [s\open\src\hotspot\share\interpreter\linkResolver.cpp, line 773]
Event: 59.159 Thread 0x00000245d1b55810 Exception <a 'java/lang/NoSuchMethodError'{0x0000000089c996d0}: 'java.lang.Object java.lang.invoke.DirectMethodHandle$Holder.invokeSpecialIFC(java.lang.Object, java.lang.Object, java.lang.Object)'> (0x0000000089c996d0) 
thrown [s\open\src\hotspot\share\interpreter\linkResolver.cpp, line 773]

ZGC Phase Switch (0 events):
No events

VM Operations (20 events):
Event: 18.689 Executing VM operation: G1CollectForAllocation (G1 Evacuation Pause)
Event: 18.714 Executing VM operation: G1CollectForAllocation (G1 Evacuation Pause) done
Event: 19.721 Executing VM operation: Cleanup
Event: 19.721 Executing VM operation: Cleanup done
Event: 23.750 Executing VM operation: Cleanup
Event: 23.750 Executing VM operation: Cleanup done
Event: 57.832 Executing VM operation: HandshakeAllThreads (Deoptimize)
Event: 57.832 Executing VM operation: HandshakeAllThreads (Deoptimize) done
Event: 57.884 Executing VM operation: HandshakeAllThreads (Deoptimize)
Event: 57.885 Executing VM operation: HandshakeAllThreads (Deoptimize) done
Event: 58.899 Executing VM operation: Cleanup
Event: 58.961 Executing VM operation: Cleanup done
Event: 59.971 Executing VM operation: Cleanup
Event: 59.971 Executing VM operation: Cleanup done
Event: 60.189 Executing VM operation: HandshakeAllThreads (HandshakeForDeflation)
Event: 60.189 Executing VM operation: HandshakeAllThreads (HandshakeForDeflation) done
Event: 60.189 Executing VM operation: RendezvousGCThreads
Event: 60.189 Executing VM operation: RendezvousGCThreads done
Event: 61.200 Executing VM operation: Cleanup
Event: 61.261 Executing VM operation: Cleanup done

Events (20 events):
Event: 10.057 Thread 0x00000245ee661970 Thread added: 0x00000245ee661970
Event: 10.370 Thread 0x00000245ee9c6990 Thread added: 0x00000245ee9c6990
Event: 10.530 Thread 0x00000245ee9c6990 Thread exited: 0x00000245ee9c6990
Event: 11.549 Thread 0x00000245f3370070 Thread added: 0x00000245f3370070
Event: 16.755 Thread 0x00000245f32eb670 Thread added: 0x00000245f32eb670
Event: 16.756 Thread 0x00000245f32ebce0 Thread added: 0x00000245f32ebce0
Event: 16.760 Thread 0x00000245ee984a80 Thread added: 0x00000245ee984a80
Event: 16.777 Thread 0x00000245ee9850f0 Thread added: 0x00000245ee9850f0
Event: 18.645 Thread 0x00000245ee986a90 Thread added: 0x00000245ee986a90
Event: 18.868 Thread 0x00000245f3454a70 Thread added: 0x00000245f3454a70
Event: 19.056 Thread 0x00000245f3453d50 Thread added: 0x00000245f3453d50
Event: 19.271 Thread 0x00000245f34543e0 Thread added: 0x00000245f34543e0
Event: 19.273 Thread 0x00000245f34536c0 Thread added: 0x00000245f34536c0
Event: 19.273 Thread 0x00000245f3455100 Thread added: 0x00000245f3455100
Event: 28.668 Thread 0x00000245ee986a90 Thread exited: 0x00000245ee986a90
Event: 60.273 Thread 0x00000245f3451c80 Thread added: 0x00000245f3451c80
Event: 60.274 Thread 0x00000245f3452310 Thread added: 0x00000245f3452310
Event: 60.281 Thread 0x00000245f3453030 Thread added: 0x00000245f3453030
Event: 60.282 Thread 0x00000245f34529a0 Thread added: 0x00000245f34529a0
Event: 60.283 Thread 0x00000245f33e4780 Thread added: 0x00000245f33e4780


Dynamic libraries:
0x00007ff664200000 - 0x00007ff664210000 	C:\Program Files\Java\jdk-21\bin\javaw.exe
0x00007fff6a150000 - 0x00007fff6a367000 	C:\WINDOWS\SYSTEM32\ntdll.dll
0x00007fff687a0000 - 0x00007fff68864000 	C:\WINDOWS\System32\KERNEL32.DLL
0x00007fff67a00000 - 0x00007fff67dd2000 	C:\WINDOWS\System32\KERNELBASE.dll
0x00007fff67560000 - 0x00007fff67671000 	C:\WINDOWS\System32\ucrtbase.dll
0x00007fff52260000 - 0x00007fff52279000 	C:\Program Files\Java\jdk-21\bin\jli.dll
0x00007fff50c50000 - 0x00007fff50c6b000 	C:\Program Files\Java\jdk-21\bin\VCRUNTIME140.dll
0x00007fff688e0000 - 0x00007fff68991000 	C:\WINDOWS\System32\ADVAPI32.dll
0x00007fff68340000 - 0x00007fff683e7000 	C:\WINDOWS\System32\msvcrt.dll
0x00007fff686f0000 - 0x00007fff68798000 	C:\WINDOWS\System32\sechost.dll
0x00007fff67900000 - 0x00007fff67928000 	C:\WINDOWS\System32\bcrypt.dll
0x00007fff68d00000 - 0x00007fff68e14000 	C:\WINDOWS\System32\RPCRT4.dll
0x00007fff68ab0000 - 0x00007fff68c61000 	C:\WINDOWS\System32\USER32.dll
0x00007fff679d0000 - 0x00007fff679f6000 	C:\WINDOWS\System32\win32u.dll
0x00007fff664a0000 - 0x00007fff6673b000 	C:\WINDOWS\WinSxS\amd64_microsoft.windows.common-controls_6595b64144ccf1df_6.0.22621.5547_none_27104afb73855772\COMCTL32.dll
0x00007fff67de0000 - 0x00007fff67e09000 	C:\WINDOWS\System32\GDI32.dll
0x00007fff67430000 - 0x00007fff67553000 	C:\WINDOWS\System32\gdi32full.dll
0x00007fff67930000 - 0x00007fff679ca000 	C:\WINDOWS\System32\msvcp_win.dll
0x00007fff60620000 - 0x00007fff6062a000 	C:\WINDOWS\SYSTEM32\VERSION.dll
0x00007fff69c50000 - 0x00007fff69c81000 	C:\WINDOWS\System32\IMM32.DLL
0x00007fff5e8a0000 - 0x00007fff5e8ac000 	C:\Program Files\Java\jdk-21\bin\vcruntime140_1.dll
0x00007fff287e0000 - 0x00007fff2886e000 	C:\Program Files\Java\jdk-21\bin\msvcp140.dll
0x00007ffeccf40000 - 0x00007ffecdc53000 	C:\Program Files\Java\jdk-21\bin\server\jvm.dll
0x00007fff68c80000 - 0x00007fff68cf1000 	C:\WINDOWS\System32\WS2_32.dll
0x00007fff66b50000 - 0x00007fff66b9d000 	C:\WINDOWS\SYSTEM32\POWRPROF.dll
0x00007fff611f0000 - 0x00007fff61224000 	C:\WINDOWS\SYSTEM32\WINMM.dll
0x00007fff66830000 - 0x00007fff66843000 	C:\WINDOWS\SYSTEM32\UMPDC.dll
0x00007fff65c00000 - 0x00007fff65c18000 	C:\WINDOWS\SYSTEM32\kernel.appcore.dll
0x00007fff5ca10000 - 0x00007fff5ca1a000 	C:\Program Files\Java\jdk-21\bin\jimage.dll
0x00007fff66ba0000 - 0x00007fff66dd3000 	C:\WINDOWS\SYSTEM32\DBGHELP.DLL
0x00007fff67e90000 - 0x00007fff68223000 	C:\WINDOWS\System32\combase.dll
0x00007fff68450000 - 0x00007fff68527000 	C:\WINDOWS\System32\OLEAUT32.dll
0x00007fff66a40000 - 0x00007fff66a72000 	C:\WINDOWS\SYSTEM32\dbgcore.DLL
0x00007fff67740000 - 0x00007fff677bb000 	C:\WINDOWS\System32\bcryptPrimitives.dll
0x00007fff4edb0000 - 0x00007fff4edcf000 	C:\Program Files\Java\jdk-21\bin\java.dll
0x00007fff68ed0000 - 0x00007fff69772000 	C:\WINDOWS\System32\SHELL32.dll
0x00007fff677c0000 - 0x00007fff678ff000 	C:\WINDOWS\System32\wintypes.dll
0x00007fff64a80000 - 0x00007fff6539d000 	C:\WINDOWS\SYSTEM32\windows.storage.dll
0x00007fff68230000 - 0x00007fff6833c000 	C:\WINDOWS\System32\SHCORE.dll
0x00007fff68680000 - 0x00007fff686e9000 	C:\WINDOWS\System32\shlwapi.dll
0x00007fff67170000 - 0x00007fff6719b000 	C:\WINDOWS\SYSTEM32\profapi.dll
0x00007ffed7c70000 - 0x00007ffed7d47000 	C:\Program Files\Java\jdk-21\bin\jsvml.dll
0x00007fff568a0000 - 0x00007fff568b0000 	C:\Program Files\Java\jdk-21\bin\net.dll
0x00007fff60a60000 - 0x00007fff60b8c000 	C:\WINDOWS\SYSTEM32\WINHTTP.dll
0x00007fff66040000 - 0x00007fff660a9000 	C:\WINDOWS\system32\mswsock.dll
0x00007fff4ed90000 - 0x00007fff4eda6000 	C:\Program Files\Java\jdk-21\bin\nio.dll
0x00007fff45cd0000 - 0x00007fff45ce8000 	C:\Program Files\Java\jdk-21\bin\zip.dll
0x00007fff521c0000 - 0x00007fff521c9000 	C:\Program Files\Java\jdk-21\bin\extnet.dll
0x00007fff65620000 - 0x00007fff65718000 	C:\WINDOWS\SYSTEM32\DNSAPI.dll
0x00007fff655f0000 - 0x00007fff6561d000 	C:\WINDOWS\SYSTEM32\IPHLPAPI.DLL
0x00007fff68c70000 - 0x00007fff68c79000 	C:\WINDOWS\System32\NSI.dll
0x00007fff5afd0000 - 0x00007fff5afda000 	C:\Windows\System32\rasadhlp.dll
0x00007fff5bec0000 - 0x00007fff5bf44000 	C:\WINDOWS\System32\fwpuclnt.dll
0x00007fff635d0000 - 0x00007fff635da000 	C:\Program Files\Java\jdk-21\bin\management.dll
0x00007fff55790000 - 0x00007fff5579b000 	C:\Program Files\Java\jdk-21\bin\management_ext.dll
0x00007fff67e80000 - 0x00007fff67e88000 	C:\WINDOWS\System32\PSAPI.DLL
0x00007fff60510000 - 0x00007fff605a7000 	C:\WINDOWS\system32\apphelp.dll
0x00007fff66ee0000 - 0x00007fff66efb000 	C:\WINDOWS\SYSTEM32\CRYPTSP.dll
0x00007fff65b50000 - 0x00007fff65b87000 	C:\WINDOWS\system32\rsaenh.dll
0x00007fff662b0000 - 0x00007fff662d8000 	C:\WINDOWS\SYSTEM32\USERENV.dll
0x00007fff662e0000 - 0x00007fff662ec000 	C:\WINDOWS\SYSTEM32\CRYPTBASE.dll
0x00007fff63600000 - 0x00007fff6360e000 	C:\Program Files\Java\jdk-21\bin\sunmscapi.dll
0x00007fff67240000 - 0x00007fff673a7000 	C:\WINDOWS\System32\CRYPT32.dll
0x00007fff66470000 - 0x00007fff6649d000 	C:\WINDOWS\SYSTEM32\ncrypt.dll
0x00007fff66430000 - 0x00007fff66467000 	C:\WINDOWS\SYSTEM32\NTASN1.dll
0x00007fff57de0000 - 0x00007fff57de8000 	C:\WINDOWS\system32\wshunix.dll

dbghelp: loaded successfully - version: 4.0.5 - missing functions: none
symbol engine: initialized successfully - sym options: 0x614 - pdb path: .;C:\Program Files\Java\jdk-21\bin;C:\WINDOWS\SYSTEM32;C:\WINDOWS\WinSxS\amd64_microsoft.windows.common-controls_6595b64144ccf1df_6.0.22621.5547_none_27104afb73855772;C:\Program Files\Java\jdk-21\bin\server

VM Arguments:
jvm_args: -Dfile.encoding=UTF-8 -Dstdout.encoding=UTF-8 -Dstderr.encoding=UTF-8 -XX:+ShowCodeDetailsInExceptionMessages 
java_command: Action_Method.Click_Action
java_class_path (initial): C:\Users\shend\eclipse-workspace\BASIC-Selenium\target\test-classes;C:\Users\shend\eclipse-workspace\BASIC-Selenium\target\classes;C:\Users\shend\.m2\repository\org\seleniumhq\selenium\selenium-java\4.32.0\selenium-java-4.32.0.jar;C:\Users\shend\.m2\repository\org\seleniumhq\selenium\selenium-api\4.32.0\selenium-api-4.32.0.jar;C:\Users\shend\.m2\repository\org\jspecify\jspecify\1.0.0\jspecify-1.0.0.jar;C:\Users\shend\.m2\repository\org\seleniumhq\selenium\selenium-chrome-driver\4.32.0\selenium-chrome-driver-4.32.0.jar;C:\Users\shend\.m2\repository\com\google\auto\service\auto-service-annotations\1.1.1\auto-service-annotations-1.1.1.jar;C:\Users\shend\.m2\repository\org\seleniumhq\selenium\selenium-chromium-driver\4.32.0\selenium-chromium-driver-4.32.0.jar;C:\Users\shend\.m2\repository\org\seleniumhq\selenium\selenium-json\4.32.0\selenium-json-4.32.0.jar;C:\Users\shend\.m2\repository\org\seleniumhq\selenium\selenium-manager\4.32.0\selenium-manager-4.32.0.jar;C:\Users\shend\.m2\repository\org\seleniumhq\selenium\selenium-devtools-v134\4.32.0\selenium-devtools-v134-4.32.0.jar;C:\Users\shend\.m2\repository\org\seleniumhq\selenium\selenium-devtools-v135\4.32.0\selenium-devtools-v135-4.32.0.jar;C:\Users\shend\.m2\repository\org\seleniumhq\selenium\selenium-devtools-v136\4.32.0\selenium-devtools-v136-4.32.0.jar;C:\Users\shend\.m2\repository\org\seleniumhq\selenium\selenium-edge-driver\4.32.0\selenium-edge-driver-4.32.0.jar;C:\Users\shend\.m2\repository\org\seleniumhq\selenium\selenium-firefox-driver\4.32.0\selenium-firefox-driver-4.32.0.jar;C:\Users\shend\.m2\repository\org\seleniumhq\selenium\selenium-http\4.32.0\selenium-http-4.32.0.jar;C:\Users\shend\.m2\repository\org\seleniumhq\selenium\selenium-ie-driver\4.32.0\selenium-ie-driver-4.32.0.jar;C:\Users\shend\.m2\repository\org\seleniumhq\selenium\selenium-remote-driver\4.32.0\selenium-remote-driver-4.32.0.jar;C:\Users\shend\.m2\repository\com\google\guava\guava\33.4.8-jre\guava-33.4.8-jre.jar;C:\Users\shend\.m2\repository\com\google\guava\failureaccess\1.0.3\failureaccess-1.0.3.jar;C:\Users\shend\.m2\repository\com\google\guava\listenablefuture\9999.0-empty-to-avoid-conflict-with-guava\listenablefuture-9999.0-empty-to-avoid-conflict-with-guava.jar;C:\Users\shend\.m2\repository\com\google\j2objc\j2objc-annotations\3.0.0\j2objc-annotations-3.0.0.jar;C:\Users\shend\.m2\repository\io\opentelemetry\opentelemetry-api\1.49.0\opentelemetry-api-1.49.0.jar;C:\Users\shend\.m2\repository\io\opentelemetry\opentelemetry-context\1.49.0\opentelemetry-context-1.49.0.jar;C:\Users\shend\.m2\repository\io\opentelemetry\opentelemetry-exporter-logging\1.49.0\opentelemetry-exporter-logging-1.49.0.jar;C:\Users\shend\.m2\repository\io\opentelemetry\opentelemetry-sdk-common\1.49.0\opentelemetry-sdk-common-1.49.0.jar;C:\Users\shend\.m2\repository\io\opentelemetry\opentelemetry-sdk-extension-autoconfigure-spi\1.49.0\opentelemetry-sdk-extension-autoconfigure-spi-1.49.0.jar;C:\Users\shend\.m2\repository\io\opentelemetry\opentelemetry-sdk-extension-autoconfigure\1.49.0\opentelemetry-sdk-extension-autoconfigure-1.49.0.jar;C:\Users\shend\.m2\repository\io\opentelemetry\opentelemetry-sdk-trace\1.49.0\opentelemetry-sdk-trace-1.49.0.jar;C:\Users\shend\.m2\repository\io\opentelemetry\opentelemetry-sdk\1.49.0\opentelemetry-sdk-1.49.0.jar;C:\Users\shend\.m2\repository\io\opentelemetry\opentelemetry-sdk-metrics\1.49.0\opentelemetry-sdk-metrics-1.49.0.jar;C:\Users\shend\.m2\repository\io\opentelemetry\opentelemetry-sdk-logs\1.49.0\opentelemetry-sdk-logs-1.49.0.jar;C:\Users\shend\.m2\repository\net\bytebuddy\byte-buddy\1.17.5\byte-buddy-1.17.5.jar;C:\Users\shend\.m2\repository\org\seleniumhq\selenium\selenium-os\4.32.0\selenium-os-4.32.0.jar;C:\Users\shend\.m2\repository\org\apache\commons\commons-exec\1.4.0\commons-exec-1.4.0.jar;C:\Users\shend\.m2\repository\org\seleniumhq\selenium\selenium-safari-driver\4.32.0\selenium-safari-driver-4.32.0.jar;C:\Users\shend\.m2\repository\org\seleniumhq\selenium\selenium-support\4.32.0\selenium-support-4.32.0.jar;C:\Users\shend\.m2\repository\io\github\bonigarcia\webdrivermanager\5.9.2\webdrivermanager-5.9.2.jar;C:\Users\shend\.m2\repository\org\slf4j\slf4j-api\2.0.13\slf4j-api-2.0.13.jar;C:\Users\shend\.m2\repository\com\google\code\gson\gson\2.11.0\gson-2.11.0.jar;C:\Users\shend\.m2\repository\com\google\errorprone\error_prone_annotations\2.27.0\error_prone_annotations-2.27.0.jar;C:\Users\shend\.m2\repository\com\github\docker-java\docker-java\3.4.0\docker-java-3.4.0.jar;C:\Users\shend\.m2\repository\com\github\docker-java\docker-java-core\3.4.0\docker-java-core-3.4.0.jar;C:\Users\shend\.m2\repository\com\github\docker-java\docker-java-api\3.4.0\docker-java-api-3.4.0.jar;C:\Users\shend\.m2\repository\com\fasterxml\jackson\core\jackson-annotations\2.10.3\jackson-annotations-2.10.3.jar;C:\Users\shend\.m2\repository\com\fasterxml\jackson\core\jackson-databind\2.10.3\jackson-databind-2.10.3.jar;C:\Users\shend\.m2\repository\com\fasterxml\jackson\core\jackson-core\2.10.3\jackson-core-2.10.3.jar;C:\Users\shend\.m2\repository\org\slf4j\jcl-over-slf4j\1.7.30\jcl-over-slf4j-1.7.30.jar;C:\Users\shend\.m2\repository\com\github\docker-java\docker-java-transport-httpclient5\3.4.0\docker-java-transport-httpclient5-3.4.0.jar;C:\Users\shend\.m2\repository\com\github\docker-java\docker-java-transport\3.4.0\docker-java-transport-3.4.0.jar;C:\Users\shend\.m2\repository\net\java\dev\jna\jna\5.13.0\jna-5.13.0.jar;C:\Users\shend\.m2\repository\org\brotli\dec\0.1.2\dec-0.1.2.jar;C:\Users\shend\.m2\repository\org\apache\commons\commons-lang3\3.15.0\commons-lang3-3.15.0.jar;C:\Users\shend\.m2\repository\org\apache\commons\commons-compress\1.26.2\commons-compress-1.26.2.jar;C:\Users\shend\.m2\repository\commons-codec\commons-codec\1.17.0\commons-codec-1.17.0.jar;C:\Users\shend\.m2\repository\commons-io\commons-io\2.16.1\commons-io-2.16.1.jar;C:\Users\shend\.m2\repository\org\apache\httpcomponents\client5\httpclient5\5.2.1\httpclient5-5.2.1.jar;C:\Users\shend\.m2\repository\org\apache\httpcomponents\core5\httpcore5\5.2\httpcore5-5.2.jar;C:\Users\shend\.m2\repository\org\apache\httpcomponents\core5\httpcore5-h2\5.2\httpcore5-h2-5.2.jar;C:\Users\shend\eclipse-workspace\ SeleniumProject\target\classes
Launcher Type: SUN_STANDARD

[Global flags]
     intx CICompilerCount                          = 4                                         {product} {ergonomic}
     uint ConcGCThreads                            = 2                                         {product} {ergonomic}
     uint G1ConcRefinementThreads                  = 8                                         {product} {ergonomic}
   size_t G1HeapRegionSize                         = 1048576                                   {product} {ergonomic}
    uintx GCDrainStackTargetSize                   = 64                                        {product} {ergonomic}
   size_t InitialHeapSize                          = 132120576                                 {product} {ergonomic}
   size_t MarkStackSize                            = 4194304                                   {product} {ergonomic}
   size_t MaxHeapSize                              = 2113929216                                {product} {ergonomic}
   size_t MaxNewSize                               = 1267728384                                {product} {ergonomic}
   size_t MinHeapDeltaBytes                        = 1048576                                   {product} {ergonomic}
   size_t MinHeapSize                              = 8388608                                   {product} {ergonomic}
    uintx NonNMethodCodeHeapSize                   = 5839372                                {pd product} {ergonomic}
    uintx NonProfiledCodeHeapSize                  = 122909434                              {pd product} {ergonomic}
    uintx ProfiledCodeHeapSize                     = 122909434                              {pd product} {ergonomic}
    uintx ReservedCodeCacheSize                    = 251658240                              {pd product} {ergonomic}
     bool SegmentedCodeCache                       = true                                      {product} {ergonomic}
     bool ShowCodeDetailsInExceptionMessages       = true                                   {manageable} {command line}
   size_t SoftMaxHeapSize                          = 2113929216                             {manageable} {ergonomic}
     bool UseCompressedOops                        = true                           {product lp64_product} {ergonomic}
     bool UseG1GC                                  = true                                      {product} {ergonomic}
     bool UseLargePagesIndividualAllocation        = false                                  {pd product} {ergonomic}

Logging:
Log output configuration:
 #0: stdout all=warning uptime,level,tags foldmultilines=false
 #1: stderr all=off uptime,level,tags foldmultilines=false

Environment Variables:
JAVA_HOME=C:\Program Files\Java\jdk-21
PATH=F:\oracle\product\10.2.0\db_6\bin;F:\oracle\product\10.2.0\db_1\bin;C:\Program Files\Common Files\Oracle\Java\javapath;C:\Program Files\Java\jdk-21\bin;C:\Users\shend\anaconda3;C:\Users\shend\anaconda3\Library\mingw-w64\bin;C:\Users\shend\anaconda3\Library\usr\bin;C:\Users\shend\anaconda3\Library\bin;C:\Users\shend\anaconda3\Scripts;C:\Users\shend\AppData\Local\Programs\Python\Python312\Scripts\;C:\Users\shend\AppData\Local\Programs\Python\Python312\;C:\Users\shend\AppData\Local\Programs\Python\Launcher\;C:\Users\shend\AppData\Local\Microsoft\WindowsApps;C:\Users\shend\AppData\Local\Programs\Microsoft VS Code\bin
USERNAME=shend
OS=Windows_NT
PROCESSOR_IDENTIFIER=Intel64 Family 6 Model 158 Stepping 10, GenuineIntel
TMP=C:\Users\shend\AppData\Local\Temp
TEMP=C:\Users\shend\AppData\Local\Temp




Periodic native trim disabled

---------------  S Y S T E M  ---------------

OS:
 Windows 11 , 64 bit Build 22621 (10.0.22621.5415)
OS uptime: 0 days 20:18 hours

CPU: total 8 (initial active 8) (4 cores per cpu, 2 threads per core) family 6 model 158 stepping 10 microcode 0xec, cx8, cmov, fxsr, ht, mmx, 3dnowpref, sse, sse2, sse3, ssse3, sse4.1, sse4.2, popcnt, lzcnt, tsc, tscinvbit, avx, avx2, aes, erms, clmul, bmi1, bmi2, adx, fma, vzeroupper, clflush, clflushopt, rdtscp, f16c
Processor Information for all 8 processors :
  Max Mhz: 2400, Current Mhz: 2400, Mhz Limit: 2400

Memory: 4k page, system-wide physical 8063M (428M free)
TotalPageFile size 12142M (AvailPageFile size 110M)
current process WorkingSet (physical memory assigned to process): 98M, peak: 98M
current process commit charge ("private bytes"): 236M, peak: 236M

vm_info: Java HotSpot(TM) 64-Bit Server VM (21.0.4+8-LTS-274) for windows-amd64 JRE (21.0.4+8-LTS-274), built on 2024-06-05T05:23:33Z by "mach5one" with MS VC++ 17.6 (VS2022)

END.
