#
# There is insufficient memory for the Java Runtime Environment to continue.
# Native memory allocation (malloc) failed to allocate 32744 bytes for Chunk::new
# Possible reasons:
#   The system is out of physical RAM or swap space
#   The process is running with CompressedOops enabled, and the Java Heap may be blocking the growth of the native heap
# Possible solutions:
#   Reduce memory load on the system
#   Increase physical memory or swap space
#   Check if swap backing store is full
#   Decrease Java heap size (-Xmx/-Xms)
#   Decrease number of Java threads
#   Decrease Java thread stack sizes (-Xss)
#   Set larger code cache with -XX:ReservedCodeCacheSize=
#   JVM is running with Unscaled Compressed Oops mode in which the Java heap is
#     placed in the first 4GB address space. The Java Heap base address is the
#     maximum limit for the native heap growth. Please use -XX:HeapBaseMinAddress
#     to set the Java Heap base and to place the Java Heap above 4GB virtual address.
# This output file may be truncated or incomplete.
#
#  Out of Memory Error (arena.cpp:168), pid=154356, tid=161024
#
# JRE version: Java(TM) SE Runtime Environment (21.0.4+8) (build 21.0.4+8-LTS-274)
# Java VM: Java HotSpot(TM) 64-Bit Server VM (21.0.4+8-LTS-274, mixed mode, sharing, tiered, compressed oops, compressed class ptrs, g1 gc, windows-amd64)
# No core dump will be written. Minidumps are not enabled by default on client versions of Windows
#

---------------  S U M M A R Y ------------

Command Line: -Dfile.encoding=UTF-8 -Dstdout.encoding=UTF-8 -Dstderr.encoding=UTF-8 -XX:+ShowCodeDetailsInExceptionMessages Relative_Locator.To_Right_Of_Method

Host: Intel(R) Core(TM) i5-9300H CPU @ 2.40GHz, 8 cores, 7G,  Windows 11 , 64 bit Build 22621 (10.0.22621.5415)
Time: Sat Oct  4 02:19:21 2025 India Standard Time elapsed time: 53.124993 seconds (0d 0h 0m 53s)

---------------  T H R E A D  ---------------

Current thread (0x0000015c7f17cb80):  JavaThread "C1 CompilerThread0" daemon [_thread_in_native, id=161024, stack(0x00000036ac000000,0x00000036ac100000) (1024K)]


Current CompileTask:
C1:  53125  601       3       java.net.URLStreamHandler::parseURL (1124 bytes)

Stack: [0x00000036ac000000,0x00000036ac100000]
Native frames: (J=compiled Java code, j=interpreted, Vv=VM code, C=native code)
V  [jvm.dll+0x6c8e59]
V  [jvm.dll+0x853181]
V  [jvm.dll+0x8556ae]
V  [jvm.dll+0x855d83]
V  [jvm.dll+0x27d526]
V  [jvm.dll+0xc4aad]
V  [jvm.dll+0xc4fe3]
V  [jvm.dll+0x13e00e]
V  [jvm.dll+0x13d3a7]
V  [jvm.dll+0x19826b]
V  [jvm.dll+0x198526]
V  [jvm.dll+0x153363]
V  [jvm.dll+0x152ba8]
V  [jvm.dll+0x152df4]
V  [jvm.dll+0x152226]
V  [jvm.dll+0x153ffd]
V  [jvm.dll+0x254d49]
V  [jvm.dll+0x2532da]
V  [jvm.dll+0x3ed426]
V  [jvm.dll+0x7fd65b]
V  [jvm.dll+0x6c753d]
C  [ucrtbase.dll+0x29333]
C  [KERNEL32.DLL+0x1259d]
C  [ntdll.dll+0x5af78]


---------------  P R O C E S S  ---------------

Threads class SMR info:
_java_thread_list=0x0000015c7fabb090, length=12, elements={
0x0000015c600b7950, 0x0000015c7ecfccc0, 0x0000015c7ed01b30, 0x0000015c7ed028f0,
0x0000015c7ed03350, 0x0000015c7ed06dd0, 0x0000015c7f151b00, 0x0000015c7f17c4d0,
0x0000015c7f17cb80, 0x0000015c7f2bafb0, 0x0000015c7f2c3600, 0x0000015c7f974bb0
}

Java Threads: ( => current thread )
  0x0000015c600b7950 JavaThread "main"                              [_thread_in_Java, id=153384, stack(0x00000036ab000000,0x00000036ab100000) (1024K)]
  0x0000015c7ecfccc0 JavaThread "Reference Handler"          daemon [_thread_blocked, id=138808, stack(0x00000036ab900000,0x00000036aba00000) (1024K)]
  0x0000015c7ed01b30 JavaThread "Finalizer"                  daemon [_thread_blocked, id=33776, stack(0x00000036aba00000,0x00000036abb00000) (1024K)]
  0x0000015c7ed028f0 JavaThread "Signal Dispatcher"          daemon [_thread_blocked, id=56628, stack(0x00000036abb00000,0x00000036abc00000) (1024K)]
  0x0000015c7ed03350 JavaThread "Attach Listener"            daemon [_thread_blocked, id=63020, stack(0x00000036abc00000,0x00000036abd00000) (1024K)]
  0x0000015c7ed06dd0 JavaThread "Service Thread"             daemon [_thread_blocked, id=121328, stack(0x00000036abd00000,0x00000036abe00000) (1024K)]
  0x0000015c7f151b00 JavaThread "Monitor Deflation Thread"   daemon [_thread_blocked, id=103988, stack(0x00000036abe00000,0x00000036abf00000) (1024K)]
  0x0000015c7f17c4d0 JavaThread "C2 CompilerThread0"         daemon [_thread_blocked, id=103692, stack(0x00000036abf00000,0x00000036ac000000) (1024K)]
=>0x0000015c7f17cb80 JavaThread "C1 CompilerThread0"         daemon [_thread_in_native, id=161024, stack(0x00000036ac000000,0x00000036ac100000) (1024K)]
  0x0000015c7f2bafb0 JavaThread "Notification Thread"        daemon [_thread_blocked, id=155192, stack(0x00000036ac100000,0x00000036ac200000) (1024K)]
  0x0000015c7f2c3600 JavaThread "Common-Cleaner"             daemon [_thread_blocked, id=3436, stack(0x00000036ac200000,0x00000036ac300000) (1024K)]
  0x0000015c7f974bb0 JavaThread "ForkJoinPool.commonPool-worker-1" daemon [_thread_blocked, id=69308, stack(0x00000036aaf00000,0x00000036ab000000) (1024K)]
Total: 12

Other Threads:
  0x0000015c7ece1cc0 VMThread "VM Thread"                           [id=27500, stack(0x00000036ab800000,0x00000036ab900000) (1024K)]
  0x0000015c7ecc78d0 WatcherThread "VM Periodic Task Thread"        [id=94968, stack(0x00000036ab700000,0x00000036ab800000) (1024K)]
  0x0000015c601068c0 WorkerThread "GC Thread#0"                     [id=158628, stack(0x00000036ab200000,0x00000036ab300000) (1024K)]
  0x0000015c60117430 ConcurrentGCThread "G1 Main Marker"            [id=75528, stack(0x00000036ab300000,0x00000036ab400000) (1024K)]
  0x0000015c60117ee0 WorkerThread "G1 Conc#0"                       [id=137672, stack(0x00000036ab400000,0x00000036ab500000) (1024K)]
  0x0000015c7eb96220 ConcurrentGCThread "G1 Refine#0"               [id=151924, stack(0x00000036ab500000,0x00000036ab600000) (1024K)]
  0x0000015c7eb96ba0 ConcurrentGCThread "G1 Service"                [id=149616, stack(0x00000036ab600000,0x00000036ab700000) (1024K)]
Total: 7

Threads with active compile tasks:
C1 CompilerThread0    53554  601       3       java.net.URLStreamHandler::parseURL (1124 bytes)
Total: 1

VM state: not at safepoint (normal execution)

VM Mutex/Monitor currently owned by a thread: None

Heap address: 0x0000000082000000, size: 2016 MB, Compressed Oops mode: 32-bit

CDS archive(s) mapped at: [0x0000015c02000000-0x0000015c02c90000-0x0000015c02c90000), size 13172736, SharedBaseAddress: 0x0000015c02000000, ArchiveRelocationMode: 1.
Compressed class space mapped at: 0x0000015c03000000-0x0000015c43000000, reserved size: 1073741824
Narrow klass base: 0x0000015c02000000, Narrow klass shift: 0, Narrow klass range: 0x100000000

GC Precious Log:
 CardTable entry size: 512
 Card Set container configuration: InlinePtr #cards 5 size 8 Array Of Cards #cards 12 size 40 Howl #buckets 4 coarsen threshold 1843 Howl Bitmap #cards 512 size 80 coarsen threshold 460 Card regions per heap region 1 cards per card region 2048
 CPUs: 8 total, 8 available
 Memory: 8063M
 Large Page Support: Disabled
 NUMA Support: Disabled
 Compressed Oops: Enabled (32-bit)
 Heap Region Size: 1M
 Heap Min Capacity: 8M
 Heap Initial Capacity: 126M
 Heap Max Capacity: 2016M
 Pre-touch: Disabled
 Parallel Workers: 8
 Concurrent Workers: 2
 Concurrent Refinement Workers: 8
 Periodic GC: Disabled

Heap:
 garbage-first heap   total 129024K, used 19456K [0x0000000082000000, 0x0000000100000000)
  region size 1024K, 20 young (20480K), 0 survivors (0K)
 Metaspace       used 8241K, committed 8512K, reserved 1114112K
  class space    used 958K, committed 1088K, reserved 1048576K

Heap Regions: E=young(eden), S=young(survivor), O=old, HS=humongous(starts), HC=humongous(continues), CS=collection set, F=free, TAMS=top-at-mark-start, PB=parsable bottom
|   0|0x0000000082000000, 0x0000000082100000, 0x0000000082100000|100%|HS|  |TAMS 0x0000000082000000| PB 0x0000000082000000| Complete 
|   1|0x0000000082100000, 0x0000000082100000, 0x0000000082200000|  0%| F|  |TAMS 0x0000000082100000| PB 0x0000000082100000| Untracked 
|   2|0x0000000082200000, 0x0000000082200000, 0x0000000082300000|  0%| F|  |TAMS 0x0000000082200000| PB 0x0000000082200000| Untracked 
|   3|0x0000000082300000, 0x0000000082300000, 0x0000000082400000|  0%| F|  |TAMS 0x0000000082300000| PB 0x0000000082300000| Untracked 
|   4|0x0000000082400000, 0x0000000082400000, 0x0000000082500000|  0%| F|  |TAMS 0x0000000082400000| PB 0x0000000082400000| Untracked 
|   5|0x0000000082500000, 0x0000000082500000, 0x0000000082600000|  0%| F|  |TAMS 0x0000000082500000| PB 0x0000000082500000| Untracked 
|   6|0x0000000082600000, 0x0000000082600000, 0x0000000082700000|  0%| F|  |TAMS 0x0000000082600000| PB 0x0000000082600000| Untracked 
|   7|0x0000000082700000, 0x0000000082700000, 0x0000000082800000|  0%| F|  |TAMS 0x0000000082700000| PB 0x0000000082700000| Untracked 
|   8|0x0000000082800000, 0x0000000082800000, 0x0000000082900000|  0%| F|  |TAMS 0x0000000082800000| PB 0x0000000082800000| Untracked 
|   9|0x0000000082900000, 0x0000000082900000, 0x0000000082a00000|  0%| F|  |TAMS 0x0000000082900000| PB 0x0000000082900000| Untracked 
|  10|0x0000000082a00000, 0x0000000082a00000, 0x0000000082b00000|  0%| F|  |TAMS 0x0000000082a00000| PB 0x0000000082a00000| Untracked 
|  11|0x0000000082b00000, 0x0000000082b00000, 0x0000000082c00000|  0%| F|  |TAMS 0x0000000082b00000| PB 0x0000000082b00000| Untracked 
|  12|0x0000000082c00000, 0x0000000082c00000, 0x0000000082d00000|  0%| F|  |TAMS 0x0000000082c00000| PB 0x0000000082c00000| Untracked 
|  13|0x0000000082d00000, 0x0000000082d00000, 0x0000000082e00000|  0%| F|  |TAMS 0x0000000082d00000| PB 0x0000000082d00000| Untracked 
|  14|0x0000000082e00000, 0x0000000082e00000, 0x0000000082f00000|  0%| F|  |TAMS 0x0000000082e00000| PB 0x0000000082e00000| Untracked 
|  15|0x0000000082f00000, 0x0000000082f00000, 0x0000000083000000|  0%| F|  |TAMS 0x0000000082f00000| PB 0x0000000082f00000| Untracked 
|  16|0x0000000083000000, 0x0000000083000000, 0x0000000083100000|  0%| F|  |TAMS 0x0000000083000000| PB 0x0000000083000000| Untracked 
|  17|0x0000000083100000, 0x0000000083100000, 0x0000000083200000|  0%| F|  |TAMS 0x0000000083100000| PB 0x0000000083100000| Untracked 
|  18|0x0000000083200000, 0x0000000083200000, 0x0000000083300000|  0%| F|  |TAMS 0x0000000083200000| PB 0x0000000083200000| Untracked 
|  19|0x0000000083300000, 0x0000000083300000, 0x0000000083400000|  0%| F|  |TAMS 0x0000000083300000| PB 0x0000000083300000| Untracked 
|  20|0x0000000083400000, 0x0000000083400000, 0x0000000083500000|  0%| F|  |TAMS 0x0000000083400000| PB 0x0000000083400000| Untracked 
|  21|0x0000000083500000, 0x0000000083500000, 0x0000000083600000|  0%| F|  |TAMS 0x0000000083500000| PB 0x0000000083500000| Untracked 
|  22|0x0000000083600000, 0x0000000083600000, 0x0000000083700000|  0%| F|  |TAMS 0x0000000083600000| PB 0x0000000083600000| Untracked 
|  23|0x0000000083700000, 0x0000000083700000, 0x0000000083800000|  0%| F|  |TAMS 0x0000000083700000| PB 0x0000000083700000| Untracked 
|  24|0x0000000083800000, 0x0000000083800000, 0x0000000083900000|  0%| F|  |TAMS 0x0000000083800000| PB 0x0000000083800000| Untracked 
|  25|0x0000000083900000, 0x0000000083900000, 0x0000000083a00000|  0%| F|  |TAMS 0x0000000083900000| PB 0x0000000083900000| Untracked 
|  26|0x0000000083a00000, 0x0000000083a00000, 0x0000000083b00000|  0%| F|  |TAMS 0x0000000083a00000| PB 0x0000000083a00000| Untracked 
|  27|0x0000000083b00000, 0x0000000083b00000, 0x0000000083c00000|  0%| F|  |TAMS 0x0000000083b00000| PB 0x0000000083b00000| Untracked 
|  28|0x0000000083c00000, 0x0000000083c00000, 0x0000000083d00000|  0%| F|  |TAMS 0x0000000083c00000| PB 0x0000000083c00000| Untracked 
|  29|0x0000000083d00000, 0x0000000083d00000, 0x0000000083e00000|  0%| F|  |TAMS 0x0000000083d00000| PB 0x0000000083d00000| Untracked 
|  30|0x0000000083e00000, 0x0000000083e00000, 0x0000000083f00000|  0%| F|  |TAMS 0x0000000083e00000| PB 0x0000000083e00000| Untracked 
|  31|0x0000000083f00000, 0x0000000083f00000, 0x0000000084000000|  0%| F|  |TAMS 0x0000000083f00000| PB 0x0000000083f00000| Untracked 
|  32|0x0000000084000000, 0x0000000084000000, 0x0000000084100000|  0%| F|  |TAMS 0x0000000084000000| PB 0x0000000084000000| Untracked 
|  33|0x0000000084100000, 0x0000000084100000, 0x0000000084200000|  0%| F|  |TAMS 0x0000000084100000| PB 0x0000000084100000| Untracked 
|  34|0x0000000084200000, 0x0000000084200000, 0x0000000084300000|  0%| F|  |TAMS 0x0000000084200000| PB 0x0000000084200000| Untracked 
|  35|0x0000000084300000, 0x0000000084300000, 0x0000000084400000|  0%| F|  |TAMS 0x0000000084300000| PB 0x0000000084300000| Untracked 
|  36|0x0000000084400000, 0x0000000084400000, 0x0000000084500000|  0%| F|  |TAMS 0x0000000084400000| PB 0x0000000084400000| Untracked 
|  37|0x0000000084500000, 0x0000000084500000, 0x0000000084600000|  0%| F|  |TAMS 0x0000000084500000| PB 0x0000000084500000| Untracked 
|  38|0x0000000084600000, 0x0000000084600000, 0x0000000084700000|  0%| F|  |TAMS 0x0000000084600000| PB 0x0000000084600000| Untracked 
|  39|0x0000000084700000, 0x0000000084700000, 0x0000000084800000|  0%| F|  |TAMS 0x0000000084700000| PB 0x0000000084700000| Untracked 
|  40|0x0000000084800000, 0x0000000084800000, 0x0000000084900000|  0%| F|  |TAMS 0x0000000084800000| PB 0x0000000084800000| Untracked 
|  41|0x0000000084900000, 0x0000000084900000, 0x0000000084a00000|  0%| F|  |TAMS 0x0000000084900000| PB 0x0000000084900000| Untracked 
|  42|0x0000000084a00000, 0x0000000084a00000, 0x0000000084b00000|  0%| F|  |TAMS 0x0000000084a00000| PB 0x0000000084a00000| Untracked 
|  43|0x0000000084b00000, 0x0000000084b00000, 0x0000000084c00000|  0%| F|  |TAMS 0x0000000084b00000| PB 0x0000000084b00000| Untracked 
|  44|0x0000000084c00000, 0x0000000084c00000, 0x0000000084d00000|  0%| F|  |TAMS 0x0000000084c00000| PB 0x0000000084c00000| Untracked 
|  45|0x0000000084d00000, 0x0000000084d00000, 0x0000000084e00000|  0%| F|  |TAMS 0x0000000084d00000| PB 0x0000000084d00000| Untracked 
|  46|0x0000000084e00000, 0x0000000084e00000, 0x0000000084f00000|  0%| F|  |TAMS 0x0000000084e00000| PB 0x0000000084e00000| Untracked 
|  47|0x0000000084f00000, 0x0000000084f00000, 0x0000000085000000|  0%| F|  |TAMS 0x0000000084f00000| PB 0x0000000084f00000| Untracked 
|  48|0x0000000085000000, 0x0000000085000000, 0x0000000085100000|  0%| F|  |TAMS 0x0000000085000000| PB 0x0000000085000000| Untracked 
|  49|0x0000000085100000, 0x0000000085100000, 0x0000000085200000|  0%| F|  |TAMS 0x0000000085100000| PB 0x0000000085100000| Untracked 
|  50|0x0000000085200000, 0x0000000085200000, 0x0000000085300000|  0%| F|  |TAMS 0x0000000085200000| PB 0x0000000085200000| Untracked 
|  51|0x0000000085300000, 0x0000000085300000, 0x0000000085400000|  0%| F|  |TAMS 0x0000000085300000| PB 0x0000000085300000| Untracked 
|  52|0x0000000085400000, 0x0000000085400000, 0x0000000085500000|  0%| F|  |TAMS 0x0000000085400000| PB 0x0000000085400000| Untracked 
|  53|0x0000000085500000, 0x0000000085500000, 0x0000000085600000|  0%| F|  |TAMS 0x0000000085500000| PB 0x0000000085500000| Untracked 
|  54|0x0000000085600000, 0x0000000085600000, 0x0000000085700000|  0%| F|  |TAMS 0x0000000085600000| PB 0x0000000085600000| Untracked 
|  55|0x0000000085700000, 0x0000000085700000, 0x0000000085800000|  0%| F|  |TAMS 0x0000000085700000| PB 0x0000000085700000| Untracked 
|  56|0x0000000085800000, 0x0000000085800000, 0x0000000085900000|  0%| F|  |TAMS 0x0000000085800000| PB 0x0000000085800000| Untracked 
|  57|0x0000000085900000, 0x0000000085900000, 0x0000000085a00000|  0%| F|  |TAMS 0x0000000085900000| PB 0x0000000085900000| Untracked 
|  58|0x0000000085a00000, 0x0000000085a00000, 0x0000000085b00000|  0%| F|  |TAMS 0x0000000085a00000| PB 0x0000000085a00000| Untracked 
|  59|0x0000000085b00000, 0x0000000085b00000, 0x0000000085c00000|  0%| F|  |TAMS 0x0000000085b00000| PB 0x0000000085b00000| Untracked 
|  60|0x0000000085c00000, 0x0000000085c00000, 0x0000000085d00000|  0%| F|  |TAMS 0x0000000085c00000| PB 0x0000000085c00000| Untracked 
|  61|0x0000000085d00000, 0x0000000085d00000, 0x0000000085e00000|  0%| F|  |TAMS 0x0000000085d00000| PB 0x0000000085d00000| Untracked 
|  62|0x0000000085e00000, 0x0000000085e00000, 0x0000000085f00000|  0%| F|  |TAMS 0x0000000085e00000| PB 0x0000000085e00000| Untracked 
|  63|0x0000000085f00000, 0x0000000085f00000, 0x0000000086000000|  0%| F|  |TAMS 0x0000000085f00000| PB 0x0000000085f00000| Untracked 
|  64|0x0000000086000000, 0x0000000086000000, 0x0000000086100000|  0%| F|  |TAMS 0x0000000086000000| PB 0x0000000086000000| Untracked 
|  65|0x0000000086100000, 0x0000000086100000, 0x0000000086200000|  0%| F|  |TAMS 0x0000000086100000| PB 0x0000000086100000| Untracked 
|  66|0x0000000086200000, 0x0000000086200000, 0x0000000086300000|  0%| F|  |TAMS 0x0000000086200000| PB 0x0000000086200000| Untracked 
|  67|0x0000000086300000, 0x0000000086300000, 0x0000000086400000|  0%| F|  |TAMS 0x0000000086300000| PB 0x0000000086300000| Untracked 
|  68|0x0000000086400000, 0x0000000086400000, 0x0000000086500000|  0%| F|  |TAMS 0x0000000086400000| PB 0x0000000086400000| Untracked 
|  69|0x0000000086500000, 0x0000000086500000, 0x0000000086600000|  0%| F|  |TAMS 0x0000000086500000| PB 0x0000000086500000| Untracked 
|  70|0x0000000086600000, 0x0000000086600000, 0x0000000086700000|  0%| F|  |TAMS 0x0000000086600000| PB 0x0000000086600000| Untracked 
|  71|0x0000000086700000, 0x0000000086700000, 0x0000000086800000|  0%| F|  |TAMS 0x0000000086700000| PB 0x0000000086700000| Untracked 
|  72|0x0000000086800000, 0x0000000086800000, 0x0000000086900000|  0%| F|  |TAMS 0x0000000086800000| PB 0x0000000086800000| Untracked 
|  73|0x0000000086900000, 0x0000000086900000, 0x0000000086a00000|  0%| F|  |TAMS 0x0000000086900000| PB 0x0000000086900000| Untracked 
|  74|0x0000000086a00000, 0x0000000086a00000, 0x0000000086b00000|  0%| F|  |TAMS 0x0000000086a00000| PB 0x0000000086a00000| Untracked 
|  75|0x0000000086b00000, 0x0000000086b00000, 0x0000000086c00000|  0%| F|  |TAMS 0x0000000086b00000| PB 0x0000000086b00000| Untracked 
|  76|0x0000000086c00000, 0x0000000086c00000, 0x0000000086d00000|  0%| F|  |TAMS 0x0000000086c00000| PB 0x0000000086c00000| Untracked 
|  77|0x0000000086d00000, 0x0000000086d00000, 0x0000000086e00000|  0%| F|  |TAMS 0x0000000086d00000| PB 0x0000000086d00000| Untracked 
|  78|0x0000000086e00000, 0x0000000086e00000, 0x0000000086f00000|  0%| F|  |TAMS 0x0000000086e00000| PB 0x0000000086e00000| Untracked 
|  79|0x0000000086f00000, 0x0000000086f00000, 0x0000000087000000|  0%| F|  |TAMS 0x0000000086f00000| PB 0x0000000086f00000| Untracked 
|  80|0x0000000087000000, 0x0000000087000000, 0x0000000087100000|  0%| F|  |TAMS 0x0000000087000000| PB 0x0000000087000000| Untracked 
|  81|0x0000000087100000, 0x0000000087100000, 0x0000000087200000|  0%| F|  |TAMS 0x0000000087100000| PB 0x0000000087100000| Untracked 
|  82|0x0000000087200000, 0x0000000087200000, 0x0000000087300000|  0%| F|  |TAMS 0x0000000087200000| PB 0x0000000087200000| Untracked 
|  83|0x0000000087300000, 0x0000000087300000, 0x0000000087400000|  0%| F|  |TAMS 0x0000000087300000| PB 0x0000000087300000| Untracked 
|  84|0x0000000087400000, 0x0000000087400000, 0x0000000087500000|  0%| F|  |TAMS 0x0000000087400000| PB 0x0000000087400000| Untracked 
|  85|0x0000000087500000, 0x0000000087500000, 0x0000000087600000|  0%| F|  |TAMS 0x0000000087500000| PB 0x0000000087500000| Untracked 
|  86|0x0000000087600000, 0x0000000087600000, 0x0000000087700000|  0%| F|  |TAMS 0x0000000087600000| PB 0x0000000087600000| Untracked 
|  87|0x0000000087700000, 0x0000000087700000, 0x0000000087800000|  0%| F|  |TAMS 0x0000000087700000| PB 0x0000000087700000| Untracked 
|  88|0x0000000087800000, 0x0000000087800000, 0x0000000087900000|  0%| F|  |TAMS 0x0000000087800000| PB 0x0000000087800000| Untracked 
|  89|0x0000000087900000, 0x0000000087900000, 0x0000000087a00000|  0%| F|  |TAMS 0x0000000087900000| PB 0x0000000087900000| Untracked 
|  90|0x0000000087a00000, 0x0000000087a00000, 0x0000000087b00000|  0%| F|  |TAMS 0x0000000087a00000| PB 0x0000000087a00000| Untracked 
|  91|0x0000000087b00000, 0x0000000087b00000, 0x0000000087c00000|  0%| F|  |TAMS 0x0000000087b00000| PB 0x0000000087b00000| Untracked 
|  92|0x0000000087c00000, 0x0000000087c00000, 0x0000000087d00000|  0%| F|  |TAMS 0x0000000087c00000| PB 0x0000000087c00000| Untracked 
|  93|0x0000000087d00000, 0x0000000087d00000, 0x0000000087e00000|  0%| F|  |TAMS 0x0000000087d00000| PB 0x0000000087d00000| Untracked 
|  94|0x0000000087e00000, 0x0000000087e00000, 0x0000000087f00000|  0%| F|  |TAMS 0x0000000087e00000| PB 0x0000000087e00000| Untracked 
|  95|0x0000000087f00000, 0x0000000087f00000, 0x0000000088000000|  0%| F|  |TAMS 0x0000000087f00000| PB 0x0000000087f00000| Untracked 
|  96|0x0000000088000000, 0x0000000088000000, 0x0000000088100000|  0%| F|  |TAMS 0x0000000088000000| PB 0x0000000088000000| Untracked 
|  97|0x0000000088100000, 0x0000000088100000, 0x0000000088200000|  0%| F|  |TAMS 0x0000000088100000| PB 0x0000000088100000| Untracked 
|  98|0x0000000088200000, 0x0000000088200000, 0x0000000088300000|  0%| F|  |TAMS 0x0000000088200000| PB 0x0000000088200000| Untracked 
|  99|0x0000000088300000, 0x0000000088300000, 0x0000000088400000|  0%| F|  |TAMS 0x0000000088300000| PB 0x0000000088300000| Untracked 
| 100|0x0000000088400000, 0x0000000088400000, 0x0000000088500000|  0%| F|  |TAMS 0x0000000088400000| PB 0x0000000088400000| Untracked 
| 101|0x0000000088500000, 0x0000000088500000, 0x0000000088600000|  0%| F|  |TAMS 0x0000000088500000| PB 0x0000000088500000| Untracked 
| 102|0x0000000088600000, 0x0000000088600000, 0x0000000088700000|  0%| F|  |TAMS 0x0000000088600000| PB 0x0000000088600000| Untracked 
| 103|0x0000000088700000, 0x0000000088700000, 0x0000000088800000|  0%| F|  |TAMS 0x0000000088700000| PB 0x0000000088700000| Untracked 
| 104|0x0000000088800000, 0x0000000088800000, 0x0000000088900000|  0%| F|  |TAMS 0x0000000088800000| PB 0x0000000088800000| Untracked 
| 105|0x0000000088900000, 0x0000000088900000, 0x0000000088a00000|  0%| F|  |TAMS 0x0000000088900000| PB 0x0000000088900000| Untracked 
| 106|0x0000000088a00000, 0x0000000088aec080, 0x0000000088b00000| 92%| E|  |TAMS 0x0000000088a00000| PB 0x0000000088a00000| Complete 
| 107|0x0000000088b00000, 0x0000000088c00000, 0x0000000088c00000|100%| E|CS|TAMS 0x0000000088b00000| PB 0x0000000088b00000| Complete 
| 108|0x0000000088c00000, 0x0000000088d00000, 0x0000000088d00000|100%| E|CS|TAMS 0x0000000088c00000| PB 0x0000000088c00000| Complete 
| 109|0x0000000088d00000, 0x0000000088e00000, 0x0000000088e00000|100%| E|CS|TAMS 0x0000000088d00000| PB 0x0000000088d00000| Complete 
| 110|0x0000000088e00000, 0x0000000088f00000, 0x0000000088f00000|100%| E|CS|TAMS 0x0000000088e00000| PB 0x0000000088e00000| Complete 
| 111|0x0000000088f00000, 0x0000000089000000, 0x0000000089000000|100%| E|CS|TAMS 0x0000000088f00000| PB 0x0000000088f00000| Complete 
| 112|0x0000000089000000, 0x0000000089100000, 0x0000000089100000|100%| E|  |TAMS 0x0000000089000000| PB 0x0000000089000000| Complete 
| 113|0x0000000089100000, 0x0000000089200000, 0x0000000089200000|100%| E|CS|TAMS 0x0000000089100000| PB 0x0000000089100000| Complete 
| 114|0x0000000089200000, 0x0000000089300000, 0x0000000089300000|100%| E|CS|TAMS 0x0000000089200000| PB 0x0000000089200000| Complete 
| 115|0x0000000089300000, 0x0000000089400000, 0x0000000089400000|100%| E|CS|TAMS 0x0000000089300000| PB 0x0000000089300000| Complete 
| 116|0x0000000089400000, 0x0000000089500000, 0x0000000089500000|100%| E|CS|TAMS 0x0000000089400000| PB 0x0000000089400000| Complete 
| 117|0x0000000089500000, 0x0000000089600000, 0x0000000089600000|100%| E|CS|TAMS 0x0000000089500000| PB 0x0000000089500000| Complete 
| 118|0x0000000089600000, 0x0000000089700000, 0x0000000089700000|100%| E|CS|TAMS 0x0000000089600000| PB 0x0000000089600000| Complete 
| 119|0x0000000089700000, 0x0000000089800000, 0x0000000089800000|100%| E|CS|TAMS 0x0000000089700000| PB 0x0000000089700000| Complete 
| 120|0x0000000089800000, 0x0000000089900000, 0x0000000089900000|100%| E|CS|TAMS 0x0000000089800000| PB 0x0000000089800000| Complete 
| 121|0x0000000089900000, 0x0000000089a00000, 0x0000000089a00000|100%| E|CS|TAMS 0x0000000089900000| PB 0x0000000089900000| Complete 
| 122|0x0000000089a00000, 0x0000000089b00000, 0x0000000089b00000|100%| E|CS|TAMS 0x0000000089a00000| PB 0x0000000089a00000| Complete 
| 123|0x0000000089b00000, 0x0000000089c00000, 0x0000000089c00000|100%| E|CS|TAMS 0x0000000089b00000| PB 0x0000000089b00000| Complete 
| 124|0x0000000089c00000, 0x0000000089d00000, 0x0000000089d00000|100%| E|CS|TAMS 0x0000000089c00000| PB 0x0000000089c00000| Complete 
| 125|0x0000000089d00000, 0x0000000089e00000, 0x0000000089e00000|100%| E|CS|TAMS 0x0000000089d00000| PB 0x0000000089d00000| Complete 

Card table byte_map: [0x0000015c7c250000,0x0000015c7c640000] _byte_map_base: 0x0000015c7be40000

Marking Bits: (CMBitMap*) 0x0000015c60106ed0
 Bits: [0x0000015c7c640000, 0x0000015c7e5c0000)

Polling page: 0x0000015c60130000

Metaspace:

Usage:
  Non-class:      7.16 MB used.
      Class:    963.80 KB used.
       Both:      8.10 MB used.

Virtual space:
  Non-class space:       64.00 MB reserved,       7.31 MB ( 11%) committed,  1 nodes.
      Class space:        1.00 GB reserved,       1.06 MB ( <1%) committed,  1 nodes.
             Both:        1.06 GB reserved,       8.38 MB ( <1%) committed. 

Chunk freelists:
   Non-Class:  8.30 MB
       Class:  14.98 MB
        Both:  23.28 MB

MaxMetaspaceSize: unlimited
CompressedClassSpaceSize: 1.00 GB
Initial GC threshold: 21.00 MB
Current GC threshold: 21.00 MB
CDS: on
 - commit_granule_bytes: 65536.
 - commit_granule_words: 8192.
 - virtual_space_node_default_size: 8388608.
 - enlarge_chunks_in_place: 1.
 - use_allocation_guard: 0.


Internal statistics:

num_allocs_failed_limit: 0.
num_arena_births: 192.
num_arena_deaths: 0.
num_vsnodes_births: 2.
num_vsnodes_deaths: 0.
num_space_committed: 134.
num_space_uncommitted: 0.
num_chunks_returned_to_freelist: 0.
num_chunks_taken_from_freelist: 312.
num_chunk_merges: 0.
num_chunk_splits: 191.
num_chunks_enlarged: 116.
num_inconsistent_stats: 0.

CodeHeap 'non-profiled nmethods': size=120000Kb used=323Kb max_used=323Kb free=119676Kb
 bounds [0x0000015c744f0000, 0x0000015c74760000, 0x0000015c7ba20000]
CodeHeap 'profiled nmethods': size=120000Kb used=874Kb max_used=874Kb free=119125Kb
 bounds [0x0000015c6ca20000, 0x0000015c6cc90000, 0x0000015c73f50000]
CodeHeap 'non-nmethods': size=5760Kb used=1424Kb max_used=1436Kb free=4335Kb
 bounds [0x0000015c73f50000, 0x0000015c741c0000, 0x0000015c744f0000]
 total_blobs=1222 nmethods=708 adapters=419
 compilation: enabled
              stopped_count=0, restarted_count=0
 full_count=0

Compilation events (20 events):
Event: 52.972 Thread 0x0000015c7f17cb80  585       3       java.lang.invoke.LambdaForm::internArgument (85 bytes)
Event: 52.972 Thread 0x0000015c7f17cb80 nmethod 585 0x0000015c6caf5d90 code [0x0000015c6caf5f60, 0x0000015c6caf62b0]
Event: 52.972 Thread 0x0000015c7f17cb80  586       3       java.lang.invoke.LambdaForm::prepare (108 bytes)
Event: 52.973 Thread 0x0000015c7f17cb80 nmethod 586 0x0000015c6caf6490 code [0x0000015c6caf66e0, 0x0000015c6caf6ec0]
Event: 52.973 Thread 0x0000015c7f17cb80  589       3       java.lang.invoke.LambdaForm::parameter (38 bytes)
Event: 52.973 Thread 0x0000015c7f17cb80 nmethod 589 0x0000015c6caf7190 code [0x0000015c6caf7320, 0x0000015c6caf7468]
Event: 52.973 Thread 0x0000015c7f17cb80  587       1       jdk.internal.org.objectweb.asm.SymbolTable::getMajorVersion (5 bytes)
Event: 52.973 Thread 0x0000015c7f17cb80 nmethod 587 0x0000015c74520190 code [0x0000015c74520320, 0x0000015c745203e8]
Event: 52.973 Thread 0x0000015c7f17cb80  594       1       java.lang.invoke.LambdaForm$Name::index (5 bytes)
Event: 52.973 Thread 0x0000015c7f17cb80 nmethod 594 0x0000015c74520490 code [0x0000015c74520620, 0x0000015c745206e8]
Event: 52.973 Thread 0x0000015c7f17cb80  595       3       java.lang.invoke.MethodType::insertParameterTypes (121 bytes)
Event: 52.975 Thread 0x0000015c7f17cb80 nmethod 595 0x0000015c6caf7510 code [0x0000015c6caf7800, 0x0000015c6caf8708]
Event: 52.975 Thread 0x0000015c7f17cb80  598       3       java.lang.invoke.LambdaForm$Name::<init> (66 bytes)
Event: 52.975 Thread 0x0000015c7f17cb80 nmethod 598 0x0000015c6caf8c90 code [0x0000015c6caf8e40, 0x0000015c6caf9100]
Event: 52.975 Thread 0x0000015c7f17cb80  600       3       java.util.Arrays::copyOf (40 bytes)
Event: 52.975 Thread 0x0000015c7f17cb80 nmethod 600 0x0000015c6caf9190 code [0x0000015c6caf9380, 0x0000015c6caf9a50]
Event: 52.975 Thread 0x0000015c7f17cb80  599       3       java.lang.invoke.MemberName::getInvocationType (56 bytes)
Event: 52.975 Thread 0x0000015c7f17cb80 nmethod 599 0x0000015c6caf9c90 code [0x0000015c6caf9ec0, 0x0000015c6cafa740]
Event: 52.976 Thread 0x0000015c7f17cb80  601       3       java.net.URLStreamHandler::parseURL (1124 bytes)
Event: 52.985 Thread 0x0000015c7f17c4d0  612       4       jdk.internal.org.objectweb.asm.ByteVector::putUTF8 (144 bytes)

GC Heap History (0 events):
No events

Dll operation events (9 events):
Event: 0.022 Loaded shared library C:\Program Files\Java\jdk-21\bin\java.dll
Event: 0.072 Loaded shared library C:\Program Files\Java\jdk-21\bin\jsvml.dll
Event: 0.181 Loaded shared library C:\Program Files\Java\jdk-21\bin\net.dll
Event: 0.182 Loaded shared library C:\Program Files\Java\jdk-21\bin\nio.dll
Event: 0.185 Loaded shared library C:\Program Files\Java\jdk-21\bin\zip.dll
Event: 0.277 Loaded shared library C:\Program Files\Java\jdk-21\bin\jimage.dll
Event: 0.319 Loaded shared library C:\Program Files\Java\jdk-21\bin\extnet.dll
Event: 0.363 Loaded shared library C:\Program Files\Java\jdk-21\bin\management.dll
Event: 0.365 Loaded shared library C:\Program Files\Java\jdk-21\bin\management_ext.dll

Deoptimization events (20 events):
Event: 0.174 Thread 0x0000015c600b7950 Uncommon trap: trap_request=0xffffff45 fr.pc=0x0000015c744f1664 relative=0x00000000000000c4
Event: 0.174 Thread 0x0000015c600b7950 Uncommon trap: reason=unstable_if action=reinterpret pc=0x0000015c744f1664 method=java.lang.String.isLatin1()Z @ 10 c2
Event: 0.174 Thread 0x0000015c600b7950 DEOPT PACKING pc=0x0000015c744f1664 sp=0x00000036ab0ff320
Event: 0.175 Thread 0x0000015c600b7950 DEOPT UNPACKING pc=0x0000015c73fa46a2 sp=0x00000036ab0ff260 mode 2
Event: 0.231 Thread 0x0000015c600b7950 DEOPT PACKING pc=0x0000015c6ca3ab78 sp=0x00000036ab0faca0
Event: 0.231 Thread 0x0000015c600b7950 DEOPT UNPACKING pc=0x0000015c73fa4e42 sp=0x00000036ab0fa0c0 mode 0
Event: 0.240 Thread 0x0000015c600b7950 DEOPT PACKING pc=0x0000015c6ca290d8 sp=0x00000036ab0fb5c0
Event: 0.240 Thread 0x0000015c600b7950 DEOPT UNPACKING pc=0x0000015c73fa4e42 sp=0x00000036ab0faa28 mode 0
Event: 0.248 Thread 0x0000015c600b7950 DEOPT PACKING pc=0x0000015c6ca290d8 sp=0x00000036ab0f9c70
Event: 0.248 Thread 0x0000015c600b7950 DEOPT UNPACKING pc=0x0000015c73fa4e42 sp=0x00000036ab0f90d8 mode 0
Event: 0.353 Thread 0x0000015c600b7950 DEOPT PACKING pc=0x0000015c6ca59fd7 sp=0x00000036ab0fd9a0
Event: 0.353 Thread 0x0000015c600b7950 DEOPT UNPACKING pc=0x0000015c73fa4e42 sp=0x00000036ab0fcdf0 mode 0
Event: 0.491 Thread 0x0000015c600b7950 Uncommon trap: trap_request=0xffffff45 fr.pc=0x0000015c744f88f8 relative=0x0000000000000078
Event: 0.491 Thread 0x0000015c600b7950 Uncommon trap: reason=unstable_if action=reinterpret pc=0x0000015c744f88f8 method=java.io.WinNTFileSystem.isSlash(C)Z @ 9 c2
Event: 0.491 Thread 0x0000015c600b7950 DEOPT PACKING pc=0x0000015c744f88f8 sp=0x00000036ab0fd640
Event: 0.491 Thread 0x0000015c600b7950 DEOPT UNPACKING pc=0x0000015c73fa46a2 sp=0x00000036ab0fd5c8 mode 2
Event: 0.509 Thread 0x0000015c600b7950 Uncommon trap: trap_request=0xffffff45 fr.pc=0x0000015c74508d54 relative=0x0000000000000054
Event: 0.509 Thread 0x0000015c600b7950 Uncommon trap: reason=unstable_if action=reinterpret pc=0x0000015c74508d54 method=sun.nio.fs.WindowsPathParser.isSlash(C)Z @ 9 c2
Event: 0.509 Thread 0x0000015c600b7950 DEOPT PACKING pc=0x0000015c74508d54 sp=0x00000036ab0fefc0
Event: 0.509 Thread 0x0000015c600b7950 DEOPT UNPACKING pc=0x0000015c73fa46a2 sp=0x00000036ab0fef48 mode 2

Classes loaded (20 events):
Event: 52.978 Loading class sun/reflect/generics/tree/Signature done
Event: 52.978 Loading class sun/reflect/generics/tree/ClassSignature done
Event: 52.978 Loading class sun/reflect/generics/visitor/Reifier
Event: 52.978 Loading class sun/reflect/generics/visitor/TypeTreeVisitor
Event: 52.978 Loading class sun/reflect/generics/visitor/TypeTreeVisitor done
Event: 52.978 Loading class sun/reflect/generics/visitor/Reifier done
Event: 52.978 Loading class sun/reflect/generics/reflectiveObjects/ParameterizedTypeImpl
Event: 52.978 Loading class java/lang/reflect/ParameterizedType
Event: 52.978 Loading class java/lang/reflect/ParameterizedType done
Event: 52.978 Loading class sun/reflect/generics/reflectiveObjects/ParameterizedTypeImpl done
Event: 52.979 Loading class sun/reflect/generics/reflectiveObjects/TypeVariableImpl
Event: 52.979 Loading class sun/reflect/generics/reflectiveObjects/LazyReflectiveObjectGenerator
Event: 52.979 Loading class sun/reflect/generics/reflectiveObjects/LazyReflectiveObjectGenerator done
Event: 52.979 Loading class sun/reflect/generics/reflectiveObjects/TypeVariableImpl done
Event: 52.979 Loading class sun/reflect/generics/tree/TypeVariableSignature
Event: 52.979 Loading class sun/reflect/generics/tree/TypeVariableSignature done
Event: 52.982 Loading class java/util/RegularEnumSet$EnumSetIterator
Event: 52.982 Loading class java/util/RegularEnumSet$EnumSetIterator done
Event: 52.984 Loading class java/math/BigDecimal
Event: 52.985 Loading class java/math/BigDecimal done

Classes unloaded (0 events):
No events

Classes redefined (0 events):
No events

Internal exceptions (13 events):
Event: 0.296 Thread 0x0000015c600b7950 Exception <a 'java/lang/NoSuchMethodError'{0x00000000899f6540}: 'int java.lang.invoke.DirectMethodHandle$Holder.invokeStaticInit(java.lang.Object, java.lang.Object)'> (0x00000000899f6540) 
thrown [s\open\src\hotspot\share\interpreter\linkResolver.cpp, line 773]
Event: 0.321 Thread 0x0000015c600b7950 Exception <a 'java/lang/NoSuchMethodError'{0x000000008985b498}: 'void java.lang.invoke.DirectMethodHandle$Holder.invokeStatic(java.lang.Object, java.lang.Object)'> (0x000000008985b498) 
thrown [s\open\src\hotspot\share\interpreter\linkResolver.cpp, line 773]
Event: 0.372 Thread 0x0000015c600b7950 Exception <a 'java/lang/NoSuchMethodError'{0x000000008973a920}: 'int java.lang.invoke.DirectMethodHandle$Holder.invokeSpecial(java.lang.Object, java.lang.Object, java.lang.Object)'> (0x000000008973a920) 
thrown [s\open\src\hotspot\share\interpreter\linkResolver.cpp, line 773]
Event: 0.507 Thread 0x0000015c600b7950 Exception <a 'java/lang/NoSuchMethodError'{0x000000008978d130}: 'void java.lang.invoke.DirectMethodHandle$Holder.invokeInterface(java.lang.Object, java.lang.Object, java.lang.Object)'> (0x000000008978d130) 
thrown [s\open\src\hotspot\share\interpreter\linkResolver.cpp, line 773]
Event: 0.521 Thread 0x0000015c600b7950 Exception <a 'java/lang/NoSuchMethodError'{0x00000000897b6fc8}: 'void java.lang.invoke.DirectMethodHandle$Holder.invokeStatic(java.lang.Object, long)'> (0x00000000897b6fc8) 
thrown [s\open\src\hotspot\share\interpreter\linkResolver.cpp, line 773]
Event: 0.521 Thread 0x0000015c600b7950 Exception <a 'java/lang/NoSuchMethodError'{0x00000000897bbf10}: 'java.lang.Object java.lang.invoke.DirectMethodHandle$Holder.newInvokeSpecial(java.lang.Object, long)'> (0x00000000897bbf10) 
thrown [s\open\src\hotspot\share\interpreter\linkResolver.cpp, line 773]
Event: 0.524 Thread 0x0000015c600b7950 Exception <a 'java/lang/NoSuchMethodError'{0x00000000897c2b48}: 'java.lang.Object java.lang.invoke.DirectMethodHandle$Holder.invokeStatic(java.lang.Object, long, java.lang.Object)'> (0x00000000897c2b48) 
thrown [s\open\src\hotspot\share\interpreter\linkResolver.cpp, line 773]
Event: 0.524 Thread 0x0000015c600b7950 Exception <a 'java/lang/NoSuchMethodError'{0x00000000897c62d0}: 'java.lang.Object java.lang.invoke.DirectMethodHandle$Holder.invokeStaticInit(java.lang.Object, long, java.lang.Object)'> (0x00000000897c62d0) 
thrown [s\open\src\hotspot\share\interpreter\linkResolver.cpp, line 773]
Event: 52.982 Thread 0x0000015c600b7950 Exception <a 'java/lang/NoSuchMethodError'{0x0000000089681bd0}: 'java.lang.Object java.lang.invoke.DirectMethodHandle$Holder.invokeSpecialIFC(java.lang.Object, java.lang.Object, java.lang.Object, java.lang.Object)'> (0x0000000089681bd0) 
thrown [s\open\src\hotspot\share\interpreter\linkResolver.cpp, line 773]
Event: 52.985 Thread 0x0000015c600b7950 Exception <a 'java/lang/NoSuchMethodError'{0x000000008968f890}: 'int java.lang.invoke.DirectMethodHandle$Holder.invokeVirtual(java.lang.Object, java.lang.Object)'> (0x000000008968f890) 
thrown [s\open\src\hotspot\share\interpreter\linkResolver.cpp, line 773]
Event: 52.986 Thread 0x0000015c600b7950 Exception <a 'java/lang/NoSuchMethodError'{0x00000000896953c8}: 'double java.lang.invoke.DirectMethodHandle$Holder.invokeVirtual(java.lang.Object, java.lang.Object)'> (0x00000000896953c8) 
thrown [s\open\src\hotspot\share\interpreter\linkResolver.cpp, line 773]
Event: 52.987 Thread 0x0000015c600b7950 Exception <a 'java/lang/NoSuchMethodError'{0x000000008969b0e8}: 'float java.lang.invoke.DirectMethodHandle$Holder.invokeVirtual(java.lang.Object, java.lang.Object)'> (0x000000008969b0e8) 
thrown [s\open\src\hotspot\share\interpreter\linkResolver.cpp, line 773]
Event: 52.988 Thread 0x0000015c600b7950 Exception <a 'java/lang/NoSuchMethodError'{0x00000000896a31c8}: 'long java.lang.invoke.DirectMethodHandle$Holder.invokeVirtual(java.lang.Object, java.lang.Object)'> (0x00000000896a31c8) 
thrown [s\open\src\hotspot\share\interpreter\linkResolver.cpp, line 773]

ZGC Phase Switch (0 events):
No events

VM Operations (12 events):
Event: 0.187 Executing VM operation: HandshakeAllThreads (Deoptimize)
Event: 0.187 Executing VM operation: HandshakeAllThreads (Deoptimize) done
Event: 0.318 Executing VM operation: HandshakeAllThreads (Deoptimize)
Event: 0.318 Executing VM operation: HandshakeAllThreads (Deoptimize) done
Event: 0.491 Executing VM operation: HandshakeAllThreads (Deoptimize)
Event: 0.491 Executing VM operation: HandshakeAllThreads (Deoptimize) done
Event: 0.495 Executing VM operation: HandshakeAllThreads (Deoptimize)
Event: 0.495 Executing VM operation: HandshakeAllThreads (Deoptimize) done
Event: 0.495 Executing VM operation: HandshakeAllThreads (Deoptimize)
Event: 0.495 Executing VM operation: HandshakeAllThreads (Deoptimize) done
Event: 1.506 Executing VM operation: Cleanup
Event: 1.506 Executing VM operation: Cleanup done

Events (15 events):
Event: 0.050 Thread 0x0000015c600b7950 Thread added: 0x0000015c600b7950
Event: 0.069 Thread 0x0000015c7ecfccc0 Thread added: 0x0000015c7ecfccc0
Event: 0.070 Thread 0x0000015c7ed01b30 Thread added: 0x0000015c7ed01b30
Event: 0.070 Thread 0x0000015c7ed028f0 Thread added: 0x0000015c7ed028f0
Event: 0.070 Thread 0x0000015c7ed03350 Thread added: 0x0000015c7ed03350
Event: 0.070 Thread 0x0000015c7ed06dd0 Thread added: 0x0000015c7ed06dd0
Event: 0.070 Thread 0x0000015c7f151b00 Thread added: 0x0000015c7f151b00
Event: 0.070 Thread 0x0000015c7f17c4d0 Thread added: 0x0000015c7f17c4d0
Event: 0.070 Thread 0x0000015c7f17cb80 Thread added: 0x0000015c7f17cb80
Event: 0.174 Thread 0x0000015c7f2bafb0 Thread added: 0x0000015c7f2bafb0
Event: 0.176 Thread 0x0000015c7f2c3600 Thread added: 0x0000015c7f2c3600
Event: 0.223 Thread 0x0000015c7f2e4a90 Thread added: 0x0000015c7f2e4a90
Event: 0.480 Thread 0x0000015c7f2e4a90 Thread exited: 0x0000015c7f2e4a90
Event: 0.528 Thread 0x0000015c7f7abd50 Thread added: 0x0000015c7f7abd50
Event: 52.974 Thread 0x0000015c7f7abd50 Thread exited: 0x0000015c7f7abd50


Dynamic libraries:
0x00007ff6081d0000 - 0x00007ff6081e0000 	C:\Program Files\Java\jdk-21\bin\javaw.exe
0x00007ffb2b550000 - 0x00007ffb2b767000 	C:\WINDOWS\SYSTEM32\ntdll.dll
0x00007ffb29b70000 - 0x00007ffb29c34000 	C:\WINDOWS\System32\KERNEL32.DLL
0x00007ffb28640000 - 0x00007ffb28a12000 	C:\WINDOWS\System32\KERNELBASE.dll
0x00007ffb28f80000 - 0x00007ffb29091000 	C:\WINDOWS\System32\ucrtbase.dll
0x00007ffb16a10000 - 0x00007ffb16a2b000 	C:\Program Files\Java\jdk-21\bin\VCRUNTIME140.dll
0x00007ffb19640000 - 0x00007ffb19659000 	C:\Program Files\Java\jdk-21\bin\jli.dll
0x00007ffb29c40000 - 0x00007ffb29cf1000 	C:\WINDOWS\System32\ADVAPI32.dll
0x00007ffb29d80000 - 0x00007ffb29e27000 	C:\WINDOWS\System32\msvcrt.dll
0x00007ffb2a5c0000 - 0x00007ffb2a668000 	C:\WINDOWS\System32\sechost.dll
0x00007ffb28cb0000 - 0x00007ffb28cd8000 	C:\WINDOWS\System32\bcrypt.dll
0x00007ffb2b3f0000 - 0x00007ffb2b504000 	C:\WINDOWS\System32\RPCRT4.dll
0x00007ffb2b1b0000 - 0x00007ffb2b361000 	C:\WINDOWS\System32\USER32.dll
0x00007ffb27820000 - 0x00007ffb27abb000 	C:\WINDOWS\WinSxS\amd64_microsoft.windows.common-controls_6595b64144ccf1df_6.0.22621.5547_none_27104afb73855772\COMCTL32.dll
0x00007ffb28e90000 - 0x00007ffb28eb6000 	C:\WINDOWS\System32\win32u.dll
0x00007ffb2a510000 - 0x00007ffb2a539000 	C:\WINDOWS\System32\GDI32.dll
0x00007ffb28ce0000 - 0x00007ffb28e03000 	C:\WINDOWS\System32\gdi32full.dll
0x00007ffb28a20000 - 0x00007ffb28aba000 	C:\WINDOWS\System32\msvcp_win.dll
0x00007ffb20800000 - 0x00007ffb2080a000 	C:\WINDOWS\SYSTEM32\VERSION.dll
0x00007ffb2b370000 - 0x00007ffb2b3a1000 	C:\WINDOWS\System32\IMM32.DLL
0x00007ffb249c0000 - 0x00007ffb249cc000 	C:\Program Files\Java\jdk-21\bin\vcruntime140_1.dll
0x00007ffb14b70000 - 0x00007ffb14c31000 	C:\WINDOWS\SYSTEM32\TextShaping.dll
0x00007ffb2a670000 - 0x00007ffb2aa03000 	C:\WINDOWS\System32\combase.dll
0x00007ffb25470000 - 0x00007ffb25524000 	C:\WINDOWS\system32\uxtheme.dll
0x00007ffb2a3b0000 - 0x00007ffb2a510000 	C:\WINDOWS\System32\MSCTF.dll
0x00007ffb2a540000 - 0x00007ffb2a5a9000 	C:\WINDOWS\System32\SHLWAPI.dll
0x00007ffb28c30000 - 0x00007ffb28cab000 	C:\WINDOWS\System32\bcryptPrimitives.dll
0x00007ffb29a90000 - 0x00007ffb29b67000 	C:\WINDOWS\System32\OLEAUT32.dll
0x00007ffb15c60000 - 0x00007ffb15da6000 	C:\WINDOWS\SYSTEM32\textinputframework.dll
0x00007ffb22160000 - 0x00007ffb22293000 	C:\WINDOWS\System32\CoreMessaging.dll
0x00007ffb29f40000 - 0x00007ffb2a0e0000 	C:\WINDOWS\System32\ole32.dll
0x00007ffac4a10000 - 0x00007ffac5723000 	C:\Program Files\Java\jdk-21\bin\server\jvm.dll
0x00007ffb2ac20000 - 0x00007ffb2ac91000 	C:\WINDOWS\System32\WS2_32.dll
0x00007ffb28520000 - 0x00007ffb2856d000 	C:\WINDOWS\SYSTEM32\POWRPROF.dll
0x00007ffb20550000 - 0x00007ffb20584000 	C:\WINDOWS\SYSTEM32\WINMM.dll
0x00007ffb284f0000 - 0x00007ffb28503000 	C:\WINDOWS\SYSTEM32\UMPDC.dll
0x00007ffb26da0000 - 0x00007ffb26db8000 	C:\WINDOWS\SYSTEM32\kernel.appcore.dll
0x00007ffb17720000 - 0x00007ffb1772a000 	C:\Program Files\Java\jdk-21\bin\jimage.dll
0x00007ffb27e80000 - 0x00007ffb280b3000 	C:\WINDOWS\SYSTEM32\DBGHELP.DLL
0x00007ffb27bf0000 - 0x00007ffb27c22000 	C:\WINDOWS\SYSTEM32\dbgcore.DLL
0x00007ffb0e610000 - 0x00007ffb0e62f000 	C:\Program Files\Java\jdk-21\bin\java.dll
0x00007ffb291e0000 - 0x00007ffb29a82000 	C:\WINDOWS\System32\SHELL32.dll
0x00007ffb290a0000 - 0x00007ffb291df000 	C:\WINDOWS\System32\wintypes.dll
0x00007ffb25ce0000 - 0x00007ffb265fd000 	C:\WINDOWS\SYSTEM32\windows.storage.dll
0x00007ffb29e30000 - 0x00007ffb29f3c000 	C:\WINDOWS\System32\SHCORE.dll
0x00007ffb28570000 - 0x00007ffb2859b000 	C:\WINDOWS\SYSTEM32\profapi.dll
0x00007ffafb970000 - 0x00007ffafba47000 	C:\Program Files\Java\jdk-21\bin\jsvml.dll
0x00007ffb175a0000 - 0x00007ffb175b0000 	C:\Program Files\Java\jdk-21\bin\net.dll
0x00007ffb20110000 - 0x00007ffb2023c000 	C:\WINDOWS\SYSTEM32\WINHTTP.dll
0x00007ffb273c0000 - 0x00007ffb27429000 	C:\WINDOWS\system32\mswsock.dll
0x00007ffb0ccf0000 - 0x00007ffb0cd06000 	C:\Program Files\Java\jdk-21\bin\nio.dll
0x00007ffb0ccd0000 - 0x00007ffb0cce8000 	C:\Program Files\Java\jdk-21\bin\zip.dll
0x00007ffb14e10000 - 0x00007ffb14e19000 	C:\Program Files\Java\jdk-21\bin\extnet.dll
0x00007ffb269c0000 - 0x00007ffb26ab8000 	C:\WINDOWS\SYSTEM32\DNSAPI.dll
0x00007ffb26900000 - 0x00007ffb2692d000 	C:\WINDOWS\SYSTEM32\IPHLPAPI.DLL
0x00007ffb2a5b0000 - 0x00007ffb2a5b9000 	C:\WINDOWS\System32\NSI.dll
0x00007ffb1d0a0000 - 0x00007ffb1d0aa000 	C:\Windows\System32\rasadhlp.dll
0x00007ffb1e400000 - 0x00007ffb1e484000 	C:\WINDOWS\System32\fwpuclnt.dll
0x00007ffb22e20000 - 0x00007ffb22e2a000 	C:\Program Files\Java\jdk-21\bin\management.dll
0x00007ffb22ac0000 - 0x00007ffb22acb000 	C:\Program Files\Java\jdk-21\bin\management_ext.dll
0x00007ffb2b3d0000 - 0x00007ffb2b3d8000 	C:\WINDOWS\System32\PSAPI.DLL
0x00007ffb28260000 - 0x00007ffb2827b000 	C:\WINDOWS\SYSTEM32\CRYPTSP.dll
0x00007ffb26eb0000 - 0x00007ffb26ee7000 	C:\WINDOWS\system32\rsaenh.dll
0x00007ffb274b0000 - 0x00007ffb274d8000 	C:\WINDOWS\SYSTEM32\USERENV.dll
0x00007ffb27650000 - 0x00007ffb2765c000 	C:\WINDOWS\SYSTEM32\CRYPTBASE.dll
0x00007ffb15c10000 - 0x00007ffb15c1e000 	C:\Program Files\Java\jdk-21\bin\sunmscapi.dll
0x00007ffb28ac0000 - 0x00007ffb28c27000 	C:\WINDOWS\System32\CRYPT32.dll
0x00007ffb277f0000 - 0x00007ffb2781d000 	C:\WINDOWS\SYSTEM32\ncrypt.dll
0x00007ffb277b0000 - 0x00007ffb277e7000 	C:\WINDOWS\SYSTEM32\NTASN1.dll
0x00007ffb1b120000 - 0x00007ffb1b128000 	C:\WINDOWS\system32\wshunix.dll

dbghelp: loaded successfully - version: 4.0.5 - missing functions: none
symbol engine: initialized successfully - sym options: 0x614 - pdb path: .;C:\Program Files\Java\jdk-21\bin;C:\WINDOWS\SYSTEM32;C:\WINDOWS\WinSxS\amd64_microsoft.windows.common-controls_6595b64144ccf1df_6.0.22621.5547_none_27104afb73855772;C:\Program Files\Java\jdk-21\bin\server

VM Arguments:
jvm_args: -Dfile.encoding=UTF-8 -Dstdout.encoding=UTF-8 -Dstderr.encoding=UTF-8 -XX:+ShowCodeDetailsInExceptionMessages 
java_command: Relative_Locator.To_Right_Of_Method
java_class_path (initial): C:\Users\shend\eclipse-workspace\BASIC-Selenium\target\test-classes;C:\Users\shend\eclipse-workspace\BASIC-Selenium\target\classes;C:\Users\shend\.m2\repository\org\seleniumhq\selenium\selenium-java\4.32.0\selenium-java-4.32.0.jar;C:\Users\shend\.m2\repository\org\seleniumhq\selenium\selenium-api\4.32.0\selenium-api-4.32.0.jar;C:\Users\shend\.m2\repository\org\jspecify\jspecify\1.0.0\jspecify-1.0.0.jar;C:\Users\shend\.m2\repository\org\seleniumhq\selenium\selenium-chrome-driver\4.32.0\selenium-chrome-driver-4.32.0.jar;C:\Users\shend\.m2\repository\com\google\auto\service\auto-service-annotations\1.1.1\auto-service-annotations-1.1.1.jar;C:\Users\shend\.m2\repository\org\seleniumhq\selenium\selenium-chromium-driver\4.32.0\selenium-chromium-driver-4.32.0.jar;C:\Users\shend\.m2\repository\org\seleniumhq\selenium\selenium-json\4.32.0\selenium-json-4.32.0.jar;C:\Users\shend\.m2\repository\org\seleniumhq\selenium\selenium-manager\4.32.0\selenium-manager-4.32.0.jar;C:\Users\shend\.m2\repository\org\seleniumhq\selenium\selenium-devtools-v134\4.32.0\selenium-devtools-v134-4.32.0.jar;C:\Users\shend\.m2\repository\org\seleniumhq\selenium\selenium-devtools-v135\4.32.0\selenium-devtools-v135-4.32.0.jar;C:\Users\shend\.m2\repository\org\seleniumhq\selenium\selenium-devtools-v136\4.32.0\selenium-devtools-v136-4.32.0.jar;C:\Users\shend\.m2\repository\org\seleniumhq\selenium\selenium-edge-driver\4.32.0\selenium-edge-driver-4.32.0.jar;C:\Users\shend\.m2\repository\org\seleniumhq\selenium\selenium-firefox-driver\4.32.0\selenium-firefox-driver-4.32.0.jar;C:\Users\shend\.m2\repository\org\seleniumhq\selenium\selenium-http\4.32.0\selenium-http-4.32.0.jar;C:\Users\shend\.m2\repository\org\seleniumhq\selenium\selenium-ie-driver\4.32.0\selenium-ie-driver-4.32.0.jar;C:\Users\shend\.m2\repository\org\seleniumhq\selenium\selenium-remote-driver\4.32.0\selenium-remote-driver-4.32.0.jar;C:\Users\shend\.m2\repository\com\google\guava\guava\33.4.8-jre\guava-33.4.8-jre.jar;C:\Users\shend\.m2\repository\com\google\guava\failureaccess\1.0.3\failureaccess-1.0.3.jar;C:\Users\shend\.m2\repository\com\google\guava\listenablefuture\9999.0-empty-to-avoid-conflict-with-guava\listenablefuture-9999.0-empty-to-avoid-conflict-with-guava.jar;C:\Users\shend\.m2\repository\com\google\j2objc\j2objc-annotations\3.0.0\j2objc-annotations-3.0.0.jar;C:\Users\shend\.m2\repository\io\opentelemetry\opentelemetry-api\1.49.0\opentelemetry-api-1.49.0.jar;C:\Users\shend\.m2\repository\io\opentelemetry\opentelemetry-context\1.49.0\opentelemetry-context-1.49.0.jar;C:\Users\shend\.m2\repository\io\opentelemetry\opentelemetry-exporter-logging\1.49.0\opentelemetry-exporter-logging-1.49.0.jar;C:\Users\shend\.m2\repository\io\opentelemetry\opentelemetry-sdk-common\1.49.0\opentelemetry-sdk-common-1.49.0.jar;C:\Users\shend\.m2\repository\io\opentelemetry\opentelemetry-sdk-extension-autoconfigure-spi\1.49.0\opentelemetry-sdk-extension-autoconfigure-spi-1.49.0.jar;C:\Users\shend\.m2\repository\io\opentelemetry\opentelemetry-sdk-extension-autoconfigure\1.49.0\opentelemetry-sdk-extension-autoconfigure-1.49.0.jar;C:\Users\shend\.m2\repository\io\opentelemetry\opentelemetry-sdk-trace\1.49.0\opentelemetry-sdk-trace-1.49.0.jar;C:\Users\shend\.m2\repository\io\opentelemetry\opentelemetry-sdk\1.49.0\opentelemetry-sdk-1.49.0.jar;C:\Users\shend\.m2\repository\io\opentelemetry\opentelemetry-sdk-metrics\1.49.0\opentelemetry-sdk-metrics-1.49.0.jar;C:\Users\shend\.m2\repository\io\opentelemetry\opentelemetry-sdk-logs\1.49.0\opentelemetry-sdk-logs-1.49.0.jar;C:\Users\shend\.m2\repository\net\bytebuddy\byte-buddy\1.17.5\byte-buddy-1.17.5.jar;C:\Users\shend\.m2\repository\org\seleniumhq\selenium\selenium-os\4.32.0\selenium-os-4.32.0.jar;C:\Users\shend\.m2\repository\org\apache\commons\commons-exec\1.4.0\commons-exec-1.4.0.jar;C:\Users\shend\.m2\repository\org\seleniumhq\selenium\selenium-safari-driver\4.32.0\selenium-safari-driver-4.32.0.jar;C:\Users\shend\.m2\repository\org\seleniumhq\selenium\selenium-support\4.32.0\selenium-support-4.32.0.jar;C:\Users\shend\.m2\repository\io\github\bonigarcia\webdrivermanager\5.9.2\webdrivermanager-5.9.2.jar;C:\Users\shend\.m2\repository\org\slf4j\slf4j-api\2.0.13\slf4j-api-2.0.13.jar;C:\Users\shend\.m2\repository\com\google\code\gson\gson\2.11.0\gson-2.11.0.jar;C:\Users\shend\.m2\repository\com\google\errorprone\error_prone_annotations\2.27.0\error_prone_annotations-2.27.0.jar;C:\Users\shend\.m2\repository\com\github\docker-java\docker-java\3.4.0\docker-java-3.4.0.jar;C:\Users\shend\.m2\repository\com\github\docker-java\docker-java-core\3.4.0\docker-java-core-3.4.0.jar;C:\Users\shend\.m2\repository\com\github\docker-java\docker-java-api\3.4.0\docker-java-api-3.4.0.jar;C:\Users\shend\.m2\repository\com\fasterxml\jackson\core\jackson-annotations\2.10.3\jackson-annotations-2.10.3.jar;C:\Users\shend\.m2\repository\com\fasterxml\jackson\core\jackson-databind\2.10.3\jackson-databind-2.10.3.jar;C:\Users\shend\.m2\repository\com\fasterxml\jackson\core\jackson-core\2.10.3\jackson-core-2.10.3.jar;C:\Users\shend\.m2\repository\org\slf4j\jcl-over-slf4j\1.7.30\jcl-over-slf4j-1.7.30.jar;C:\Users\shend\.m2\repository\com\github\docker-java\docker-java-transport-httpclient5\3.4.0\docker-java-transport-httpclient5-3.4.0.jar;C:\Users\shend\.m2\repository\com\github\docker-java\docker-java-transport\3.4.0\docker-java-transport-3.4.0.jar;C:\Users\shend\.m2\repository\net\java\dev\jna\jna\5.13.0\jna-5.13.0.jar;C:\Users\shend\.m2\repository\org\brotli\dec\0.1.2\dec-0.1.2.jar;C:\Users\shend\.m2\repository\org\apache\commons\commons-lang3\3.15.0\commons-lang3-3.15.0.jar;C:\Users\shend\.m2\repository\org\apache\commons\commons-compress\1.26.2\commons-compress-1.26.2.jar;C:\Users\shend\.m2\repository\commons-codec\commons-codec\1.17.0\commons-codec-1.17.0.jar;C:\Users\shend\.m2\repository\commons-io\commons-io\2.16.1\commons-io-2.16.1.jar;C:\Users\shend\.m2\repository\org\apache\httpcomponents\client5\httpclient5\5.2.1\httpclient5-5.2.1.jar;C:\Users\shend\.m2\repository\org\apache\httpcomponents\core5\httpcore5\5.2\httpcore5-5.2.jar;C:\Users\shend\.m2\repository\org\apache\httpcomponents\core5\httpcore5-h2\5.2\httpcore5-h2-5.2.jar
Launcher Type: SUN_STANDARD

[Global flags]
     intx CICompilerCount                          = 4                                         {product} {ergonomic}
     uint ConcGCThreads                            = 2                                         {product} {ergonomic}
     uint G1ConcRefinementThreads                  = 8                                         {product} {ergonomic}
   size_t G1HeapRegionSize                         = 1048576                                   {product} {ergonomic}
    uintx GCDrainStackTargetSize                   = 64                                        {product} {ergonomic}
   size_t InitialHeapSize                          = 132120576                                 {product} {ergonomic}
   size_t MarkStackSize                            = 4194304                                   {product} {ergonomic}
   size_t MaxHeapSize                              = 2113929216                                {product} {ergonomic}
   size_t MaxNewSize                               = 1267728384                                {product} {ergonomic}
   size_t MinHeapDeltaBytes                        = 1048576                                   {product} {ergonomic}
   size_t MinHeapSize                              = 8388608                                   {product} {ergonomic}
    uintx NonNMethodCodeHeapSize                   = 5839372                                {pd product} {ergonomic}
    uintx NonProfiledCodeHeapSize                  = 122909434                              {pd product} {ergonomic}
    uintx ProfiledCodeHeapSize                     = 122909434                              {pd product} {ergonomic}
    uintx ReservedCodeCacheSize                    = 251658240                              {pd product} {ergonomic}
     bool SegmentedCodeCache                       = true                                      {product} {ergonomic}
     bool ShowCodeDetailsInExceptionMessages       = true                                   {manageable} {command line}
   size_t SoftMaxHeapSize                          = 2113929216                             {manageable} {ergonomic}
     bool UseCompressedOops                        = true                           {product lp64_product} {ergonomic}
     bool UseG1GC                                  = true                                      {product} {ergonomic}
     bool UseLargePagesIndividualAllocation        = false                                  {pd product} {ergonomic}

Logging:
Log output configuration:
 #0: stdout all=warning uptime,level,tags foldmultilines=false
 #1: stderr all=off uptime,level,tags foldmultilines=false

Environment Variables:
JAVA_HOME=C:\Program Files\Java\jdk-21
PATH=F:\oracle\product\10.2.0\db_6\bin;F:\oracle\product\10.2.0\db_1\bin;C:\Program Files\Common Files\Oracle\Java\javapath;C:\Program Files\Java\jdk-21\bin;C:\Users\shend\anaconda3;C:\Users\shend\anaconda3\Library\mingw-w64\bin;C:\Users\shend\anaconda3\Library\usr\bin;C:\Users\shend\anaconda3\Library\bin;C:\Users\shend\anaconda3\Scripts;C:\Users\shend\AppData\Local\Programs\Python\Python312\Scripts\;C:\Users\shend\AppData\Local\Programs\Python\Python312\;C:\Users\shend\AppData\Local\Programs\Python\Launcher\;C:\Users\shend\AppData\Local\Microsoft\WindowsApps;C:\Users\shend\AppData\Local\Programs\Microsoft VS Code\bin
USERNAME=shend
OS=Windows_NT
PROCESSOR_IDENTIFIER=Intel64 Family 6 Model 158 Stepping 10, GenuineIntel
TMP=C:\Users\shend\AppData\Local\Temp
TEMP=C:\Users\shend\AppData\Local\Temp




Periodic native trim disabled

---------------  S Y S T E M  ---------------

OS:
 Windows 11 , 64 bit Build 22621 (10.0.22621.5415)
OS uptime: 18 days 1:43 hours

CPU: total 8 (initial active 8) (4 cores per cpu, 2 threads per core) family 6 model 158 stepping 10 microcode 0xec, cx8, cmov, fxsr, ht, mmx, 3dnowpref, sse, sse2, sse3, ssse3, sse4.1, sse4.2, popcnt, lzcnt, tsc, tscinvbit, avx, avx2, aes, erms, clmul, bmi1, bmi2, adx, fma, vzeroupper, clflush, clflushopt, rdtscp, f16c
Processor Information for all 8 processors :
  Max Mhz: 2400, Current Mhz: 2400, Mhz Limit: 2400

Memory: 4k page, system-wide physical 8063M (1663M free)
TotalPageFile size 12142M (AvailPageFile size 22M)
current process WorkingSet (physical memory assigned to process): 82M, peak: 82M
current process commit charge ("private bytes"): 227M, peak: 227M

vm_info: Java HotSpot(TM) 64-Bit Server VM (21.0.4+8-LTS-274) for windows-amd64 JRE (21.0.4+8-LTS-274), built on 2024-06-05T05:23:33Z by "mach5one" with MS VC++ 17.6 (VS2022)

END.
