#
# A fatal error has been detected by the Java Runtime Environment:
#
#  EXCEPTION_ACCESS_VIOLATION (0xc0000005) at pc=0x00007ffac4deb4b3, pid=159588, tid=154612
#
# JRE version: Java(TM) SE Runtime Environment (21.0.4+8) (build 21.0.4+8-LTS-274)
# Java VM: Java HotSpot(TM) 64-Bit Server VM (21.0.4+8-LTS-274, mixed mode, tiered, compressed oops, compressed class ptrs, g1 gc, windows-amd64)
# Problematic frame:
# V  [jvm.dll+0x3db4b3]
#
# No core dump will be written. Minidumps are not enabled by default on client versions of Windows
#
# If you would like to submit a bug report, please visit:
#   https://bugreport.java.com/bugreport/crash.jsp
#

---------------  S U M M A R Y ------------

Command Line: -Dfile.encoding=UTF-8 -Dstdout.encoding=UTF-8 -Dstderr.encoding=UTF-8 -XX:+ShowCodeDetailsInExceptionMessages Relative_Locator.To_Right_Of_Method

Host: Intel(R) Core(TM) i5-9300H CPU @ 2.40GHz, 8 cores, 7G,  Windows 11 , 64 bit Build 22621 (10.0.22621.5415)
Time: Sat Oct  4 02:09:18 2025 India Standard Time elapsed time: 2.299447 seconds (0d 0h 0m 2s)

---------------  T H R E A D  ---------------

Current thread (0x000001e816277b80):  JavaThread "Driver Service Executor" daemon [_thread_in_vm, id=154612, stack(0x000000a4c1d00000,0x000000a4c1e00000) (1024K)]

Stack: [0x000000a4c1d00000,0x000000a4c1e00000],  sp=0x000000a4c1dff270,  free space=1020k
Native frames: (J=compiled Java code, j=interpreted, Vv=VM code, C=native code)
V  [jvm.dll+0x3db4b3]
V  [jvm.dll+0x6c8d72]
V  [jvm.dll+0x3dc13b]
V  [jvm.dll+0x3dc3c7]
V  [jvm.dll+0x470b85]
V  [jvm.dll+0x3ed426]
V  [jvm.dll+0x7fd65b]
