#
# There is insufficient memory for the Java Runtime Environment to continue.
# Native memory allocation (malloc) failed to allocate 698976 bytes for Chunk::new
# Possible reasons:
#   The system is out of physical RAM or swap space
#   The process is running with CompressedOops enabled, and the Java Heap may be blocking the growth of the native heap
# Possible solutions:
#   Reduce memory load on the system
#   Increase physical memory or swap space
#   Check if swap backing store is full
#   Decrease Java heap size (-Xmx/-Xms)
#   Decrease number of Java threads
#   Decrease Java thread stack sizes (-Xss)
#   Set larger code cache with -XX:ReservedCodeCacheSize=
#   JVM is running with Unscaled Compressed Oops mode in which the Java heap is
#     placed in the first 4GB address space. The Java Heap base address is the
#     maximum limit for the native heap growth. Please use -XX:HeapBaseMinAddress
#     to set the Java Heap base and to place the Java Heap above 4GB virtual address.
# This output file may be truncated or incomplete.
#
#  Out of Memory Error (arena.cpp:168), pid=127248, tid=137260
#
# JRE version: Java(TM) SE Runtime Environment (21.0.4+8) (build 21.0.4+8-LTS-274)
# Java VM: Java HotSpot(TM) 64-Bit Server VM (21.0.4+8-LTS-274, mixed mode, sharing, tiered, compressed oops, compressed class ptrs, g1 gc, windows-amd64)
# No core dump will be written. Minidumps are not enabled by default on client versions of Windows
#

---------------  S U M M A R Y ------------

Command Line: -Dfile.encoding=UTF-8 -Dstdout.encoding=UTF-8 -Dstderr.encoding=UTF-8 -XX:+ShowCodeDetailsInExceptionMessages Xpath.Xpath_By_Attribute

Host: Intel(R) Core(TM) i5-9300H CPU @ 2.40GHz, 8 cores, 7G,  Windows 11 , 64 bit Build 22621 (10.0.22621.5415)
Time: Fri Sep 26 15:06:44 2025 India Standard Time elapsed time: 250.012751 seconds (0d 0h 4m 10s)

---------------  T H R E A D  ---------------

Current thread (0x000001d7cdd0b5a0):  JavaThread "C2 CompilerThread0" daemon [_thread_in_native, id=137260, stack(0x000000a3ba100000,0x000000a3ba200000) (1024K)]


Current CompileTask:
C2: 250012 1717       4       java.lang.invoke.MethodType::methodType (69 bytes)

Stack: [0x000000a3ba100000,0x000000a3ba200000]
Native frames: (J=compiled Java code, j=interpreted, Vv=VM code, C=native code)
V  [jvm.dll+0x6c8e59]
V  [jvm.dll+0x853181]
V  [jvm.dll+0x8556ae]
V  [jvm.dll+0x855d83]
V  [jvm.dll+0x27d526]
V  [jvm.dll+0xc4aad]
V  [jvm.dll+0xc4fe3]
V  [jvm.dll+0x2f038f]
V  [jvm.dll+0x5f406a]
V  [jvm.dll+0x24f102]
V  [jvm.dll+0x24f4bf]
V  [jvm.dll+0x2480c4]
V  [jvm.dll+0x245754]
V  [jvm.dll+0x1c69de]
V  [jvm.dll+0x254d49]
V  [jvm.dll+0x2532da]
V  [jvm.dll+0x3ed426]
V  [jvm.dll+0x7fd65b]
V  [jvm.dll+0x6c753d]
C  [ucrtbase.dll+0x29333]
C  [KERNEL32.DLL+0x1259d]
C  [ntdll.dll+0x5af78]


---------------  P R O C E S S  ---------------

Threads class SMR info:
_java_thread_list=0x000001d813457a40, length=29, elements={
0x000001d7af1e4930, 0x000001d7cdcf8600, 0x000001d7cdcf9520, 0x000001d7cdcfeab0,
0x000001d7cdd01ab0, 0x000001d7cdd02510, 0x000001d7cdd030a0, 0x000001d7cdd0b5a0,
0x000001d7cdd3c1b0, 0x000001d81313bb60, 0x000001d81316bd00, 0x000001d81327a860,
0x000001d813ac7880, 0x000001d813fe65c0, 0x000001d813fe2720, 0x000001d813fe2d90,
0x000001d8139a0320, 0x000001d813267170, 0x000001d813a04440, 0x000001d813a02a00,
0x000001d813a057f0, 0x000001d813a04ad0, 0x000001d813a05160, 0x000001d813a03090,
0x000001d813a02370, 0x000001d813a03720, 0x000001d813a03db0, 0x000001d813809650,
0x000001d8134bcea0
}

Java Threads: ( => current thread )
  0x000001d7af1e4930 JavaThread "Forwarding maximizeCurrentWindow on session 4643c23ac052f0e424de1252bd8c9818 to remote"        [_thread_blocked, id=100760, stack(0x000000a3b9300000,0x000000a3b9400000) (1024K)]
  0x000001d7cdcf8600 JavaThread "Reference Handler"          daemon [_thread_blocked, id=133620, stack(0x000000a3b9b00000,0x000000a3b9c00000) (1024K)]
  0x000001d7cdcf9520 JavaThread "Finalizer"                  daemon [_thread_blocked, id=130448, stack(0x000000a3b9c00000,0x000000a3b9d00000) (1024K)]
  0x000001d7cdcfeab0 JavaThread "Signal Dispatcher"          daemon [_thread_blocked, id=103252, stack(0x000000a3b9d00000,0x000000a3b9e00000) (1024K)]
  0x000001d7cdd01ab0 JavaThread "Attach Listener"            daemon [_thread_blocked, id=62724, stack(0x000000a3b9e00000,0x000000a3b9f00000) (1024K)]
  0x000001d7cdd02510 JavaThread "Service Thread"             daemon [_thread_blocked, id=77400, stack(0x000000a3b9f00000,0x000000a3ba000000) (1024K)]
  0x000001d7cdd030a0 JavaThread "Monitor Deflation Thread"   daemon [_thread_blocked, id=78592, stack(0x000000a3ba000000,0x000000a3ba100000) (1024K)]
=>0x000001d7cdd0b5a0 JavaThread "C2 CompilerThread0"         daemon [_thread_in_native, id=137260, stack(0x000000a3ba100000,0x000000a3ba200000) (1024K)]
  0x000001d7cdd3c1b0 JavaThread "C1 CompilerThread0"         daemon [_thread_blocked, id=137196, stack(0x000000a3ba200000,0x000000a3ba300000) (1024K)]
  0x000001d81313bb60 JavaThread "Notification Thread"        daemon [_thread_blocked, id=119904, stack(0x000000a3ba300000,0x000000a3ba400000) (1024K)]
  0x000001d81316bd00 JavaThread "Common-Cleaner"             daemon [_thread_blocked, id=114668, stack(0x000000a3ba400000,0x000000a3ba500000) (1024K)]
  0x000001d81327a860 JavaThread "ForkJoinPool.commonPool-worker-1" daemon [_thread_blocked, id=134164, stack(0x000000a3b9000000,0x000000a3b9100000) (1024K)]
  0x000001d813ac7880 JavaThread "HttpClient-1-SelectorManager" daemon [_thread_in_native, id=139304, stack(0x000000a3b9100000,0x000000a3b9200000) (1024K)]
  0x000001d813fe65c0 JavaThread "External Process Output Forwarder - C:\Users\shend\.cache\selenium\chromedriver\win64\140.0.7339.207\chromedriver.exe" daemon [_thread_in_native, id=126396, stack(0x000000a3ba700000,0x000000a3ba800000) (1024K)]
  0x000001d813fe2720 JavaThread "Driver Service Executor"    daemon [_thread_blocked, id=59876, stack(0x000000a3ba800000,0x000000a3ba900000) (1024K)]
  0x000001d813fe2d90 JavaThread "Driver Service Executor"    daemon [_thread_in_native, id=135660, stack(0x000000a3ba900000,0x000000a3baa00000) (1024K)]
  0x000001d8139a0320 JavaThread "UrlChecker-2"               daemon [_thread_blocked, id=136284, stack(0x000000a3baa00000,0x000000a3bab00000) (1024K)]
  0x000001d813267170 JavaThread "Keep-Alive-Timer"           daemon [_thread_blocked, id=131348, stack(0x000000a3bac00000,0x000000a3bad00000) (1024K)]
  0x000001d813a04440 JavaThread "JdkHttpClient-0-0"          daemon [_thread_blocked, id=133088, stack(0x000000a3bb400000,0x000000a3bb500000) (1024K)]
  0x000001d813a02a00 JavaThread "CompletableFutureDelayScheduler" daemon [_thread_blocked, id=138684, stack(0x000000a3bb500000,0x000000a3bb600000) (1024K)]
  0x000001d813a057f0 JavaThread "JdkHttpClient-0-1"          daemon [_thread_blocked, id=97460, stack(0x000000a3bb600000,0x000000a3bb700000) (1024K)]
  0x000001d813a04ad0 JavaThread "JdkHttpClient-0-2"          daemon [_thread_blocked, id=69348, stack(0x000000a3bb700000,0x000000a3bb800000) (1024K)]
  0x000001d813a05160 JavaThread "JdkHttpClient-0-3"          daemon [_thread_blocked, id=139356, stack(0x000000a3bb800000,0x000000a3bb900000) (1024K)]
  0x000001d813a03090 JavaThread "HttpClient-2-SelectorManager" daemon [_thread_in_native, id=138380, stack(0x000000a3bb900000,0x000000a3bba00000) (1024K)]
  0x000001d813a02370 JavaThread "JdkHttpClient-1-0"          daemon [_thread_blocked, id=121916, stack(0x000000a3bba00000,0x000000a3bbb00000) (1024K)]
  0x000001d813a03720 JavaThread "JdkHttpClient-1-1"          daemon [_thread_blocked, id=130824, stack(0x000000a3bbb00000,0x000000a3bbc00000) (1024K)]
  0x000001d813a03db0 JavaThread "JdkHttpClient-1-2"          daemon [_thread_blocked, id=144796, stack(0x000000a3bbc00000,0x000000a3bbd00000) (1024K)]
  0x000001d813809650 JavaThread "JdkHttpClient-1-3"          daemon [_thread_blocked, id=140500, stack(0x000000a3bbd00000,0x000000a3bbe00000) (1024K)]
  0x000001d8134bcea0 JavaThread "C2 CompilerThread1"         daemon [_thread_blocked, id=134500, stack(0x000000a3bbe00000,0x000000a3bbf00000) (1024K)]
Total: 29

Other Threads:
  0x000001d7cdcdf150 VMThread "VM Thread"                           [id=66040, stack(0x000000a3b9a00000,0x000000a3b9b00000) (1024K)]
  0x000001d7cdcc5e50 WatcherThread "VM Periodic Task Thread"        [id=127880, stack(0x000000a3b9900000,0x000000a3b9a00000) (1024K)]
  0x000001d7b14152f0 WorkerThread "GC Thread#0"                     [id=132516, stack(0x000000a3b9400000,0x000000a3b9500000) (1024K)]
  0x000001d813652f50 WorkerThread "GC Thread#1"                     [id=82680, stack(0x000000a3bad00000,0x000000a3bae00000) (1024K)]
  0x000001d8136532f0 WorkerThread "GC Thread#2"                     [id=133104, stack(0x000000a3bae00000,0x000000a3baf00000) (1024K)]
  0x000001d8138c8a70 WorkerThread "GC Thread#3"                     [id=136328, stack(0x000000a3baf00000,0x000000a3bb000000) (1024K)]
  0x000001d813950f90 WorkerThread "GC Thread#4"                     [id=107892, stack(0x000000a3bb000000,0x000000a3bb100000) (1024K)]
  0x000001d813955340 WorkerThread "GC Thread#5"                     [id=133472, stack(0x000000a3bb100000,0x000000a3bb200000) (1024K)]
  0x000001d813788540 WorkerThread "GC Thread#6"                     [id=134776, stack(0x000000a3bb200000,0x000000a3bb300000) (1024K)]
  0x000001d8137881a0 WorkerThread "GC Thread#7"                     [id=135760, stack(0x000000a3bb300000,0x000000a3bb400000) (1024K)]
  0x000001d7b1425f50 ConcurrentGCThread "G1 Main Marker"            [id=125888, stack(0x000000a3b9500000,0x000000a3b9600000) (1024K)]
  0x000001d7b1427bb0 WorkerThread "G1 Conc#0"                       [id=133652, stack(0x000000a3b9600000,0x000000a3b9700000) (1024K)]
  0x000001d7b147eb90 ConcurrentGCThread "G1 Refine#0"               [id=128584, stack(0x000000a3b9700000,0x000000a3b9800000) (1024K)]
  0x000001d7cdb938c0 ConcurrentGCThread "G1 Service"                [id=107220, stack(0x000000a3b9800000,0x000000a3b9900000) (1024K)]
Total: 14

Threads with active compile tasks:
C2 CompilerThread0   250849 1717       4       java.lang.invoke.MethodType::methodType (69 bytes)
Total: 1

VM state: not at safepoint (normal execution)

VM Mutex/Monitor currently owned by a thread: None

Heap address: 0x0000000082000000, size: 2016 MB, Compressed Oops mode: 32-bit

CDS archive(s) mapped at: [0x000001d7ce000000-0x000001d7cec90000-0x000001d7cec90000), size 13172736, SharedBaseAddress: 0x000001d7ce000000, ArchiveRelocationMode: 1.
Compressed class space mapped at: 0x000001d7cf000000-0x000001d80f000000, reserved size: 1073741824
Narrow klass base: 0x000001d7ce000000, Narrow klass shift: 0, Narrow klass range: 0x100000000

GC Precious Log:
 CardTable entry size: 512
 Card Set container configuration: InlinePtr #cards 5 size 8 Array Of Cards #cards 12 size 40 Howl #buckets 4 coarsen threshold 1843 Howl Bitmap #cards 512 size 80 coarsen threshold 460 Card regions per heap region 1 cards per card region 2048
 CPUs: 8 total, 8 available
 Memory: 8063M
 Large Page Support: Disabled
 NUMA Support: Disabled
 Compressed Oops: Enabled (32-bit)
 Heap Region Size: 1M
 Heap Min Capacity: 8M
 Heap Initial Capacity: 126M
 Heap Max Capacity: 2016M
 Pre-touch: Disabled
 Parallel Workers: 8
 Concurrent Workers: 2
 Concurrent Refinement Workers: 8
 Periodic GC: Disabled

Heap:
 garbage-first heap   total 129024K, used 14805K [0x0000000082000000, 0x0000000100000000)
  region size 1024K, 12 young (12288K), 3 survivors (3072K)
 Metaspace       used 12209K, committed 12544K, reserved 1114112K
  class space    used 1466K, committed 1664K, reserved 1048576K

Heap Regions: E=young(eden), S=young(survivor), O=old, HS=humongous(starts), HC=humongous(continues), CS=collection set, F=free, TAMS=top-at-mark-start, PB=parsable bottom
|   0|0x0000000082000000, 0x0000000082100000, 0x0000000082100000|100%|HS|  |TAMS 0x0000000082000000| PB 0x0000000082000000| Complete 
|   1|0x0000000082100000, 0x0000000082200000, 0x0000000082200000|100%| O|  |TAMS 0x0000000082100000| PB 0x0000000082100000| Untracked 
|   2|0x0000000082200000, 0x0000000082300000, 0x0000000082300000|100%| O|  |TAMS 0x0000000082200000| PB 0x0000000082200000| Untracked 
|   3|0x0000000082300000, 0x00000000823754e0, 0x0000000082400000| 45%| O|  |TAMS 0x0000000082300000| PB 0x0000000082300000| Untracked 
|   4|0x0000000082400000, 0x0000000082400000, 0x0000000082500000|  0%| F|  |TAMS 0x0000000082400000| PB 0x0000000082400000| Untracked 
|   5|0x0000000082500000, 0x0000000082500000, 0x0000000082600000|  0%| F|  |TAMS 0x0000000082500000| PB 0x0000000082500000| Untracked 
|   6|0x0000000082600000, 0x0000000082600000, 0x0000000082700000|  0%| F|  |TAMS 0x0000000082600000| PB 0x0000000082600000| Untracked 
|   7|0x0000000082700000, 0x0000000082700000, 0x0000000082800000|  0%| F|  |TAMS 0x0000000082700000| PB 0x0000000082700000| Untracked 
|   8|0x0000000082800000, 0x0000000082800000, 0x0000000082900000|  0%| F|  |TAMS 0x0000000082800000| PB 0x0000000082800000| Untracked 
|   9|0x0000000082900000, 0x0000000082900000, 0x0000000082a00000|  0%| F|  |TAMS 0x0000000082900000| PB 0x0000000082900000| Untracked 
|  10|0x0000000082a00000, 0x0000000082a00000, 0x0000000082b00000|  0%| F|  |TAMS 0x0000000082a00000| PB 0x0000000082a00000| Untracked 
|  11|0x0000000082b00000, 0x0000000082b00000, 0x0000000082c00000|  0%| F|  |TAMS 0x0000000082b00000| PB 0x0000000082b00000| Untracked 
|  12|0x0000000082c00000, 0x0000000082c00000, 0x0000000082d00000|  0%| F|  |TAMS 0x0000000082c00000| PB 0x0000000082c00000| Untracked 
|  13|0x0000000082d00000, 0x0000000082d00000, 0x0000000082e00000|  0%| F|  |TAMS 0x0000000082d00000| PB 0x0000000082d00000| Untracked 
|  14|0x0000000082e00000, 0x0000000082e00000, 0x0000000082f00000|  0%| F|  |TAMS 0x0000000082e00000| PB 0x0000000082e00000| Untracked 
|  15|0x0000000082f00000, 0x0000000082f00000, 0x0000000083000000|  0%| F|  |TAMS 0x0000000082f00000| PB 0x0000000082f00000| Untracked 
|  16|0x0000000083000000, 0x0000000083000000, 0x0000000083100000|  0%| F|  |TAMS 0x0000000083000000| PB 0x0000000083000000| Untracked 
|  17|0x0000000083100000, 0x0000000083100000, 0x0000000083200000|  0%| F|  |TAMS 0x0000000083100000| PB 0x0000000083100000| Untracked 
|  18|0x0000000083200000, 0x0000000083200000, 0x0000000083300000|  0%| F|  |TAMS 0x0000000083200000| PB 0x0000000083200000| Untracked 
|  19|0x0000000083300000, 0x0000000083300000, 0x0000000083400000|  0%| F|  |TAMS 0x0000000083300000| PB 0x0000000083300000| Untracked 
|  20|0x0000000083400000, 0x0000000083400000, 0x0000000083500000|  0%| F|  |TAMS 0x0000000083400000| PB 0x0000000083400000| Untracked 
|  21|0x0000000083500000, 0x0000000083500000, 0x0000000083600000|  0%| F|  |TAMS 0x0000000083500000| PB 0x0000000083500000| Untracked 
|  22|0x0000000083600000, 0x0000000083600000, 0x0000000083700000|  0%| F|  |TAMS 0x0000000083600000| PB 0x0000000083600000| Untracked 
|  23|0x0000000083700000, 0x0000000083700000, 0x0000000083800000|  0%| F|  |TAMS 0x0000000083700000| PB 0x0000000083700000| Untracked 
|  24|0x0000000083800000, 0x0000000083800000, 0x0000000083900000|  0%| F|  |TAMS 0x0000000083800000| PB 0x0000000083800000| Untracked 
|  25|0x0000000083900000, 0x0000000083900000, 0x0000000083a00000|  0%| F|  |TAMS 0x0000000083900000| PB 0x0000000083900000| Untracked 
|  26|0x0000000083a00000, 0x0000000083a00000, 0x0000000083b00000|  0%| F|  |TAMS 0x0000000083a00000| PB 0x0000000083a00000| Untracked 
|  27|0x0000000083b00000, 0x0000000083b00000, 0x0000000083c00000|  0%| F|  |TAMS 0x0000000083b00000| PB 0x0000000083b00000| Untracked 
|  28|0x0000000083c00000, 0x0000000083c00000, 0x0000000083d00000|  0%| F|  |TAMS 0x0000000083c00000| PB 0x0000000083c00000| Untracked 
|  29|0x0000000083d00000, 0x0000000083d00000, 0x0000000083e00000|  0%| F|  |TAMS 0x0000000083d00000| PB 0x0000000083d00000| Untracked 
|  30|0x0000000083e00000, 0x0000000083e00000, 0x0000000083f00000|  0%| F|  |TAMS 0x0000000083e00000| PB 0x0000000083e00000| Untracked 
|  31|0x0000000083f00000, 0x0000000083f00000, 0x0000000084000000|  0%| F|  |TAMS 0x0000000083f00000| PB 0x0000000083f00000| Untracked 
|  32|0x0000000084000000, 0x0000000084000000, 0x0000000084100000|  0%| F|  |TAMS 0x0000000084000000| PB 0x0000000084000000| Untracked 
|  33|0x0000000084100000, 0x0000000084100000, 0x0000000084200000|  0%| F|  |TAMS 0x0000000084100000| PB 0x0000000084100000| Untracked 
|  34|0x0000000084200000, 0x0000000084200000, 0x0000000084300000|  0%| F|  |TAMS 0x0000000084200000| PB 0x0000000084200000| Untracked 
|  35|0x0000000084300000, 0x0000000084300000, 0x0000000084400000|  0%| F|  |TAMS 0x0000000084300000| PB 0x0000000084300000| Untracked 
|  36|0x0000000084400000, 0x0000000084400000, 0x0000000084500000|  0%| F|  |TAMS 0x0000000084400000| PB 0x0000000084400000| Untracked 
|  37|0x0000000084500000, 0x0000000084500000, 0x0000000084600000|  0%| F|  |TAMS 0x0000000084500000| PB 0x0000000084500000| Untracked 
|  38|0x0000000084600000, 0x0000000084600000, 0x0000000084700000|  0%| F|  |TAMS 0x0000000084600000| PB 0x0000000084600000| Untracked 
|  39|0x0000000084700000, 0x0000000084700000, 0x0000000084800000|  0%| F|  |TAMS 0x0000000084700000| PB 0x0000000084700000| Untracked 
|  40|0x0000000084800000, 0x0000000084800000, 0x0000000084900000|  0%| F|  |TAMS 0x0000000084800000| PB 0x0000000084800000| Untracked 
|  41|0x0000000084900000, 0x0000000084900000, 0x0000000084a00000|  0%| F|  |TAMS 0x0000000084900000| PB 0x0000000084900000| Untracked 
|  42|0x0000000084a00000, 0x0000000084a00000, 0x0000000084b00000|  0%| F|  |TAMS 0x0000000084a00000| PB 0x0000000084a00000| Untracked 
|  43|0x0000000084b00000, 0x0000000084b00000, 0x0000000084c00000|  0%| F|  |TAMS 0x0000000084b00000| PB 0x0000000084b00000| Untracked 
|  44|0x0000000084c00000, 0x0000000084c00000, 0x0000000084d00000|  0%| F|  |TAMS 0x0000000084c00000| PB 0x0000000084c00000| Untracked 
|  45|0x0000000084d00000, 0x0000000084d00000, 0x0000000084e00000|  0%| F|  |TAMS 0x0000000084d00000| PB 0x0000000084d00000| Untracked 
|  46|0x0000000084e00000, 0x0000000084e00000, 0x0000000084f00000|  0%| F|  |TAMS 0x0000000084e00000| PB 0x0000000084e00000| Untracked 
|  47|0x0000000084f00000, 0x0000000084f00000, 0x0000000085000000|  0%| F|  |TAMS 0x0000000084f00000| PB 0x0000000084f00000| Untracked 
|  48|0x0000000085000000, 0x0000000085000000, 0x0000000085100000|  0%| F|  |TAMS 0x0000000085000000| PB 0x0000000085000000| Untracked 
|  49|0x0000000085100000, 0x0000000085100000, 0x0000000085200000|  0%| F|  |TAMS 0x0000000085100000| PB 0x0000000085100000| Untracked 
|  50|0x0000000085200000, 0x0000000085200000, 0x0000000085300000|  0%| F|  |TAMS 0x0000000085200000| PB 0x0000000085200000| Untracked 
|  51|0x0000000085300000, 0x0000000085300000, 0x0000000085400000|  0%| F|  |TAMS 0x0000000085300000| PB 0x0000000085300000| Untracked 
|  52|0x0000000085400000, 0x0000000085400000, 0x0000000085500000|  0%| F|  |TAMS 0x0000000085400000| PB 0x0000000085400000| Untracked 
|  53|0x0000000085500000, 0x0000000085500000, 0x0000000085600000|  0%| F|  |TAMS 0x0000000085500000| PB 0x0000000085500000| Untracked 
|  54|0x0000000085600000, 0x0000000085600000, 0x0000000085700000|  0%| F|  |TAMS 0x0000000085600000| PB 0x0000000085600000| Untracked 
|  55|0x0000000085700000, 0x0000000085700000, 0x0000000085800000|  0%| F|  |TAMS 0x0000000085700000| PB 0x0000000085700000| Untracked 
|  56|0x0000000085800000, 0x0000000085800000, 0x0000000085900000|  0%| F|  |TAMS 0x0000000085800000| PB 0x0000000085800000| Untracked 
|  57|0x0000000085900000, 0x0000000085900000, 0x0000000085a00000|  0%| F|  |TAMS 0x0000000085900000| PB 0x0000000085900000| Untracked 
|  58|0x0000000085a00000, 0x0000000085a00000, 0x0000000085b00000|  0%| F|  |TAMS 0x0000000085a00000| PB 0x0000000085a00000| Untracked 
|  59|0x0000000085b00000, 0x0000000085b00000, 0x0000000085c00000|  0%| F|  |TAMS 0x0000000085b00000| PB 0x0000000085b00000| Untracked 
|  60|0x0000000085c00000, 0x0000000085c00000, 0x0000000085d00000|  0%| F|  |TAMS 0x0000000085c00000| PB 0x0000000085c00000| Untracked 
|  61|0x0000000085d00000, 0x0000000085d00000, 0x0000000085e00000|  0%| F|  |TAMS 0x0000000085d00000| PB 0x0000000085d00000| Untracked 
|  62|0x0000000085e00000, 0x0000000085e00000, 0x0000000085f00000|  0%| F|  |TAMS 0x0000000085e00000| PB 0x0000000085e00000| Untracked 
|  63|0x0000000085f00000, 0x0000000085f00000, 0x0000000086000000|  0%| F|  |TAMS 0x0000000085f00000| PB 0x0000000085f00000| Untracked 
|  64|0x0000000086000000, 0x0000000086000000, 0x0000000086100000|  0%| F|  |TAMS 0x0000000086000000| PB 0x0000000086000000| Untracked 
|  65|0x0000000086100000, 0x0000000086100000, 0x0000000086200000|  0%| F|  |TAMS 0x0000000086100000| PB 0x0000000086100000| Untracked 
|  66|0x0000000086200000, 0x0000000086200000, 0x0000000086300000|  0%| F|  |TAMS 0x0000000086200000| PB 0x0000000086200000| Untracked 
|  67|0x0000000086300000, 0x0000000086300000, 0x0000000086400000|  0%| F|  |TAMS 0x0000000086300000| PB 0x0000000086300000| Untracked 
|  68|0x0000000086400000, 0x0000000086400000, 0x0000000086500000|  0%| F|  |TAMS 0x0000000086400000| PB 0x0000000086400000| Untracked 
|  69|0x0000000086500000, 0x0000000086500000, 0x0000000086600000|  0%| F|  |TAMS 0x0000000086500000| PB 0x0000000086500000| Untracked 
|  70|0x0000000086600000, 0x0000000086600000, 0x0000000086700000|  0%| F|  |TAMS 0x0000000086600000| PB 0x0000000086600000| Untracked 
|  71|0x0000000086700000, 0x0000000086700000, 0x0000000086800000|  0%| F|  |TAMS 0x0000000086700000| PB 0x0000000086700000| Untracked 
|  72|0x0000000086800000, 0x0000000086800000, 0x0000000086900000|  0%| F|  |TAMS 0x0000000086800000| PB 0x0000000086800000| Untracked 
|  73|0x0000000086900000, 0x0000000086900000, 0x0000000086a00000|  0%| F|  |TAMS 0x0000000086900000| PB 0x0000000086900000| Untracked 
|  74|0x0000000086a00000, 0x0000000086a00000, 0x0000000086b00000|  0%| F|  |TAMS 0x0000000086a00000| PB 0x0000000086a00000| Untracked 
|  75|0x0000000086b00000, 0x0000000086b00000, 0x0000000086c00000|  0%| F|  |TAMS 0x0000000086b00000| PB 0x0000000086b00000| Untracked 
|  76|0x0000000086c00000, 0x0000000086c00000, 0x0000000086d00000|  0%| F|  |TAMS 0x0000000086c00000| PB 0x0000000086c00000| Untracked 
|  77|0x0000000086d00000, 0x0000000086d00000, 0x0000000086e00000|  0%| F|  |TAMS 0x0000000086d00000| PB 0x0000000086d00000| Untracked 
|  78|0x0000000086e00000, 0x0000000086e00000, 0x0000000086f00000|  0%| F|  |TAMS 0x0000000086e00000| PB 0x0000000086e00000| Untracked 
|  79|0x0000000086f00000, 0x0000000086f00000, 0x0000000087000000|  0%| F|  |TAMS 0x0000000086f00000| PB 0x0000000086f00000| Untracked 
|  80|0x0000000087000000, 0x0000000087000000, 0x0000000087100000|  0%| F|  |TAMS 0x0000000087000000| PB 0x0000000087000000| Untracked 
|  81|0x0000000087100000, 0x0000000087100000, 0x0000000087200000|  0%| F|  |TAMS 0x0000000087100000| PB 0x0000000087100000| Untracked 
|  82|0x0000000087200000, 0x0000000087200000, 0x0000000087300000|  0%| F|  |TAMS 0x0000000087200000| PB 0x0000000087200000| Untracked 
|  83|0x0000000087300000, 0x0000000087300000, 0x0000000087400000|  0%| F|  |TAMS 0x0000000087300000| PB 0x0000000087300000| Untracked 
|  84|0x0000000087400000, 0x0000000087400000, 0x0000000087500000|  0%| F|  |TAMS 0x0000000087400000| PB 0x0000000087400000| Untracked 
|  85|0x0000000087500000, 0x0000000087500000, 0x0000000087600000|  0%| F|  |TAMS 0x0000000087500000| PB 0x0000000087500000| Untracked 
|  86|0x0000000087600000, 0x0000000087600000, 0x0000000087700000|  0%| F|  |TAMS 0x0000000087600000| PB 0x0000000087600000| Untracked 
|  87|0x0000000087700000, 0x0000000087700000, 0x0000000087800000|  0%| F|  |TAMS 0x0000000087700000| PB 0x0000000087700000| Untracked 
|  88|0x0000000087800000, 0x0000000087800000, 0x0000000087900000|  0%| F|  |TAMS 0x0000000087800000| PB 0x0000000087800000| Untracked 
|  89|0x0000000087900000, 0x0000000087900000, 0x0000000087a00000|  0%| F|  |TAMS 0x0000000087900000| PB 0x0000000087900000| Untracked 
|  90|0x0000000087a00000, 0x0000000087a00000, 0x0000000087b00000|  0%| F|  |TAMS 0x0000000087a00000| PB 0x0000000087a00000| Untracked 
|  91|0x0000000087b00000, 0x0000000087b00000, 0x0000000087c00000|  0%| F|  |TAMS 0x0000000087b00000| PB 0x0000000087b00000| Untracked 
|  92|0x0000000087c00000, 0x0000000087c00000, 0x0000000087d00000|  0%| F|  |TAMS 0x0000000087c00000| PB 0x0000000087c00000| Untracked 
|  93|0x0000000087d00000, 0x0000000087d00000, 0x0000000087e00000|  0%| F|  |TAMS 0x0000000087d00000| PB 0x0000000087d00000| Untracked 
|  94|0x0000000087e00000, 0x0000000087e00000, 0x0000000087f00000|  0%| F|  |TAMS 0x0000000087e00000| PB 0x0000000087e00000| Untracked 
|  95|0x0000000087f00000, 0x0000000087f00000, 0x0000000088000000|  0%| F|  |TAMS 0x0000000087f00000| PB 0x0000000087f00000| Untracked 
|  96|0x0000000088000000, 0x0000000088000000, 0x0000000088100000|  0%| F|  |TAMS 0x0000000088000000| PB 0x0000000088000000| Untracked 
|  97|0x0000000088100000, 0x0000000088100000, 0x0000000088200000|  0%| F|  |TAMS 0x0000000088100000| PB 0x0000000088100000| Untracked 
|  98|0x0000000088200000, 0x0000000088200000, 0x0000000088300000|  0%| F|  |TAMS 0x0000000088200000| PB 0x0000000088200000| Untracked 
|  99|0x0000000088300000, 0x0000000088300000, 0x0000000088400000|  0%| F|  |TAMS 0x0000000088300000| PB 0x0000000088300000| Untracked 
| 100|0x0000000088400000, 0x0000000088500000, 0x0000000088500000|100%| S|CS|TAMS 0x0000000088400000| PB 0x0000000088400000| Complete 
| 101|0x0000000088500000, 0x0000000088600000, 0x0000000088600000|100%| S|CS|TAMS 0x0000000088500000| PB 0x0000000088500000| Complete 
| 102|0x0000000088600000, 0x0000000088700000, 0x0000000088700000|100%| S|CS|TAMS 0x0000000088600000| PB 0x0000000088600000| Complete 
| 103|0x0000000088700000, 0x0000000088700000, 0x0000000088800000|  0%| F|  |TAMS 0x0000000088700000| PB 0x0000000088700000| Untracked 
| 104|0x0000000088800000, 0x0000000088800000, 0x0000000088900000|  0%| F|  |TAMS 0x0000000088800000| PB 0x0000000088800000| Untracked 
| 105|0x0000000088900000, 0x0000000088900000, 0x0000000088a00000|  0%| F|  |TAMS 0x0000000088900000| PB 0x0000000088900000| Untracked 
| 106|0x0000000088a00000, 0x0000000088a00000, 0x0000000088b00000|  0%| F|  |TAMS 0x0000000088a00000| PB 0x0000000088a00000| Untracked 
| 107|0x0000000088b00000, 0x0000000088b00000, 0x0000000088c00000|  0%| F|  |TAMS 0x0000000088b00000| PB 0x0000000088b00000| Untracked 
| 108|0x0000000088c00000, 0x0000000088c00000, 0x0000000088d00000|  0%| F|  |TAMS 0x0000000088c00000| PB 0x0000000088c00000| Untracked 
| 109|0x0000000088d00000, 0x0000000088d00000, 0x0000000088e00000|  0%| F|  |TAMS 0x0000000088d00000| PB 0x0000000088d00000| Untracked 
| 110|0x0000000088e00000, 0x0000000088e00000, 0x0000000088f00000|  0%| F|  |TAMS 0x0000000088e00000| PB 0x0000000088e00000| Untracked 
| 111|0x0000000088f00000, 0x0000000088f00000, 0x0000000089000000|  0%| F|  |TAMS 0x0000000088f00000| PB 0x0000000088f00000| Untracked 
| 112|0x0000000089000000, 0x0000000089000000, 0x0000000089100000|  0%| F|  |TAMS 0x0000000089000000| PB 0x0000000089000000| Untracked 
| 113|0x0000000089100000, 0x0000000089100000, 0x0000000089200000|  0%| F|  |TAMS 0x0000000089100000| PB 0x0000000089100000| Untracked 
| 114|0x0000000089200000, 0x0000000089200000, 0x0000000089300000|  0%| F|  |TAMS 0x0000000089200000| PB 0x0000000089200000| Untracked 
| 115|0x0000000089300000, 0x0000000089300000, 0x0000000089400000|  0%| F|  |TAMS 0x0000000089300000| PB 0x0000000089300000| Untracked 
| 116|0x0000000089400000, 0x0000000089400000, 0x0000000089500000|  0%| F|  |TAMS 0x0000000089400000| PB 0x0000000089400000| Untracked 
| 117|0x0000000089500000, 0x00000000895be9b0, 0x0000000089600000| 74%| E|  |TAMS 0x0000000089500000| PB 0x0000000089500000| Complete 
| 118|0x0000000089600000, 0x0000000089700000, 0x0000000089700000|100%| E|CS|TAMS 0x0000000089600000| PB 0x0000000089600000| Complete 
| 119|0x0000000089700000, 0x0000000089800000, 0x0000000089800000|100%| E|CS|TAMS 0x0000000089700000| PB 0x0000000089700000| Complete 
| 120|0x0000000089800000, 0x0000000089900000, 0x0000000089900000|100%| E|CS|TAMS 0x0000000089800000| PB 0x0000000089800000| Complete 
| 121|0x0000000089900000, 0x0000000089a00000, 0x0000000089a00000|100%| E|CS|TAMS 0x0000000089900000| PB 0x0000000089900000| Complete 
| 122|0x0000000089a00000, 0x0000000089b00000, 0x0000000089b00000|100%| E|CS|TAMS 0x0000000089a00000| PB 0x0000000089a00000| Complete 
| 123|0x0000000089b00000, 0x0000000089c00000, 0x0000000089c00000|100%| E|CS|TAMS 0x0000000089b00000| PB 0x0000000089b00000| Complete 
| 124|0x0000000089c00000, 0x0000000089d00000, 0x0000000089d00000|100%| E|CS|TAMS 0x0000000089c00000| PB 0x0000000089c00000| Complete 
| 125|0x0000000089d00000, 0x0000000089e00000, 0x0000000089e00000|100%| E|CS|TAMS 0x0000000089d00000| PB 0x0000000089d00000| Complete 

Card table byte_map: [0x000001d7c8f50000,0x000001d7c9340000] _byte_map_base: 0x000001d7c8b40000

Marking Bits: (CMBitMap*) 0x000001d7b14159f0
 Bits: [0x000001d7c9340000, 0x000001d7cb2c0000)

Polling page: 0x000001d7af3b0000

Metaspace:

Usage:
  Non-class:     10.49 MB used.
      Class:      1.43 MB used.
       Both:     11.92 MB used.

Virtual space:
  Non-class space:       64.00 MB reserved,      10.62 MB ( 17%) committed,  1 nodes.
      Class space:        1.00 GB reserved,       1.62 MB ( <1%) committed,  1 nodes.
             Both:        1.06 GB reserved,      12.25 MB (  1%) committed. 

Chunk freelists:
   Non-Class:  5.31 MB
       Class:  14.36 MB
        Both:  19.67 MB

MaxMetaspaceSize: unlimited
CompressedClassSpaceSize: 1.00 GB
Initial GC threshold: 21.00 MB
Current GC threshold: 21.00 MB
CDS: on
 - commit_granule_bytes: 65536.
 - commit_granule_words: 8192.
 - virtual_space_node_default_size: 8388608.
 - enlarge_chunks_in_place: 1.
 - use_allocation_guard: 0.


Internal statistics:

num_allocs_failed_limit: 0.
num_arena_births: 332.
num_arena_deaths: 0.
num_vsnodes_births: 2.
num_vsnodes_deaths: 0.
num_space_committed: 196.
num_space_uncommitted: 0.
num_chunks_returned_to_freelist: 0.
num_chunks_taken_from_freelist: 606.
num_chunk_merges: 0.
num_chunk_splits: 356.
num_chunks_enlarged: 202.
num_inconsistent_stats: 0.

CodeHeap 'non-profiled nmethods': size=120000Kb used=552Kb max_used=552Kb free=119447Kb
 bounds [0x000001d7c1300000, 0x000001d7c1570000, 0x000001d7c8830000]
CodeHeap 'profiled nmethods': size=120000Kb used=3210Kb max_used=3210Kb free=116789Kb
 bounds [0x000001d7b9830000, 0x000001d7b9b60000, 0x000001d7c0d60000]
CodeHeap 'non-nmethods': size=5760Kb used=1454Kb max_used=1473Kb free=4305Kb
 bounds [0x000001d7c0d60000, 0x000001d7c0fd0000, 0x000001d7c1300000]
 total_blobs=2269 nmethods=1730 adapters=444
 compilation: enabled
              stopped_count=0, restarted_count=0
 full_count=0

Compilation events (20 events):
Event: 249.791 Thread 0x000001d7cdd3c1b0 1721       3       java.lang.invoke.LambdaFormEditor$TransformKey::bval (26 bytes)
Event: 249.791 Thread 0x000001d7cdd3c1b0 nmethod 1721 0x000001d7b9b4f710 code [0x000001d7b9b4f8a0, 0x000001d7b9b4f9a8]
Event: 249.792 Thread 0x000001d7cdd3c1b0 1722       3       java.util.TreeMap::successor (66 bytes)
Event: 249.792 Thread 0x000001d7cdd3c1b0 nmethod 1722 0x000001d7b9b4fa10 code [0x000001d7b9b4fbe0, 0x000001d7b9b4ff30]
Event: 249.792 Thread 0x000001d7cdd3c1b0 1723       3       org.openqa.selenium.SharedCapabilitiesMethods$$Lambda/0x000001d7cf1a04e0::compare (12 bytes)
Event: 249.792 Thread 0x000001d7cdd3c1b0 nmethod 1723 0x000001d7b9b50090 code [0x000001d7b9b50240, 0x000001d7b9b50570]
Event: 249.792 Thread 0x000001d7cdd3c1b0 1724       3       java.util.TreeMap$PrivateEntryIterator::hasNext (13 bytes)
Event: 249.792 Thread 0x000001d7cdd3c1b0 nmethod 1724 0x000001d7b9b50690 code [0x000001d7b9b50820, 0x000001d7b9b50988]
Event: 249.795 Thread 0x000001d8134bcea0 1725       4       java.lang.StringLatin1::toLowerCase (186 bytes)
Event: 249.795 Thread 0x000001d7cdd3c1b0 1726       3       java.lang.CharacterData::of (136 bytes)
Event: 249.795 Thread 0x000001d7cdd3c1b0 nmethod 1726 0x000001d7b9b50a10 code [0x000001d7b9b50c40, 0x000001d7b9b51510]
Event: 249.795 Thread 0x000001d7cdd3c1b0 1727       3       java.lang.invoke.DirectMethodHandle$Holder::newInvokeSpecial (24 bytes)
Event: 249.796 Thread 0x000001d7cdd3c1b0 nmethod 1727 0x000001d7b9b51710 code [0x000001d7b9b51900, 0x000001d7b9b51f10]
Event: 249.796 Thread 0x000001d7cdd3c1b0 1728       1       java.util.TreeMap::size (5 bytes)
Event: 249.796 Thread 0x000001d7cdd3c1b0 nmethod 1728 0x000001d7c1388b90 code [0x000001d7c1388d20, 0x000001d7c1388de8]
Event: 249.796 Thread 0x000001d7cdd3c1b0 1729       3       java.lang.Math::addExact (32 bytes)
Event: 249.796 Thread 0x000001d7cdd3c1b0 nmethod 1729 0x000001d7b9b52110 code [0x000001d7b9b522c0, 0x000001d7b9b524c8]
Event: 249.796 Thread 0x000001d7cdd3c1b0 1731       3       java.util.concurrent.atomic.AtomicLong::incrementAndGet (14 bytes)
Event: 249.796 Thread 0x000001d7cdd3c1b0 nmethod 1731 0x000001d7b9b52590 code [0x000001d7b9b52720, 0x000001d7b9b52848]
Event: 249.805 Thread 0x000001d8134bcea0 nmethod 1725 0x000001d7c1389290 code [0x000001d7c1389460, 0x000001d7c1389e48]

GC Heap History (2 events):
Event: 247.888 GC heap before
{Heap before GC invocations=0 (full 0):
 garbage-first heap   total 129024K, used 23552K [0x0000000082000000, 0x0000000100000000)
  region size 1024K, 23 young (23552K), 0 survivors (0K)
 Metaspace       used 9164K, committed 9408K, reserved 1114112K
  class space    used 1049K, committed 1152K, reserved 1048576K
}
Event: 247.895 GC heap after
{Heap after GC invocations=1 (full 0):
 garbage-first heap   total 129024K, used 6613K [0x0000000082000000, 0x0000000100000000)
  region size 1024K, 3 young (3072K), 3 survivors (3072K)
 Metaspace       used 9164K, committed 9408K, reserved 1114112K
  class space    used 1049K, committed 1152K, reserved 1048576K
}

Dll operation events (10 events):
Event: 0.034 Loaded shared library C:\Program Files\Java\jdk-21\bin\java.dll
Event: 0.068 Loaded shared library C:\Program Files\Java\jdk-21\bin\jsvml.dll
Event: 0.167 Loaded shared library C:\Program Files\Java\jdk-21\bin\net.dll
Event: 0.168 Loaded shared library C:\Program Files\Java\jdk-21\bin\nio.dll
Event: 0.173 Loaded shared library C:\Program Files\Java\jdk-21\bin\zip.dll
Event: 0.248 Loaded shared library C:\Program Files\Java\jdk-21\bin\jimage.dll
Event: 0.334 Loaded shared library C:\Program Files\Java\jdk-21\bin\extnet.dll
Event: 0.386 Loaded shared library C:\Program Files\Java\jdk-21\bin\management.dll
Event: 0.390 Loaded shared library C:\Program Files\Java\jdk-21\bin\management_ext.dll
Event: 247.557 Loaded shared library C:\Program Files\Java\jdk-21\bin\sunmscapi.dll

Deoptimization events (20 events):
Event: 247.996 Thread 0x000001d813a04440 Uncommon trap: trap_request=0xffffffde fr.pc=0x000001d7c1377adc relative=0x000000000000013c
Event: 247.996 Thread 0x000001d813a04440 Uncommon trap: reason=class_check action=maybe_recompile pc=0x000001d7c1377adc method=jdk.internal.misc.Unsafe.allocateUninitializedArray(Ljava/lang/Class;I)Ljava/lang/Object; @ 51 c2
Event: 247.996 Thread 0x000001d813a04440 DEOPT PACKING pc=0x000001d7c1377adc sp=0x000000a3bb4fd550
Event: 247.996 Thread 0x000001d813a04440 DEOPT UNPACKING pc=0x000001d7c0db46a2 sp=0x000000a3bb4fd4c8 mode 2
Event: 247.996 Thread 0x000001d813a04440 Uncommon trap: trap_request=0xffffffde fr.pc=0x000001d7c1377adc relative=0x000000000000013c
Event: 247.996 Thread 0x000001d813a04440 Uncommon trap: reason=class_check action=maybe_recompile pc=0x000001d7c1377adc method=jdk.internal.misc.Unsafe.allocateUninitializedArray(Ljava/lang/Class;I)Ljava/lang/Object; @ 51 c2
Event: 247.996 Thread 0x000001d813a04440 DEOPT PACKING pc=0x000001d7c1377adc sp=0x000000a3bb4fd4d0
Event: 247.996 Thread 0x000001d813a04440 DEOPT UNPACKING pc=0x000001d7c0db46a2 sp=0x000000a3bb4fd448 mode 2
Event: 247.996 Thread 0x000001d813a04440 Uncommon trap: trap_request=0xffffffde fr.pc=0x000001d7c1377adc relative=0x000000000000013c
Event: 247.996 Thread 0x000001d813a04440 Uncommon trap: reason=class_check action=maybe_recompile pc=0x000001d7c1377adc method=jdk.internal.misc.Unsafe.allocateUninitializedArray(Ljava/lang/Class;I)Ljava/lang/Object; @ 51 c2
Event: 247.996 Thread 0x000001d813a04440 DEOPT PACKING pc=0x000001d7c1377adc sp=0x000000a3bb4fd470
Event: 247.996 Thread 0x000001d813a04440 DEOPT UNPACKING pc=0x000001d7c0db46a2 sp=0x000000a3bb4fd3e8 mode 2
Event: 249.628 Thread 0x000001d7af1e4930 Uncommon trap: trap_request=0xffffffde fr.pc=0x000001d7c1351efc relative=0x000000000000053c
Event: 249.628 Thread 0x000001d7af1e4930 Uncommon trap: reason=class_check action=maybe_recompile pc=0x000001d7c1351efc method=java.util.HashMap.putVal(ILjava/lang/Object;Ljava/lang/Object;ZZ)Ljava/lang/Object; @ 253 c2
Event: 249.628 Thread 0x000001d7af1e4930 DEOPT PACKING pc=0x000001d7c1351efc sp=0x000000a3b93fe400
Event: 249.628 Thread 0x000001d7af1e4930 DEOPT UNPACKING pc=0x000001d7c0db46a2 sp=0x000000a3b93fe390 mode 2
Event: 249.781 Thread 0x000001d7af1e4930 Uncommon trap: trap_request=0xffffff45 fr.pc=0x000001d7c1349054 relative=0x0000000000000054
Event: 249.781 Thread 0x000001d7af1e4930 Uncommon trap: reason=unstable_if action=reinterpret pc=0x000001d7c1349054 method=java.lang.CharacterData.of(I)Ljava/lang/CharacterData; @ 4 c2
Event: 249.781 Thread 0x000001d7af1e4930 DEOPT PACKING pc=0x000001d7c1349054 sp=0x000000a3b93fdf90
Event: 249.781 Thread 0x000001d7af1e4930 DEOPT UNPACKING pc=0x000001d7c0db46a2 sp=0x000000a3b93fdf30 mode 2

Classes loaded (20 events):
Event: 249.782 Loading class java/util/ResourceBundle$CacheKeyReference done
Event: 249.782 Loading class java/util/ResourceBundle$KeyElementReference done
Event: 249.782 Loading class java/util/ResourceBundle$3
Event: 249.782 Loading class java/util/ResourceBundle$3 done
Event: 249.782 Loading class sun/util/logging/resources/logging
Event: 249.782 Loading class sun/util/logging/resources/logging done
Event: 249.782 Loading class java/util/ResourceBundle$BundleReference
Event: 249.783 Loading class java/util/ResourceBundle$BundleReference done
Event: 249.783 Loading class sun/util/logging/resources/logging_en
Event: 249.783 Loading class sun/util/logging/resources/logging_en done
Event: 249.783 Loading class sun/util/logging/resources/logging_en
Event: 249.783 Loading class sun/util/logging/resources/logging_en done
Event: 249.783 Loading class sun/util/logging/resources/logging_en_IN
Event: 249.783 Loading class sun/util/logging/resources/logging_en_IN done
Event: 249.783 Loading class sun/util/logging/resources/logging_en_IN
Event: 249.783 Loading class sun/util/logging/resources/logging_en_IN done
Event: 249.783 Loading class java/util/Formatter$DateTime
Event: 249.783 Loading class java/util/Formatter$DateTime done
Event: 249.784 Loading class java/time/ZonedDateTime$1
Event: 249.784 Loading class java/time/ZonedDateTime$1 done

Classes unloaded (0 events):
No events

Classes redefined (0 events):
No events

Internal exceptions (20 events):
Event: 247.482 Thread 0x000001d7af1e4930 Exception <a 'java/lang/NoSuchMethodError'{0x0000000088feef88}: 'void java.lang.invoke.DirectMethodHandle$Holder.invokeVirtual(java.lang.Object, java.lang.Object)'> (0x0000000088feef88) 
thrown [s\open\src\hotspot\share\interpreter\linkResolver.cpp, line 773]
Event: 247.519 Thread 0x000001d7af1e4930 Exception <a 'java/lang/NoSuchMethodError'{0x0000000088bf55c0}: 'java.lang.Object java.lang.invoke.DirectMethodHandle$Holder.invokeStaticInit(java.lang.Object, int, int, int, int)'> (0x0000000088bf55c0) 
thrown [s\open\src\hotspot\share\interpreter\linkResolver.cpp, line 773]
Event: 247.540 Thread 0x000001d7af1e4930 Exception <a 'java/lang/NoSuchMethodError'{0x0000000088ab6480}: 'java.lang.Object java.lang.invoke.DirectMethodHandle$Holder.invokeStaticInit(java.lang.Object, java.lang.Object, int, int, int, int)'> (0x0000000088ab6480) 
thrown [s\open\src\hotspot\share\interpreter\linkResolver.cpp, line 773]
Event: 247.743 Thread 0x000001d7af1e4930 Exception <a 'java/lang/NoSuchMethodError'{0x0000000088833140}: 'java.lang.Object java.lang.invoke.DirectMethodHandle$Holder.invokeInterface(java.lang.Object, java.lang.Object, java.lang.Object)'> (0x0000000088833140) 
thrown [s\open\src\hotspot\share\interpreter\linkResolver.cpp, line 773]
Event: 247.743 Thread 0x000001d7af1e4930 Exception <a 'java/lang/IncompatibleClassChangeError'{0x0000000088836528}: Found class java.lang.Object, but interface was expected> (0x0000000088836528) 
thrown [s\open\src\hotspot\share\interpreter\linkResolver.cpp, line 840]
Event: 247.744 Thread 0x000001d7af1e4930 Exception <a 'java/lang/NoSuchMethodError'{0x000000008883d6e0}: 'int java.lang.invoke.DirectMethodHandle$Holder.invokeSpecialIFC(java.lang.Object, java.lang.Object, java.lang.Object, java.lang.Object)'> (0x000000008883d6e0) 
thrown [s\open\src\hotspot\share\interpreter\linkResolver.cpp, line 773]
Event: 247.746 Thread 0x000001d7af1e4930 Exception <a 'java/lang/NoSuchMethodError'{0x000000008885fe70}: 'java.lang.Object java.lang.invoke.DirectMethodHandle$Holder.invokeVirtual(java.lang.Object, java.lang.Object, java.lang.Object, java.lang.Object)'> (0x000000008885fe70) 
thrown [s\open\src\hotspot\share\interpreter\linkResolver.cpp, line 773]
Event: 247.761 Thread 0x000001d8139a0320 Exception <a 'java/net/ConnectException'{0x0000000088781620}: Connection refused: getsockopt> (0x0000000088781620) 
thrown [s\open\src\hotspot\share\prims\jni.cpp, line 539]
Event: 247.802 Thread 0x000001d8139a0320 Exception <a 'java/net/ConnectException'{0x0000000088782710}: Connection refused: getsockopt> (0x0000000088782710) 
thrown [s\open\src\hotspot\share\prims\jni.cpp, line 539]
Event: 247.839 Thread 0x000001d8139a0320 Exception <a 'java/net/ConnectException'{0x0000000088783628}: Connection refused: getsockopt> (0x0000000088783628) 
thrown [s\open\src\hotspot\share\prims\jni.cpp, line 539]
Event: 247.915 Thread 0x000001d7af1e4930 Exception <a 'java/lang/NoSuchMethodError'{0x0000000089c096b8}: 'java.lang.Object java.lang.invoke.DirectMethodHandle$Holder.newInvokeSpecial(java.lang.Object, java.lang.Object, int, int)'> (0x0000000089c096b8) 
thrown [s\open\src\hotspot\share\interpreter\linkResolver.cpp, line 773]
Event: 247.917 Thread 0x000001d7af1e4930 Exception <a 'java/lang/NoSuchMethodError'{0x0000000089c13c88}: 'void java.lang.invoke.DirectMethodHandle$Holder.invokeStatic(java.lang.Object, java.lang.Object, int)'> (0x0000000089c13c88) 
thrown [s\open\src\hotspot\share\interpreter\linkResolver.cpp, line 773]
Event: 247.936 Thread 0x000001d7af1e4930 Exception <a 'java/lang/NoSuchMethodError'{0x0000000089c8d588}: 'java.lang.Object java.lang.invoke.DirectMethodHandle$Holder.newInvokeSpecial(java.lang.Object, java.lang.Object, java.lang.Object, java.lang.Object, java.lang.Object)'> (0x0000000089c8d588) 
thrown [s\open\src\hotspot\share\interpreter\linkResolver.cpp, line 773]
Event: 247.979 Thread 0x000001d813a04440 Exception <a 'java/lang/NoSuchMethodError'{0x0000000089bd3238}: 'java.lang.Object java.lang.invoke.DirectMethodHandle$Holder.invokeSpecial(java.lang.Object, java.lang.Object, java.lang.Object, java.lang.Object, int)'> (0x0000000089bd3238) 
thrown [s\open\src\hotspot\share\interpreter\linkResolver.cpp, line 773]
Event: 247.979 Thread 0x000001d813a04440 Exception <a 'java/lang/NoSuchMethodError'{0x0000000089bd6b80}: 'java.lang.Object java.lang.invoke.Invokers$Holder.linkToTargetMethod(java.lang.Object, java.lang.Object, int, java.lang.Object)'> (0x0000000089bd6b80) 
thrown [s\open\src\hotspot\share\interpreter\linkResolver.cpp, line 773]
Event: 247.984 Thread 0x000001d813a04440 Exception <a 'java/lang/NoSuchMethodError'{0x0000000089bee888}: 'void java.lang.invoke.DirectMethodHandle$Holder.invokeSpecial(java.lang.Object, java.lang.Object, java.lang.Object)'> (0x0000000089bee888) 
thrown [s\open\src\hotspot\share\interpreter\linkResolver.cpp, line 773]
Event: 247.993 Thread 0x000001d813a04440 Exception <a 'java/lang/NoSuchMethodError'{0x0000000089a1b638}: 'void java.lang.invoke.DirectMethodHandle$Holder.invokeSpecial(java.lang.Object, java.lang.Object, java.lang.Object, java.lang.Object, java.lang.Object)'> (0x0000000089a1b638) 
thrown [s\open\src\hotspot\share\interpreter\linkResolver.cpp, line 773]
Event: 249.615 Thread 0x000001d813a057f0 Exception <a 'java/lang/NoSuchMethodError'{0x0000000089afb230}: 'void java.lang.invoke.DirectMethodHandle$Holder.invokeSpecial(java.lang.Object, java.lang.Object, java.lang.Object, java.lang.Object, java.lang.Object, java.lang.Object, java.lang.Object)'> (0x0000000089afb230) 
thrown [s\open\src\hotspot\share\interpreter\linkResolver.cpp, line 773]
Event: 249.624 Thread 0x000001d7af1e4930 Exception <a 'java/lang/NoSuchMethodError'{0x000000008994bd80}: 'java.lang.Object java.lang.invoke.DirectMethodHandle$Holder.invokeSpecialIFC(java.lang.Object, java.lang.Object, java.lang.Object)'> (0x000000008994bd80) 
thrown [s\open\src\hotspot\share\interpreter\linkResolver.cpp, line 773]
Event: 249.782 Thread 0x000001d7af1e4930 Exception <a 'java/lang/ClassNotFoundException'{0x000000008950a508}: sun/util/logging/resources/spi/loggingProvider> (0x000000008950a508) 
thrown [s\open\src\hotspot\share\classfile\systemDictionary.cpp, line 312]

ZGC Phase Switch (0 events):
No events

VM Operations (20 events):
Event: 247.374 Executing VM operation: HandshakeAllThreads (Deoptimize)
Event: 247.374 Executing VM operation: HandshakeAllThreads (Deoptimize) done
Event: 247.394 Executing VM operation: HandshakeAllThreads (Deoptimize)
Event: 247.394 Executing VM operation: HandshakeAllThreads (Deoptimize) done
Event: 247.420 Executing VM operation: HandshakeAllThreads (Deoptimize)
Event: 247.420 Executing VM operation: HandshakeAllThreads (Deoptimize) done
Event: 247.751 Executing VM operation: HandshakeAllThreads (Deoptimize)
Event: 247.751 Executing VM operation: HandshakeAllThreads (Deoptimize) done
Event: 247.884 Executing VM operation: HandshakeAllThreads (Deoptimize)
Event: 247.884 Executing VM operation: HandshakeAllThreads (Deoptimize) done
Event: 247.888 Executing VM operation: G1CollectForAllocation (G1 Evacuation Pause)
Event: 247.895 Executing VM operation: G1CollectForAllocation (G1 Evacuation Pause) done
Event: 249.607 Executing VM operation: HandshakeAllThreads (Deoptimize)
Event: 249.607 Executing VM operation: HandshakeAllThreads (Deoptimize) done
Event: 249.607 Executing VM operation: Cleanup
Event: 249.607 Executing VM operation: Cleanup done
Event: 249.608 Executing VM operation: HandshakeAllThreads (Deoptimize)
Event: 249.609 Executing VM operation: HandshakeAllThreads (Deoptimize) done
Event: 249.778 Executing VM operation: HandshakeAllThreads (Deoptimize)
Event: 249.778 Executing VM operation: HandshakeAllThreads (Deoptimize) done

Events (20 events):
Event: 247.338 Thread 0x000001d81327a860 Thread added: 0x000001d81327a860
Event: 247.423 Thread 0x000001d813ac11b0 Thread added: 0x000001d813ac11b0
Event: 247.724 Thread 0x000001d813ac11b0 Thread exited: 0x000001d813ac11b0
Event: 247.727 Thread 0x000001d813ac7880 Thread added: 0x000001d813ac7880
Event: 247.750 Thread 0x000001d813fe65c0 Thread added: 0x000001d813fe65c0
Event: 247.752 Thread 0x000001d813fe2720 Thread added: 0x000001d813fe2720
Event: 247.752 Thread 0x000001d813fe2d90 Thread added: 0x000001d813fe2d90
Event: 247.755 Thread 0x000001d8139a0320 Thread added: 0x000001d8139a0320
Event: 247.884 Thread 0x000001d813267170 Thread added: 0x000001d813267170
Event: 247.956 Thread 0x000001d813a04440 Thread added: 0x000001d813a04440
Event: 247.959 Thread 0x000001d813a02a00 Thread added: 0x000001d813a02a00
Event: 248.002 Thread 0x000001d813a057f0 Thread added: 0x000001d813a057f0
Event: 248.003 Thread 0x000001d813a04ad0 Thread added: 0x000001d813a04ad0
Event: 248.003 Thread 0x000001d813a05160 Thread added: 0x000001d813a05160
Event: 249.722 Thread 0x000001d813a03090 Thread added: 0x000001d813a03090
Event: 249.722 Thread 0x000001d813a02370 Thread added: 0x000001d813a02370
Event: 249.724 Thread 0x000001d813a03720 Thread added: 0x000001d813a03720
Event: 249.725 Thread 0x000001d813a03db0 Thread added: 0x000001d813a03db0
Event: 249.725 Thread 0x000001d813809650 Thread added: 0x000001d813809650
Event: 249.773 Thread 0x000001d8134bcea0 Thread added: 0x000001d8134bcea0


Dynamic libraries:
0x00007ff6081d0000 - 0x00007ff6081e0000 	C:\Program Files\Java\jdk-21\bin\javaw.exe
0x00007ffb2b550000 - 0x00007ffb2b767000 	C:\WINDOWS\SYSTEM32\ntdll.dll
0x00007ffb29b70000 - 0x00007ffb29c34000 	C:\WINDOWS\System32\KERNEL32.DLL
0x00007ffb28640000 - 0x00007ffb28a12000 	C:\WINDOWS\System32\KERNELBASE.dll
0x00007ffb28f80000 - 0x00007ffb29091000 	C:\WINDOWS\System32\ucrtbase.dll
0x00007ffb16a10000 - 0x00007ffb16a2b000 	C:\Program Files\Java\jdk-21\bin\VCRUNTIME140.dll
0x00007ffb19640000 - 0x00007ffb19659000 	C:\Program Files\Java\jdk-21\bin\jli.dll
0x00007ffb29c40000 - 0x00007ffb29cf1000 	C:\WINDOWS\System32\ADVAPI32.dll
0x00007ffb29d80000 - 0x00007ffb29e27000 	C:\WINDOWS\System32\msvcrt.dll
0x00007ffb2a5c0000 - 0x00007ffb2a668000 	C:\WINDOWS\System32\sechost.dll
0x00007ffb28cb0000 - 0x00007ffb28cd8000 	C:\WINDOWS\System32\bcrypt.dll
0x00007ffb2b3f0000 - 0x00007ffb2b504000 	C:\WINDOWS\System32\RPCRT4.dll
0x00007ffb2b1b0000 - 0x00007ffb2b361000 	C:\WINDOWS\System32\USER32.dll
0x00007ffb28e90000 - 0x00007ffb28eb6000 	C:\WINDOWS\System32\win32u.dll
0x00007ffb27820000 - 0x00007ffb27abb000 	C:\WINDOWS\WinSxS\amd64_microsoft.windows.common-controls_6595b64144ccf1df_6.0.22621.5547_none_27104afb73855772\COMCTL32.dll
0x00007ffb2a510000 - 0x00007ffb2a539000 	C:\WINDOWS\System32\GDI32.dll
0x00007ffb28ce0000 - 0x00007ffb28e03000 	C:\WINDOWS\System32\gdi32full.dll
0x00007ffb28a20000 - 0x00007ffb28aba000 	C:\WINDOWS\System32\msvcp_win.dll
0x00007ffb20800000 - 0x00007ffb2080a000 	C:\WINDOWS\SYSTEM32\VERSION.dll
0x00007ffb2b370000 - 0x00007ffb2b3a1000 	C:\WINDOWS\System32\IMM32.DLL
0x00007ffb249c0000 - 0x00007ffb249cc000 	C:\Program Files\Java\jdk-21\bin\vcruntime140_1.dll
0x00007ffafe530000 - 0x00007ffafe5be000 	C:\Program Files\Java\jdk-21\bin\msvcp140.dll
0x00007ffac4a10000 - 0x00007ffac5723000 	C:\Program Files\Java\jdk-21\bin\server\jvm.dll
0x00007ffb2ac20000 - 0x00007ffb2ac91000 	C:\WINDOWS\System32\WS2_32.dll
0x00007ffb28520000 - 0x00007ffb2856d000 	C:\WINDOWS\SYSTEM32\POWRPROF.dll
0x00007ffb20550000 - 0x00007ffb20584000 	C:\WINDOWS\SYSTEM32\WINMM.dll
0x00007ffb284f0000 - 0x00007ffb28503000 	C:\WINDOWS\SYSTEM32\UMPDC.dll
0x00007ffb26da0000 - 0x00007ffb26db8000 	C:\WINDOWS\SYSTEM32\kernel.appcore.dll
0x00007ffb17720000 - 0x00007ffb1772a000 	C:\Program Files\Java\jdk-21\bin\jimage.dll
0x00007ffb27e80000 - 0x00007ffb280b3000 	C:\WINDOWS\SYSTEM32\DBGHELP.DLL
0x00007ffb2a670000 - 0x00007ffb2aa03000 	C:\WINDOWS\System32\combase.dll
0x00007ffb29a90000 - 0x00007ffb29b67000 	C:\WINDOWS\System32\OLEAUT32.dll
0x00007ffb27bf0000 - 0x00007ffb27c22000 	C:\WINDOWS\SYSTEM32\dbgcore.DLL
0x00007ffb28c30000 - 0x00007ffb28cab000 	C:\WINDOWS\System32\bcryptPrimitives.dll
0x00007ffb0e610000 - 0x00007ffb0e62f000 	C:\Program Files\Java\jdk-21\bin\java.dll
0x00007ffb291e0000 - 0x00007ffb29a82000 	C:\WINDOWS\System32\SHELL32.dll
0x00007ffb290a0000 - 0x00007ffb291df000 	C:\WINDOWS\System32\wintypes.dll
0x00007ffb25ce0000 - 0x00007ffb265fd000 	C:\WINDOWS\SYSTEM32\windows.storage.dll
0x00007ffb29e30000 - 0x00007ffb29f3c000 	C:\WINDOWS\System32\SHCORE.dll
0x00007ffb2a540000 - 0x00007ffb2a5a9000 	C:\WINDOWS\System32\shlwapi.dll
0x00007ffb28570000 - 0x00007ffb2859b000 	C:\WINDOWS\SYSTEM32\profapi.dll
0x00007ffafb970000 - 0x00007ffafba47000 	C:\Program Files\Java\jdk-21\bin\jsvml.dll
0x00007ffb175a0000 - 0x00007ffb175b0000 	C:\Program Files\Java\jdk-21\bin\net.dll
0x00007ffb20110000 - 0x00007ffb2023c000 	C:\WINDOWS\SYSTEM32\WINHTTP.dll
0x00007ffb273c0000 - 0x00007ffb27429000 	C:\WINDOWS\system32\mswsock.dll
0x00007ffb0ccf0000 - 0x00007ffb0cd06000 	C:\Program Files\Java\jdk-21\bin\nio.dll
0x00007ffb0ccd0000 - 0x00007ffb0cce8000 	C:\Program Files\Java\jdk-21\bin\zip.dll
0x00007ffb14e10000 - 0x00007ffb14e19000 	C:\Program Files\Java\jdk-21\bin\extnet.dll
0x00007ffb269c0000 - 0x00007ffb26ab8000 	C:\WINDOWS\SYSTEM32\DNSAPI.dll
0x00007ffb26900000 - 0x00007ffb2692d000 	C:\WINDOWS\SYSTEM32\IPHLPAPI.DLL
0x00007ffb2a5b0000 - 0x00007ffb2a5b9000 	C:\WINDOWS\System32\NSI.dll
0x00007ffb1d0a0000 - 0x00007ffb1d0aa000 	C:\Windows\System32\rasadhlp.dll
0x00007ffb1e400000 - 0x00007ffb1e484000 	C:\WINDOWS\System32\fwpuclnt.dll
0x00007ffb23750000 - 0x00007ffb2375a000 	C:\Program Files\Java\jdk-21\bin\management.dll
0x00007ffb22530000 - 0x00007ffb2253b000 	C:\Program Files\Java\jdk-21\bin\management_ext.dll
0x00007ffb2b3d0000 - 0x00007ffb2b3d8000 	C:\WINDOWS\System32\PSAPI.DLL
0x00007ffb28260000 - 0x00007ffb2827b000 	C:\WINDOWS\SYSTEM32\CRYPTSP.dll
0x00007ffb26eb0000 - 0x00007ffb26ee7000 	C:\WINDOWS\system32\rsaenh.dll
0x00007ffb274b0000 - 0x00007ffb274d8000 	C:\WINDOWS\SYSTEM32\USERENV.dll
0x00007ffb27650000 - 0x00007ffb2765c000 	C:\WINDOWS\SYSTEM32\CRYPTBASE.dll
0x00007ffb15c10000 - 0x00007ffb15c1e000 	C:\Program Files\Java\jdk-21\bin\sunmscapi.dll
0x00007ffb28ac0000 - 0x00007ffb28c27000 	C:\WINDOWS\System32\CRYPT32.dll
0x00007ffb277f0000 - 0x00007ffb2781d000 	C:\WINDOWS\SYSTEM32\ncrypt.dll
0x00007ffb277b0000 - 0x00007ffb277e7000 	C:\WINDOWS\SYSTEM32\NTASN1.dll
0x00007ffb1b120000 - 0x00007ffb1b128000 	C:\WINDOWS\system32\wshunix.dll

dbghelp: loaded successfully - version: 4.0.5 - missing functions: none
symbol engine: initialized successfully - sym options: 0x614 - pdb path: .;C:\Program Files\Java\jdk-21\bin;C:\WINDOWS\SYSTEM32;C:\WINDOWS\WinSxS\amd64_microsoft.windows.common-controls_6595b64144ccf1df_6.0.22621.5547_none_27104afb73855772;C:\Program Files\Java\jdk-21\bin\server

VM Arguments:
jvm_args: -Dfile.encoding=UTF-8 -Dstdout.encoding=UTF-8 -Dstderr.encoding=UTF-8 -XX:+ShowCodeDetailsInExceptionMessages 
java_command: Xpath.Xpath_By_Attribute
java_class_path (initial): C:\Users\shend\eclipse-workspace\BASIC-Selenium\target\test-classes;C:\Users\shend\eclipse-workspace\BASIC-Selenium\target\classes;C:\Users\shend\.m2\repository\org\seleniumhq\selenium\selenium-java\4.32.0\selenium-java-4.32.0.jar;C:\Users\shend\.m2\repository\org\seleniumhq\selenium\selenium-api\4.32.0\selenium-api-4.32.0.jar;C:\Users\shend\.m2\repository\org\jspecify\jspecify\1.0.0\jspecify-1.0.0.jar;C:\Users\shend\.m2\repository\org\seleniumhq\selenium\selenium-chrome-driver\4.32.0\selenium-chrome-driver-4.32.0.jar;C:\Users\shend\.m2\repository\com\google\auto\service\auto-service-annotations\1.1.1\auto-service-annotations-1.1.1.jar;C:\Users\shend\.m2\repository\org\seleniumhq\selenium\selenium-chromium-driver\4.32.0\selenium-chromium-driver-4.32.0.jar;C:\Users\shend\.m2\repository\org\seleniumhq\selenium\selenium-json\4.32.0\selenium-json-4.32.0.jar;C:\Users\shend\.m2\repository\org\seleniumhq\selenium\selenium-manager\4.32.0\selenium-manager-4.32.0.jar;C:\Users\shend\.m2\repository\org\seleniumhq\selenium\selenium-devtools-v134\4.32.0\selenium-devtools-v134-4.32.0.jar;C:\Users\shend\.m2\repository\org\seleniumhq\selenium\selenium-devtools-v135\4.32.0\selenium-devtools-v135-4.32.0.jar;C:\Users\shend\.m2\repository\org\seleniumhq\selenium\selenium-devtools-v136\4.32.0\selenium-devtools-v136-4.32.0.jar;C:\Users\shend\.m2\repository\org\seleniumhq\selenium\selenium-edge-driver\4.32.0\selenium-edge-driver-4.32.0.jar;C:\Users\shend\.m2\repository\org\seleniumhq\selenium\selenium-firefox-driver\4.32.0\selenium-firefox-driver-4.32.0.jar;C:\Users\shend\.m2\repository\org\seleniumhq\selenium\selenium-http\4.32.0\selenium-http-4.32.0.jar;C:\Users\shend\.m2\repository\org\seleniumhq\selenium\selenium-ie-driver\4.32.0\selenium-ie-driver-4.32.0.jar;C:\Users\shend\.m2\repository\org\seleniumhq\selenium\selenium-remote-driver\4.32.0\selenium-remote-driver-4.32.0.jar;C:\Users\shend\.m2\repository\com\google\guava\guava\33.4.8-jre\guava-33.4.8-jre.jar;C:\Users\shend\.m2\repository\com\google\guava\failureaccess\1.0.3\failureaccess-1.0.3.jar;C:\Users\shend\.m2\repository\com\google\guava\listenablefuture\9999.0-empty-to-avoid-conflict-with-guava\listenablefuture-9999.0-empty-to-avoid-conflict-with-guava.jar;C:\Users\shend\.m2\repository\com\google\j2objc\j2objc-annotations\3.0.0\j2objc-annotations-3.0.0.jar;C:\Users\shend\.m2\repository\io\opentelemetry\opentelemetry-api\1.49.0\opentelemetry-api-1.49.0.jar;C:\Users\shend\.m2\repository\io\opentelemetry\opentelemetry-context\1.49.0\opentelemetry-context-1.49.0.jar;C:\Users\shend\.m2\repository\io\opentelemetry\opentelemetry-exporter-logging\1.49.0\opentelemetry-exporter-logging-1.49.0.jar;C:\Users\shend\.m2\repository\io\opentelemetry\opentelemetry-sdk-common\1.49.0\opentelemetry-sdk-common-1.49.0.jar;C:\Users\shend\.m2\repository\io\opentelemetry\opentelemetry-sdk-extension-autoconfigure-spi\1.49.0\opentelemetry-sdk-extension-autoconfigure-spi-1.49.0.jar;C:\Users\shend\.m2\repository\io\opentelemetry\opentelemetry-sdk-extension-autoconfigure\1.49.0\opentelemetry-sdk-extension-autoconfigure-1.49.0.jar;C:\Users\shend\.m2\repository\io\opentelemetry\opentelemetry-sdk-trace\1.49.0\opentelemetry-sdk-trace-1.49.0.jar;C:\Users\shend\.m2\repository\io\opentelemetry\opentelemetry-sdk\1.49.0\opentelemetry-sdk-1.49.0.jar;C:\Users\shend\.m2\repository\io\opentelemetry\opentelemetry-sdk-metrics\1.49.0\opentelemetry-sdk-metrics-1.49.0.jar;C:\Users\shend\.m2\repository\io\opentelemetry\opentelemetry-sdk-logs\1.49.0\opentelemetry-sdk-logs-1.49.0.jar;C:\Users\shend\.m2\repository\net\bytebuddy\byte-buddy\1.17.5\byte-buddy-1.17.5.jar;C:\Users\shend\.m2\repository\org\seleniumhq\selenium\selenium-os\4.32.0\selenium-os-4.32.0.jar;C:\Users\shend\.m2\repository\org\apache\commons\commons-exec\1.4.0\commons-exec-1.4.0.jar;C:\Users\shend\.m2\repository\org\seleniumhq\selenium\selenium-safari-driver\4.32.0\selenium-safari-driver-4.32.0.jar;C:\Users\shend\.m2\repository\org\seleniumhq\selenium\selenium-support\4.32.0\selenium-support-4.32.0.jar;C:\Users\shend\.m2\repository\io\github\bonigarcia\webdrivermanager\5.9.2\webdrivermanager-5.9.2.jar;C:\Users\shend\.m2\repository\org\slf4j\slf4j-api\2.0.13\slf4j-api-2.0.13.jar;C:\Users\shend\.m2\repository\com\google\code\gson\gson\2.11.0\gson-2.11.0.jar;C:\Users\shend\.m2\repository\com\google\errorprone\error_prone_annotations\2.27.0\error_prone_annotations-2.27.0.jar;C:\Users\shend\.m2\repository\com\github\docker-java\docker-java\3.4.0\docker-java-3.4.0.jar;C:\Users\shend\.m2\repository\com\github\docker-java\docker-java-core\3.4.0\docker-java-core-3.4.0.jar;C:\Users\shend\.m2\repository\com\github\docker-java\docker-java-api\3.4.0\docker-java-api-3.4.0.jar;C:\Users\shend\.m2\repository\com\fasterxml\jackson\core\jackson-annotations\2.10.3\jackson-annotations-2.10.3.jar;C:\Users\shend\.m2\repository\com\fasterxml\jackson\core\jackson-databind\2.10.3\jackson-databind-2.10.3.jar;C:\Users\shend\.m2\repository\com\fasterxml\jackson\core\jackson-core\2.10.3\jackson-core-2.10.3.jar;C:\Users\shend\.m2\repository\org\slf4j\jcl-over-slf4j\1.7.30\jcl-over-slf4j-1.7.30.jar;C:\Users\shend\.m2\repository\com\github\docker-java\docker-java-transport-httpclient5\3.4.0\docker-java-transport-httpclient5-3.4.0.jar;C:\Users\shend\.m2\repository\com\github\docker-java\docker-java-transport\3.4.0\docker-java-transport-3.4.0.jar;C:\Users\shend\.m2\repository\net\java\dev\jna\jna\5.13.0\jna-5.13.0.jar;C:\Users\shend\.m2\repository\org\brotli\dec\0.1.2\dec-0.1.2.jar;C:\Users\shend\.m2\repository\org\apache\commons\commons-lang3\3.15.0\commons-lang3-3.15.0.jar;C:\Users\shend\.m2\repository\org\apache\commons\commons-compress\1.26.2\commons-compress-1.26.2.jar;C:\Users\shend\.m2\repository\commons-codec\commons-codec\1.17.0\commons-codec-1.17.0.jar;C:\Users\shend\.m2\repository\commons-io\commons-io\2.16.1\commons-io-2.16.1.jar;C:\Users\shend\.m2\repository\org\apache\httpcomponents\client5\httpclient5\5.2.1\httpclient5-5.2.1.jar;C:\Users\shend\.m2\repository\org\apache\httpcomponents\core5\httpcore5\5.2\httpcore5-5.2.jar;C:\Users\shend\.m2\repository\org\apache\httpcomponents\core5\httpcore5-h2\5.2\httpcore5-h2-5.2.jar
Launcher Type: SUN_STANDARD

[Global flags]
     intx CICompilerCount                          = 4                                         {product} {ergonomic}
     uint ConcGCThreads                            = 2                                         {product} {ergonomic}
     uint G1ConcRefinementThreads                  = 8                                         {product} {ergonomic}
   size_t G1HeapRegionSize                         = 1048576                                   {product} {ergonomic}
    uintx GCDrainStackTargetSize                   = 64                                        {product} {ergonomic}
   size_t InitialHeapSize                          = 132120576                                 {product} {ergonomic}
   size_t MarkStackSize                            = 4194304                                   {product} {ergonomic}
   size_t MaxHeapSize                              = 2113929216                                {product} {ergonomic}
   size_t MaxNewSize                               = 1267728384                                {product} {ergonomic}
   size_t MinHeapDeltaBytes                        = 1048576                                   {product} {ergonomic}
   size_t MinHeapSize                              = 8388608                                   {product} {ergonomic}
    uintx NonNMethodCodeHeapSize                   = 5839372                                {pd product} {ergonomic}
    uintx NonProfiledCodeHeapSize                  = 122909434                              {pd product} {ergonomic}
    uintx ProfiledCodeHeapSize                     = 122909434                              {pd product} {ergonomic}
    uintx ReservedCodeCacheSize                    = 251658240                              {pd product} {ergonomic}
     bool SegmentedCodeCache                       = true                                      {product} {ergonomic}
     bool ShowCodeDetailsInExceptionMessages       = true                                   {manageable} {command line}
   size_t SoftMaxHeapSize                          = 2113929216                             {manageable} {ergonomic}
     bool UseCompressedOops                        = true                           {product lp64_product} {ergonomic}
     bool UseG1GC                                  = true                                      {product} {ergonomic}
     bool UseLargePagesIndividualAllocation        = false                                  {pd product} {ergonomic}

Logging:
Log output configuration:
 #0: stdout all=warning uptime,level,tags foldmultilines=false
 #1: stderr all=off uptime,level,tags foldmultilines=false

Environment Variables:
JAVA_HOME=C:\Program Files\Java\jdk-21
PATH=F:\oracle\product\10.2.0\db_6\bin;F:\oracle\product\10.2.0\db_1\bin;C:\Program Files\Common Files\Oracle\Java\javapath;C:\Program Files\Java\jdk-21\bin;C:\Users\shend\anaconda3;C:\Users\shend\anaconda3\Library\mingw-w64\bin;C:\Users\shend\anaconda3\Library\usr\bin;C:\Users\shend\anaconda3\Library\bin;C:\Users\shend\anaconda3\Scripts;C:\Users\shend\AppData\Local\Programs\Python\Python312\Scripts\;C:\Users\shend\AppData\Local\Programs\Python\Python312\;C:\Users\shend\AppData\Local\Programs\Python\Launcher\;C:\Users\shend\AppData\Local\Microsoft\WindowsApps;C:\Users\shend\AppData\Local\Programs\Microsoft VS Code\bin
USERNAME=shend
OS=Windows_NT
PROCESSOR_IDENTIFIER=Intel64 Family 6 Model 158 Stepping 10, GenuineIntel
TMP=C:\Users\shend\AppData\Local\Temp
TEMP=C:\Users\shend\AppData\Local\Temp




Periodic native trim disabled

---------------  S Y S T E M  ---------------

OS:
 Windows 11 , 64 bit Build 22621 (10.0.22621.5415)
OS uptime: 10 days 14:31 hours

CPU: total 8 (initial active 8) (4 cores per cpu, 2 threads per core) family 6 model 158 stepping 10 microcode 0xec, cx8, cmov, fxsr, ht, mmx, 3dnowpref, sse, sse2, sse3, ssse3, sse4.1, sse4.2, popcnt, lzcnt, tsc, tscinvbit, avx, avx2, aes, erms, clmul, bmi1, bmi2, adx, fma, vzeroupper, clflush, clflushopt, rdtscp, f16c
Processor Information for all 8 processors :
  Max Mhz: 2400, Current Mhz: 2400, Mhz Limit: 2400

Memory: 4k page, system-wide physical 8063M (666M free)
TotalPageFile size 12142M (AvailPageFile size 94M)
current process WorkingSet (physical memory assigned to process): 98M, peak: 98M
current process commit charge ("private bytes"): 236M, peak: 237M

vm_info: Java HotSpot(TM) 64-Bit Server VM (21.0.4+8-LTS-274) for windows-amd64 JRE (21.0.4+8-LTS-274), built on 2024-06-05T05:23:33Z by "mach5one" with MS VC++ 17.6 (VS2022)

END.
