#
# A fatal error has been detected by the Java Runtime Environment:
#
#  EXCEPTION_ACCESS_VIOLATION (0xc0000005) at pc=0x0000000000000000, pid=24172, tid=7420
#
# JRE version:  (21.0.4+8) (build )
# Java VM: Java HotSpot(TM) 64-Bit Server VM (21.0.4+8-LTS-274, mixed mode, tiered, compressed oops, compressed class ptrs, g1 gc, windows-amd64)
# Problematic frame:
# C  [java.dll+0xb79f]
#
# No core dump will be written. Minidumps are not enabled by default on client versions of Windows
#
# The crash happened outside the Java Virtual Machine in native code.
# See problematic frame for where to report the bug.
#

---------------  S U M M A R Y ------------

Command Line: -Dfile.encoding=UTF-8 -Dstdout.encoding=UTF-8 -Dstderr.encoding=UTF-8 -XX:+ShowCodeDetailsInExceptionMessages DataDriven_Testing.ReadingDataFromProperties

Host: Intel(R) Core(TM) i5-9300H CPU @ 2.40GHz, 8 cores, 7G,  Windows 11 , 64 bit Build 22621 (10.0.22621.5415)
Time: Mon Oct 27 16:39:26 2025 India Standard Time elapsed time: 0.607645 seconds (0d 0h 0m 0s)

---------------  T H R E A D  ---------------

Current thread (0x0000023e641b4b60):  JavaThread "main"             [_thread_in_native, id=7420, stack(0x0000009188500000,0x0000009188600000) (1024K)]

Stack: [0x0000009188500000,0x0000009188600000],  sp=0x00000091885fe770,  free space=1017k
Native frames: (J=compiled Java code, j=interpreted, Vv=VM code, C=native code)

Java frames: (J=compiled Java code, j=interpreted, Vv=VM code)
j  jdk.internal.util.SystemProps$Raw.platformProperties()[Ljava/lang/String;+0 java.base
j  jdk.internal.util.SystemProps$Raw.<init>()V+5 java.base
j  jdk.internal.util.SystemProps.initProperties()Ljava/util/Map;+4 java.base
j  java.lang.System.initPhase1()V+3 java.base
v  ~StubRoutines::call_stub 0x0000023e75d8100d

siginfo: EXCEPTION_ACCESS_VIOLATION (0xc0000005), data execution prevention violation at address 0x0000000000000000


Registers:
RAX=0x0000000000000000, RBX=0x0000000000000000, RCX=0x0000000000000000, RDX=0x0000000000004028
RSP=0x00000091885fe768, RBP=0x00000091885feae0, RSI=0x000000000000000a, RDI=0x0000023e0800f001
R8 =0x0000000000000000, R9 =0x0000000000000000, R10=0x00000091885fe0a0, R11=0x00000091885fe6d0
R12=0x0000000000000744, R13=0x0000023e041c3601, R14=0x0000000000000001, R15=0x000000000000585d
RIP=0x0000000000000000, EFLAGS=0x0000000000010202


Register to memory mapping:

RAX=0x0 is null
RBX=0x0 is null
RCX=0x0 is null
RDX=0x0000000000004028 is an unknown value
RSP=0x00000091885fe768 is pointing into the stack for thread: 0x0000023e641b4b60
RBP=0x00000091885feae0 is pointing into the stack for thread: 0x0000023e641b4b60
RSI=0x000000000000000a is an unknown value
RDI=0x0000023e0800f001 points into unknown readable memory: 2a 1f b6 01 fd 03 03
R8 =0x0 is null
R9 =0x0 is null
R10=0x00000091885fe0a0 is pointing into the stack for thread: 0x0000023e641b4b60
R11=0x00000091885fe6d0 is pointing into the stack for thread: 0x0000023e641b4b60
R12=0x0000000000000744 is an unknown value
R13=0x0000023e041c3601 is pointing into metadata
R14=0x0000000000000001 is an unknown value
R15=0x000000000000585d is an unknown value

Top of Stack: (sp=0x00000091885fe768)
0x00000091885fe768:   00007ffec9b7b79f 0000000000000000
0x00000091885fe778:   0000000000004028 0000000000000000
0x00000091885fe788:   0000000000000000 00000091885fe7b0
0x00000091885fe798:   00000000000000c5 00007ffe80004005
0x00000091885fe7a8:   00007ffed922d6da 0000000000e60044
0x00000091885fe7b8:   0000000000000020 0000023e7edfcf90
0x00000091885fe7c8:   0000000000000000 0000000000000000
0x00000091885fe7d8:   00000091885fe948 0000000000000000
0x00000091885fe7e8:   0000023e640212c0 0000000000000000
0x00000091885fe7f8:   0000023e0800f090 0000023e640202a8
0x00000091885fe808:   0000000000000020 0000023e64020cc0
0x00000091885fe818:   0000000000000000 00000000000000c0
0x00000091885fe828:   000000000000000c 0000000000000000
0x00000091885fe838:   0000000000000020 0000000000000000
0x00000091885fe848:   0000000000000002 0000000000000000
0x00000091885fe858:   00000091885fe909 0000023e64180000
0x00000091885fe868:   00007ffed922ccea 0000023e64020000
0x00000091885fe878:   0000000000000000 000000000000000c
0x00000091885fe888:   0000000000000000 0000000000000000
0x00000091885fe898:   0000000000000000 00007ff700000002
0x00000091885fe8a8:   0000000000000000 0000000000100000
0x00000091885fe8b8:   0000000000001000 0006000000000002
0x00000091885fe8c8:   0000000000000000 0000000004018664
0x00000091885fe8d8:   00014c380000d470 0000023e0800f001
0x00000091885fe8e8:   00007ffed67c8e6b 00000091885fe9a0
0x00000091885fe8f8:   00007ffed6cd2c5f 00000940b1b69d22
0x00000091885fe908:   0000000000000009 0000000000000000
0x00000091885fe918:   00007ffed6ce0475 0002625a00000000
0x00000091885fe928:   0000000000000000 000000000000585d
0x00000091885fe938:   0000000000000001 0000023e041c3601
0x00000091885fe948:   0000000000000744 0000023e64198aa2
0x00000091885fe958:   000000000000000a 0000000000000000 

Instructions: (pc=0x00007ffec9b7b79f)
0x00007ffec9b7b69f:   74 61 48 8d 0d 68 67 00 00 e8 21 40 00 00 48 8d
0x00007ffec9b7b6af:   4c 24 40 48 8b d8 e8 14 40 00 00 48 03 d8 48 3b
0x00007ffec9b7b6bf:   de 73 40 48 8d 15 47 67 00 00 48 8d 4c 24 40 e8
0x00007ffec9b7b6cf:   01 40 00 00 48 8d 15 ee 63 00 00 48 8d 4c 24 40
0x00007ffec9b7b6df:   ff 15 4b 4e 00 00 48 85 c0 74 18 48 8b c8 ff 15
0x00007ffec9b7b6ef:   35 4e 00 00 48 8d 15 f6 66 00 00 48 8b cf e8 c6
0x00007ffec9b7b6ff:   3f 00 00 48 8b c7 48 8b 8c 24 50 01 00 00 48 33
0x00007ffec9b7b70f:   cc e8 9b 30 00 00 4c 8d 9c 24 60 01 00 00 49 8b
0x00007ffec9b7b71f:   5b 18 49 8b 73 20 49 8b e3 5f c3 cc cc 40 53 48
0x00007ffec9b7b72f:   81 ec 60 02 00 00 48 8b 05 cc f5 00 00 48 33 c4
0x00007ffec9b7b73f:   48 89 84 24 50 02 00 00 33 db 48 39 1d 90 f6 00
0x00007ffec9b7b74f:   00 75 74 4c 8d 0d 87 f6 00 00 45 33 c0 ba 00 40
0x00007ffec9b7b75f:   00 00 48 8d 0d 48 6e 00 00 e8 13 29 00 00 89 44
0x00007ffec9b7b76f:   24 30 eb 0b b8 05 40 00 80 89 44 24 30 33 db 85
0x00007ffec9b7b77f:   c0 79 44 48 8d 44 24 40 48 89 44 24 20 45 33 c9
0x00007ffec9b7b78f:   45 33 c0 ba 28 40 00 00 33 c9 ff 15 a9 f5 00 00
0x00007ffec9b7b79f:   85 c0 79 09 48 89 1d 36 f6 00 00 eb 1a 66 89 9c
0x00007ffec9b7b7af:   24 48 02 00 00 48 8d 4c 24 40 ff 15 e9 4d 00 00
0x00007ffec9b7b7bf:   48 89 05 1a f6 00 00 48 8b 05 13 f6 00 00 48 8b
0x00007ffec9b7b7cf:   8c 24 50 02 00 00 48 33 cc e8 d3 2f 00 00 48 81
0x00007ffec9b7b7df:   c4 60 02 00 00 5b c3 cc cc 48 89 5c 24 10 48 89
0x00007ffec9b7b7ef:   6c 24 18 48 89 74 24 20 57 48 83 ec 60 48 8b 05
0x00007ffec9b7b7ff:   05 f5 00 00 48 33 c4 48 89 44 24 58 0f b7 f9 b9
0x00007ffec9b7b80f:   56 00 00 00 ff 15 7f 4c 00 00 48 8b d8 48 85 c0
0x00007ffec9b7b81f:   0f 84 b5 00 00 00 33 c0 4c 8d 4c 24 40 48 89 44
0x00007ffec9b7b82f:   24 50 4c 8d 44 24 38 0f 57 c0 48 8d 44 24 50 48
0x00007ffec9b7b83f:   89 44 24 28 48 8d 54 24 30 48 8d 44 24 48 8b cf
0x00007ffec9b7b84f:   48 89 44 24 20 0f 11 44 24 30 0f 11 44 24 40 e8
0x00007ffec9b7b85f:   79 f9 ff ff 48 8b cb 84 c0 74 43 48 8b 54 24 30
0x00007ffec9b7b86f:   e8 54 3e 00 00 48 8d 7c 24 38 be 03 00 00 00 48
0x00007ffec9b7b87f:   8b 2f 80 7d 00 00 74 1a 48 8d 15 9a 65 00 00 48
0x00007ffec9b7b88f:   8b cb e8 3e 3e 00 00 48 8b d5 48 8b cb e8 33 3e 


Stack slot to memory mapping:

stack at sp + 0 slots: 0x0 is null
stack at sp + 1 slots: 0x0000000000004028 is an unknown value
stack at sp + 2 slots: 0x0 is null
stack at sp + 3 slots: 0x0 is null
stack at sp + 4 slots: 0x00000091885fe7b0 is pointing into the stack for thread: 0x0000023e641b4b60
stack at sp + 5 slots: 0x00000000000000c5 is an unknown value
stack at sp + 6 slots: 0x00007ffe80004005 is an unknown value
stack at sp + 7 slots: 0x00007ffed922d6da ntdll.dll


---------------  P R O C E S S  ---------------

Threads class SMR info:
_java_thread_list=0x0000023e7ec7a410, length=1, elements={
0x0000023e641b4b60
}

Java Threads: ( => current thread )
=>0x0000023e641b4b60 JavaThread "main"                              [_thread_in_native, id=7420, stack(0x0000009188500000,0x0000009188600000) (1024K)]
Total: 1

Other Threads:
  0x0000023e080292b0 VMThread "VM Thread"                           [id=14812, stack(0x0000009188c00000,0x0000009188d00000) (1024K)]
  0x0000023e7eda2250 WatcherThread "VM Periodic Task Thread"        [id=13048, stack(0x0000009188b00000,0x0000009188c00000) (1024K)]
  0x0000023e66438880 WorkerThread "GC Thread#0"                     [id=6952, stack(0x0000009188600000,0x0000009188700000) (1024K)]
  0x0000023e6644adc0 ConcurrentGCThread "G1 Main Marker"            [id=16268, stack(0x0000009188700000,0x0000009188800000) (1024K)]
  0x0000023e6644b8c0 WorkerThread "G1 Conc#0"                       [id=22760, stack(0x0000009188800000,0x0000009188900000) (1024K)]
  0x0000023e7ec713d0 ConcurrentGCThread "G1 Refine#0"               [id=25052, stack(0x0000009188900000,0x0000009188a00000) (1024K)]
  0x0000023e7ec71e50 ConcurrentGCThread "G1 Service"                [id=20052, stack(0x0000009188a00000,0x0000009188b00000) (1024K)]
Total: 7

Threads with active compile tasks:
Total: 0

VM state: not at safepoint (normal execution)

VM Mutex/Monitor currently owned by a thread: None

Heap address: 0x0000000082000000, size: 2016 MB, Compressed Oops mode: 32-bit

CDS archive(s) not mapped
Compressed class space mapped at: 0x0000000100000000-0x0000000140000000, reserved size: 1073741824
Narrow klass base: 0x0000000000000000, Narrow klass shift: 3, Narrow klass range: 0x140000000

GC Precious Log:
 CardTable entry size: 512
 Card Set container configuration: InlinePtr #cards 5 size 8 Array Of Cards #cards 12 size 40 Howl #buckets 4 coarsen threshold 1843 Howl Bitmap #cards 512 size 80 coarsen threshold 460 Card regions per heap region 1 cards per card region 2048
 CPUs: 8 total, 8 available
 Memory: 8063M
 Large Page Support: Disabled
 NUMA Support: Disabled
 Compressed Oops: Enabled (32-bit)
 Heap Region Size: 1M
 Heap Min Capacity: 8M
 Heap Initial Capacity: 126M
 Heap Max Capacity: 2016M
 Pre-touch: Disabled
 Parallel Workers: 8
 Concurrent Workers: 2
 Concurrent Refinement Workers: 8
 Periodic GC: Disabled

Heap:
 garbage-first heap   total 129024K, used 0K [0x0000000082000000, 0x0000000100000000)
  region size 1024K, 1 young (1024K), 0 survivors (0K)
 Metaspace       used 1946K, committed 2048K, reserved 1114112K
  class space    used 140K, committed 192K, reserved 1048576K

Heap Regions: E=young(eden), S=young(survivor), O=old, HS=humongous(starts), HC=humongous(continues), CS=collection set, F=free, TAMS=top-at-mark-start, PB=parsable bottom
|   0|0x0000000082000000, 0x0000000082000000, 0x0000000082100000|  0%| F|  |TAMS 0x0000000082000000| PB 0x0000000082000000| Untracked 
|   1|0x0000000082100000, 0x0000000082100000, 0x0000000082200000|  0%| F|  |TAMS 0x0000000082100000| PB 0x0000000082100000| Untracked 
|   2|0x0000000082200000, 0x0000000082200000, 0x0000000082300000|  0%| F|  |TAMS 0x0000000082200000| PB 0x0000000082200000| Untracked 
|   3|0x0000000082300000, 0x0000000082300000, 0x0000000082400000|  0%| F|  |TAMS 0x0000000082300000| PB 0x0000000082300000| Untracked 
|   4|0x0000000082400000, 0x0000000082400000, 0x0000000082500000|  0%| F|  |TAMS 0x0000000082400000| PB 0x0000000082400000| Untracked 
|   5|0x0000000082500000, 0x0000000082500000, 0x0000000082600000|  0%| F|  |TAMS 0x0000000082500000| PB 0x0000000082500000| Untracked 
|   6|0x0000000082600000, 0x0000000082600000, 0x0000000082700000|  0%| F|  |TAMS 0x0000000082600000| PB 0x0000000082600000| Untracked 
|   7|0x0000000082700000, 0x0000000082700000, 0x0000000082800000|  0%| F|  |TAMS 0x0000000082700000| PB 0x0000000082700000| Untracked 
|   8|0x0000000082800000, 0x0000000082800000, 0x0000000082900000|  0%| F|  |TAMS 0x0000000082800000| PB 0x0000000082800000| Untracked 
|   9|0x0000000082900000, 0x0000000082900000, 0x0000000082a00000|  0%| F|  |TAMS 0x0000000082900000| PB 0x0000000082900000| Untracked 
|  10|0x0000000082a00000, 0x0000000082a00000, 0x0000000082b00000|  0%| F|  |TAMS 0x0000000082a00000| PB 0x0000000082a00000| Untracked 
|  11|0x0000000082b00000, 0x0000000082b00000, 0x0000000082c00000|  0%| F|  |TAMS 0x0000000082b00000| PB 0x0000000082b00000| Untracked 
|  12|0x0000000082c00000, 0x0000000082c00000, 0x0000000082d00000|  0%| F|  |TAMS 0x0000000082c00000| PB 0x0000000082c00000| Untracked 
|  13|0x0000000082d00000, 0x0000000082d00000, 0x0000000082e00000|  0%| F|  |TAMS 0x0000000082d00000| PB 0x0000000082d00000| Untracked 
|  14|0x0000000082e00000, 0x0000000082e00000, 0x0000000082f00000|  0%| F|  |TAMS 0x0000000082e00000| PB 0x0000000082e00000| Untracked 
|  15|0x0000000082f00000, 0x0000000082f00000, 0x0000000083000000|  0%| F|  |TAMS 0x0000000082f00000| PB 0x0000000082f00000| Untracked 
|  16|0x0000000083000000, 0x0000000083000000, 0x0000000083100000|  0%| F|  |TAMS 0x0000000083000000| PB 0x0000000083000000| Untracked 
|  17|0x0000000083100000, 0x0000000083100000, 0x0000000083200000|  0%| F|  |TAMS 0x0000000083100000| PB 0x0000000083100000| Untracked 
|  18|0x0000000083200000, 0x0000000083200000, 0x0000000083300000|  0%| F|  |TAMS 0x0000000083200000| PB 0x0000000083200000| Untracked 
|  19|0x0000000083300000, 0x0000000083300000, 0x0000000083400000|  0%| F|  |TAMS 0x0000000083300000| PB 0x0000000083300000| Untracked 
|  20|0x0000000083400000, 0x0000000083400000, 0x0000000083500000|  0%| F|  |TAMS 0x0000000083400000| PB 0x0000000083400000| Untracked 
|  21|0x0000000083500000, 0x0000000083500000, 0x0000000083600000|  0%| F|  |TAMS 0x0000000083500000| PB 0x0000000083500000| Untracked 
|  22|0x0000000083600000, 0x0000000083600000, 0x0000000083700000|  0%| F|  |TAMS 0x0000000083600000| PB 0x0000000083600000| Untracked 
|  23|0x0000000083700000, 0x0000000083700000, 0x0000000083800000|  0%| F|  |TAMS 0x0000000083700000| PB 0x0000000083700000| Untracked 
|  24|0x0000000083800000, 0x0000000083800000, 0x0000000083900000|  0%| F|  |TAMS 0x0000000083800000| PB 0x0000000083800000| Untracked 
|  25|0x0000000083900000, 0x0000000083900000, 0x0000000083a00000|  0%| F|  |TAMS 0x0000000083900000| PB 0x0000000083900000| Untracked 
|  26|0x0000000083a00000, 0x0000000083a00000, 0x0000000083b00000|  0%| F|  |TAMS 0x0000000083a00000| PB 0x0000000083a00000| Untracked 
|  27|0x0000000083b00000, 0x0000000083b00000, 0x0000000083c00000|  0%| F|  |TAMS 0x0000000083b00000| PB 0x0000000083b00000| Untracked 
|  28|0x0000000083c00000, 0x0000000083c00000, 0x0000000083d00000|  0%| F|  |TAMS 0x0000000083c00000| PB 0x0000000083c00000| Untracked 
|  29|0x0000000083d00000, 0x0000000083d00000, 0x0000000083e00000|  0%| F|  |TAMS 0x0000000083d00000| PB 0x0000000083d00000| Untracked 
|  30|0x0000000083e00000, 0x0000000083e00000, 0x0000000083f00000|  0%| F|  |TAMS 0x0000000083e00000| PB 0x0000000083e00000| Untracked 
|  31|0x0000000083f00000, 0x0000000083f00000, 0x0000000084000000|  0%| F|  |TAMS 0x0000000083f00000| PB 0x0000000083f00000| Untracked 
|  32|0x0000000084000000, 0x0000000084000000, 0x0000000084100000|  0%| F|  |TAMS 0x0000000084000000| PB 0x0000000084000000| Untracked 
|  33|0x0000000084100000, 0x0000000084100000, 0x0000000084200000|  0%| F|  |TAMS 0x0000000084100000| PB 0x0000000084100000| Untracked 
|  34|0x0000000084200000, 0x0000000084200000, 0x0000000084300000|  0%| F|  |TAMS 0x0000000084200000| PB 0x0000000084200000| Untracked 
|  35|0x0000000084300000, 0x0000000084300000, 0x0000000084400000|  0%| F|  |TAMS 0x0000000084300000| PB 0x0000000084300000| Untracked 
|  36|0x0000000084400000, 0x0000000084400000, 0x0000000084500000|  0%| F|  |TAMS 0x0000000084400000| PB 0x0000000084400000| Untracked 
|  37|0x0000000084500000, 0x0000000084500000, 0x0000000084600000|  0%| F|  |TAMS 0x0000000084500000| PB 0x0000000084500000| Untracked 
|  38|0x0000000084600000, 0x0000000084600000, 0x0000000084700000|  0%| F|  |TAMS 0x0000000084600000| PB 0x0000000084600000| Untracked 
|  39|0x0000000084700000, 0x0000000084700000, 0x0000000084800000|  0%| F|  |TAMS 0x0000000084700000| PB 0x0000000084700000| Untracked 
|  40|0x0000000084800000, 0x0000000084800000, 0x0000000084900000|  0%| F|  |TAMS 0x0000000084800000| PB 0x0000000084800000| Untracked 
|  41|0x0000000084900000, 0x0000000084900000, 0x0000000084a00000|  0%| F|  |TAMS 0x0000000084900000| PB 0x0000000084900000| Untracked 
|  42|0x0000000084a00000, 0x0000000084a00000, 0x0000000084b00000|  0%| F|  |TAMS 0x0000000084a00000| PB 0x0000000084a00000| Untracked 
|  43|0x0000000084b00000, 0x0000000084b00000, 0x0000000084c00000|  0%| F|  |TAMS 0x0000000084b00000| PB 0x0000000084b00000| Untracked 
|  44|0x0000000084c00000, 0x0000000084c00000, 0x0000000084d00000|  0%| F|  |TAMS 0x0000000084c00000| PB 0x0000000084c00000| Untracked 
|  45|0x0000000084d00000, 0x0000000084d00000, 0x0000000084e00000|  0%| F|  |TAMS 0x0000000084d00000| PB 0x0000000084d00000| Untracked 
|  46|0x0000000084e00000, 0x0000000084e00000, 0x0000000084f00000|  0%| F|  |TAMS 0x0000000084e00000| PB 0x0000000084e00000| Untracked 
|  47|0x0000000084f00000, 0x0000000084f00000, 0x0000000085000000|  0%| F|  |TAMS 0x0000000084f00000| PB 0x0000000084f00000| Untracked 
|  48|0x0000000085000000, 0x0000000085000000, 0x0000000085100000|  0%| F|  |TAMS 0x0000000085000000| PB 0x0000000085000000| Untracked 
|  49|0x0000000085100000, 0x0000000085100000, 0x0000000085200000|  0%| F|  |TAMS 0x0000000085100000| PB 0x0000000085100000| Untracked 
|  50|0x0000000085200000, 0x0000000085200000, 0x0000000085300000|  0%| F|  |TAMS 0x0000000085200000| PB 0x0000000085200000| Untracked 
|  51|0x0000000085300000, 0x0000000085300000, 0x0000000085400000|  0%| F|  |TAMS 0x0000000085300000| PB 0x0000000085300000| Untracked 
|  52|0x0000000085400000, 0x0000000085400000, 0x0000000085500000|  0%| F|  |TAMS 0x0000000085400000| PB 0x0000000085400000| Untracked 
|  53|0x0000000085500000, 0x0000000085500000, 0x0000000085600000|  0%| F|  |TAMS 0x0000000085500000| PB 0x0000000085500000| Untracked 
|  54|0x0000000085600000, 0x0000000085600000, 0x0000000085700000|  0%| F|  |TAMS 0x0000000085600000| PB 0x0000000085600000| Untracked 
|  55|0x0000000085700000, 0x0000000085700000, 0x0000000085800000|  0%| F|  |TAMS 0x0000000085700000| PB 0x0000000085700000| Untracked 
|  56|0x0000000085800000, 0x0000000085800000, 0x0000000085900000|  0%| F|  |TAMS 0x0000000085800000| PB 0x0000000085800000| Untracked 
|  57|0x0000000085900000, 0x0000000085900000, 0x0000000085a00000|  0%| F|  |TAMS 0x0000000085900000| PB 0x0000000085900000| Untracked 
|  58|0x0000000085a00000, 0x0000000085a00000, 0x0000000085b00000|  0%| F|  |TAMS 0x0000000085a00000| PB 0x0000000085a00000| Untracked 
|  59|0x0000000085b00000, 0x0000000085b00000, 0x0000000085c00000|  0%| F|  |TAMS 0x0000000085b00000| PB 0x0000000085b00000| Untracked 
|  60|0x0000000085c00000, 0x0000000085c00000, 0x0000000085d00000|  0%| F|  |TAMS 0x0000000085c00000| PB 0x0000000085c00000| Untracked 
|  61|0x0000000085d00000, 0x0000000085d00000, 0x0000000085e00000|  0%| F|  |TAMS 0x0000000085d00000| PB 0x0000000085d00000| Untracked 
|  62|0x0000000085e00000, 0x0000000085e00000, 0x0000000085f00000|  0%| F|  |TAMS 0x0000000085e00000| PB 0x0000000085e00000| Untracked 
|  63|0x0000000085f00000, 0x0000000085f00000, 0x0000000086000000|  0%| F|  |TAMS 0x0000000085f00000| PB 0x0000000085f00000| Untracked 
|  64|0x0000000086000000, 0x0000000086000000, 0x0000000086100000|  0%| F|  |TAMS 0x0000000086000000| PB 0x0000000086000000| Untracked 
|  65|0x0000000086100000, 0x0000000086100000, 0x0000000086200000|  0%| F|  |TAMS 0x0000000086100000| PB 0x0000000086100000| Untracked 
|  66|0x0000000086200000, 0x0000000086200000, 0x0000000086300000|  0%| F|  |TAMS 0x0000000086200000| PB 0x0000000086200000| Untracked 
|  67|0x0000000086300000, 0x0000000086300000, 0x0000000086400000|  0%| F|  |TAMS 0x0000000086300000| PB 0x0000000086300000| Untracked 
|  68|0x0000000086400000, 0x0000000086400000, 0x0000000086500000|  0%| F|  |TAMS 0x0000000086400000| PB 0x0000000086400000| Untracked 
|  69|0x0000000086500000, 0x0000000086500000, 0x0000000086600000|  0%| F|  |TAMS 0x0000000086500000| PB 0x0000000086500000| Untracked 
|  70|0x0000000086600000, 0x0000000086600000, 0x0000000086700000|  0%| F|  |TAMS 0x0000000086600000| PB 0x0000000086600000| Untracked 
|  71|0x0000000086700000, 0x0000000086700000, 0x0000000086800000|  0%| F|  |TAMS 0x0000000086700000| PB 0x0000000086700000| Untracked 
|  72|0x0000000086800000, 0x0000000086800000, 0x0000000086900000|  0%| F|  |TAMS 0x0000000086800000| PB 0x0000000086800000| Untracked 
|  73|0x0000000086900000, 0x0000000086900000, 0x0000000086a00000|  0%| F|  |TAMS 0x0000000086900000| PB 0x0000000086900000| Untracked 
|  74|0x0000000086a00000, 0x0000000086a00000, 0x0000000086b00000|  0%| F|  |TAMS 0x0000000086a00000| PB 0x0000000086a00000| Untracked 
|  75|0x0000000086b00000, 0x0000000086b00000, 0x0000000086c00000|  0%| F|  |TAMS 0x0000000086b00000| PB 0x0000000086b00000| Untracked 
|  76|0x0000000086c00000, 0x0000000086c00000, 0x0000000086d00000|  0%| F|  |TAMS 0x0000000086c00000| PB 0x0000000086c00000| Untracked 
|  77|0x0000000086d00000, 0x0000000086d00000, 0x0000000086e00000|  0%| F|  |TAMS 0x0000000086d00000| PB 0x0000000086d00000| Untracked 
|  78|0x0000000086e00000, 0x0000000086e00000, 0x0000000086f00000|  0%| F|  |TAMS 0x0000000086e00000| PB 0x0000000086e00000| Untracked 
|  79|0x0000000086f00000, 0x0000000086f00000, 0x0000000087000000|  0%| F|  |TAMS 0x0000000086f00000| PB 0x0000000086f00000| Untracked 
|  80|0x0000000087000000, 0x0000000087000000, 0x0000000087100000|  0%| F|  |TAMS 0x0000000087000000| PB 0x0000000087000000| Untracked 
|  81|0x0000000087100000, 0x0000000087100000, 0x0000000087200000|  0%| F|  |TAMS 0x0000000087100000| PB 0x0000000087100000| Untracked 
|  82|0x0000000087200000, 0x0000000087200000, 0x0000000087300000|  0%| F|  |TAMS 0x0000000087200000| PB 0x0000000087200000| Untracked 
|  83|0x0000000087300000, 0x0000000087300000, 0x0000000087400000|  0%| F|  |TAMS 0x0000000087300000| PB 0x0000000087300000| Untracked 
|  84|0x0000000087400000, 0x0000000087400000, 0x0000000087500000|  0%| F|  |TAMS 0x0000000087400000| PB 0x0000000087400000| Untracked 
|  85|0x0000000087500000, 0x0000000087500000, 0x0000000087600000|  0%| F|  |TAMS 0x0000000087500000| PB 0x0000000087500000| Untracked 
|  86|0x0000000087600000, 0x0000000087600000, 0x0000000087700000|  0%| F|  |TAMS 0x0000000087600000| PB 0x0000000087600000| Untracked 
|  87|0x0000000087700000, 0x0000000087700000, 0x0000000087800000|  0%| F|  |TAMS 0x0000000087700000| PB 0x0000000087700000| Untracked 
|  88|0x0000000087800000, 0x0000000087800000, 0x0000000087900000|  0%| F|  |TAMS 0x0000000087800000| PB 0x0000000087800000| Untracked 
|  89|0x0000000087900000, 0x0000000087900000, 0x0000000087a00000|  0%| F|  |TAMS 0x0000000087900000| PB 0x0000000087900000| Untracked 
|  90|0x0000000087a00000, 0x0000000087a00000, 0x0000000087b00000|  0%| F|  |TAMS 0x0000000087a00000| PB 0x0000000087a00000| Untracked 
|  91|0x0000000087b00000, 0x0000000087b00000, 0x0000000087c00000|  0%| F|  |TAMS 0x0000000087b00000| PB 0x0000000087b00000| Untracked 
|  92|0x0000000087c00000, 0x0000000087c00000, 0x0000000087d00000|  0%| F|  |TAMS 0x0000000087c00000| PB 0x0000000087c00000| Untracked 
|  93|0x0000000087d00000, 0x0000000087d00000, 0x0000000087e00000|  0%| F|  |TAMS 0x0000000087d00000| PB 0x0000000087d00000| Untracked 
|  94|0x0000000087e00000, 0x0000000087e00000, 0x0000000087f00000|  0%| F|  |TAMS 0x0000000087e00000| PB 0x0000000087e00000| Untracked 
|  95|0x0000000087f00000, 0x0000000087f00000, 0x0000000088000000|  0%| F|  |TAMS 0x0000000087f00000| PB 0x0000000087f00000| Untracked 
|  96|0x0000000088000000, 0x0000000088000000, 0x0000000088100000|  0%| F|  |TAMS 0x0000000088000000| PB 0x0000000088000000| Untracked 
|  97|0x0000000088100000, 0x0000000088100000, 0x0000000088200000|  0%| F|  |TAMS 0x0000000088100000| PB 0x0000000088100000| Untracked 
|  98|0x0000000088200000, 0x0000000088200000, 0x0000000088300000|  0%| F|  |TAMS 0x0000000088200000| PB 0x0000000088200000| Untracked 
|  99|0x0000000088300000, 0x0000000088300000, 0x0000000088400000|  0%| F|  |TAMS 0x0000000088300000| PB 0x0000000088300000| Untracked 
| 100|0x0000000088400000, 0x0000000088400000, 0x0000000088500000|  0%| F|  |TAMS 0x0000000088400000| PB 0x0000000088400000| Untracked 
| 101|0x0000000088500000, 0x0000000088500000, 0x0000000088600000|  0%| F|  |TAMS 0x0000000088500000| PB 0x0000000088500000| Untracked 
| 102|0x0000000088600000, 0x0000000088600000, 0x0000000088700000|  0%| F|  |TAMS 0x0000000088600000| PB 0x0000000088600000| Untracked 
| 103|0x0000000088700000, 0x0000000088700000, 0x0000000088800000|  0%| F|  |TAMS 0x0000000088700000| PB 0x0000000088700000| Untracked 
| 104|0x0000000088800000, 0x0000000088800000, 0x0000000088900000|  0%| F|  |TAMS 0x0000000088800000| PB 0x0000000088800000| Untracked 
| 105|0x0000000088900000, 0x0000000088900000, 0x0000000088a00000|  0%| F|  |TAMS 0x0000000088900000| PB 0x0000000088900000| Untracked 
| 106|0x0000000088a00000, 0x0000000088a00000, 0x0000000088b00000|  0%| F|  |TAMS 0x0000000088a00000| PB 0x0000000088a00000| Untracked 
| 107|0x0000000088b00000, 0x0000000088b00000, 0x0000000088c00000|  0%| F|  |TAMS 0x0000000088b00000| PB 0x0000000088b00000| Untracked 
| 108|0x0000000088c00000, 0x0000000088c00000, 0x0000000088d00000|  0%| F|  |TAMS 0x0000000088c00000| PB 0x0000000088c00000| Untracked 
| 109|0x0000000088d00000, 0x0000000088d00000, 0x0000000088e00000|  0%| F|  |TAMS 0x0000000088d00000| PB 0x0000000088d00000| Untracked 
| 110|0x0000000088e00000, 0x0000000088e00000, 0x0000000088f00000|  0%| F|  |TAMS 0x0000000088e00000| PB 0x0000000088e00000| Untracked 
| 111|0x0000000088f00000, 0x0000000088f00000, 0x0000000089000000|  0%| F|  |TAMS 0x0000000088f00000| PB 0x0000000088f00000| Untracked 
| 112|0x0000000089000000, 0x0000000089000000, 0x0000000089100000|  0%| F|  |TAMS 0x0000000089000000| PB 0x0000000089000000| Untracked 
| 113|0x0000000089100000, 0x0000000089100000, 0x0000000089200000|  0%| F|  |TAMS 0x0000000089100000| PB 0x0000000089100000| Untracked 
| 114|0x0000000089200000, 0x0000000089200000, 0x0000000089300000|  0%| F|  |TAMS 0x0000000089200000| PB 0x0000000089200000| Untracked 
| 115|0x0000000089300000, 0x0000000089300000, 0x0000000089400000|  0%| F|  |TAMS 0x0000000089300000| PB 0x0000000089300000| Untracked 
| 116|0x0000000089400000, 0x0000000089400000, 0x0000000089500000|  0%| F|  |TAMS 0x0000000089400000| PB 0x0000000089400000| Untracked 
| 117|0x0000000089500000, 0x0000000089500000, 0x0000000089600000|  0%| F|  |TAMS 0x0000000089500000| PB 0x0000000089500000| Untracked 
| 118|0x0000000089600000, 0x0000000089600000, 0x0000000089700000|  0%| F|  |TAMS 0x0000000089600000| PB 0x0000000089600000| Untracked 
| 119|0x0000000089700000, 0x0000000089700000, 0x0000000089800000|  0%| F|  |TAMS 0x0000000089700000| PB 0x0000000089700000| Untracked 
| 120|0x0000000089800000, 0x0000000089800000, 0x0000000089900000|  0%| F|  |TAMS 0x0000000089800000| PB 0x0000000089800000| Untracked 
| 121|0x0000000089900000, 0x0000000089900000, 0x0000000089a00000|  0%| F|  |TAMS 0x0000000089900000| PB 0x0000000089900000| Untracked 
| 122|0x0000000089a00000, 0x0000000089a00000, 0x0000000089b00000|  0%| F|  |TAMS 0x0000000089a00000| PB 0x0000000089a00000| Untracked 
| 123|0x0000000089b00000, 0x0000000089b00000, 0x0000000089c00000|  0%| F|  |TAMS 0x0000000089b00000| PB 0x0000000089b00000| Untracked 
| 124|0x0000000089c00000, 0x0000000089c00000, 0x0000000089d00000|  0%| F|  |TAMS 0x0000000089c00000| PB 0x0000000089c00000| Untracked 
| 125|0x0000000089d00000, 0x0000000089d75c98, 0x0000000089e00000| 46%| E|  |TAMS 0x0000000089d00000| PB 0x0000000089d00000| Complete 

Card table byte_map: [0x0000023e7df90000,0x0000023e7e380000] _byte_map_base: 0x0000023e7db80000

Marking Bits: (CMBitMap*) 0x0000023e66438f80
 Bits: [0x0000023e00000000, 0x0000023e01f80000)

Polling page: 0x0000023e64310000

Metaspace:

Usage:
  Non-class:      1.76 MB used.
      Class:    140.45 KB used.
       Both:      1.90 MB used.

Virtual space:
  Non-class space:       64.00 MB reserved,       1.81 MB (  3%) committed,  1 nodes.
      Class space:        1.00 GB reserved,     192.00 KB ( <1%) committed,  1 nodes.
             Both:        1.06 GB reserved,       2.00 MB ( <1%) committed. 

Chunk freelists:
   Non-Class:  12.00 MB
       Class:  15.75 MB
        Both:  27.75 MB

MaxMetaspaceSize: unlimited
CompressedClassSpaceSize: 1.00 GB
Initial GC threshold: 21.00 MB
Current GC threshold: 17179869184.00 GB
CDS: off
 - commit_granule_bytes: 65536.
 - commit_granule_words: 8192.
 - virtual_space_node_default_size: 8388608.
 - enlarge_chunks_in_place: 1.
 - use_allocation_guard: 0.


Internal statistics:

num_allocs_failed_limit: 0.
num_arena_births: 2.
num_arena_deaths: 0.
num_vsnodes_births: 2.
num_vsnodes_deaths: 0.
num_space_committed: 32.
num_space_uncommitted: 0.
num_chunks_returned_to_freelist: 0.
num_chunks_taken_from_freelist: 3.
num_chunk_merges: 0.
num_chunk_splits: 2.
num_chunks_enlarged: 0.
num_inconsistent_stats: 0.

CodeHeap 'non-profiled nmethods': size=120000Kb used=0Kb max_used=0Kb free=120000Kb
 bounds [0x0000023e76320000, 0x0000023e76590000, 0x0000023e7d850000]
CodeHeap 'profiled nmethods': size=120000Kb used=0Kb max_used=0Kb free=120000Kb
 bounds [0x0000023e6e850000, 0x0000023e6eac0000, 0x0000023e75d80000]
CodeHeap 'non-nmethods': size=5760Kb used=381Kb max_used=381Kb free=5378Kb
 bounds [0x0000023e75d80000, 0x0000023e75ff0000, 0x0000023e76320000]
 total_blobs=137 nmethods=0 adapters=107
 compilation: enabled
              stopped_count=0, restarted_count=0
 full_count=0

Compilation events (0 events):
No events

GC Heap History (0 events):
No events

Dll operation events (1 events):
Event: 0.010 Loaded shared library C:\Program Files\Java\jdk-21\bin\java.dll

Deoptimization events (0 events):
No events

Classes loaded (20 events):
Event: 0.588 Loading class java/lang/ref/Reference$1
Event: 0.588 Loading class jdk/internal/access/JavaLangRefAccess
Event: 0.588 Loading class jdk/internal/access/JavaLangRefAccess done
Event: 0.588 Loading class java/lang/ref/Reference$1 done
Event: 0.588 Loading class java/lang/ref/NativeReferenceQueue
Event: 0.588 Loading class java/lang/ref/ReferenceQueue
Event: 0.589 Loading class java/lang/ref/ReferenceQueue done
Event: 0.589 Loading class java/lang/ref/NativeReferenceQueue done
Event: 0.589 Loading class java/lang/ref/ReferenceQueue$Null
Event: 0.589 Loading class java/lang/ref/ReferenceQueue$Null done
Event: 0.589 Loading class java/lang/ref/NativeReferenceQueue$Lock
Event: 0.589 Loading class java/lang/ref/NativeReferenceQueue$Lock done
Event: 0.589 Loading class java/lang/System$2
Event: 0.589 Loading class jdk/internal/access/JavaLangAccess
Event: 0.590 Loading class jdk/internal/access/JavaLangAccess done
Event: 0.590 Loading class java/lang/System$2 done
Event: 0.590 Loading class jdk/internal/util/SystemProps
Event: 0.590 Loading class jdk/internal/util/SystemProps done
Event: 0.591 Loading class jdk/internal/util/SystemProps$Raw
Event: 0.591 Loading class jdk/internal/util/SystemProps$Raw done

Classes unloaded (0 events):
No events

Classes redefined (0 events):
No events

Internal exceptions (0 events):
No events

ZGC Phase Switch (0 events):
No events

VM Operations (0 events):
No events

Events (1 events):
Event: 0.095 Thread 0x0000023e641b4b60 Thread added: 0x0000023e641b4b60


Dynamic libraries:
0x00007ff725a50000 - 0x00007ff725a60000 	C:\Program Files\Java\jdk-21\bin\javaw.exe
0x00007ffed91f0000 - 0x00007ffed9407000 	C:\WINDOWS\SYSTEM32\ntdll.dll
0x00007ffed8ef0000 - 0x00007ffed8fb4000 	C:\WINDOWS\System32\KERNEL32.DLL
0x00007ffed67a0000 - 0x00007ffed6b72000 	C:\WINDOWS\System32\KERNELBASE.dll
0x00007ffed6cc0000 - 0x00007ffed6dd1000 	C:\WINDOWS\System32\ucrtbase.dll
0x00007ffecf2e0000 - 0x00007ffecf2f9000 	C:\Program Files\Java\jdk-21\bin\jli.dll
0x00007ffecea30000 - 0x00007ffecea4b000 	C:\Program Files\Java\jdk-21\bin\VCRUNTIME140.dll
0x00007ffed7f60000 - 0x00007ffed8011000 	C:\WINDOWS\System32\ADVAPI32.dll
0x00007ffed8020000 - 0x00007ffed80c7000 	C:\WINDOWS\System32\msvcrt.dll
0x00007ffed7580000 - 0x00007ffed7628000 	C:\WINDOWS\System32\sechost.dll
0x00007ffed6480000 - 0x00007ffed64a8000 	C:\WINDOWS\System32\bcrypt.dll
0x00007ffed8930000 - 0x00007ffed8a44000 	C:\WINDOWS\System32\RPCRT4.dll
0x00007ffed8d30000 - 0x00007ffed8ee1000 	C:\WINDOWS\System32\USER32.dll
0x00007ffed6450000 - 0x00007ffed6476000 	C:\WINDOWS\System32\win32u.dll
0x00007ffed5540000 - 0x00007ffed57db000 	C:\WINDOWS\WinSxS\amd64_microsoft.windows.common-controls_6595b64144ccf1df_6.0.22621.5547_none_27104afb73855772\COMCTL32.dll
0x00007ffed8ad0000 - 0x00007ffed8af9000 	C:\WINDOWS\System32\GDI32.dll
0x00007ffed6530000 - 0x00007ffed6653000 	C:\WINDOWS\System32\gdi32full.dll
0x00007ffed6de0000 - 0x00007ffed6e7a000 	C:\WINDOWS\System32\msvcp_win.dll
0x00007ffed04f0000 - 0x00007ffed04fa000 	C:\WINDOWS\SYSTEM32\VERSION.dll
0x00007ffed9170000 - 0x00007ffed91a1000 	C:\WINDOWS\System32\IMM32.DLL
0x00007ffed01e0000 - 0x00007ffed01ec000 	C:\Program Files\Java\jdk-21\bin\vcruntime140_1.dll
0x00007ffeb8da0000 - 0x00007ffeb8e2e000 	C:\Program Files\Java\jdk-21\bin\msvcp140.dll
0x00007ffe8b2a0000 - 0x00007ffe8bfb3000 	C:\Program Files\Java\jdk-21\bin\server\jvm.dll
0x00007ffed80d0000 - 0x00007ffed8141000 	C:\WINDOWS\System32\WS2_32.dll
0x00007ffed5bf0000 - 0x00007ffed5c3d000 	C:\WINDOWS\SYSTEM32\POWRPROF.dll
0x00007ffed0000000 - 0x00007ffed0034000 	C:\WINDOWS\SYSTEM32\WINMM.dll
0x00007ffed5910000 - 0x00007ffed5923000 	C:\WINDOWS\SYSTEM32\UMPDC.dll
0x00007ffed4c90000 - 0x00007ffed4ca8000 	C:\WINDOWS\SYSTEM32\kernel.appcore.dll
0x00007ffecf1e0000 - 0x00007ffecf1ea000 	C:\Program Files\Java\jdk-21\bin\jimage.dll
0x00007ffed5c40000 - 0x00007ffed5e73000 	C:\WINDOWS\SYSTEM32\DBGHELP.DLL
0x00007ffed8460000 - 0x00007ffed87f3000 	C:\WINDOWS\System32\combase.dll
0x00007ffed9010000 - 0x00007ffed90e7000 	C:\WINDOWS\System32\OLEAUT32.dll
0x00007ffed5ae0000 - 0x00007ffed5b12000 	C:\WINDOWS\SYSTEM32\dbgcore.DLL
0x00007ffed6c40000 - 0x00007ffed6cbb000 	C:\WINDOWS\System32\bcryptPrimitives.dll
0x00007ffec9b70000 - 0x00007ffec9b8f000 	C:\Program Files\Java\jdk-21\bin\java.dll

dbghelp: loaded successfully - version: 4.0.5 - missing functions: none
symbol engine: initialized successfully - sym options: 0x614 - pdb path: .;C:\Program Files\Java\jdk-21\bin;C:\WINDOWS\SYSTEM32;C:\WINDOWS\WinSxS\amd64_microsoft.windows.common-controls_6595b64144ccf1df_6.0.22621.5547_none_27104afb73855772;C:\Program Files\Java\jdk-21\bin\server

VM Arguments:
jvm_args: -Dfile.encoding=UTF-8 -Dstdout.encoding=UTF-8 -Dstderr.encoding=UTF-8 -XX:+ShowCodeDetailsInExceptionMessages 
java_command: DataDriven_Testing.ReadingDataFromProperties
java_class_path (initial): C:\Users\shend\eclipse-workspace\BASIC-Selenium\target\test-classes;C:\Users\shend\eclipse-workspace\BASIC-Selenium\target\classes;C:\Users\shend\.m2\repository\org\seleniumhq\selenium\selenium-java\4.32.0\selenium-java-4.32.0.jar;C:\Users\shend\.m2\repository\org\seleniumhq\selenium\selenium-api\4.32.0\selenium-api-4.32.0.jar;C:\Users\shend\.m2\repository\org\jspecify\jspecify\1.0.0\jspecify-1.0.0.jar;C:\Users\shend\.m2\repository\org\seleniumhq\selenium\selenium-chrome-driver\4.32.0\selenium-chrome-driver-4.32.0.jar;C:\Users\shend\.m2\repository\com\google\auto\service\auto-service-annotations\1.1.1\auto-service-annotations-1.1.1.jar;C:\Users\shend\.m2\repository\org\seleniumhq\selenium\selenium-chromium-driver\4.32.0\selenium-chromium-driver-4.32.0.jar;C:\Users\shend\.m2\repository\org\seleniumhq\selenium\selenium-json\4.32.0\selenium-json-4.32.0.jar;C:\Users\shend\.m2\repository\org\seleniumhq\selenium\selenium-manager\4.32.0\selenium-manager-4.32.0.jar;C:\Users\shend\.m2\repository\org\seleniumhq\selenium\selenium-devtools-v134\4.32.0\selenium-devtools-v134-4.32.0.jar;C:\Users\shend\.m2\repository\org\seleniumhq\selenium\selenium-devtools-v135\4.32.0\selenium-devtools-v135-4.32.0.jar;C:\Users\shend\.m2\repository\org\seleniumhq\selenium\selenium-devtools-v136\4.32.0\selenium-devtools-v136-4.32.0.jar;C:\Users\shend\.m2\repository\org\seleniumhq\selenium\selenium-edge-driver\4.32.0\selenium-edge-driver-4.32.0.jar;C:\Users\shend\.m2\repository\org\seleniumhq\selenium\selenium-firefox-driver\4.32.0\selenium-firefox-driver-4.32.0.jar;C:\Users\shend\.m2\repository\org\seleniumhq\selenium\selenium-http\4.32.0\selenium-http-4.32.0.jar;C:\Users\shend\.m2\repository\org\seleniumhq\selenium\selenium-ie-driver\4.32.0\selenium-ie-driver-4.32.0.jar;C:\Users\shend\.m2\repository\org\seleniumhq\selenium\selenium-remote-driver\4.32.0\selenium-remote-driver-4.32.0.jar;C:\Users\shend\.m2\repository\com\google\guava\guava\33.4.8-jre\guava-33.4.8-jre.jar;C:\Users\shend\.m2\repository\com\google\guava\failureaccess\1.0.3\failureaccess-1.0.3.jar;C:\Users\shend\.m2\repository\com\google\guava\listenablefuture\9999.0-empty-to-avoid-conflict-with-guava\listenablefuture-9999.0-empty-to-avoid-conflict-with-guava.jar;C:\Users\shend\.m2\repository\com\google\j2objc\j2objc-annotations\3.0.0\j2objc-annotations-3.0.0.jar;C:\Users\shend\.m2\repository\io\opentelemetry\opentelemetry-api\1.49.0\opentelemetry-api-1.49.0.jar;C:\Users\shend\.m2\repository\io\opentelemetry\opentelemetry-context\1.49.0\opentelemetry-context-1.49.0.jar;C:\Users\shend\.m2\repository\io\opentelemetry\opentelemetry-exporter-logging\1.49.0\opentelemetry-exporter-logging-1.49.0.jar;C:\Users\shend\.m2\repository\io\opentelemetry\opentelemetry-sdk-common\1.49.0\opentelemetry-sdk-common-1.49.0.jar;C:\Users\shend\.m2\repository\io\opentelemetry\opentelemetry-sdk-extension-autoconfigure-spi\1.49.0\opentelemetry-sdk-extension-autoconfigure-spi-1.49.0.jar;C:\Users\shend\.m2\repository\io\opentelemetry\opentelemetry-sdk-extension-autoconfigure\1.49.0\opentelemetry-sdk-extension-autoconfigure-1.49.0.jar;C:\Users\shend\.m2\repository\io\opentelemetry\opentelemetry-sdk-trace\1.49.0\opentelemetry-sdk-trace-1.49.0.jar;C:\Users\shend\.m2\repository\io\opentelemetry\opentelemetry-sdk\1.49.0\opentelemetry-sdk-1.49.0.jar;C:\Users\shend\.m2\repository\io\opentelemetry\opentelemetry-sdk-metrics\1.49.0\opentelemetry-sdk-metrics-1.49.0.jar;C:\Users\shend\.m2\repository\io\opentelemetry\opentelemetry-sdk-logs\1.49.0\opentelemetry-sdk-logs-1.49.0.jar;C:\Users\shend\.m2\repository\net\bytebuddy\byte-buddy\1.17.5\byte-buddy-1.17.5.jar;C:\Users\shend\.m2\repository\org\seleniumhq\selenium\selenium-os\4.32.0\selenium-os-4.32.0.jar;C:\Users\shend\.m2\repository\org\apache\commons\commons-exec\1.4.0\commons-exec-1.4.0.jar;C:\Users\shend\.m2\repository\org\seleniumhq\selenium\selenium-safari-driver\4.32.0\selenium-safari-driver-4.32.0.jar;C:\Users\shend\.m2\repository\org\seleniumhq\selenium\selenium-support\4.32.0\selenium-support-4.32.0.jar;C:\Users\shend\.m2\repository\io\github\bonigarcia\webdrivermanager\5.9.2\webdrivermanager-5.9.2.jar;C:\Users\shend\.m2\repository\org\slf4j\slf4j-api\2.0.13\slf4j-api-2.0.13.jar;C:\Users\shend\.m2\repository\com\google\code\gson\gson\2.11.0\gson-2.11.0.jar;C:\Users\shend\.m2\repository\com\google\errorprone\error_prone_annotations\2.27.0\error_prone_annotations-2.27.0.jar;C:\Users\shend\.m2\repository\com\github\docker-java\docker-java\3.4.0\docker-java-3.4.0.jar;C:\Users\shend\.m2\repository\com\github\docker-java\docker-java-core\3.4.0\docker-java-core-3.4.0.jar;C:\Users\shend\.m2\repository\com\github\docker-java\docker-java-api\3.4.0\docker-java-api-3.4.0.jar;C:\Users\shend\.m2\repository\com\fasterxml\jackson\core\jackson-annotations\2.10.3\jackson-annotations-2.10.3.jar;C:\Users\shend\.m2\repository\com\fasterxml\jackson\core\jackson-databind\2.10.3\jackson-databind-2.10.3.jar;C:\Users\shend\.m2\repository\com\fasterxml\jackson\core\jackson-core\2.10.3\jackson-core-2.10.3.jar;C:\Users\shend\.m2\repository\org\slf4j\jcl-over-slf4j\1.7.30\jcl-over-slf4j-1.7.30.jar;C:\Users\shend\.m2\repository\com\github\docker-java\docker-java-transport-httpclient5\3.4.0\docker-java-transport-httpclient5-3.4.0.jar;C:\Users\shend\.m2\repository\com\github\docker-java\docker-java-transport\3.4.0\docker-java-transport-3.4.0.jar;C:\Users\shend\.m2\repository\net\java\dev\jna\jna\5.13.0\jna-5.13.0.jar;C:\Users\shend\.m2\repository\org\brotli\dec\0.1.2\dec-0.1.2.jar;C:\Users\shend\.m2\repository\org\apache\commons\commons-lang3\3.15.0\commons-lang3-3.15.0.jar;C:\Users\shend\.m2\repository\org\apache\commons\commons-compress\1.26.2\commons-compress-1.26.2.jar;C:\Users\shend\.m2\repository\commons-codec\commons-codec\1.17.0\commons-codec-1.17.0.jar;C:\Users\shend\.m2\repository\commons-io\commons-io\2.16.1\commons-io-2.16.1.jar;C:\Users\shend\.m2\repository\org\apache\httpcomponents\client5\httpclient5\5.2.1\httpclient5-5.2.1.jar;C:\Users\shend\.m2\repository\org\apache\httpcomponents\core5\httpcore5\5.2\httpcore5-5.2.jar;C:\Users\shend\.m2\repository\org\apache\httpcomponents\core5\httpcore5-h2\5.2\httpcore5-h2-5.2.jar;C:\Users\shend\eclipse-workspace\ SeleniumProject\target\classes
Launcher Type: SUN_STANDARD

[Global flags]
     intx CICompilerCount                          = 4                                         {product} {ergonomic}
     uint ConcGCThreads                            = 2                                         {product} {ergonomic}
     uint G1ConcRefinementThreads                  = 8                                         {product} {ergonomic}
   size_t G1HeapRegionSize                         = 1048576                                   {product} {ergonomic}
    uintx GCDrainStackTargetSize                   = 64                                        {product} {ergonomic}
   size_t InitialHeapSize                          = 132120576                                 {product} {ergonomic}
   size_t MarkStackSize                            = 4194304                                   {product} {ergonomic}
   size_t MaxHeapSize                              = 2113929216                                {product} {ergonomic}
   size_t MaxNewSize                               = 1267728384                                {product} {ergonomic}
   size_t MinHeapDeltaBytes                        = 1048576                                   {product} {ergonomic}
   size_t MinHeapSize                              = 8388608                                   {product} {ergonomic}
    uintx NonNMethodCodeHeapSize                   = 5839372                                {pd product} {ergonomic}
    uintx NonProfiledCodeHeapSize                  = 122909434                              {pd product} {ergonomic}
    uintx ProfiledCodeHeapSize                     = 122909434                              {pd product} {ergonomic}
    uintx ReservedCodeCacheSize                    = 251658240                              {pd product} {ergonomic}
     bool SegmentedCodeCache                       = true                                      {product} {ergonomic}
     bool ShowCodeDetailsInExceptionMessages       = true                                   {manageable} {command line}
   size_t SoftMaxHeapSize                          = 2113929216                             {manageable} {ergonomic}
     bool UseCompressedOops                        = true                           {product lp64_product} {ergonomic}
     bool UseG1GC                                  = true                                      {product} {ergonomic}
     bool UseLargePagesIndividualAllocation        = false                                  {pd product} {ergonomic}

Logging:
Log output configuration:
 #0: stdout all=warning uptime,level,tags foldmultilines=false
 #1: stderr all=off uptime,level,tags foldmultilines=false

Environment Variables:
JAVA_HOME=C:\Program Files\Java\jdk-21
PATH=F:\oracle\product\10.2.0\db_6\bin;F:\oracle\product\10.2.0\db_1\bin;C:\Program Files\Common Files\Oracle\Java\javapath;C:\Program Files\Java\jdk-21\bin;C:\Users\shend\anaconda3;C:\Users\shend\anaconda3\Library\mingw-w64\bin;C:\Users\shend\anaconda3\Library\usr\bin;C:\Users\shend\anaconda3\Library\bin;C:\Users\shend\anaconda3\Scripts;C:\Users\shend\AppData\Local\Programs\Python\Python312\Scripts\;C:\Users\shend\AppData\Local\Programs\Python\Python312\;C:\Users\shend\AppData\Local\Programs\Python\Launcher\;C:\Users\shend\AppData\Local\Microsoft\WindowsApps;C:\Users\shend\AppData\Local\Programs\Microsoft VS Code\bin
USERNAME=shend
OS=Windows_NT
PROCESSOR_IDENTIFIER=Intel64 Family 6 Model 158 Stepping 10, GenuineIntel
TMP=C:\Users\shend\AppData\Local\Temp
TEMP=C:\Users\shend\AppData\Local\Temp




Periodic native trim disabled

---------------  S Y S T E M  ---------------

OS:
 Windows 11 , 64 bit Build 22621 (10.0.22621.5415)
OS uptime: 9 days 17:51 hours

CPU: total 8 (initial active 8) (4 cores per cpu, 2 threads per core) family 6 model 158 stepping 10 microcode 0xec, cx8, cmov, fxsr, ht, mmx, 3dnowpref, sse, sse2, sse3, ssse3, sse4.1, sse4.2, popcnt, lzcnt, tsc, tscinvbit, avx, avx2, aes, erms, clmul, bmi1, bmi2, adx, fma, vzeroupper, clflush, clflushopt, rdtscp, f16c
Processor Information for all 8 processors :
  Max Mhz: 2400, Current Mhz: 2400, Mhz Limit: 2400

Memory: 4k page, system-wide physical 8063M (731M free)
TotalPageFile size 12142M (AvailPageFile size 4M)
current process WorkingSet (physical memory assigned to process): 18M, peak: 18M
current process commit charge ("private bytes"): 193M, peak: 194M

vm_info: Java HotSpot(TM) 64-Bit Server VM (21.0.4+8-LTS-274) for windows-amd64 JRE (21.0.4+8-LTS-274), built on 2024-06-05T05:23:33Z by "mach5one" with MS VC++ 17.6 (VS2022)

END.
